[INFO] Scanning for projects...
Downloading from central: https://repo.maven.apache.org/maven2/org/springframework/boot/spring-boot-dependencies/3.3.3/spring-boot-dependencies-3.3.3.pom
Progress (1): 1.1 kB
Progress (1): 2.9 kB
Progress (1): 4.5 kB
Progress (1): 6.8 kB
Progress (1): 9.2 kB
Progress (1): 11 kB 
Progress (1): 16 kB
Progress (1): 25 kB
Progress (1): 31 kB
Progress (1): 33 kB
Progress (1): 39 kB
Progress (1): 48 kB
Progress (1): 55 kB
Progress (1): 63 kB
Progress (1): 66 kB
Progress (1): 76 kB
Progress (1): 84 kB
Progress (1): 89 kB
Progress (1): 96 kB
Progress (1): 100 kB
                    
Downloaded from central: https://repo.maven.apache.org/maven2/org/springframework/boot/spring-boot-dependencies/3.3.3/spring-boot-dependencies-3.3.3.pom (100 kB at 327 kB/s)
Downloading from central: https://repo.maven.apache.org/maven2/org/apache/activemq/activemq-bom/6.1.3/activemq-bom-6.1.3.pom
Progress (1): 799 B
Progress (1): 1.9 kB
Progress (1): 7.9 kB
                    
Downloaded from central: https://repo.maven.apache.org/maven2/org/apache/activemq/activemq-bom/6.1.3/activemq-bom-6.1.3.pom (7.9 kB at 272 kB/s)
Downloading from central: https://repo.maven.apache.org/maven2/org/apache/activemq/artemis-bom/2.33.0/artemis-bom-2.33.0.pom
Progress (1): 793 B
Progress (1): 6.8 kB
Progress (1): 9.6 kB
                    
Downloaded from central: https://repo.maven.apache.org/maven2/org/apache/activemq/artemis-bom/2.33.0/artemis-bom-2.33.0.pom (9.6 kB at 116 kB/s)
Downloading from central: https://repo.maven.apache.org/maven2/org/apache/activemq/artemis-project/2.33.0/artemis-project-2.33.0.pom
Progress (1): 718 B
Progress (1): 3.0 kB
Progress (1): 4.2 kB
Progress (1): 5.9 kB
Progress (1): 8.2 kB
Progress (1): 9.6 kB
Progress (1): 12 kB 
Progress (1): 13 kB
Progress (1): 14 kB
Progress (1): 16 kB
Progress (1): 20 kB
Progress (1): 24 kB
Progress (1): 27 kB
Progress (1): 30 kB
Progress (1): 33 kB
Progress (1): 33 kB
Progress (1): 38 kB
Progress (1): 43 kB
Progress (1): 46 kB
Progress (1): 49 kB
Progress (1): 53 kB
Progress (1): 55 kB
Progress (1): 61 kB
Progress (1): 64 kB
                   
Downloaded from central: https://repo.maven.apache.org/maven2/org/apache/activemq/artemis-project/2.33.0/artemis-project-2.33.0.pom (64 kB at 1.7 MB/s)
Downloading from central: https://repo.maven.apache.org/maven2/org/apache/apache/31/apache-31.pom
Progress (1): 742 B
Progress (1): 2.0 kB
Progress (1): 3.3 kB
Progress (1): 5.2 kB
Progress (1): 8.4 kB
Progress (1): 13 kB 
Progress (1): 18 kB
Progress (1): 21 kB
Progress (1): 22 kB
Progress (1): 24 kB
                   
Downloaded from central: https://repo.maven.apache.org/maven2/org/apache/apache/31/apache-31.pom (24 kB at 713 kB/s)
Downloading from central: https://repo.maven.apache.org/maven2/org/assertj/assertj-bom/3.25.3/assertj-bom-3.25.3.pom
Progress (1): 996 B
Progress (1): 3.1 kB
Progress (1): 3.7 kB
                    
Downloaded from central: https://repo.maven.apache.org/maven2/org/assertj/assertj-bom/3.25.3/assertj-bom-3.25.3.pom (3.7 kB at 132 kB/s)
Downloading from central: https://repo.maven.apache.org/maven2/io/zipkin/reporter2/zipkin-reporter-bom/3.4.0/zipkin-reporter-bom-3.4.0.pom
Progress (1): 745 B
Progress (1): 1.7 kB
Progress (1): 5.2 kB
Progress (1): 6.4 kB
                    
Downloaded from central: https://repo.maven.apache.org/maven2/io/zipkin/reporter2/zipkin-reporter-bom/3.4.0/zipkin-reporter-bom-3.4.0.pom (6.4 kB at 183 kB/s)
Downloading from central: https://repo.maven.apache.org/maven2/io/zipkin/brave/brave-bom/6.0.3/brave-bom-6.0.3.pom
Progress (1): 1.1 kB
Progress (1): 2.4 kB
Progress (1): 11 kB 
Progress (1): 11 kB
                   
Downloaded from central: https://repo.maven.apache.org/maven2/io/zipkin/brave/brave-bom/6.0.3/brave-bom-6.0.3.pom (11 kB at 354 kB/s)
Downloading from central: https://repo.maven.apache.org/maven2/org/apache/cassandra/java-driver-bom/4.18.1/java-driver-bom-4.18.1.pom
Progress (1): 806 B
Progress (1): 2.0 kB
Progress (1): 5.2 kB
Progress (1): 5.5 kB
                    
Downloaded from central: https://repo.maven.apache.org/maven2/org/apache/cassandra/java-driver-bom/4.18.1/java-driver-bom-4.18.1.pom (5.5 kB at 176 kB/s)
Downloading from central: https://repo.maven.apache.org/maven2/org/glassfish/jaxb/jaxb-bom/4.0.5/jaxb-bom-4.0.5.pom
Progress (1): 833 B
Progress (1): 5.8 kB
Progress (1): 12 kB 
                   
Downloaded from central: https://repo.maven.apache.org/maven2/org/glassfish/jaxb/jaxb-bom/4.0.5/jaxb-bom-4.0.5.pom (12 kB at 485 kB/s)
Downloading from central: https://repo.maven.apache.org/maven2/org/eclipse/ee4j/project/1.0.9/project-1.0.9.pom
Progress (1): 866 B
Progress (1): 2.5 kB
Progress (1): 5.0 kB
Progress (1): 8.5 kB
Progress (1): 12 kB 
Progress (1): 16 kB
                   
Downloaded from central: https://repo.maven.apache.org/maven2/org/eclipse/ee4j/project/1.0.9/project-1.0.9.pom (16 kB at 538 kB/s)
Downloading from central: https://repo.maven.apache.org/maven2/org/apache/groovy/groovy-bom/4.0.22/groovy-bom-4.0.22.pom
Progress (1): 870 B
Progress (1): 3.6 kB
Progress (1): 7.1 kB
Progress (1): 11 kB 
Progress (1): 15 kB
Progress (1): 19 kB
Progress (1): 22 kB
Progress (1): 27 kB
                   
Downloaded from central: https://repo.maven.apache.org/maven2/org/apache/groovy/groovy-bom/4.0.22/groovy-bom-4.0.22.pom (27 kB at 1.0 MB/s)
Downloading from central: https://repo.maven.apache.org/maven2/org/infinispan/infinispan-bom/15.0.7.Final/infinispan-bom-15.0.7.Final.pom
Progress (1): 1.1 kB
Progress (1): 6.8 kB
Progress (1): 18 kB 
                   
Downloaded from central: https://repo.maven.apache.org/maven2/org/infinispan/infinispan-bom/15.0.7.Final/infinispan-bom-15.0.7.Final.pom (18 kB at 627 kB/s)
Downloading from central: https://repo.maven.apache.org/maven2/org/infinispan/infinispan-build-configuration-parent/15.0.7.Final/infinispan-build-configuration-parent-15.0.7.Final.pom
Progress (1): 1.0 kB
Progress (1): 3.2 kB
Progress (1): 5.5 kB
Progress (1): 7.5 kB
Progress (1): 9.8 kB
Progress (1): 12 kB 
Progress (1): 14 kB
Progress (1): 18 kB
Progress (1): 19 kB
Progress (1): 19 kB
                   
Downloaded from central: https://repo.maven.apache.org/maven2/org/infinispan/infinispan-build-configuration-parent/15.0.7.Final/infinispan-build-configuration-parent-15.0.7.Final.pom (19 kB at 645 kB/s)
Downloading from central: https://repo.maven.apache.org/maven2/org/jboss/jboss-parent/43/jboss-parent-43.pom
Progress (1): 735 B
Progress (1): 2.1 kB
Progress (1): 4.7 kB
Progress (1): 7.1 kB
Progress (1): 9.3 kB
Progress (1): 13 kB 
Progress (1): 21 kB
Progress (1): 28 kB
Progress (1): 29 kB
Progress (1): 32 kB
Progress (1): 33 kB
Progress (1): 35 kB
Progress (1): 38 kB
Progress (1): 48 kB
Progress (1): 66 kB
Progress (1): 75 kB
                   
Downloaded from central: https://repo.maven.apache.org/maven2/org/jboss/jboss-parent/43/jboss-parent-43.pom (75 kB at 2.2 MB/s)
Downloading from central: https://repo.maven.apache.org/maven2/com/fasterxml/jackson/jackson-bom/2.17.2/jackson-bom-2.17.2.pom
Progress (1): 924 B
Progress (1): 2.7 kB
Progress (1): 8.3 kB
Progress (1): 17 kB 
Progress (1): 19 kB
                   
Downloaded from central: https://repo.maven.apache.org/maven2/com/fasterxml/jackson/jackson-bom/2.17.2/jackson-bom-2.17.2.pom (19 kB at 425 kB/s)
Downloading from central: https://repo.maven.apache.org/maven2/com/fasterxml/jackson/jackson-parent/2.17/jackson-parent-2.17.pom
Progress (1): 1.0 kB
Progress (1): 2.5 kB
Progress (1): 4.0 kB
Progress (1): 6.5 kB
                    
Downloaded from central: https://repo.maven.apache.org/maven2/com/fasterxml/jackson/jackson-parent/2.17/jackson-parent-2.17.pom (6.5 kB at 210 kB/s)
Downloading from central: https://repo.maven.apache.org/maven2/com/fasterxml/oss-parent/58/oss-parent-58.pom
Progress (1): 954 B
Progress (1): 2.6 kB
Progress (1): 4.1 kB
Progress (1): 6.1 kB
Progress (1): 9.7 kB
Progress (1): 12 kB 
Progress (1): 15 kB
Progress (1): 18 kB
Progress (1): 19 kB
Progress (1): 23 kB
Progress (1): 24 kB
                   
Downloaded from central: https://repo.maven.apache.org/maven2/com/fasterxml/oss-parent/58/oss-parent-58.pom (24 kB at 845 kB/s)
Downloading from central: https://repo.maven.apache.org/maven2/org/glassfish/jersey/jersey-bom/3.1.8/jersey-bom-3.1.8.pom
Progress (1): 841 B
Progress (1): 8.9 kB
Progress (1): 20 kB 
Progress (1): 21 kB
                   
Downloaded from central: https://repo.maven.apache.org/maven2/org/glassfish/jersey/jersey-bom/3.1.8/jersey-bom-3.1.8.pom (21 kB at 742 kB/s)
Downloading from central: https://repo.maven.apache.org/maven2/org/eclipse/jetty/ee10/jetty-ee10-bom/12.0.12/jetty-ee10-bom-12.0.12.pom
Progress (1): 1.1 kB
Progress (1): 4.6 kB
Progress (1): 9.6 kB
                    
Downloaded from central: https://repo.maven.apache.org/maven2/org/eclipse/jetty/ee10/jetty-ee10-bom/12.0.12/jetty-ee10-bom-12.0.12.pom (9.6 kB at 341 kB/s)
Downloading from central: https://repo.maven.apache.org/maven2/org/eclipse/jetty/jetty-bom/12.0.12/jetty-bom-12.0.12.pom
Progress (1): 1.2 kB
Progress (1): 3.2 kB
Progress (1): 9.7 kB
Progress (1): 14 kB 
                   
Downloaded from central: https://repo.maven.apache.org/maven2/org/eclipse/jetty/jetty-bom/12.0.12/jetty-bom-12.0.12.pom (14 kB at 535 kB/s)
Downloading from central: https://repo.maven.apache.org/maven2/org/junit/junit-bom/5.10.3/junit-bom-5.10.3.pom
Progress (1): 908 B
Progress (1): 4.3 kB
Progress (1): 5.6 kB
                    
Downloaded from central: https://repo.maven.apache.org/maven2/org/junit/junit-bom/5.10.3/junit-bom-5.10.3.pom (5.6 kB at 195 kB/s)
Downloading from central: https://repo.maven.apache.org/maven2/org/jetbrains/kotlin/kotlin-bom/1.9.25/kotlin-bom-1.9.25.pom
Progress (1): 911 B
Progress (1): 5.4 kB
Progress (1): 9.1 kB
                    
Downloaded from central: https://repo.maven.apache.org/maven2/org/jetbrains/kotlin/kotlin-bom/1.9.25/kotlin-bom-1.9.25.pom (9.1 kB at 326 kB/s)
Downloading from central: https://repo.maven.apache.org/maven2/org/jetbrains/kotlinx/kotlinx-coroutines-bom/1.8.1/kotlinx-coroutines-bom-1.8.1.pom
Progress (1): 1.2 kB
Progress (1): 4.3 kB
                    
Downloaded from central: https://repo.maven.apache.org/maven2/org/jetbrains/kotlinx/kotlinx-coroutines-bom/1.8.1/kotlinx-coroutines-bom-1.8.1.pom (4.3 kB at 148 kB/s)
Downloading from central: https://repo.maven.apache.org/maven2/org/jetbrains/kotlinx/kotlinx-serialization-bom/1.6.3/kotlinx-serialization-bom-1.6.3.pom
Progress (1): 1.2 kB
Progress (1): 3.7 kB
                    
Downloaded from central: https://repo.maven.apache.org/maven2/org/jetbrains/kotlinx/kotlinx-serialization-bom/1.6.3/kotlinx-serialization-bom-1.6.3.pom (3.7 kB at 122 kB/s)
Downloading from central: https://repo.maven.apache.org/maven2/org/apache/logging/log4j/log4j-bom/2.23.1/log4j-bom-2.23.1.pom
Progress (1): 792 B
Progress (1): 2.2 kB
Progress (1): 5.7 kB
Progress (1): 12 kB 
Progress (1): 12 kB
                   
Downloaded from central: https://repo.maven.apache.org/maven2/org/apache/logging/log4j/log4j-bom/2.23.1/log4j-bom-2.23.1.pom (12 kB at 401 kB/s)
Downloading from central: https://repo.maven.apache.org/maven2/org/apache/logging/logging-parent/10.6.0/logging-parent-10.6.0.pom
Progress (1): 759 B
Progress (1): 2.2 kB
Progress (1): 4.8 kB
Progress (1): 6.6 kB
Progress (1): 8.6 kB
Progress (1): 12 kB 
Progress (1): 15 kB
Progress (1): 18 kB
Progress (1): 20 kB
Progress (1): 24 kB
Progress (1): 31 kB
Progress (1): 32 kB
Progress (1): 33 kB
Progress (1): 34 kB
Progress (1): 37 kB
Progress (1): 41 kB
Progress (1): 43 kB
Progress (1): 45 kB
Progress (1): 49 kB
Progress (1): 53 kB
Progress (1): 54 kB
                   
Downloaded from central: https://repo.maven.apache.org/maven2/org/apache/logging/logging-parent/10.6.0/logging-parent-10.6.0.pom (54 kB at 1.5 MB/s)
Downloading from central: https://repo.maven.apache.org/maven2/io/micrometer/micrometer-bom/1.13.3/micrometer-bom-1.13.3.pom
Progress (1): 1.1 kB
Progress (1): 7.7 kB
Progress (1): 8.6 kB
                    
Downloaded from central: https://repo.maven.apache.org/maven2/io/micrometer/micrometer-bom/1.13.3/micrometer-bom-1.13.3.pom (8.6 kB at 318 kB/s)
Downloading from central: https://repo.maven.apache.org/maven2/io/micrometer/micrometer-tracing-bom/1.3.3/micrometer-tracing-bom-1.3.3.pom
Progress (1): 1.0 kB
Progress (1): 3.9 kB
Progress (1): 4.5 kB
                    
Downloaded from central: https://repo.maven.apache.org/maven2/io/micrometer/micrometer-tracing-bom/1.3.3/micrometer-tracing-bom-1.3.3.pom (4.5 kB at 133 kB/s)
Downloading from central: https://repo.maven.apache.org/maven2/org/mockito/mockito-bom/5.11.0/mockito-bom-5.11.0.pom
Progress (1): 1.4 kB
Progress (1): 3.0 kB
                    
Downloaded from central: https://repo.maven.apache.org/maven2/org/mockito/mockito-bom/5.11.0/mockito-bom-5.11.0.pom (3.0 kB at 110 kB/s)
Downloading from central: https://repo.maven.apache.org/maven2/io/netty/netty-bom/4.1.112.Final/netty-bom-4.1.112.Final.pom
Progress (1): 807 B
Progress (1): 2.4 kB
Progress (1): 12 kB 
Progress (1): 14 kB
                   
Downloaded from central: https://repo.maven.apache.org/maven2/io/netty/netty-bom/4.1.112.Final/netty-bom-4.1.112.Final.pom (14 kB at 335 kB/s)
Downloading from central: https://repo.maven.apache.org/maven2/org/sonatype/oss/oss-parent/7/oss-parent-7.pom
Progress (1): 838 B
Progress (1): 2.5 kB
Progress (1): 4.8 kB
                    
Downloaded from central: https://repo.maven.apache.org/maven2/org/sonatype/oss/oss-parent/7/oss-parent-7.pom (4.8 kB at 142 kB/s)
Downloading from central: https://repo.maven.apache.org/maven2/com/squareup/okhttp3/okhttp-bom/4.12.0/okhttp-bom-4.12.0.pom
Progress (1): 917 B
Progress (1): 3.1 kB
                    
Downloaded from central: https://repo.maven.apache.org/maven2/com/squareup/okhttp3/okhttp-bom/4.12.0/okhttp-bom-4.12.0.pom (3.1 kB at 133 kB/s)
Downloading from central: https://repo.maven.apache.org/maven2/io/opentelemetry/opentelemetry-bom/1.37.0/opentelemetry-bom-1.37.0.pom
Progress (1): 952 B
Progress (1): 5.7 kB
                    
Downloaded from central: https://repo.maven.apache.org/maven2/io/opentelemetry/opentelemetry-bom/1.37.0/opentelemetry-bom-1.37.0.pom (5.7 kB at 228 kB/s)
Downloading from central: https://repo.maven.apache.org/maven2/io/prometheus/prometheus-metrics-bom/1.2.1/prometheus-metrics-bom-1.2.1.pom
Progress (1): 1.2 kB
Progress (1): 6.1 kB
                    
Downloaded from central: https://repo.maven.apache.org/maven2/io/prometheus/prometheus-metrics-bom/1.2.1/prometheus-metrics-bom-1.2.1.pom (6.1 kB at 253 kB/s)
Downloading from central: https://repo.maven.apache.org/maven2/io/prometheus/client_java/1.2.1/client_java-1.2.1.pom
Progress (1): 1.0 kB
Progress (1): 3.4 kB
Progress (1): 7.5 kB
Progress (1): 10 kB 
Progress (1): 13 kB
                   
Downloaded from central: https://repo.maven.apache.org/maven2/io/prometheus/client_java/1.2.1/client_java-1.2.1.pom (13 kB at 368 kB/s)
Downloading from central: https://repo.maven.apache.org/maven2/io/prometheus/simpleclient_bom/0.16.0/simpleclient_bom-0.16.0.pom
Progress (1): 1.9 kB
Progress (1): 6.0 kB
                    
Downloaded from central: https://repo.maven.apache.org/maven2/io/prometheus/simpleclient_bom/0.16.0/simpleclient_bom-0.16.0.pom (6.0 kB at 207 kB/s)
Downloading from central: https://repo.maven.apache.org/maven2/io/prometheus/parent/0.16.0/parent-0.16.0.pom
Progress (1): 1.1 kB
Progress (1): 3.4 kB
Progress (1): 8.2 kB
Progress (1): 13 kB 
                   
Downloaded from central: https://repo.maven.apache.org/maven2/io/prometheus/parent/0.16.0/parent-0.16.0.pom (13 kB at 404 kB/s)
Downloading from central: https://repo.maven.apache.org/maven2/org/apache/pulsar/pulsar-bom/3.2.4/pulsar-bom-3.2.4.pom
Progress (1): 803 B
Progress (1): 2.4 kB
Progress (1): 4.5 kB
Progress (1): 14 kB 
Progress (1): 26 kB
                   
Downloaded from central: https://repo.maven.apache.org/maven2/org/apache/pulsar/pulsar-bom/3.2.4/pulsar-bom-3.2.4.pom (26 kB at 763 kB/s)
Downloading from central: https://repo.maven.apache.org/maven2/org/apache/apache/29/apache-29.pom
Progress (1): 744 B
Progress (1): 2.1 kB
Progress (1): 4.0 kB
Progress (1): 6.9 kB
Progress (1): 12 kB 
Progress (1): 16 kB
Progress (1): 19 kB
Progress (1): 21 kB
                   
Downloaded from central: https://repo.maven.apache.org/maven2/org/apache/apache/29/apache-29.pom (21 kB at 829 kB/s)
Downloading from central: https://repo.maven.apache.org/maven2/com/querydsl/querydsl-bom/5.1.0/querydsl-bom-5.1.0.pom
Progress (1): 1.2 kB
Progress (1): 3.2 kB
Progress (1): 7.2 kB
                    
Downloaded from central: https://repo.maven.apache.org/maven2/com/querydsl/querydsl-bom/5.1.0/querydsl-bom-5.1.0.pom (7.2 kB at 275 kB/s)
Downloading from central: https://repo.maven.apache.org/maven2/io/projectreactor/reactor-bom/2023.0.9/reactor-bom-2023.0.9.pom
Progress (1): 899 B
Progress (1): 4.4 kB
Progress (1): 4.8 kB
                    
Downloaded from central: https://repo.maven.apache.org/maven2/io/projectreactor/reactor-bom/2023.0.9/reactor-bom-2023.0.9.pom (4.8 kB at 184 kB/s)
Downloading from central: https://repo.maven.apache.org/maven2/io/rest-assured/rest-assured-bom/5.4.0/rest-assured-bom-5.4.0.pom
Progress (1): 1.2 kB
Progress (1): 4.5 kB
                    
Downloaded from central: https://repo.maven.apache.org/maven2/io/rest-assured/rest-assured-bom/5.4.0/rest-assured-bom-5.4.0.pom (4.5 kB at 166 kB/s)
Downloading from central: https://repo.maven.apache.org/maven2/io/rsocket/rsocket-bom/1.1.3/rsocket-bom-1.1.3.pom
Progress (1): 1.2 kB
Progress (1): 2.6 kB
                    
Downloaded from central: https://repo.maven.apache.org/maven2/io/rsocket/rsocket-bom/1.1.3/rsocket-bom-1.1.3.pom (2.6 kB at 120 kB/s)
Downloading from central: https://repo.maven.apache.org/maven2/org/seleniumhq/selenium/selenium-bom/4.19.1/selenium-bom-4.19.1.pom
Progress (1): 1.0 kB
Progress (1): 6.0 kB
                    
Downloaded from central: https://repo.maven.apache.org/maven2/org/seleniumhq/selenium/selenium-bom/4.19.1/selenium-bom-4.19.1.pom (6.0 kB at 251 kB/s)
Downloading from central: https://repo.maven.apache.org/maven2/org/springframework/amqp/spring-amqp-bom/3.1.7/spring-amqp-bom-3.1.7.pom
Progress (1): 949 B
Progress (1): 3.9 kB
                    
Downloaded from central: https://repo.maven.apache.org/maven2/org/springframework/amqp/spring-amqp-bom/3.1.7/spring-amqp-bom-3.1.7.pom (3.9 kB at 125 kB/s)
Downloading from central: https://repo.maven.apache.org/maven2/org/springframework/batch/spring-batch-bom/5.1.2/spring-batch-bom-5.1.2.pom
Progress (1): 1.2 kB
Progress (1): 3.2 kB
                    
Downloaded from central: https://repo.maven.apache.org/maven2/org/springframework/batch/spring-batch-bom/5.1.2/spring-batch-bom-5.1.2.pom (3.2 kB at 108 kB/s)
Downloading from central: https://repo.maven.apache.org/maven2/org/springframework/data/spring-data-bom/2024.0.3/spring-data-bom-2024.0.3.pom
Progress (1): 958 B
Progress (1): 2.5 kB
Progress (1): 5.5 kB
                    
Downloaded from central: https://repo.maven.apache.org/maven2/org/springframework/data/spring-data-bom/2024.0.3/spring-data-bom-2024.0.3.pom (5.5 kB at 212 kB/s)
Downloading from central: https://repo.maven.apache.org/maven2/org/springframework/spring-framework-bom/6.1.12/spring-framework-bom-6.1.12.pom
Progress (1): 978 B
Progress (1): 5.8 kB
                    
Downloaded from central: https://repo.maven.apache.org/maven2/org/springframework/spring-framework-bom/6.1.12/spring-framework-bom-6.1.12.pom (5.8 kB at 254 kB/s)
Downloading from central: https://repo.maven.apache.org/maven2/org/springframework/integration/spring-integration-bom/6.3.3/spring-integration-bom-6.3.3.pom
Progress (1): 946 B
Progress (1): 6.7 kB
Progress (1): 10 kB 
                   
Downloaded from central: https://repo.maven.apache.org/maven2/org/springframework/integration/spring-integration-bom/6.3.3/spring-integration-bom-6.3.3.pom (10 kB at 331 kB/s)
Downloading from central: https://repo.maven.apache.org/maven2/org/springframework/pulsar/spring-pulsar-bom/1.1.3/spring-pulsar-bom-1.1.3.pom
Progress (1): 959 B
Progress (1): 2.9 kB
                    
Downloaded from central: https://repo.maven.apache.org/maven2/org/springframework/pulsar/spring-pulsar-bom/1.1.3/spring-pulsar-bom-1.1.3.pom (2.9 kB at 97 kB/s)
Downloading from central: https://repo.maven.apache.org/maven2/org/springframework/restdocs/spring-restdocs-bom/3.0.1/spring-restdocs-bom-3.0.1.pom
Progress (1): 1.1 kB
Progress (1): 2.6 kB
                    
Downloaded from central: https://repo.maven.apache.org/maven2/org/springframework/restdocs/spring-restdocs-bom/3.0.1/spring-restdocs-bom-3.0.1.pom (2.6 kB at 99 kB/s)
Downloading from central: https://repo.maven.apache.org/maven2/org/springframework/security/spring-security-bom/6.3.3/spring-security-bom-6.3.3.pom
Progress (1): 968 B
Progress (1): 5.3 kB
                    
Downloaded from central: https://repo.maven.apache.org/maven2/org/springframework/security/spring-security-bom/6.3.3/spring-security-bom-6.3.3.pom (5.3 kB at 232 kB/s)
Downloading from central: https://repo.maven.apache.org/maven2/org/springframework/session/spring-session-bom/3.3.2/spring-session-bom-3.3.2.pom
Progress (1): 972 B
Progress (1): 2.9 kB
                    
Downloaded from central: https://repo.maven.apache.org/maven2/org/springframework/session/spring-session-bom/3.3.2/spring-session-bom-3.3.2.pom (2.9 kB at 103 kB/s)
Downloading from central: https://repo.maven.apache.org/maven2/org/springframework/ws/spring-ws-bom/4.0.11/spring-ws-bom-4.0.11.pom
Progress (1): 1.0 kB
Progress (1): 2.6 kB
Progress (1): 3.5 kB
                    
Downloaded from central: https://repo.maven.apache.org/maven2/org/springframework/ws/spring-ws-bom/4.0.11/spring-ws-bom-4.0.11.pom (3.5 kB at 146 kB/s)
Downloading from central: https://repo.maven.apache.org/maven2/org/testcontainers/testcontainers-bom/1.19.8/testcontainers-bom-1.19.8.pom
Progress (1): 1.2 kB
Progress (1): 10 kB 
                   
Downloaded from central: https://repo.maven.apache.org/maven2/org/testcontainers/testcontainers-bom/1.19.8/testcontainers-bom-1.19.8.pom (10 kB at 401 kB/s)
[WARNING] 
[WARNING] Some problems were encountered while building the effective model for se.inera.nll:medication-api:jar:0.1.0
[WARNING] 'build.plugins.plugin.version' for org.apache.maven.plugins:maven-compiler-plugin is missing. @ line 91, column 15
[WARNING] 
[WARNING] It is highly recommended to fix these problems because they threaten the stability of your build.
[WARNING] 
[WARNING] For this reason, future Maven versions might no longer support building such malformed projects.
[WARNING] 
[INFO] 
[INFO] --------------------< se.inera.nll:medication-api >---------------------
[INFO] Building medication-api 0.1.0
[INFO]   from pom.xml
[INFO] --------------------------------[ jar ]---------------------------------
Downloading from central: https://repo.maven.apache.org/maven2/org/springframework/boot/spring-boot-maven-plugin/3.3.3/spring-boot-maven-plugin-3.3.3.pom
Progress (1): 1.2 kB
Progress (1): 4.0 kB
                    
Downloaded from central: https://repo.maven.apache.org/maven2/org/springframework/boot/spring-boot-maven-plugin/3.3.3/spring-boot-maven-plugin-3.3.3.pom (4.0 kB at 160 kB/s)
Downloading from central: https://repo.maven.apache.org/maven2/org/springframework/boot/spring-boot-maven-plugin/3.3.3/spring-boot-maven-plugin-3.3.3.jar
Progress (1): 7.7/137 kB
Progress (1): 16/137 kB 
Progress (1): 32/137 kB
Progress (1): 49/137 kB
Progress (1): 65/137 kB
Progress (1): 81/137 kB
Progress (1): 98/137 kB
Progress (1): 114/137 kB
Progress (1): 131/137 kB
Progress (1): 137 kB    
                    
Downloaded from central: https://repo.maven.apache.org/maven2/org/springframework/boot/spring-boot-maven-plugin/3.3.3/spring-boot-maven-plugin-3.3.3.jar (137 kB at 3.8 MB/s)
Downloading from central: https://repo.maven.apache.org/maven2/org/apache/maven/plugins/maven-resources-plugin/3.3.1/maven-resources-plugin-3.3.1.pom
Progress (1): 765 B
Progress (1): 2.1 kB
Progress (1): 4.9 kB
Progress (1): 7.5 kB
Progress (1): 8.2 kB
                    
Downloaded from central: https://repo.maven.apache.org/maven2/org/apache/maven/plugins/maven-resources-plugin/3.3.1/maven-resources-plugin-3.3.1.pom (8.2 kB at 281 kB/s)
Downloading from central: https://repo.maven.apache.org/maven2/org/apache/maven/plugins/maven-plugins/39/maven-plugins-39.pom
Progress (1): 762 B
Progress (1): 2.3 kB
Progress (1): 4.9 kB
Progress (1): 7.4 kB
Progress (1): 8.1 kB
                    
Downloaded from central: https://repo.maven.apache.org/maven2/org/apache/maven/plugins/maven-plugins/39/maven-plugins-39.pom (8.1 kB at 368 kB/s)
Downloading from central: https://repo.maven.apache.org/maven2/org/apache/maven/maven-parent/39/maven-parent-39.pom
Progress (1): 740 B
Progress (1): 2.0 kB
Progress (1): 5.7 kB
Progress (1): 10.0 kB
Progress (1): 15 kB  
Progress (1): 20 kB
Progress (1): 24 kB
Progress (1): 27 kB
Progress (1): 28 kB
Progress (1): 31 kB
Progress (1): 32 kB
Progress (1): 35 kB
Progress (1): 38 kB
Progress (1): 41 kB
Progress (1): 46 kB
Progress (1): 48 kB
                   
Downloaded from central: https://repo.maven.apache.org/maven2/org/apache/maven/maven-parent/39/maven-parent-39.pom (48 kB at 1.6 MB/s)
Downloading from central: https://repo.maven.apache.org/maven2/org/apache/maven/plugins/maven-resources-plugin/3.3.1/maven-resources-plugin-3.3.1.jar
Progress (1): 7.7/31 kB
Progress (1): 16/31 kB 
Progress (1): 25/31 kB
Progress (1): 31 kB   
                   
Downloaded from central: https://repo.maven.apache.org/maven2/org/apache/maven/plugins/maven-resources-plugin/3.3.1/maven-resources-plugin-3.3.1.jar (31 kB at 1.1 MB/s)
Downloading from central: https://repo.maven.apache.org/maven2/org/apache/maven/plugins/maven-compiler-plugin/3.13.0/maven-compiler-plugin-3.13.0.pom
Progress (1): 752 B
Progress (1): 2.2 kB
Progress (1): 5.0 kB
Progress (1): 8.5 kB
Progress (1): 10 kB 
                   
Downloaded from central: https://repo.maven.apache.org/maven2/org/apache/maven/plugins/maven-compiler-plugin/3.13.0/maven-compiler-plugin-3.13.0.pom (10 kB at 418 kB/s)
Downloading from central: https://repo.maven.apache.org/maven2/org/apache/maven/plugins/maven-plugins/41/maven-plugins-41.pom
Progress (1): 762 B
Progress (1): 2.3 kB
Progress (1): 4.9 kB
Progress (1): 7.4 kB
                    
Downloaded from central: https://repo.maven.apache.org/maven2/org/apache/maven/plugins/maven-plugins/41/maven-plugins-41.pom (7.4 kB at 194 kB/s)
Downloading from central: https://repo.maven.apache.org/maven2/org/apache/maven/maven-parent/41/maven-parent-41.pom
Progress (1): 739 B
Progress (1): 1.9 kB
Progress (1): 5.8 kB
Progress (1): 10 kB 
Progress (1): 15 kB
Progress (1): 20 kB
Progress (1): 24 kB
Progress (1): 27 kB
Progress (1): 29 kB
Progress (1): 31 kB
Progress (1): 33 kB
Progress (1): 36 kB
Progress (1): 39 kB
Progress (1): 42 kB
Progress (1): 45 kB
Progress (1): 50 kB
                   
Downloaded from central: https://repo.maven.apache.org/maven2/org/apache/maven/maven-parent/41/maven-parent-41.pom (50 kB at 1.9 MB/s)
Downloading from central: https://repo.maven.apache.org/maven2/org/apache/maven/plugins/maven-compiler-plugin/3.13.0/maven-compiler-plugin-3.13.0.jar
Progress (1): 7.7/83 kB
Progress (1): 16/83 kB 
Progress (1): 20/83 kB
Progress (1): 36/83 kB
Progress (1): 53/83 kB
Progress (1): 69/83 kB
Progress (1): 83 kB   
                   
Downloaded from central: https://repo.maven.apache.org/maven2/org/apache/maven/plugins/maven-compiler-plugin/3.13.0/maven-compiler-plugin-3.13.0.jar (83 kB at 2.9 MB/s)
Downloading from central: https://repo.maven.apache.org/maven2/org/apache/maven/plugins/maven-surefire-plugin/3.2.5/maven-surefire-plugin-3.2.5.pom
Progress (1): 830 B
Progress (1): 2.7 kB
Progress (1): 5.3 kB
                    
Downloaded from central: https://repo.maven.apache.org/maven2/org/apache/maven/plugins/maven-surefire-plugin/3.2.5/maven-surefire-plugin-3.2.5.pom (5.3 kB at 152 kB/s)
Downloading from central: https://repo.maven.apache.org/maven2/org/apache/maven/surefire/surefire/3.2.5/surefire-3.2.5.pom
Progress (1): 779 B
Progress (1): 2.4 kB
Progress (1): 4.1 kB
Progress (1): 8.0 kB
Progress (1): 12 kB 
Progress (1): 14 kB
Progress (1): 17 kB
Progress (1): 20 kB
Progress (1): 22 kB
                   
Downloaded from central: https://repo.maven.apache.org/maven2/org/apache/maven/surefire/surefire/3.2.5/surefire-3.2.5.pom (22 kB at 814 kB/s)
Downloading from central: https://repo.maven.apache.org/maven2/org/junit/junit-bom/5.9.3/junit-bom-5.9.3.pom
Progress (1): 918 B
Progress (1): 4.5 kB
Progress (1): 5.6 kB
                    
Downloaded from central: https://repo.maven.apache.org/maven2/org/junit/junit-bom/5.9.3/junit-bom-5.9.3.pom (5.6 kB at 209 kB/s)
Downloading from central: https://repo.maven.apache.org/maven2/org/apache/maven/plugins/maven-surefire-plugin/3.2.5/maven-surefire-plugin-3.2.5.jar
Progress (1): 7.7/45 kB
Progress (1): 16/45 kB 
Progress (1): 25/45 kB
Progress (1): 41/45 kB
Progress (1): 45 kB   
                   
Downloaded from central: https://repo.maven.apache.org/maven2/org/apache/maven/plugins/maven-surefire-plugin/3.2.5/maven-surefire-plugin-3.2.5.jar (45 kB at 1.7 MB/s)
Downloading from central: https://repo.maven.apache.org/maven2/org/springframework/boot/spring-boot-starter-web/3.3.3/spring-boot-starter-web-3.3.3.pom
Progress (1): 920 B
Progress (1): 2.9 kB
                    
Downloaded from central: https://repo.maven.apache.org/maven2/org/springframework/boot/spring-boot-starter-web/3.3.3/spring-boot-starter-web-3.3.3.pom (2.9 kB at 109 kB/s)
Downloading from central: https://repo.maven.apache.org/maven2/org/springframework/boot/spring-boot-starter/3.3.3/spring-boot-starter-3.3.3.pom
Progress (1): 930 B
Progress (1): 3.0 kB
                    
Downloaded from central: https://repo.maven.apache.org/maven2/org/springframework/boot/spring-boot-starter/3.3.3/spring-boot-starter-3.3.3.pom (3.0 kB at 117 kB/s)
Downloading from central: https://repo.maven.apache.org/maven2/org/springframework/boot/spring-boot/3.3.3/spring-boot-3.3.3.pom
Progress (1): 1.0 kB
Progress (1): 2.2 kB
                    
Downloaded from central: https://repo.maven.apache.org/maven2/org/springframework/boot/spring-boot/3.3.3/spring-boot-3.3.3.pom (2.2 kB at 76 kB/s)
Downloading from central: https://repo.maven.apache.org/maven2/org/springframework/spring-core/6.1.12/spring-core-6.1.12.pom
Progress (1): 1.1 kB
Progress (1): 2.0 kB
                    
Downloaded from central: https://repo.maven.apache.org/maven2/org/springframework/spring-core/6.1.12/spring-core-6.1.12.pom (2.0 kB at 84 kB/s)
Downloading from central: https://repo.maven.apache.org/maven2/org/springframework/spring-jcl/6.1.12/spring-jcl-6.1.12.pom
Progress (1): 1.1 kB
Progress (1): 1.8 kB
                    
Downloaded from central: https://repo.maven.apache.org/maven2/org/springframework/spring-jcl/6.1.12/spring-jcl-6.1.12.pom (1.8 kB at 66 kB/s)
Downloading from central: https://repo.maven.apache.org/maven2/org/springframework/spring-context/6.1.12/spring-context-6.1.12.pom
Progress (1): 1.0 kB
Progress (1): 2.8 kB
                    
Downloaded from central: https://repo.maven.apache.org/maven2/org/springframework/spring-context/6.1.12/spring-context-6.1.12.pom (2.8 kB at 107 kB/s)
Downloading from central: https://repo.maven.apache.org/maven2/org/springframework/spring-aop/6.1.12/spring-aop-6.1.12.pom
Progress (1): 1.0 kB
Progress (1): 2.2 kB
                    
Downloaded from central: https://repo.maven.apache.org/maven2/org/springframework/spring-aop/6.1.12/spring-aop-6.1.12.pom (2.2 kB at 74 kB/s)
Downloading from central: https://repo.maven.apache.org/maven2/org/springframework/spring-beans/6.1.12/spring-beans-6.1.12.pom
Progress (1): 1.0 kB
Progress (1): 2.0 kB
                    
Downloaded from central: https://repo.maven.apache.org/maven2/org/springframework/spring-beans/6.1.12/spring-beans-6.1.12.pom (2.0 kB at 88 kB/s)
Downloading from central: https://repo.maven.apache.org/maven2/org/springframework/spring-expression/6.1.12/spring-expression-6.1.12.pom
Progress (1): 1.1 kB
Progress (1): 2.1 kB
                    
Downloaded from central: https://repo.maven.apache.org/maven2/org/springframework/spring-expression/6.1.12/spring-expression-6.1.12.pom (2.1 kB at 80 kB/s)
Downloading from central: https://repo.maven.apache.org/maven2/io/micrometer/micrometer-observation/1.13.3/micrometer-observation-1.13.3.pom
Progress (1): 1.1 kB
Progress (1): 3.4 kB
Progress (1): 3.8 kB
                    
Downloaded from central: https://repo.maven.apache.org/maven2/io/micrometer/micrometer-observation/1.13.3/micrometer-observation-1.13.3.pom (3.8 kB at 148 kB/s)
Downloading from central: https://repo.maven.apache.org/maven2/io/micrometer/micrometer-commons/1.13.3/micrometer-commons-1.13.3.pom
Progress (1): 1.1 kB
Progress (1): 3.0 kB
Progress (1): 3.4 kB
                    
Downloaded from central: https://repo.maven.apache.org/maven2/io/micrometer/micrometer-commons/1.13.3/micrometer-commons-1.13.3.pom (3.4 kB at 126 kB/s)
Downloading from central: https://repo.maven.apache.org/maven2/org/springframework/boot/spring-boot-autoconfigure/3.3.3/spring-boot-autoconfigure-3.3.3.pom
Progress (1): 1.0 kB
Progress (1): 2.1 kB
                    
Downloaded from central: https://repo.maven.apache.org/maven2/org/springframework/boot/spring-boot-autoconfigure/3.3.3/spring-boot-autoconfigure-3.3.3.pom (2.1 kB at 76 kB/s)
Downloading from central: https://repo.maven.apache.org/maven2/org/springframework/boot/spring-boot-starter-logging/3.3.3/spring-boot-starter-logging-3.3.3.pom
Progress (1): 965 B
Progress (1): 2.5 kB
                    
Downloaded from central: https://repo.maven.apache.org/maven2/org/springframework/boot/spring-boot-starter-logging/3.3.3/spring-boot-starter-logging-3.3.3.pom (2.5 kB at 95 kB/s)
Downloading from central: https://repo.maven.apache.org/maven2/ch/qos/logback/logback-classic/1.5.7/logback-classic-1.5.7.pom
Progress (1): 1.7 kB
Progress (1): 4.8 kB
Progress (1): 8.2 kB
Progress (1): 11 kB 
Progress (1): 13 kB
Progress (1): 13 kB
                   
Downloaded from central: https://repo.maven.apache.org/maven2/ch/qos/logback/logback-classic/1.5.7/logback-classic-1.5.7.pom (13 kB at 467 kB/s)
Downloading from central: https://repo.maven.apache.org/maven2/ch/qos/logback/logback-parent/1.5.7/logback-parent-1.5.7.pom
Progress (1): 1.1 kB
Progress (1): 2.7 kB
Progress (1): 5.0 kB
Progress (1): 10 kB 
Progress (1): 14 kB
Progress (1): 17 kB
Progress (1): 19 kB
                   
Downloaded from central: https://repo.maven.apache.org/maven2/ch/qos/logback/logback-parent/1.5.7/logback-parent-1.5.7.pom (19 kB at 458 kB/s)
Downloading from central: https://repo.maven.apache.org/maven2/ch/qos/logback/logback-core/1.5.7/logback-core-1.5.7.pom
Progress (1): 1.8 kB
Progress (1): 5.1 kB
Progress (1): 7.9 kB
                    
Downloaded from central: https://repo.maven.apache.org/maven2/ch/qos/logback/logback-core/1.5.7/logback-core-1.5.7.pom (7.9 kB at 283 kB/s)
Downloading from central: https://repo.maven.apache.org/maven2/org/slf4j/slf4j-api/2.0.16/slf4j-api-2.0.16.pom
Progress (1): 1.1 kB
Progress (1): 2.8 kB
                    
Downloaded from central: https://repo.maven.apache.org/maven2/org/slf4j/slf4j-api/2.0.16/slf4j-api-2.0.16.pom (2.8 kB at 97 kB/s)
Downloading from central: https://repo.maven.apache.org/maven2/org/slf4j/slf4j-parent/2.0.16/slf4j-parent-2.0.16.pom
Progress (1): 942 B
Progress (1): 3.2 kB
Progress (1): 6.0 kB
Progress (1): 8.3 kB
Progress (1): 11 kB 
Progress (1): 13 kB
                   
Downloaded from central: https://repo.maven.apache.org/maven2/org/slf4j/slf4j-parent/2.0.16/slf4j-parent-2.0.16.pom (13 kB at 535 kB/s)
Downloading from central: https://repo.maven.apache.org/maven2/org/slf4j/slf4j-bom/2.0.16/slf4j-bom-2.0.16.pom
Progress (1): 999 B
Progress (1): 4.6 kB
Progress (1): 7.3 kB
Progress (1): 7.3 kB
                    
Downloaded from central: https://repo.maven.apache.org/maven2/org/slf4j/slf4j-bom/2.0.16/slf4j-bom-2.0.16.pom (7.3 kB at 244 kB/s)
Downloading from central: https://repo.maven.apache.org/maven2/org/apache/logging/log4j/log4j-to-slf4j/2.23.1/log4j-to-slf4j-2.23.1.pom
Progress (1): 824 B
Progress (1): 2.7 kB
Progress (1): 4.4 kB
                    
Downloaded from central: https://repo.maven.apache.org/maven2/org/apache/logging/log4j/log4j-to-slf4j/2.23.1/log4j-to-slf4j-2.23.1.pom (4.4 kB at 92 kB/s)
Downloading from central: https://repo.maven.apache.org/maven2/org/apache/logging/log4j/log4j/2.23.1/log4j-2.23.1.pom
Progress (1): 736 B
Progress (1): 2.2 kB
Progress (1): 4.0 kB
Progress (1): 6.0 kB
Progress (1): 10 kB 
Progress (1): 17 kB
Progress (1): 25 kB
Progress (1): 31 kB
Progress (1): 32 kB
Progress (1): 35 kB
Progress (1): 37 kB
                   
Downloaded from central: https://repo.maven.apache.org/maven2/org/apache/logging/log4j/log4j/2.23.1/log4j-2.23.1.pom (37 kB at 1.3 MB/s)
Downloading from central: https://repo.maven.apache.org/maven2/org/codehaus/groovy/groovy-bom/3.0.21/groovy-bom-3.0.21.pom
Progress (1): 929 B
Progress (1): 4.4 kB
Progress (1): 8.1 kB
Progress (1): 12 kB 
Progress (1): 16 kB
Progress (1): 20 kB
Progress (1): 24 kB
Progress (1): 26 kB
                   
Downloaded from central: https://repo.maven.apache.org/maven2/org/codehaus/groovy/groovy-bom/3.0.21/groovy-bom-3.0.21.pom (26 kB at 881 kB/s)
Downloading from central: https://repo.maven.apache.org/maven2/com/fasterxml/jackson/jackson-bom/2.16.1/jackson-bom-2.16.1.pom
Progress (1): 917 B
Progress (1): 2.6 kB
Progress (1): 8.1 kB
Progress (1): 17 kB 
Progress (1): 18 kB
                   
Downloaded from central: https://repo.maven.apache.org/maven2/com/fasterxml/jackson/jackson-bom/2.16.1/jackson-bom-2.16.1.pom (18 kB at 675 kB/s)
Downloading from central: https://repo.maven.apache.org/maven2/com/fasterxml/jackson/jackson-parent/2.16/jackson-parent-2.16.pom
Progress (1): 1.0 kB
Progress (1): 2.5 kB
Progress (1): 4.0 kB
Progress (1): 6.5 kB
                    
Downloaded from central: https://repo.maven.apache.org/maven2/com/fasterxml/jackson/jackson-parent/2.16/jackson-parent-2.16.pom (6.5 kB at 204 kB/s)
Downloading from central: https://repo.maven.apache.org/maven2/com/fasterxml/oss-parent/56/oss-parent-56.pom
Progress (1): 952 B
Progress (1): 2.6 kB
Progress (1): 4.1 kB
Progress (1): 6.8 kB
Progress (1): 9.7 kB
Progress (1): 12 kB 
Progress (1): 15 kB
Progress (1): 18 kB
Progress (1): 22 kB
Progress (1): 24 kB
                   
Downloaded from central: https://repo.maven.apache.org/maven2/com/fasterxml/oss-parent/56/oss-parent-56.pom (24 kB at 760 kB/s)
Downloading from central: https://repo.maven.apache.org/maven2/jakarta/platform/jakarta.jakartaee-bom/9.1.0/jakarta.jakartaee-bom-9.1.0.pom
Progress (1): 856 B
Progress (1): 4.8 kB
Progress (1): 9.6 kB
                    
Downloaded from central: https://repo.maven.apache.org/maven2/jakarta/platform/jakarta.jakartaee-bom/9.1.0/jakarta.jakartaee-bom-9.1.0.pom (9.6 kB at 239 kB/s)
Downloading from central: https://repo.maven.apache.org/maven2/jakarta/platform/jakartaee-api-parent/9.1.0/jakartaee-api-parent-9.1.0.pom
Progress (1): 835 B
Progress (1): 3.1 kB
Progress (1): 6.0 kB
Progress (1): 12 kB 
Progress (1): 14 kB
Progress (1): 15 kB
                   
Downloaded from central: https://repo.maven.apache.org/maven2/jakarta/platform/jakartaee-api-parent/9.1.0/jakartaee-api-parent-9.1.0.pom (15 kB at 594 kB/s)
Downloading from central: https://repo.maven.apache.org/maven2/org/eclipse/ee4j/project/1.0.7/project-1.0.7.pom
Progress (1): 840 B
Progress (1): 2.5 kB
Progress (1): 5.0 kB
Progress (1): 8.2 kB
Progress (1): 13 kB 
Progress (1): 14 kB
                   
Downloaded from central: https://repo.maven.apache.org/maven2/org/eclipse/ee4j/project/1.0.7/project-1.0.7.pom (14 kB at 417 kB/s)
Downloading from central: https://repo.maven.apache.org/maven2/org/eclipse/jetty/jetty-bom/9.4.54.v20240208/jetty-bom-9.4.54.v20240208.pom
Progress (1): 1.1 kB
Progress (1): 4.8 kB
Progress (1): 12 kB 
Progress (1): 18 kB
                   
Downloaded from central: https://repo.maven.apache.org/maven2/org/eclipse/jetty/jetty-bom/9.4.54.v20240208/jetty-bom-9.4.54.v20240208.pom (18 kB at 736 kB/s)
Downloading from central: https://repo.maven.apache.org/maven2/org/junit/junit-bom/5.10.2/junit-bom-5.10.2.pom
Progress (1): 908 B
Progress (1): 4.3 kB
Progress (1): 5.6 kB
                    
Downloaded from central: https://repo.maven.apache.org/maven2/org/junit/junit-bom/5.10.2/junit-bom-5.10.2.pom (5.6 kB at 235 kB/s)
Downloading from central: https://repo.maven.apache.org/maven2/io/fabric8/kubernetes-client-bom/5.12.4/kubernetes-client-bom-5.12.4.pom
Progress (1): 1.2 kB
Progress (1): 13 kB 
Progress (1): 26 kB
                   
Downloaded from central: https://repo.maven.apache.org/maven2/io/fabric8/kubernetes-client-bom/5.12.4/kubernetes-client-bom-5.12.4.pom (26 kB at 1.0 MB/s)
Downloading from central: https://repo.maven.apache.org/maven2/org/mockito/mockito-bom/4.11.0/mockito-bom-4.11.0.pom
Progress (1): 1.4 kB
Progress (1): 3.2 kB
                    
Downloaded from central: https://repo.maven.apache.org/maven2/org/mockito/mockito-bom/4.11.0/mockito-bom-4.11.0.pom (3.2 kB at 131 kB/s)
Downloading from central: https://repo.maven.apache.org/maven2/io/netty/netty-bom/4.1.107.Final/netty-bom-4.1.107.Final.pom
Progress (1): 783 B
Progress (1): 2.4 kB
Progress (1): 12 kB 
Progress (1): 14 kB
                   
Downloaded from central: https://repo.maven.apache.org/maven2/io/netty/netty-bom/4.1.107.Final/netty-bom-4.1.107.Final.pom (14 kB at 528 kB/s)
Downloading from central: https://repo.maven.apache.org/maven2/org/springframework/spring-framework-bom/5.3.32/spring-framework-bom-5.3.32.pom
Progress (1): 967 B
Progress (1): 5.7 kB
                    
Downloaded from central: https://repo.maven.apache.org/maven2/org/springframework/spring-framework-bom/5.3.32/spring-framework-bom-5.3.32.pom (5.7 kB at 189 kB/s)
Downloading from central: https://repo.maven.apache.org/maven2/org/apache/logging/log4j/log4j-api/2.23.1/log4j-api-2.23.1.pom
Progress (1): 818 B
Progress (1): 2.4 kB
Progress (1): 3.8 kB
                    
Downloaded from central: https://repo.maven.apache.org/maven2/org/apache/logging/log4j/log4j-api/2.23.1/log4j-api-2.23.1.pom (3.8 kB at 167 kB/s)
Downloading from central: https://repo.maven.apache.org/maven2/org/slf4j/jul-to-slf4j/2.0.16/jul-to-slf4j-2.0.16.pom
Progress (1): 1.1 kB
                    
Downloaded from central: https://repo.maven.apache.org/maven2/org/slf4j/jul-to-slf4j/2.0.16/jul-to-slf4j-2.0.16.pom (1.1 kB at 42 kB/s)
Downloading from central: https://repo.maven.apache.org/maven2/jakarta/annotation/jakarta.annotation-api/2.1.1/jakarta.annotation-api-2.1.1.pom
Progress (1): 836 B
Progress (1): 2.8 kB
Progress (1): 5.9 kB
Progress (1): 10 kB 
Progress (1): 14 kB
Progress (1): 16 kB
                   
Downloaded from central: https://repo.maven.apache.org/maven2/jakarta/annotation/jakarta.annotation-api/2.1.1/jakarta.annotation-api-2.1.1.pom (16 kB at 494 kB/s)
Downloading from central: https://repo.maven.apache.org/maven2/org/yaml/snakeyaml/2.2/snakeyaml-2.2.pom
Progress (1): 1.2 kB
Progress (1): 3.0 kB
Progress (1): 6.9 kB
Progress (1): 12 kB 
Progress (1): 15 kB
Progress (1): 20 kB
Progress (1): 21 kB
                   
Downloaded from central: https://repo.maven.apache.org/maven2/org/yaml/snakeyaml/2.2/snakeyaml-2.2.pom (21 kB at 686 kB/s)
Downloading from central: https://repo.maven.apache.org/maven2/org/springframework/boot/spring-boot-starter-json/3.3.3/spring-boot-starter-json-3.3.3.pom
Progress (1): 975 B
Progress (1): 3.1 kB
                    
Downloaded from central: https://repo.maven.apache.org/maven2/org/springframework/boot/spring-boot-starter-json/3.3.3/spring-boot-starter-json-3.3.3.pom (3.1 kB at 123 kB/s)
Downloading from central: https://repo.maven.apache.org/maven2/org/springframework/spring-web/6.1.12/spring-web-6.1.12.pom
Progress (1): 1.0 kB
Progress (1): 2.4 kB
                    
Downloaded from central: https://repo.maven.apache.org/maven2/org/springframework/spring-web/6.1.12/spring-web-6.1.12.pom (2.4 kB at 92 kB/s)
Downloading from central: https://repo.maven.apache.org/maven2/com/fasterxml/jackson/core/jackson-databind/2.17.2/jackson-databind-2.17.2.pom
Progress (1): 975 B
Progress (1): 2.4 kB
Progress (1): 4.0 kB
Progress (1): 6.2 kB
Progress (1): 8.0 kB
Progress (1): 10 kB 
Progress (1): 13 kB
Progress (1): 18 kB
Progress (1): 19 kB
Progress (1): 21 kB
                   
Downloaded from central: https://repo.maven.apache.org/maven2/com/fasterxml/jackson/core/jackson-databind/2.17.2/jackson-databind-2.17.2.pom (21 kB at 818 kB/s)
Downloading from central: https://repo.maven.apache.org/maven2/com/fasterxml/jackson/jackson-base/2.17.2/jackson-base-2.17.2.pom
Progress (1): 928 B
Progress (1): 2.5 kB
Progress (1): 4.4 kB
Progress (1): 6.4 kB
Progress (1): 8.6 kB
Progress (1): 11 kB 
Progress (1): 12 kB
                   
Downloaded from central: https://repo.maven.apache.org/maven2/com/fasterxml/jackson/jackson-base/2.17.2/jackson-base-2.17.2.pom (12 kB at 453 kB/s)
Downloading from central: https://repo.maven.apache.org/maven2/com/fasterxml/jackson/core/jackson-annotations/2.17.2/jackson-annotations-2.17.2.pom
Progress (1): 952 B
Progress (1): 2.4 kB
Progress (1): 3.9 kB
Progress (1): 6.3 kB
Progress (1): 7.1 kB
                    
Downloaded from central: https://repo.maven.apache.org/maven2/com/fasterxml/jackson/core/jackson-annotations/2.17.2/jackson-annotations-2.17.2.pom (7.1 kB at 294 kB/s)
Downloading from central: https://repo.maven.apache.org/maven2/com/fasterxml/jackson/core/jackson-core/2.17.2/jackson-core-2.17.2.pom
Progress (1): 985 B
Progress (1): 2.9 kB
Progress (1): 6.8 kB
Progress (1): 9.4 kB
Progress (1): 9.6 kB
                    
Downloaded from central: https://repo.maven.apache.org/maven2/com/fasterxml/jackson/core/jackson-core/2.17.2/jackson-core-2.17.2.pom (9.6 kB at 301 kB/s)
Downloading from central: https://repo.maven.apache.org/maven2/com/fasterxml/jackson/datatype/jackson-datatype-jdk8/2.17.2/jackson-datatype-jdk8-2.17.2.pom
Progress (1): 1.0 kB
Progress (1): 2.6 kB
                    
Downloaded from central: https://repo.maven.apache.org/maven2/com/fasterxml/jackson/datatype/jackson-datatype-jdk8/2.17.2/jackson-datatype-jdk8-2.17.2.pom (2.6 kB at 89 kB/s)
Downloading from central: https://repo.maven.apache.org/maven2/com/fasterxml/jackson/module/jackson-modules-java8/2.17.2/jackson-modules-java8-2.17.2.pom
Progress (1): 1.4 kB
Progress (1): 3.1 kB
Progress (1): 3.1 kB
                    
Downloaded from central: https://repo.maven.apache.org/maven2/com/fasterxml/jackson/module/jackson-modules-java8/2.17.2/jackson-modules-java8-2.17.2.pom (3.1 kB at 135 kB/s)
Downloading from central: https://repo.maven.apache.org/maven2/com/fasterxml/jackson/datatype/jackson-datatype-jsr310/2.17.2/jackson-datatype-jsr310-2.17.2.pom
Progress (1): 972 B
Progress (1): 2.4 kB
Progress (1): 4.6 kB
Progress (1): 4.9 kB
                    
Downloaded from central: https://repo.maven.apache.org/maven2/com/fasterxml/jackson/datatype/jackson-datatype-jsr310/2.17.2/jackson-datatype-jsr310-2.17.2.pom (4.9 kB at 140 kB/s)
Downloading from central: https://repo.maven.apache.org/maven2/com/fasterxml/jackson/module/jackson-module-parameter-names/2.17.2/jackson-module-parameter-names-2.17.2.pom
Progress (1): 972 B
Progress (1): 2.8 kB
Progress (1): 4.2 kB
                    
Downloaded from central: https://repo.maven.apache.org/maven2/com/fasterxml/jackson/module/jackson-module-parameter-names/2.17.2/jackson-module-parameter-names-2.17.2.pom (4.2 kB at 163 kB/s)
Downloading from central: https://repo.maven.apache.org/maven2/org/springframework/boot/spring-boot-starter-tomcat/3.3.3/spring-boot-starter-tomcat-3.3.3.pom
Progress (1): 982 B
Progress (1): 3.1 kB
                    
Downloaded from central: https://repo.maven.apache.org/maven2/org/springframework/boot/spring-boot-starter-tomcat/3.3.3/spring-boot-starter-tomcat-3.3.3.pom (3.1 kB at 112 kB/s)
Downloading from central: https://repo.maven.apache.org/maven2/org/apache/tomcat/embed/tomcat-embed-core/10.1.28/tomcat-embed-core-10.1.28.pom
Progress (1): 836 B
Progress (1): 1.7 kB
                    
Downloaded from central: https://repo.maven.apache.org/maven2/org/apache/tomcat/embed/tomcat-embed-core/10.1.28/tomcat-embed-core-10.1.28.pom (1.7 kB at 83 kB/s)
Downloading from central: https://repo.maven.apache.org/maven2/org/apache/tomcat/embed/tomcat-embed-el/10.1.28/tomcat-embed-el-10.1.28.pom
Progress (1): 837 B
Progress (1): 1.5 kB
                    
Downloaded from central: https://repo.maven.apache.org/maven2/org/apache/tomcat/embed/tomcat-embed-el/10.1.28/tomcat-embed-el-10.1.28.pom (1.5 kB at 60 kB/s)
Downloading from central: https://repo.maven.apache.org/maven2/org/apache/tomcat/embed/tomcat-embed-websocket/10.1.28/tomcat-embed-websocket-10.1.28.pom
Progress (1): 836 B
Progress (1): 1.7 kB
                    
Downloaded from central: https://repo.maven.apache.org/maven2/org/apache/tomcat/embed/tomcat-embed-websocket/10.1.28/tomcat-embed-websocket-10.1.28.pom (1.7 kB at 51 kB/s)
Downloading from central: https://repo.maven.apache.org/maven2/org/springframework/spring-webmvc/6.1.12/spring-webmvc-6.1.12.pom
Progress (1): 1.0 kB
Progress (1): 3.0 kB
                    
Downloaded from central: https://repo.maven.apache.org/maven2/org/springframework/spring-webmvc/6.1.12/spring-webmvc-6.1.12.pom (3.0 kB at 110 kB/s)
Downloading from central: https://repo.maven.apache.org/maven2/org/springframework/boot/spring-boot-starter-data-jpa/3.3.3/spring-boot-starter-data-jpa-3.3.3.pom
Progress (1): 965 B
Progress (1): 2.9 kB
                    
Downloaded from central: https://repo.maven.apache.org/maven2/org/springframework/boot/spring-boot-starter-data-jpa/3.3.3/spring-boot-starter-data-jpa-3.3.3.pom (2.9 kB at 125 kB/s)
Downloading from central: https://repo.maven.apache.org/maven2/org/springframework/boot/spring-boot-starter-aop/3.3.3/spring-boot-starter-aop-3.3.3.pom
Progress (1): 959 B
Progress (1): 2.5 kB
                    
Downloaded from central: https://repo.maven.apache.org/maven2/org/springframework/boot/spring-boot-starter-aop/3.3.3/spring-boot-starter-aop-3.3.3.pom (2.5 kB at 91 kB/s)
Downloading from central: https://repo.maven.apache.org/maven2/org/aspectj/aspectjweaver/1.9.22.1/aspectjweaver-1.9.22.1.pom
Progress (1): 981 B
Progress (1): 2.2 kB
                    
Downloaded from central: https://repo.maven.apache.org/maven2/org/aspectj/aspectjweaver/1.9.22.1/aspectjweaver-1.9.22.1.pom (2.2 kB at 80 kB/s)
Downloading from central: https://repo.maven.apache.org/maven2/org/springframework/boot/spring-boot-starter-jdbc/3.3.3/spring-boot-starter-jdbc-3.3.3.pom
Progress (1): 965 B
Progress (1): 2.5 kB
                    
Downloaded from central: https://repo.maven.apache.org/maven2/org/springframework/boot/spring-boot-starter-jdbc/3.3.3/spring-boot-starter-jdbc-3.3.3.pom (2.5 kB at 61 kB/s)
Downloading from central: https://repo.maven.apache.org/maven2/com/zaxxer/HikariCP/5.1.0/HikariCP-5.1.0.pom
Progress (1): 1.1 kB
Progress (1): 2.7 kB
Progress (1): 6.2 kB
Progress (1): 11 kB 
Progress (1): 13 kB
Progress (1): 17 kB
Progress (1): 20 kB
Progress (1): 23 kB
Progress (1): 26 kB
                   
Downloaded from central: https://repo.maven.apache.org/maven2/com/zaxxer/HikariCP/5.1.0/HikariCP-5.1.0.pom (26 kB at 870 kB/s)
Downloading from central: https://repo.maven.apache.org/maven2/org/springframework/spring-jdbc/6.1.12/spring-jdbc-6.1.12.pom
Progress (1): 1.0 kB
Progress (1): 2.4 kB
                    
Downloaded from central: https://repo.maven.apache.org/maven2/org/springframework/spring-jdbc/6.1.12/spring-jdbc-6.1.12.pom (2.4 kB at 83 kB/s)
Downloading from central: https://repo.maven.apache.org/maven2/org/springframework/spring-tx/6.1.12/spring-tx-6.1.12.pom
Progress (1): 1.0 kB
Progress (1): 2.2 kB
                    
Downloaded from central: https://repo.maven.apache.org/maven2/org/springframework/spring-tx/6.1.12/spring-tx-6.1.12.pom (2.2 kB at 74 kB/s)
Downloading from central: https://repo.maven.apache.org/maven2/org/hibernate/orm/hibernate-core/6.5.2.Final/hibernate-core-6.5.2.Final.pom
Progress (1): 1.1 kB
Progress (1): 5.4 kB
Progress (1): 5.8 kB
                    
Downloaded from central: https://repo.maven.apache.org/maven2/org/hibernate/orm/hibernate-core/6.5.2.Final/hibernate-core-6.5.2.Final.pom (5.8 kB at 198 kB/s)
Downloading from central: https://repo.maven.apache.org/maven2/jakarta/persistence/jakarta.persistence-api/3.1.0/jakarta.persistence-api-3.1.0.pom
Progress (1): 861 B
Progress (1): 3.0 kB
Progress (1): 6.5 kB
Progress (1): 10.0 kB
Progress (1): 13 kB  
Progress (1): 16 kB
                   
Downloaded from central: https://repo.maven.apache.org/maven2/jakarta/persistence/jakarta.persistence-api/3.1.0/jakarta.persistence-api-3.1.0.pom (16 kB at 485 kB/s)
Downloading from central: https://repo.maven.apache.org/maven2/jakarta/transaction/jakarta.transaction-api/2.0.1/jakarta.transaction-api-2.0.1.pom
Progress (1): 836 B
Progress (1): 2.6 kB
Progress (1): 4.7 kB
Progress (1): 7.8 kB
Progress (1): 12 kB 
Progress (1): 14 kB
                   
Downloaded from central: https://repo.maven.apache.org/maven2/jakarta/transaction/jakarta.transaction-api/2.0.1/jakarta.transaction-api-2.0.1.pom (14 kB at 487 kB/s)
Downloading from central: https://repo.maven.apache.org/maven2/org/eclipse/ee4j/project/1.0.6/project-1.0.6.pom
Progress (1): 838 B
Progress (1): 2.5 kB
Progress (1): 5.0 kB
Progress (1): 7.7 kB
Progress (1): 13 kB 
Progress (1): 13 kB
                   
Downloaded from central: https://repo.maven.apache.org/maven2/org/eclipse/ee4j/project/1.0.6/project-1.0.6.pom (13 kB at 513 kB/s)
Downloading from central: https://repo.maven.apache.org/maven2/org/jboss/logging/jboss-logging/3.5.3.Final/jboss-logging-3.5.3.Final.pom
Progress (1): 756 B
Progress (1): 2.4 kB
Progress (1): 5.5 kB
Progress (1): 9.3 kB
Progress (1): 17 kB 
Progress (1): 19 kB
                   
Downloaded from central: https://repo.maven.apache.org/maven2/org/jboss/logging/jboss-logging/3.5.3.Final/jboss-logging-3.5.3.Final.pom (19 kB at 581 kB/s)
Downloading from central: https://repo.maven.apache.org/maven2/org/jboss/logging/logging-parent/1.0.1.Final/logging-parent-1.0.1.Final.pom
Progress (1): 1.2 kB
Progress (1): 3.8 kB
Progress (1): 6.0 kB
                    
Downloaded from central: https://repo.maven.apache.org/maven2/org/jboss/logging/logging-parent/1.0.1.Final/logging-parent-1.0.1.Final.pom (6.0 kB at 283 kB/s)
Downloading from central: https://repo.maven.apache.org/maven2/org/jboss/jboss-parent/39/jboss-parent-39.pom
Progress (1): 734 B
Progress (1): 2.1 kB
Progress (1): 4.7 kB
Progress (1): 7.0 kB
Progress (1): 9.0 kB
Progress (1): 13 kB 
Progress (1): 22 kB
Progress (1): 28 kB
Progress (1): 32 kB
Progress (1): 34 kB
Progress (1): 37 kB
Progress (1): 41 kB
Progress (1): 55 kB
Progress (1): 66 kB
Progress (1): 68 kB
                   
Downloaded from central: https://repo.maven.apache.org/maven2/org/jboss/jboss-parent/39/jboss-parent-39.pom (68 kB at 2.8 MB/s)
Downloading from central: https://repo.maven.apache.org/maven2/org/hibernate/common/hibernate-commons-annotations/6.0.6.Final/hibernate-commons-annotations-6.0.6.Final.pom
Progress (1): 966 B
Progress (1): 2.1 kB
                    
Downloaded from central: https://repo.maven.apache.org/maven2/org/hibernate/common/hibernate-commons-annotations/6.0.6.Final/hibernate-commons-annotations-6.0.6.Final.pom (2.1 kB at 86 kB/s)
Downloading from central: https://repo.maven.apache.org/maven2/io/smallrye/jandex/3.1.2/jandex-3.1.2.pom
Progress (1): 1.8 kB
Progress (1): 4.4 kB
Progress (1): 7.0 kB
                    
Downloaded from central: https://repo.maven.apache.org/maven2/io/smallrye/jandex/3.1.2/jandex-3.1.2.pom (7.0 kB at 268 kB/s)
Downloading from central: https://repo.maven.apache.org/maven2/io/smallrye/jandex-parent/3.1.2/jandex-parent-3.1.2.pom
Progress (1): 1.4 kB
Progress (1): 3.2 kB
Progress (1): 7.0 kB
Progress (1): 7.2 kB
                    
Downloaded from central: https://repo.maven.apache.org/maven2/io/smallrye/jandex-parent/3.1.2/jandex-parent-3.1.2.pom (7.2 kB at 325 kB/s)
Downloading from central: https://repo.maven.apache.org/maven2/io/smallrye/smallrye-build-parent/39/smallrye-build-parent-39.pom
Progress (1): 1.1 kB
Progress (1): 3.1 kB
Progress (1): 5.7 kB
Progress (1): 9.8 kB
Progress (1): 12 kB 
Progress (1): 16 kB
Progress (1): 21 kB
Progress (1): 28 kB
                   
Downloaded from central: https://repo.maven.apache.org/maven2/io/smallrye/smallrye-build-parent/39/smallrye-build-parent-39.pom (28 kB at 858 kB/s)
Downloading from central: https://repo.maven.apache.org/maven2/com/fasterxml/classmate/1.7.0/classmate-1.7.0.pom
Progress (1): 1.2 kB
Progress (1): 2.9 kB
Progress (1): 4.9 kB
Progress (1): 7.0 kB
                    
Downloaded from central: https://repo.maven.apache.org/maven2/com/fasterxml/classmate/1.7.0/classmate-1.7.0.pom (7.0 kB at 261 kB/s)
Downloading from central: https://repo.maven.apache.org/maven2/net/bytebuddy/byte-buddy/1.14.19/byte-buddy-1.14.19.pom
Progress (1): 973 B
Progress (1): 3.7 kB
Progress (1): 7.0 kB
Progress (1): 14 kB 
Progress (1): 16 kB
                   
Downloaded from central: https://repo.maven.apache.org/maven2/net/bytebuddy/byte-buddy/1.14.19/byte-buddy-1.14.19.pom (16 kB at 549 kB/s)
Downloading from central: https://repo.maven.apache.org/maven2/net/bytebuddy/byte-buddy-parent/1.14.19/byte-buddy-parent-1.14.19.pom
Progress (1): 860 B
Progress (1): 2.1 kB
Progress (1): 3.8 kB
Progress (1): 6.3 kB
Progress (1): 8.2 kB
Progress (1): 11 kB 
Progress (1): 13 kB
Progress (1): 17 kB
Progress (1): 22 kB
Progress (1): 25 kB
Progress (1): 33 kB
Progress (1): 46 kB
Progress (1): 51 kB
Progress (1): 56 kB
Progress (1): 62 kB
Progress (1): 62 kB
                   
Downloaded from central: https://repo.maven.apache.org/maven2/net/bytebuddy/byte-buddy-parent/1.14.19/byte-buddy-parent-1.14.19.pom (62 kB at 2.3 MB/s)
Downloading from central: https://repo.maven.apache.org/maven2/jakarta/xml/bind/jakarta.xml.bind-api/4.0.2/jakarta.xml.bind-api-4.0.2.pom
Progress (1): 825 B
Progress (1): 3.2 kB
Progress (1): 6.0 kB
Progress (1): 9.9 kB
Progress (1): 13 kB 
                   
Downloaded from central: https://repo.maven.apache.org/maven2/jakarta/xml/bind/jakarta.xml.bind-api/4.0.2/jakarta.xml.bind-api-4.0.2.pom (13 kB at 424 kB/s)
Downloading from central: https://repo.maven.apache.org/maven2/jakarta/xml/bind/jakarta.xml.bind-api-parent/4.0.2/jakarta.xml.bind-api-parent-4.0.2.pom
Progress (1): 897 B
Progress (1): 2.8 kB
Progress (1): 6.6 kB
Progress (1): 9.1 kB
                    
Downloaded from central: https://repo.maven.apache.org/maven2/jakarta/xml/bind/jakarta.xml.bind-api-parent/4.0.2/jakarta.xml.bind-api-parent-4.0.2.pom (9.1 kB at 327 kB/s)
Downloading from central: https://repo.maven.apache.org/maven2/jakarta/activation/jakarta.activation-api/2.1.3/jakarta.activation-api-2.1.3.pom
Progress (1): 856 B
Progress (1): 2.6 kB
Progress (1): 5.4 kB
Progress (1): 9.6 kB
Progress (1): 12 kB 
Progress (1): 17 kB
Progress (1): 19 kB
                   
Downloaded from central: https://repo.maven.apache.org/maven2/jakarta/activation/jakarta.activation-api/2.1.3/jakarta.activation-api-2.1.3.pom (19 kB at 661 kB/s)
Downloading from central: https://repo.maven.apache.org/maven2/org/glassfish/jaxb/jaxb-runtime/4.0.5/jaxb-runtime-4.0.5.pom
Progress (1): 812 B
Progress (1): 3.2 kB
Progress (1): 6.9 kB
Progress (1): 11 kB 
Progress (1): 11 kB
                   
Downloaded from central: https://repo.maven.apache.org/maven2/org/glassfish/jaxb/jaxb-runtime/4.0.5/jaxb-runtime-4.0.5.pom (11 kB at 471 kB/s)
Downloading from central: https://repo.maven.apache.org/maven2/com/sun/xml/bind/mvn/jaxb-runtime-parent/4.0.5/jaxb-runtime-parent-4.0.5.pom
Progress (1): 932 B
Progress (1): 1.2 kB
                    
Downloaded from central: https://repo.maven.apache.org/maven2/com/sun/xml/bind/mvn/jaxb-runtime-parent/4.0.5/jaxb-runtime-parent-4.0.5.pom (1.2 kB at 41 kB/s)
Downloading from central: https://repo.maven.apache.org/maven2/com/sun/xml/bind/mvn/jaxb-parent/4.0.5/jaxb-parent-4.0.5.pom
Progress (1): 783 B
Progress (1): 2.7 kB
Progress (1): 4.4 kB
Progress (1): 6.7 kB
Progress (1): 13 kB 
Progress (1): 17 kB
Progress (1): 22 kB
Progress (1): 28 kB
Progress (1): 32 kB
Progress (1): 35 kB
                   
Downloaded from central: https://repo.maven.apache.org/maven2/com/sun/xml/bind/mvn/jaxb-parent/4.0.5/jaxb-parent-4.0.5.pom (35 kB at 1.3 MB/s)
Downloading from central: https://repo.maven.apache.org/maven2/com/sun/xml/bind/jaxb-bom-ext/4.0.5/jaxb-bom-ext-4.0.5.pom
Progress (1): 854 B
Progress (1): 3.5 kB
                    
Downloaded from central: https://repo.maven.apache.org/maven2/com/sun/xml/bind/jaxb-bom-ext/4.0.5/jaxb-bom-ext-4.0.5.pom (3.5 kB at 105 kB/s)
Downloading from central: https://repo.maven.apache.org/maven2/org/glassfish/jaxb/jaxb-core/4.0.5/jaxb-core-4.0.5.pom
Progress (1): 881 B
Progress (1): 3.2 kB
Progress (1): 3.7 kB
                    
Downloaded from central: https://repo.maven.apache.org/maven2/org/glassfish/jaxb/jaxb-core/4.0.5/jaxb-core-4.0.5.pom (3.7 kB at 144 kB/s)
Downloading from central: https://repo.maven.apache.org/maven2/org/eclipse/angus/angus-activation/2.0.2/angus-activation-2.0.2.pom
Progress (1): 914 B
Progress (1): 3.4 kB
Progress (1): 4.0 kB
                    
Downloaded from central: https://repo.maven.apache.org/maven2/org/eclipse/angus/angus-activation/2.0.2/angus-activation-2.0.2.pom (4.0 kB at 142 kB/s)
Downloading from central: https://repo.maven.apache.org/maven2/org/eclipse/angus/angus-activation-project/2.0.2/angus-activation-project-2.0.2.pom
Progress (1): 878 B
Progress (1): 2.6 kB
Progress (1): 5.6 kB
Progress (1): 11 kB 
Progress (1): 14 kB
Progress (1): 18 kB
Progress (1): 21 kB
Progress (1): 21 kB
                   
Downloaded from central: https://repo.maven.apache.org/maven2/org/eclipse/angus/angus-activation-project/2.0.2/angus-activation-project-2.0.2.pom (21 kB at 674 kB/s)
Downloading from central: https://repo.maven.apache.org/maven2/org/glassfish/jaxb/txw2/4.0.5/txw2-4.0.5.pom
Progress (1): 922 B
Progress (1): 1.8 kB
                    
Downloaded from central: https://repo.maven.apache.org/maven2/org/glassfish/jaxb/txw2/4.0.5/txw2-4.0.5.pom (1.8 kB at 59 kB/s)
Downloading from central: https://repo.maven.apache.org/maven2/com/sun/xml/bind/mvn/jaxb-txw-parent/4.0.5/jaxb-txw-parent-4.0.5.pom
Progress (1): 922 B
Progress (1): 1.2 kB
                    
Downloaded from central: https://repo.maven.apache.org/maven2/com/sun/xml/bind/mvn/jaxb-txw-parent/4.0.5/jaxb-txw-parent-4.0.5.pom (1.2 kB at 28 kB/s)
Downloading from central: https://repo.maven.apache.org/maven2/com/sun/istack/istack-commons-runtime/4.1.2/istack-commons-runtime-4.1.2.pom
Progress (1): 908 B
Progress (1): 1.6 kB
                    
Downloaded from central: https://repo.maven.apache.org/maven2/com/sun/istack/istack-commons-runtime/4.1.2/istack-commons-runtime-4.1.2.pom (1.6 kB at 62 kB/s)
Downloading from central: https://repo.maven.apache.org/maven2/com/sun/istack/istack-commons/4.1.2/istack-commons-4.1.2.pom
Progress (1): 794 B
Progress (1): 2.6 kB
Progress (1): 4.8 kB
Progress (1): 12 kB 
Progress (1): 17 kB
Progress (1): 22 kB
Progress (1): 26 kB
Progress (1): 26 kB
                   
Downloaded from central: https://repo.maven.apache.org/maven2/com/sun/istack/istack-commons/4.1.2/istack-commons-4.1.2.pom (26 kB at 1.1 MB/s)
Downloading from central: https://repo.maven.apache.org/maven2/jakarta/inject/jakarta.inject-api/2.0.1/jakarta.inject-api-2.0.1.pom
Progress (1): 1.2 kB
Progress (1): 3.4 kB
Progress (1): 5.5 kB
Progress (1): 5.9 kB
                    
Downloaded from central: https://repo.maven.apache.org/maven2/jakarta/inject/jakarta.inject-api/2.0.1/jakarta.inject-api-2.0.1.pom (5.9 kB at 204 kB/s)
Downloading from central: https://repo.maven.apache.org/maven2/org/antlr/antlr4-runtime/4.13.0/antlr4-runtime-4.13.0.pom
Progress (1): 884 B
Progress (1): 3.0 kB
Progress (1): 3.6 kB
                    
Downloaded from central: https://repo.maven.apache.org/maven2/org/antlr/antlr4-runtime/4.13.0/antlr4-runtime-4.13.0.pom (3.6 kB at 154 kB/s)
Downloading from central: https://repo.maven.apache.org/maven2/org/antlr/antlr4-master/4.13.0/antlr4-master-4.13.0.pom
Progress (1): 942 B
Progress (1): 2.8 kB
Progress (1): 4.8 kB
                    
Downloaded from central: https://repo.maven.apache.org/maven2/org/antlr/antlr4-master/4.13.0/antlr4-master-4.13.0.pom (4.8 kB at 172 kB/s)
Downloading from central: https://repo.maven.apache.org/maven2/org/sonatype/oss/oss-parent/9/oss-parent-9.pom
Progress (1): 837 B
Progress (1): 2.7 kB
Progress (1): 6.5 kB
Progress (1): 6.6 kB
                    
Downloaded from central: https://repo.maven.apache.org/maven2/org/sonatype/oss/oss-parent/9/oss-parent-9.pom (6.6 kB at 168 kB/s)
Downloading from central: https://repo.maven.apache.org/maven2/org/springframework/data/spring-data-jpa/3.3.3/spring-data-jpa-3.3.3.pom
Progress (1): 1.4 kB
Progress (1): 5.2 kB
Progress (1): 8.4 kB
Progress (1): 11 kB 
                   
Downloaded from central: https://repo.maven.apache.org/maven2/org/springframework/data/spring-data-jpa/3.3.3/spring-data-jpa-3.3.3.pom (11 kB at 435 kB/s)
Downloading from central: https://repo.maven.apache.org/maven2/org/springframework/data/spring-data-jpa-parent/3.3.3/spring-data-jpa-parent-3.3.3.pom
Progress (1): 1.2 kB
Progress (1): 3.0 kB
Progress (1): 6.4 kB
Progress (1): 8.2 kB
                    
Downloaded from central: https://repo.maven.apache.org/maven2/org/springframework/data/spring-data-jpa-parent/3.3.3/spring-data-jpa-parent-3.3.3.pom (8.2 kB at 304 kB/s)
Downloading from central: https://repo.maven.apache.org/maven2/org/springframework/data/build/spring-data-parent/3.3.3/spring-data-parent-3.3.3.pom
Progress (1): 743 B
Progress (1): 2.3 kB
Progress (1): 3.5 kB
Progress (1): 4.7 kB
Progress (1): 6.2 kB
Progress (1): 8.5 kB
Progress (1): 12 kB 
Progress (1): 16 kB
Progress (1): 18 kB
Progress (1): 21 kB
Progress (1): 28 kB
Progress (1): 32 kB
Progress (1): 33 kB
Progress (1): 37 kB
Progress (1): 41 kB
Progress (1): 41 kB
                   
Downloaded from central: https://repo.maven.apache.org/maven2/org/springframework/data/build/spring-data-parent/3.3.3/spring-data-parent-3.3.3.pom (41 kB at 1.7 MB/s)
Downloading from central: https://repo.maven.apache.org/maven2/org/springframework/data/build/spring-data-build/3.3.3/spring-data-build-3.3.3.pom
Progress (1): 943 B
Progress (1): 2.5 kB
Progress (1): 4.6 kB
Progress (1): 7.1 kB
Progress (1): 7.2 kB
                    
Downloaded from central: https://repo.maven.apache.org/maven2/org/springframework/data/build/spring-data-build/3.3.3/spring-data-build-3.3.3.pom (7.2 kB at 300 kB/s)
Downloading from central: https://repo.maven.apache.org/maven2/org/springframework/data/spring-data-commons/3.3.3/spring-data-commons-3.3.3.pom
Progress (1): 1.2 kB
Progress (1): 5.3 kB
Progress (1): 9.2 kB
Progress (1): 9.9 kB
                    
Downloaded from central: https://repo.maven.apache.org/maven2/org/springframework/data/spring-data-commons/3.3.3/spring-data-commons-3.3.3.pom (9.9 kB at 414 kB/s)
Downloading from central: https://repo.maven.apache.org/maven2/org/springframework/spring-orm/6.1.12/spring-orm-6.1.12.pom
Progress (1): 1.1 kB
Progress (1): 2.6 kB
                    
Downloaded from central: https://repo.maven.apache.org/maven2/org/springframework/spring-orm/6.1.12/spring-orm-6.1.12.pom (2.6 kB at 79 kB/s)
Downloading from central: https://repo.maven.apache.org/maven2/org/springframework/spring-aspects/6.1.12/spring-aspects-6.1.12.pom
Progress (1): 1.1 kB
Progress (1): 2.0 kB
                    
Downloaded from central: https://repo.maven.apache.org/maven2/org/springframework/spring-aspects/6.1.12/spring-aspects-6.1.12.pom (2.0 kB at 44 kB/s)
Downloading from central: https://repo.maven.apache.org/maven2/org/springframework/boot/spring-boot-starter-security/3.3.3/spring-boot-starter-security-3.3.3.pom
Progress (1): 1.0 kB
Progress (1): 2.7 kB
                    
Downloaded from central: https://repo.maven.apache.org/maven2/org/springframework/boot/spring-boot-starter-security/3.3.3/spring-boot-starter-security-3.3.3.pom (2.7 kB at 72 kB/s)
Downloading from central: https://repo.maven.apache.org/maven2/org/springframework/security/spring-security-config/6.3.3/spring-security-config-6.3.3.pom
Progress (1): 1.0 kB
Progress (1): 2.8 kB
                    
Downloaded from central: https://repo.maven.apache.org/maven2/org/springframework/security/spring-security-config/6.3.3/spring-security-config-6.3.3.pom (2.8 kB at 95 kB/s)
Downloading from central: https://repo.maven.apache.org/maven2/org/springframework/security/spring-security-core/6.3.3/spring-security-core-6.3.3.pom
Progress (1): 988 B
Progress (1): 3.2 kB
                    
Downloaded from central: https://repo.maven.apache.org/maven2/org/springframework/security/spring-security-core/6.3.3/spring-security-core-6.3.3.pom (3.2 kB at 92 kB/s)
Downloading from central: https://repo.maven.apache.org/maven2/org/springframework/security/spring-security-crypto/6.3.3/spring-security-crypto-6.3.3.pom
Progress (1): 1.0 kB
Progress (1): 1.9 kB
                    
Downloaded from central: https://repo.maven.apache.org/maven2/org/springframework/security/spring-security-crypto/6.3.3/spring-security-crypto-6.3.3.pom (1.9 kB at 75 kB/s)
Downloading from central: https://repo.maven.apache.org/maven2/org/springframework/security/spring-security-web/6.3.3/spring-security-web-6.3.3.pom
Progress (1): 997 B
Progress (1): 3.2 kB
                    
Downloaded from central: https://repo.maven.apache.org/maven2/org/springframework/security/spring-security-web/6.3.3/spring-security-web-6.3.3.pom (3.2 kB at 146 kB/s)
Downloading from central: https://repo.maven.apache.org/maven2/com/h2database/h2/2.2.224/h2-2.2.224.pom
Progress (1): 1.1 kB
                    
Downloaded from central: https://repo.maven.apache.org/maven2/com/h2database/h2/2.2.224/h2-2.2.224.pom (1.1 kB at 42 kB/s)
Downloading from central: https://repo.maven.apache.org/maven2/org/flywaydb/flyway-core/10.10.0/flyway-core-10.10.0.pom
Progress (1): 848 B
Progress (1): 3.8 kB
Progress (1): 6.2 kB
                    
Downloaded from central: https://repo.maven.apache.org/maven2/org/flywaydb/flyway-core/10.10.0/flyway-core-10.10.0.pom (6.2 kB at 240 kB/s)
Downloading from central: https://repo.maven.apache.org/maven2/org/flywaydb/flyway-parent/10.10.0/flyway-parent-10.10.0.pom
Progress (1): 721 B
Progress (1): 2.2 kB
Progress (1): 4.6 kB
Progress (1): 6.6 kB
Progress (1): 14 kB 
Progress (1): 22 kB
Progress (1): 26 kB
Progress (1): 30 kB
Progress (1): 33 kB
Progress (1): 33 kB
                   
Downloaded from central: https://repo.maven.apache.org/maven2/org/flywaydb/flyway-parent/10.10.0/flyway-parent-10.10.0.pom (33 kB at 1.3 MB/s)
Downloading from central: https://repo.maven.apache.org/maven2/com/fasterxml/jackson/dataformat/jackson-dataformat-toml/2.17.2/jackson-dataformat-toml-2.17.2.pom
Progress (1): 1.0 kB
Progress (1): 3.2 kB
Progress (1): 3.5 kB
                    
Downloaded from central: https://repo.maven.apache.org/maven2/com/fasterxml/jackson/dataformat/jackson-dataformat-toml/2.17.2/jackson-dataformat-toml-2.17.2.pom (3.5 kB at 102 kB/s)
Downloading from central: https://repo.maven.apache.org/maven2/com/fasterxml/jackson/dataformat/jackson-dataformats-text/2.17.2/jackson-dataformats-text-2.17.2.pom
Progress (1): 1.2 kB
Progress (1): 3.0 kB
Progress (1): 3.5 kB
                    
Downloaded from central: https://repo.maven.apache.org/maven2/com/fasterxml/jackson/dataformat/jackson-dataformats-text/2.17.2/jackson-dataformats-text-2.17.2.pom (3.5 kB at 151 kB/s)
Downloading from central: https://repo.maven.apache.org/maven2/com/google/code/gson/gson/2.10.1/gson-2.10.1.pom
Progress (1): 1.1 kB
Progress (1): 3.4 kB
Progress (1): 6.9 kB
Progress (1): 8.8 kB
Progress (1): 9.4 kB
                    
Downloaded from central: https://repo.maven.apache.org/maven2/com/google/code/gson/gson/2.10.1/gson-2.10.1.pom (9.4 kB at 323 kB/s)
Downloading from central: https://repo.maven.apache.org/maven2/com/google/code/gson/gson-parent/2.10.1/gson-parent-2.10.1.pom
Progress (1): 1.1 kB
Progress (1): 2.7 kB
Progress (1): 4.3 kB
Progress (1): 6.5 kB
Progress (1): 8.5 kB
Progress (1): 11 kB 
Progress (1): 13 kB
                   
Downloaded from central: https://repo.maven.apache.org/maven2/com/google/code/gson/gson-parent/2.10.1/gson-parent-2.10.1.pom (13 kB at 501 kB/s)
Downloading from central: https://repo.maven.apache.org/maven2/org/springdoc/springdoc-openapi-starter-webmvc-ui/2.6.0/springdoc-openapi-starter-webmvc-ui-2.6.0.pom
Progress (1): 1.7 kB
Progress (1): 1.8 kB
                    
Downloaded from central: https://repo.maven.apache.org/maven2/org/springdoc/springdoc-openapi-starter-webmvc-ui/2.6.0/springdoc-openapi-starter-webmvc-ui-2.6.0.pom (1.8 kB at 65 kB/s)
Downloading from central: https://repo.maven.apache.org/maven2/org/springdoc/springdoc-openapi/2.6.0/springdoc-openapi-2.6.0.pom
Progress (1): 1.1 kB
Progress (1): 3.2 kB
Progress (1): 6.7 kB
Progress (1): 10 kB 
Progress (1): 10 kB
                   
Downloaded from central: https://repo.maven.apache.org/maven2/org/springdoc/springdoc-openapi/2.6.0/springdoc-openapi-2.6.0.pom (10 kB at 278 kB/s)
Downloading from central: https://repo.maven.apache.org/maven2/org/springframework/boot/spring-boot-starter-parent/3.3.0/spring-boot-starter-parent-3.3.0.pom
Progress (1): 1.1 kB
Progress (1): 3.6 kB
Progress (1): 7.6 kB
Progress (1): 12 kB 
Progress (1): 13 kB
                   
Downloaded from central: https://repo.maven.apache.org/maven2/org/springframework/boot/spring-boot-starter-parent/3.3.0/spring-boot-starter-parent-3.3.0.pom (13 kB at 532 kB/s)
Downloading from central: https://repo.maven.apache.org/maven2/org/springframework/boot/spring-boot-dependencies/3.3.0/spring-boot-dependencies-3.3.0.pom
Progress (1): 1.1 kB
Progress (1): 2.9 kB
Progress (1): 5.3 kB
Progress (1): 7.8 kB
Progress (1): 10 kB 
Progress (1): 13 kB
Progress (1): 23 kB
Progress (1): 32 kB
Progress (1): 33 kB
Progress (1): 40 kB
Progress (1): 48 kB
Progress (1): 58 kB
Progress (1): 66 kB
Progress (1): 78 kB
Progress (1): 86 kB
Progress (1): 93 kB
Progress (1): 98 kB
Progress (1): 103 kB
                    
Downloaded from central: https://repo.maven.apache.org/maven2/org/springframework/boot/spring-boot-dependencies/3.3.0/spring-boot-dependencies-3.3.0.pom (103 kB at 4.1 MB/s)
Downloading from central: https://repo.maven.apache.org/maven2/org/apache/groovy/groovy-bom/4.0.21/groovy-bom-4.0.21.pom
Progress (1): 861 B
Progress (1): 3.5 kB
Progress (1): 7.0 kB
Progress (1): 11 kB 
Progress (1): 15 kB
Progress (1): 19 kB
Progress (1): 22 kB
Progress (1): 27 kB
                   
Downloaded from central: https://repo.maven.apache.org/maven2/org/apache/groovy/groovy-bom/4.0.21/groovy-bom-4.0.21.pom (27 kB at 1.0 MB/s)
Downloading from central: https://repo.maven.apache.org/maven2/org/infinispan/infinispan-bom/15.0.4.Final/infinispan-bom-15.0.4.Final.pom
Progress (1): 1.1 kB
Progress (1): 6.8 kB
Progress (1): 18 kB 
                   
Downloaded from central: https://repo.maven.apache.org/maven2/org/infinispan/infinispan-bom/15.0.4.Final/infinispan-bom-15.0.4.Final.pom (18 kB at 791 kB/s)
Downloading from central: https://repo.maven.apache.org/maven2/org/infinispan/infinispan-build-configuration-parent/15.0.4.Final/infinispan-build-configuration-parent-15.0.4.Final.pom
Progress (1): 1.0 kB
Progress (1): 3.2 kB
Progress (1): 5.5 kB
Progress (1): 7.5 kB
Progress (1): 9.8 kB
Progress (1): 12 kB 
Progress (1): 14 kB
Progress (1): 18 kB
Progress (1): 19 kB
                   
Downloaded from central: https://repo.maven.apache.org/maven2/org/infinispan/infinispan-build-configuration-parent/15.0.4.Final/infinispan-build-configuration-parent-15.0.4.Final.pom (19 kB at 691 kB/s)
Downloading from central: https://repo.maven.apache.org/maven2/com/fasterxml/jackson/jackson-bom/2.17.1/jackson-bom-2.17.1.pom
Progress (1): 924 B
Progress (1): 2.7 kB
Progress (1): 8.3 kB
Progress (1): 17 kB 
Progress (1): 19 kB
                   
Downloaded from central: https://repo.maven.apache.org/maven2/com/fasterxml/jackson/jackson-bom/2.17.1/jackson-bom-2.17.1.pom (19 kB at 779 kB/s)
Downloading from central: https://repo.maven.apache.org/maven2/org/glassfish/jersey/jersey-bom/3.1.6/jersey-bom-3.1.6.pom
Progress (1): 835 B
Progress (1): 8.7 kB
Progress (1): 20 kB 
Progress (1): 21 kB
                   
Downloaded from central: https://repo.maven.apache.org/maven2/org/glassfish/jersey/jersey-bom/3.1.6/jersey-bom-3.1.6.pom (21 kB at 691 kB/s)
Downloading from central: https://repo.maven.apache.org/maven2/org/eclipse/ee4j/project/1.0.8/project-1.0.8.pom
Progress (1): 872 B
Progress (1): 2.5 kB
Progress (1): 5.0 kB
Progress (1): 8.2 kB
Progress (1): 12 kB 
Progress (1): 15 kB
                   
Downloaded from central: https://repo.maven.apache.org/maven2/org/eclipse/ee4j/project/1.0.8/project-1.0.8.pom (15 kB at 583 kB/s)
Downloading from central: https://repo.maven.apache.org/maven2/org/eclipse/jetty/ee10/jetty-ee10-bom/12.0.9/jetty-ee10-bom-12.0.9.pom
Progress (1): 1.1 kB
Progress (1): 4.5 kB
Progress (1): 9.2 kB
                    
Downloaded from central: https://repo.maven.apache.org/maven2/org/eclipse/jetty/ee10/jetty-ee10-bom/12.0.9/jetty-ee10-bom-12.0.9.pom (9.2 kB at 355 kB/s)
Downloading from central: https://repo.maven.apache.org/maven2/org/eclipse/jetty/jetty-bom/12.0.9/jetty-bom-12.0.9.pom
Progress (1): 1.1 kB
Progress (1): 4.5 kB
Progress (1): 14 kB 
                   
Downloaded from central: https://repo.maven.apache.org/maven2/org/eclipse/jetty/jetty-bom/12.0.9/jetty-bom-12.0.9.pom (14 kB at 470 kB/s)
Downloading from central: https://repo.maven.apache.org/maven2/org/jetbrains/kotlin/kotlin-bom/1.9.24/kotlin-bom-1.9.24.pom
Progress (1): 906 B
Progress (1): 5.3 kB
Progress (1): 9.1 kB
                    
Downloaded from central: https://repo.maven.apache.org/maven2/org/jetbrains/kotlin/kotlin-bom/1.9.24/kotlin-bom-1.9.24.pom (9.1 kB at 326 kB/s)
Downloading from central: https://repo.maven.apache.org/maven2/io/micrometer/micrometer-bom/1.13.0/micrometer-bom-1.13.0.pom
Progress (1): 1.1 kB
Progress (1): 7.7 kB
Progress (1): 8.6 kB
                    
Downloaded from central: https://repo.maven.apache.org/maven2/io/micrometer/micrometer-bom/1.13.0/micrometer-bom-1.13.0.pom (8.6 kB at 357 kB/s)
Downloading from central: https://repo.maven.apache.org/maven2/io/micrometer/micrometer-tracing-bom/1.3.0/micrometer-tracing-bom-1.3.0.pom
Progress (1): 1.1 kB
Progress (1): 3.9 kB
Progress (1): 4.5 kB
                    
Downloaded from central: https://repo.maven.apache.org/maven2/io/micrometer/micrometer-tracing-bom/1.3.0/micrometer-tracing-bom-1.3.0.pom (4.5 kB at 196 kB/s)
Downloading from central: https://repo.maven.apache.org/maven2/io/netty/netty-bom/4.1.110.Final/netty-bom-4.1.110.Final.pom
Progress (1): 783 B
Progress (1): 2.4 kB
Progress (1): 12 kB 
Progress (1): 14 kB
                   
Downloaded from central: https://repo.maven.apache.org/maven2/io/netty/netty-bom/4.1.110.Final/netty-bom-4.1.110.Final.pom (14 kB at 528 kB/s)
Downloading from central: https://repo.maven.apache.org/maven2/org/apache/pulsar/pulsar-bom/3.2.3/pulsar-bom-3.2.3.pom
Progress (1): 794 B
Progress (1): 2.3 kB
Progress (1): 4.5 kB
Progress (1): 14 kB 
Progress (1): 26 kB
                   
Downloaded from central: https://repo.maven.apache.org/maven2/org/apache/pulsar/pulsar-bom/3.2.3/pulsar-bom-3.2.3.pom (26 kB at 865 kB/s)
Downloading from central: https://repo.maven.apache.org/maven2/io/projectreactor/reactor-bom/2023.0.6/reactor-bom-2023.0.6.pom
Progress (1): 911 B
Progress (1): 4.5 kB
Progress (1): 4.8 kB
                    
Downloaded from central: https://repo.maven.apache.org/maven2/io/projectreactor/reactor-bom/2023.0.6/reactor-bom-2023.0.6.pom (4.8 kB at 145 kB/s)
Downloading from central: https://repo.maven.apache.org/maven2/org/springframework/amqp/spring-amqp-bom/3.1.5/spring-amqp-bom-3.1.5.pom
Progress (1): 950 B
Progress (1): 3.9 kB
                    
Downloaded from central: https://repo.maven.apache.org/maven2/org/springframework/amqp/spring-amqp-bom/3.1.5/spring-amqp-bom-3.1.5.pom (3.9 kB at 149 kB/s)
Downloading from central: https://repo.maven.apache.org/maven2/org/springframework/data/spring-data-bom/2024.0.0/spring-data-bom-2024.0.0.pom
Progress (1): 962 B
Progress (1): 2.5 kB
Progress (1): 5.5 kB
                    
Downloaded from central: https://repo.maven.apache.org/maven2/org/springframework/data/spring-data-bom/2024.0.0/spring-data-bom-2024.0.0.pom (5.5 kB at 131 kB/s)
Downloading from central: https://repo.maven.apache.org/maven2/org/springframework/spring-framework-bom/6.1.8/spring-framework-bom-6.1.8.pom
Progress (1): 980 B
Progress (1): 5.8 kB
                    
Downloaded from central: https://repo.maven.apache.org/maven2/org/springframework/spring-framework-bom/6.1.8/spring-framework-bom-6.1.8.pom (5.8 kB at 207 kB/s)
Downloading from central: https://repo.maven.apache.org/maven2/org/springframework/integration/spring-integration-bom/6.3.0/spring-integration-bom-6.3.0.pom
Progress (1): 962 B
Progress (1): 7.1 kB
Progress (1): 10 kB 
                   
Downloaded from central: https://repo.maven.apache.org/maven2/org/springframework/integration/spring-integration-bom/6.3.0/spring-integration-bom-6.3.0.pom (10 kB at 447 kB/s)
Downloading from central: https://repo.maven.apache.org/maven2/org/springframework/pulsar/spring-pulsar-bom/1.1.0/spring-pulsar-bom-1.1.0.pom
Progress (1): 961 B
Progress (1): 2.9 kB
                    
Downloaded from central: https://repo.maven.apache.org/maven2/org/springframework/pulsar/spring-pulsar-bom/1.1.0/spring-pulsar-bom-1.1.0.pom (2.9 kB at 122 kB/s)
Downloading from central: https://repo.maven.apache.org/maven2/org/springframework/security/spring-security-bom/6.3.0/spring-security-bom-6.3.0.pom
Progress (1): 977 B
Progress (1): 5.3 kB
                    
Downloaded from central: https://repo.maven.apache.org/maven2/org/springframework/security/spring-security-bom/6.3.0/spring-security-bom-6.3.0.pom (5.3 kB at 184 kB/s)
Downloading from central: https://repo.maven.apache.org/maven2/org/springframework/session/spring-session-bom/3.3.0/spring-session-bom-3.3.0.pom
Progress (1): 986 B
Progress (1): 2.9 kB
                    
Downloaded from central: https://repo.maven.apache.org/maven2/org/springframework/session/spring-session-bom/3.3.0/spring-session-bom-3.3.0.pom (2.9 kB at 100 kB/s)
Downloading from central: https://repo.maven.apache.org/maven2/org/springdoc/springdoc-openapi-starter-webmvc-api/2.6.0/springdoc-openapi-starter-webmvc-api-2.6.0.pom
Progress (1): 1.6 kB
Progress (1): 1.8 kB
                    
Downloaded from central: https://repo.maven.apache.org/maven2/org/springdoc/springdoc-openapi-starter-webmvc-api/2.6.0/springdoc-openapi-starter-webmvc-api-2.6.0.pom (1.8 kB at 74 kB/s)
Downloading from central: https://repo.maven.apache.org/maven2/org/springdoc/springdoc-openapi-starter-common/2.6.0/springdoc-openapi-starter-common-2.6.0.pom
Progress (1): 1.8 kB
Progress (1): 4.4 kB
Progress (1): 4.7 kB
                    
Downloaded from central: https://repo.maven.apache.org/maven2/org/springdoc/springdoc-openapi-starter-common/2.6.0/springdoc-openapi-starter-common-2.6.0.pom (4.7 kB at 194 kB/s)
Downloading from central: https://repo.maven.apache.org/maven2/io/swagger/core/v3/swagger-core-jakarta/2.2.22/swagger-core-jakarta-2.2.22.pom
Progress (1): 1.8 kB
Progress (1): 5.6 kB
                    
Downloaded from central: https://repo.maven.apache.org/maven2/io/swagger/core/v3/swagger-core-jakarta/2.2.22/swagger-core-jakarta-2.2.22.pom (5.6 kB at 242 kB/s)
Downloading from central: https://repo.maven.apache.org/maven2/io/swagger/core/v3/swagger-project-jakarta/2.2.22/swagger-project-jakarta-2.2.22.pom
Progress (1): 1.4 kB
Progress (1): 3.4 kB
Progress (1): 6.2 kB
Progress (1): 11 kB 
Progress (1): 16 kB
Progress (1): 22 kB
Progress (1): 23 kB
                   
Downloaded from central: https://repo.maven.apache.org/maven2/io/swagger/core/v3/swagger-project-jakarta/2.2.22/swagger-project-jakarta-2.2.22.pom (23 kB at 913 kB/s)
Downloading from central: https://repo.maven.apache.org/maven2/org/apache/commons/commons-lang3/3.14.0/commons-lang3-3.14.0.pom
Progress (1): 750 B
Progress (1): 2.1 kB
Progress (1): 4.7 kB
Progress (1): 8.5 kB
Progress (1): 12 kB 
Progress (1): 15 kB
Progress (1): 17 kB
Progress (1): 18 kB
Progress (1): 21 kB
Progress (1): 24 kB
Progress (1): 28 kB
Progress (1): 30 kB
Progress (1): 31 kB
                   
Downloaded from central: https://repo.maven.apache.org/maven2/org/apache/commons/commons-lang3/3.14.0/commons-lang3-3.14.0.pom (31 kB at 1.3 MB/s)
Downloading from central: https://repo.maven.apache.org/maven2/org/apache/commons/commons-parent/64/commons-parent-64.pom
Progress (1): 732 B
Progress (1): 1.9 kB
Progress (1): 3.2 kB
Progress (1): 4.8 kB
Progress (1): 6.7 kB
Progress (1): 8.7 kB
Progress (1): 11 kB 
Progress (1): 13 kB
Progress (1): 16 kB
Progress (1): 18 kB
Progress (1): 20 kB
Progress (1): 23 kB
Progress (1): 26 kB
Progress (1): 29 kB
Progress (1): 32 kB
Progress (1): 33 kB
Progress (1): 36 kB
Progress (1): 41 kB
Progress (1): 44 kB
Progress (1): 46 kB
Progress (1): 49 kB
Progress (1): 51 kB
Progress (1): 56 kB
Progress (1): 58 kB
Progress (1): 60 kB
Progress (1): 64 kB
Progress (1): 66 kB
Progress (1): 69 kB
Progress (1): 72 kB
Progress (1): 75 kB
Progress (1): 77 kB
Progress (1): 78 kB
                   
Downloaded from central: https://repo.maven.apache.org/maven2/org/apache/commons/commons-parent/64/commons-parent-64.pom (78 kB at 2.9 MB/s)
Downloading from central: https://repo.maven.apache.org/maven2/org/apache/apache/30/apache-30.pom
Progress (1): 740 B
Progress (1): 2.0 kB
Progress (1): 3.9 kB
Progress (1): 6.3 kB
Progress (1): 11 kB 
Progress (1): 16 kB
Progress (1): 20 kB
Progress (1): 22 kB
Progress (1): 23 kB
                   
Downloaded from central: https://repo.maven.apache.org/maven2/org/apache/apache/30/apache-30.pom (23 kB at 1.1 MB/s)
Downloading from central: https://repo.maven.apache.org/maven2/org/junit/junit-bom/5.10.0/junit-bom-5.10.0.pom
Progress (1): 920 B
Progress (1): 4.5 kB
Progress (1): 5.6 kB
                    
Downloaded from central: https://repo.maven.apache.org/maven2/org/junit/junit-bom/5.10.0/junit-bom-5.10.0.pom (5.6 kB at 235 kB/s)
Downloading from central: https://repo.maven.apache.org/maven2/io/swagger/core/v3/swagger-annotations-jakarta/2.2.22/swagger-annotations-jakarta-2.2.22.pom
Progress (1): 1.9 kB
Progress (1): 3.3 kB
                    
Downloaded from central: https://repo.maven.apache.org/maven2/io/swagger/core/v3/swagger-annotations-jakarta/2.2.22/swagger-annotations-jakarta-2.2.22.pom (3.3 kB at 106 kB/s)
Downloading from central: https://repo.maven.apache.org/maven2/io/swagger/core/v3/swagger-models-jakarta/2.2.22/swagger-models-jakarta-2.2.22.pom
Progress (1): 1.8 kB
Progress (1): 3.4 kB
                    
Downloaded from central: https://repo.maven.apache.org/maven2/io/swagger/core/v3/swagger-models-jakarta/2.2.22/swagger-models-jakarta-2.2.22.pom (3.4 kB at 126 kB/s)
Downloading from central: https://repo.maven.apache.org/maven2/jakarta/validation/jakarta.validation-api/3.0.2/jakarta.validation-api-3.0.2.pom
Progress (1): 1.0 kB
Progress (1): 3.6 kB
Progress (1): 6.2 kB
Progress (1): 9.6 kB
Progress (1): 11 kB 
                   
Downloaded from central: https://repo.maven.apache.org/maven2/jakarta/validation/jakarta.validation-api/3.0.2/jakarta.validation-api-3.0.2.pom (11 kB at 423 kB/s)
Downloading from central: https://repo.maven.apache.org/maven2/com/fasterxml/jackson/dataformat/jackson-dataformat-yaml/2.17.2/jackson-dataformat-yaml-2.17.2.pom
Progress (1): 964 B
Progress (1): 2.4 kB
Progress (1): 2.6 kB
                    
Downloaded from central: https://repo.maven.apache.org/maven2/com/fasterxml/jackson/dataformat/jackson-dataformat-yaml/2.17.2/jackson-dataformat-yaml-2.17.2.pom (2.6 kB at 101 kB/s)
Downloading from central: https://repo.maven.apache.org/maven2/org/webjars/swagger-ui/5.17.14/swagger-ui-5.17.14.pom
Progress (1): 1.4 kB
Progress (1): 1.5 kB
                    
Downloaded from central: https://repo.maven.apache.org/maven2/org/webjars/swagger-ui/5.17.14/swagger-ui-5.17.14.pom (1.5 kB at 54 kB/s)
Downloading from central: https://repo.maven.apache.org/maven2/org/mapstruct/mapstruct/1.5.5.Final/mapstruct-1.5.5.Final.pom
Progress (1): 1.1 kB
Progress (1): 1.8 kB
                    
Downloaded from central: https://repo.maven.apache.org/maven2/org/mapstruct/mapstruct/1.5.5.Final/mapstruct-1.5.5.Final.pom (1.8 kB at 81 kB/s)
Downloading from central: https://repo.maven.apache.org/maven2/org/mapstruct/mapstruct-parent/1.5.5.Final/mapstruct-parent-1.5.5.Final.pom
Progress (1): 1.0 kB
Progress (1): 1.6 kB
                    
Downloaded from central: https://repo.maven.apache.org/maven2/org/mapstruct/mapstruct-parent/1.5.5.Final/mapstruct-parent-1.5.5.Final.pom (1.6 kB at 63 kB/s)
Downloading from central: https://repo.maven.apache.org/maven2/org/mapstruct/mapstruct-processor/1.5.5.Final/mapstruct-processor-1.5.5.Final.pom
Progress (1): 1.1 kB
Progress (1): 3.3 kB
                    
Downloaded from central: https://repo.maven.apache.org/maven2/org/mapstruct/mapstruct-processor/1.5.5.Final/mapstruct-processor-1.5.5.Final.pom (3.3 kB at 142 kB/s)
Downloading from central: https://repo.maven.apache.org/maven2/org/springframework/boot/spring-boot-starter-actuator/3.3.3/spring-boot-starter-actuator-3.3.3.pom
Progress (1): 936 B
Progress (1): 2.8 kB
                    
Downloaded from central: https://repo.maven.apache.org/maven2/org/springframework/boot/spring-boot-starter-actuator/3.3.3/spring-boot-starter-actuator-3.3.3.pom (2.8 kB at 115 kB/s)
Downloading from central: https://repo.maven.apache.org/maven2/org/springframework/boot/spring-boot-actuator-autoconfigure/3.3.3/spring-boot-actuator-autoconfigure-3.3.3.pom
Progress (1): 977 B
Progress (1): 2.9 kB
                    
Downloaded from central: https://repo.maven.apache.org/maven2/org/springframework/boot/spring-boot-actuator-autoconfigure/3.3.3/spring-boot-actuator-autoconfigure-3.3.3.pom (2.9 kB at 107 kB/s)
Downloading from central: https://repo.maven.apache.org/maven2/org/springframework/boot/spring-boot-actuator/3.3.3/spring-boot-actuator-3.3.3.pom
Progress (1): 1.0 kB
Progress (1): 2.0 kB
                    
Downloaded from central: https://repo.maven.apache.org/maven2/org/springframework/boot/spring-boot-actuator/3.3.3/spring-boot-actuator-3.3.3.pom (2.0 kB at 85 kB/s)
Downloading from central: https://repo.maven.apache.org/maven2/io/micrometer/micrometer-jakarta9/1.13.3/micrometer-jakarta9-1.13.3.pom
Progress (1): 1.1 kB
Progress (1): 3.4 kB
Progress (1): 3.8 kB
                    
Downloaded from central: https://repo.maven.apache.org/maven2/io/micrometer/micrometer-jakarta9/1.13.3/micrometer-jakarta9-1.13.3.pom (3.8 kB at 135 kB/s)
Downloading from central: https://repo.maven.apache.org/maven2/io/micrometer/micrometer-core/1.13.3/micrometer-core-1.13.3.pom
Progress (1): 997 B
Progress (1): 5.1 kB
Progress (1): 9.6 kB
Progress (1): 11 kB 
                   
Downloaded from central: https://repo.maven.apache.org/maven2/io/micrometer/micrometer-core/1.13.3/micrometer-core-1.13.3.pom (11 kB at 444 kB/s)
Downloading from central: https://repo.maven.apache.org/maven2/org/hdrhistogram/HdrHistogram/2.2.2/HdrHistogram-2.2.2.pom
Progress (1): 948 B
Progress (1): 2.8 kB
Progress (1): 6.3 kB
Progress (1): 10 kB 
Progress (1): 13 kB
                   
Downloaded from central: https://repo.maven.apache.org/maven2/org/hdrhistogram/HdrHistogram/2.2.2/HdrHistogram-2.2.2.pom (13 kB at 469 kB/s)
Downloading from central: https://repo.maven.apache.org/maven2/org/latencyutils/LatencyUtils/2.0.3/LatencyUtils-2.0.3.pom
Progress (1): 1.1 kB
Progress (1): 4.1 kB
Progress (1): 7.2 kB
                    
Downloaded from central: https://repo.maven.apache.org/maven2/org/latencyutils/LatencyUtils/2.0.3/LatencyUtils-2.0.3.pom (7.2 kB at 268 kB/s)
Downloading from central: https://repo.maven.apache.org/maven2/io/micrometer/micrometer-registry-prometheus/1.13.3/micrometer-registry-prometheus-1.13.3.pom
Progress (1): 1.0 kB
Progress (1): 3.4 kB
Progress (1): 4.2 kB
                    
Downloaded from central: https://repo.maven.apache.org/maven2/io/micrometer/micrometer-registry-prometheus/1.13.3/micrometer-registry-prometheus-1.13.3.pom (4.2 kB at 125 kB/s)
Downloading from central: https://repo.maven.apache.org/maven2/io/prometheus/prometheus-metrics-core/1.2.1/prometheus-metrics-core-1.2.1.pom
Progress (1): 1.1 kB
Progress (1): 2.5 kB
                    
Downloaded from central: https://repo.maven.apache.org/maven2/io/prometheus/prometheus-metrics-core/1.2.1/prometheus-metrics-core-1.2.1.pom (2.5 kB at 102 kB/s)
Downloading from central: https://repo.maven.apache.org/maven2/io/prometheus/prometheus-metrics-model/1.2.1/prometheus-metrics-model-1.2.1.pom
Progress (1): 1.2 kB
Progress (1): 1.5 kB
                    
Downloaded from central: https://repo.maven.apache.org/maven2/io/prometheus/prometheus-metrics-model/1.2.1/prometheus-metrics-model-1.2.1.pom (1.5 kB at 50 kB/s)
Downloading from central: https://repo.maven.apache.org/maven2/io/prometheus/prometheus-metrics-config/1.2.1/prometheus-metrics-config-1.2.1.pom
Progress (1): 1.2 kB
Progress (1): 1.5 kB
                    
Downloaded from central: https://repo.maven.apache.org/maven2/io/prometheus/prometheus-metrics-config/1.2.1/prometheus-metrics-config-1.2.1.pom (1.5 kB at 46 kB/s)
Downloading from central: https://repo.maven.apache.org/maven2/io/prometheus/prometheus-metrics-tracer-common/1.2.1/prometheus-metrics-tracer-common-1.2.1.pom
Progress (1): 1.1 kB
Progress (1): 1.2 kB
                    
Downloaded from central: https://repo.maven.apache.org/maven2/io/prometheus/prometheus-metrics-tracer-common/1.2.1/prometheus-metrics-tracer-common-1.2.1.pom (1.2 kB at 46 kB/s)
Downloading from central: https://repo.maven.apache.org/maven2/io/prometheus/prometheus-metrics-tracer/1.2.1/prometheus-metrics-tracer-1.2.1.pom
Progress (1): 1.1 kB
Progress (1): 1.5 kB
                    
Downloaded from central: https://repo.maven.apache.org/maven2/io/prometheus/prometheus-metrics-tracer/1.2.1/prometheus-metrics-tracer-1.2.1.pom (1.5 kB at 55 kB/s)
Downloading from central: https://repo.maven.apache.org/maven2/io/prometheus/prometheus-metrics-exposition-formats/1.2.1/prometheus-metrics-exposition-formats-1.2.1.pom
Progress (1): 1.1 kB
Progress (1): 3.3 kB
                    
Downloaded from central: https://repo.maven.apache.org/maven2/io/prometheus/prometheus-metrics-exposition-formats/1.2.1/prometheus-metrics-exposition-formats-1.2.1.pom (3.3 kB at 136 kB/s)
Downloading from central: https://repo.maven.apache.org/maven2/io/prometheus/prometheus-metrics-shaded-protobuf/1.2.1/prometheus-metrics-shaded-protobuf-1.2.1.pom
Progress (1): 1.0 kB
Progress (1): 2.6 kB
                    
Downloaded from central: https://repo.maven.apache.org/maven2/io/prometheus/prometheus-metrics-shaded-protobuf/1.2.1/prometheus-metrics-shaded-protobuf-1.2.1.pom (2.6 kB at 92 kB/s)
Downloading from central: https://repo.maven.apache.org/maven2/io/prometheus/prometheus-metrics-shaded-dependencies/1.2.1/prometheus-metrics-shaded-dependencies-1.2.1.pom
Progress (1): 1.2 kB
Progress (1): 1.3 kB
                    
Downloaded from central: https://repo.maven.apache.org/maven2/io/prometheus/prometheus-metrics-shaded-dependencies/1.2.1/prometheus-metrics-shaded-dependencies-1.2.1.pom (1.3 kB at 30 kB/s)
Downloading from central: https://repo.maven.apache.org/maven2/org/springframework/boot/spring-boot-starter-validation/3.3.3/spring-boot-starter-validation-3.3.3.pom
Progress (1): 984 B
Progress (1): 2.5 kB
                    
Downloaded from central: https://repo.maven.apache.org/maven2/org/springframework/boot/spring-boot-starter-validation/3.3.3/spring-boot-starter-validation-3.3.3.pom (2.5 kB at 40 kB/s)
Downloading from central: https://repo.maven.apache.org/maven2/org/hibernate/validator/hibernate-validator/8.0.1.Final/hibernate-validator-8.0.1.Final.pom
Progress (1): 936 B
Progress (1): 3.1 kB
Progress (1): 6.3 kB
Progress (1): 9.2 kB
Progress (1): 14 kB 
Progress (1): 15 kB
                   
Downloaded from central: https://repo.maven.apache.org/maven2/org/hibernate/validator/hibernate-validator/8.0.1.Final/hibernate-validator-8.0.1.Final.pom (15 kB at 202 kB/s)
Downloading from central: https://repo.maven.apache.org/maven2/org/hibernate/validator/hibernate-validator-parent/8.0.1.Final/hibernate-validator-parent-8.0.1.Final.pom
Progress (1): 916 B
Progress (1): 3.5 kB
Progress (1): 5.5 kB
Progress (1): 7.6 kB
Progress (1): 9.7 kB
Progress (1): 12 kB 
Progress (1): 14 kB
Progress (1): 17 kB
Progress (1): 19 kB
Progress (1): 25 kB
Progress (1): 31 kB
Progress (1): 33 kB
Progress (1): 36 kB
Progress (1): 39 kB
Progress (1): 45 kB
Progress (1): 49 kB
Progress (1): 54 kB
Progress (1): 58 kB
Progress (1): 63 kB
Progress (1): 68 kB
Progress (1): 71 kB
Progress (1): 75 kB
Progress (1): 79 kB
Progress (1): 81 kB
                   
Downloaded from central: https://repo.maven.apache.org/maven2/org/hibernate/validator/hibernate-validator-parent/8.0.1.Final/hibernate-validator-parent-8.0.1.Final.pom (81 kB at 418 kB/s)
Downloading from central: https://repo.maven.apache.org/maven2/org/jboss/arquillian/arquillian-bom/1.7.0.Alpha10/arquillian-bom-1.7.0.Alpha10.pom
Progress (1): 976 B
Progress (1): 6.6 kB
Progress (1): 10 kB 
                   
Downloaded from central: https://repo.maven.apache.org/maven2/org/jboss/arquillian/arquillian-bom/1.7.0.Alpha10/arquillian-bom-1.7.0.Alpha10.pom (10 kB at 400 kB/s)
Downloading from central: https://repo.maven.apache.org/maven2/org/jboss/shrinkwrap/shrinkwrap-bom/1.2.6/shrinkwrap-bom-1.2.6.pom
Progress (1): 970 B
Progress (1): 4.0 kB
                    
Downloaded from central: https://repo.maven.apache.org/maven2/org/jboss/shrinkwrap/shrinkwrap-bom/1.2.6/shrinkwrap-bom-1.2.6.pom (4.0 kB at 137 kB/s)
Downloading from central: https://repo.maven.apache.org/maven2/org/jboss/shrinkwrap/resolver/shrinkwrap-resolver-bom/3.1.4/shrinkwrap-resolver-bom-3.1.4.pom
Progress (1): 961 B
Progress (1): 5.5 kB
Progress (1): 7.0 kB
                    
Downloaded from central: https://repo.maven.apache.org/maven2/org/jboss/shrinkwrap/resolver/shrinkwrap-resolver-bom/3.1.4/shrinkwrap-resolver-bom-3.1.4.pom (7.0 kB at 269 kB/s)
Downloading from central: https://repo.maven.apache.org/maven2/org/apache/maven/maven/3.6.3/maven-3.6.3.pom
Progress (1): 710 B
Progress (1): 1.9 kB
Progress (1): 3.6 kB
Progress (1): 5.5 kB
Progress (1): 11 kB 
Progress (1): 16 kB
Progress (1): 20 kB
Progress (1): 23 kB
Progress (1): 26 kB
Progress (1): 26 kB
                   
Downloaded from central: https://repo.maven.apache.org/maven2/org/apache/maven/maven/3.6.3/maven-3.6.3.pom (26 kB at 539 kB/s)
Downloading from central: https://repo.maven.apache.org/maven2/org/apache/maven/maven-parent/33/maven-parent-33.pom
Progress (1): 734 B
Progress (1): 1.9 kB
Progress (1): 5.6 kB
Progress (1): 10 kB 
Progress (1): 15 kB
Progress (1): 19 kB
Progress (1): 24 kB
Progress (1): 26 kB
Progress (1): 27 kB
Progress (1): 31 kB
Progress (1): 32 kB
Progress (1): 35 kB
Progress (1): 39 kB
Progress (1): 42 kB
Progress (1): 44 kB
                   
Downloaded from central: https://repo.maven.apache.org/maven2/org/apache/maven/maven-parent/33/maven-parent-33.pom (44 kB at 1.3 MB/s)
Downloading from central: https://repo.maven.apache.org/maven2/org/apache/apache/21/apache-21.pom
Progress (1): 753 B
Progress (1): 2.1 kB
Progress (1): 3.9 kB
Progress (1): 8.3 kB
Progress (1): 13 kB 
Progress (1): 16 kB
Progress (1): 17 kB
                   
Downloaded from central: https://repo.maven.apache.org/maven2/org/apache/apache/21/apache-21.pom (17 kB at 590 kB/s)
Downloading from central: https://repo.maven.apache.org/maven2/org/jboss/shrinkwrap/descriptors/shrinkwrap-descriptors-bom/2.0.0/shrinkwrap-descriptors-bom-2.0.0.pom
Progress (1): 1.1 kB
Progress (1): 5.2 kB
Progress (1): 5.2 kB
                    
Downloaded from central: https://repo.maven.apache.org/maven2/org/jboss/shrinkwrap/descriptors/shrinkwrap-descriptors-bom/2.0.0/shrinkwrap-descriptors-bom-2.0.0.pom (5.2 kB at 180 kB/s)
Downloading from central: https://repo.maven.apache.org/maven2/org/springframework/boot/spring-boot-starter-test/3.3.3/spring-boot-starter-test-3.3.3.pom
Progress (1): 924 B
Progress (1): 4.2 kB
Progress (1): 5.1 kB
                    
Downloaded from central: https://repo.maven.apache.org/maven2/org/springframework/boot/spring-boot-starter-test/3.3.3/spring-boot-starter-test-3.3.3.pom (5.1 kB at 140 kB/s)
Downloading from central: https://repo.maven.apache.org/maven2/org/springframework/boot/spring-boot-test/3.3.3/spring-boot-test-3.3.3.pom
Progress (1): 1.0 kB
Progress (1): 2.2 kB
                    
Downloaded from central: https://repo.maven.apache.org/maven2/org/springframework/boot/spring-boot-test/3.3.3/spring-boot-test-3.3.3.pom (2.2 kB at 92 kB/s)
Downloading from central: https://repo.maven.apache.org/maven2/org/springframework/spring-test/6.1.12/spring-test-6.1.12.pom
Progress (1): 1.0 kB
Progress (1): 2.1 kB
                    
Downloaded from central: https://repo.maven.apache.org/maven2/org/springframework/spring-test/6.1.12/spring-test-6.1.12.pom (2.1 kB at 61 kB/s)
Downloading from central: https://repo.maven.apache.org/maven2/org/springframework/boot/spring-boot-test-autoconfigure/3.3.3/spring-boot-test-autoconfigure-3.3.3.pom
Progress (1): 981 B
Progress (1): 2.5 kB
                    
Downloaded from central: https://repo.maven.apache.org/maven2/org/springframework/boot/spring-boot-test-autoconfigure/3.3.3/spring-boot-test-autoconfigure-3.3.3.pom (2.5 kB at 91 kB/s)
Downloading from central: https://repo.maven.apache.org/maven2/com/jayway/jsonpath/json-path/2.9.0/json-path-2.9.0.pom
Progress (1): 945 B
Progress (1): 1.9 kB
                    
Downloaded from central: https://repo.maven.apache.org/maven2/com/jayway/jsonpath/json-path/2.9.0/json-path-2.9.0.pom (1.9 kB at 80 kB/s)
Downloading from central: https://repo.maven.apache.org/maven2/net/minidev/json-smart/2.5.1/json-smart-2.5.1.pom
Progress (1): 781 B
Progress (1): 1.9 kB
Progress (1): 3.6 kB
Progress (1): 5.5 kB
Progress (1): 8.2 kB
Progress (1): 9.3 kB
                    
Downloaded from central: https://repo.maven.apache.org/maven2/net/minidev/json-smart/2.5.1/json-smart-2.5.1.pom (9.3 kB at 258 kB/s)
Downloading from central: https://repo.maven.apache.org/maven2/net/minidev/accessors-smart/2.5.1/accessors-smart-2.5.1.pom
Progress (1): 784 B
Progress (1): 2.4 kB
Progress (1): 4.5 kB
Progress (1): 7.3 kB
Progress (1): 11 kB 
                   
Downloaded from central: https://repo.maven.apache.org/maven2/net/minidev/accessors-smart/2.5.1/accessors-smart-2.5.1.pom (11 kB at 389 kB/s)
Downloading from central: https://repo.maven.apache.org/maven2/org/ow2/asm/asm/9.6/asm-9.6.pom
Progress (1): 1.3 kB
Progress (1): 2.4 kB
                    
Downloaded from central: https://repo.maven.apache.org/maven2/org/ow2/asm/asm/9.6/asm-9.6.pom (2.4 kB at 68 kB/s)
Downloading from central: https://repo.maven.apache.org/maven2/org/ow2/ow2/1.5.1/ow2-1.5.1.pom
Progress (1): 711 B
Progress (1): 2.1 kB
Progress (1): 3.6 kB
Progress (1): 5.9 kB
Progress (1): 8.2 kB
Progress (1): 11 kB 
                   
Downloaded from central: https://repo.maven.apache.org/maven2/org/ow2/ow2/1.5.1/ow2-1.5.1.pom (11 kB at 305 kB/s)
Downloading from central: https://repo.maven.apache.org/maven2/org/assertj/assertj-core/3.25.3/assertj-core-3.25.3.pom
Progress (1): 1.1 kB
Progress (1): 3.8 kB
                    
Downloaded from central: https://repo.maven.apache.org/maven2/org/assertj/assertj-core/3.25.3/assertj-core-3.25.3.pom (3.8 kB at 174 kB/s)
Downloading from central: https://repo.maven.apache.org/maven2/org/awaitility/awaitility/4.2.2/awaitility-4.2.2.pom
Progress (1): 817 B
Progress (1): 3.0 kB
Progress (1): 3.5 kB
                    
Downloaded from central: https://repo.maven.apache.org/maven2/org/awaitility/awaitility/4.2.2/awaitility-4.2.2.pom (3.5 kB at 154 kB/s)
Downloading from central: https://repo.maven.apache.org/maven2/org/awaitility/awaitility-parent/4.2.2/awaitility-parent-4.2.2.pom
Progress (1): 816 B
Progress (1): 2.5 kB
Progress (1): 5.2 kB
Progress (1): 9.4 kB
Progress (1): 11 kB 
                   
Downloaded from central: https://repo.maven.apache.org/maven2/org/awaitility/awaitility-parent/4.2.2/awaitility-parent-4.2.2.pom (11 kB at 388 kB/s)
Downloading from central: https://repo.maven.apache.org/maven2/org/hamcrest/hamcrest/2.2/hamcrest-2.2.pom
Progress (1): 1.1 kB
                    
Downloaded from central: https://repo.maven.apache.org/maven2/org/hamcrest/hamcrest/2.2/hamcrest-2.2.pom (1.1 kB at 34 kB/s)
Downloading from central: https://repo.maven.apache.org/maven2/org/junit/jupiter/junit-jupiter/5.10.3/junit-jupiter-5.10.3.pom
Progress (1): 937 B
Progress (1): 3.2 kB
                    
Downloaded from central: https://repo.maven.apache.org/maven2/org/junit/jupiter/junit-jupiter/5.10.3/junit-jupiter-5.10.3.pom (3.2 kB at 128 kB/s)
Downloading from central: https://repo.maven.apache.org/maven2/org/junit/jupiter/junit-jupiter-api/5.10.3/junit-jupiter-api-5.10.3.pom
Progress (1): 946 B
Progress (1): 3.2 kB
                    
Downloaded from central: https://repo.maven.apache.org/maven2/org/junit/jupiter/junit-jupiter-api/5.10.3/junit-jupiter-api-5.10.3.pom (3.2 kB at 138 kB/s)
Downloading from central: https://repo.maven.apache.org/maven2/org/opentest4j/opentest4j/1.3.0/opentest4j-1.3.0.pom
Progress (1): 1.0 kB
Progress (1): 2.0 kB
                    
Downloaded from central: https://repo.maven.apache.org/maven2/org/opentest4j/opentest4j/1.3.0/opentest4j-1.3.0.pom (2.0 kB at 68 kB/s)
Downloading from central: https://repo.maven.apache.org/maven2/org/junit/platform/junit-platform-commons/1.10.3/junit-platform-commons-1.10.3.pom
Progress (1): 959 B
Progress (1): 2.8 kB
                    
Downloaded from central: https://repo.maven.apache.org/maven2/org/junit/platform/junit-platform-commons/1.10.3/junit-platform-commons-1.10.3.pom (2.8 kB at 113 kB/s)
Downloading from central: https://repo.maven.apache.org/maven2/org/apiguardian/apiguardian-api/1.1.2/apiguardian-api-1.1.2.pom
Progress (1): 1.0 kB
Progress (1): 1.5 kB
                    
Downloaded from central: https://repo.maven.apache.org/maven2/org/apiguardian/apiguardian-api/1.1.2/apiguardian-api-1.1.2.pom (1.5 kB at 53 kB/s)
Downloading from central: https://repo.maven.apache.org/maven2/org/junit/jupiter/junit-jupiter-params/5.10.3/junit-jupiter-params-5.10.3.pom
Progress (1): 961 B
Progress (1): 3.0 kB
                    
Downloaded from central: https://repo.maven.apache.org/maven2/org/junit/jupiter/junit-jupiter-params/5.10.3/junit-jupiter-params-5.10.3.pom (3.0 kB at 131 kB/s)
Downloading from central: https://repo.maven.apache.org/maven2/org/junit/jupiter/junit-jupiter-engine/5.10.3/junit-jupiter-engine-5.10.3.pom
Progress (1): 955 B
Progress (1): 3.2 kB
                    
Downloaded from central: https://repo.maven.apache.org/maven2/org/junit/jupiter/junit-jupiter-engine/5.10.3/junit-jupiter-engine-5.10.3.pom (3.2 kB at 128 kB/s)
Downloading from central: https://repo.maven.apache.org/maven2/org/junit/platform/junit-platform-engine/1.10.3/junit-platform-engine-1.10.3.pom
Progress (1): 955 B
Progress (1): 3.2 kB
                    
Downloaded from central: https://repo.maven.apache.org/maven2/org/junit/platform/junit-platform-engine/1.10.3/junit-platform-engine-1.10.3.pom (3.2 kB at 100 kB/s)
Downloading from central: https://repo.maven.apache.org/maven2/org/mockito/mockito-core/5.11.0/mockito-core-5.11.0.pom
Progress (1): 1.6 kB
Progress (1): 2.5 kB
                    
Downloaded from central: https://repo.maven.apache.org/maven2/org/mockito/mockito-core/5.11.0/mockito-core-5.11.0.pom (2.5 kB at 103 kB/s)
Downloading from central: https://repo.maven.apache.org/maven2/net/bytebuddy/byte-buddy-agent/1.14.19/byte-buddy-agent-1.14.19.pom
Progress (1): 1.1 kB
Progress (1): 3.6 kB
Progress (1): 6.1 kB
Progress (1): 10 kB 
                   
Downloaded from central: https://repo.maven.apache.org/maven2/net/bytebuddy/byte-buddy-agent/1.14.19/byte-buddy-agent-1.14.19.pom (10 kB at 337 kB/s)
Downloading from central: https://repo.maven.apache.org/maven2/org/objenesis/objenesis/3.3/objenesis-3.3.pom
Progress (1): 788 B
Progress (1): 2.6 kB
Progress (1): 3.0 kB
                    
Downloaded from central: https://repo.maven.apache.org/maven2/org/objenesis/objenesis/3.3/objenesis-3.3.pom (3.0 kB at 125 kB/s)
Downloading from central: https://repo.maven.apache.org/maven2/org/objenesis/objenesis-parent/3.3/objenesis-parent-3.3.pom
Progress (1): 730 B
Progress (1): 2.3 kB
Progress (1): 4.5 kB
Progress (1): 6.7 kB
Progress (1): 10 kB 
Progress (1): 13 kB
Progress (1): 18 kB
Progress (1): 19 kB
                   
Downloaded from central: https://repo.maven.apache.org/maven2/org/objenesis/objenesis-parent/3.3/objenesis-parent-3.3.pom (19 kB at 684 kB/s)
Downloading from central: https://repo.maven.apache.org/maven2/org/mockito/mockito-junit-jupiter/5.11.0/mockito-junit-jupiter-5.11.0.pom
Progress (1): 1.6 kB
Progress (1): 2.3 kB
                    
Downloaded from central: https://repo.maven.apache.org/maven2/org/mockito/mockito-junit-jupiter/5.11.0/mockito-junit-jupiter-5.11.0.pom (2.3 kB at 91 kB/s)
Downloading from central: https://repo.maven.apache.org/maven2/org/skyscreamer/jsonassert/1.5.3/jsonassert-1.5.3.pom
Progress (1): 999 B
Progress (1): 3.5 kB
Progress (1): 7.0 kB
                    
Downloaded from central: https://repo.maven.apache.org/maven2/org/skyscreamer/jsonassert/1.5.3/jsonassert-1.5.3.pom (7.0 kB at 304 kB/s)
Downloading from central: https://repo.maven.apache.org/maven2/com/vaadin/external/google/android-json/0.0.20131108.vaadin1/android-json-0.0.20131108.vaadin1.pom
Progress (1): 1.1 kB
Progress (1): 2.8 kB
                    
Downloaded from central: https://repo.maven.apache.org/maven2/com/vaadin/external/google/android-json/0.0.20131108.vaadin1/android-json-0.0.20131108.vaadin1.pom (2.8 kB at 116 kB/s)
Downloading from central: https://repo.maven.apache.org/maven2/org/xmlunit/xmlunit-core/2.9.1/xmlunit-core-2.9.1.pom
Progress (1): 849 B
Progress (1): 2.4 kB
                    
Downloaded from central: https://repo.maven.apache.org/maven2/org/xmlunit/xmlunit-core/2.9.1/xmlunit-core-2.9.1.pom (2.4 kB at 94 kB/s)
Downloading from central: https://repo.maven.apache.org/maven2/org/xmlunit/xmlunit-parent/2.9.1/xmlunit-parent-2.9.1.pom
Progress (1): 780 B
Progress (1): 2.1 kB
Progress (1): 4.6 kB
Progress (1): 7.7 kB
Progress (1): 11 kB 
Progress (1): 14 kB
Progress (1): 17 kB
Progress (1): 21 kB
                   
Downloaded from central: https://repo.maven.apache.org/maven2/org/xmlunit/xmlunit-parent/2.9.1/xmlunit-parent-2.9.1.pom (21 kB at 904 kB/s)
Downloading from central: https://repo.maven.apache.org/maven2/io/rest-assured/rest-assured/5.5.0/rest-assured-5.5.0.pom
Progress (1): 851 B
Progress (1): 3.6 kB
Progress (1): 7.6 kB
                    
Downloaded from central: https://repo.maven.apache.org/maven2/io/rest-assured/rest-assured/5.5.0/rest-assured-5.5.0.pom (7.6 kB at 315 kB/s)
Downloading from central: https://repo.maven.apache.org/maven2/io/rest-assured/rest-assured-parent/5.5.0/rest-assured-parent-5.5.0.pom
Progress (1): 758 B
Progress (1): 2.3 kB
Progress (1): 4.2 kB
Progress (1): 8.2 kB
Progress (1): 11 kB 
Progress (1): 16 kB
Progress (1): 21 kB
Progress (1): 22 kB
                   
Downloaded from central: https://repo.maven.apache.org/maven2/io/rest-assured/rest-assured-parent/5.5.0/rest-assured-parent-5.5.0.pom (22 kB at 949 kB/s)
Downloading from central: https://repo.maven.apache.org/maven2/org/sonatype/oss/oss-parent/5/oss-parent-5.pom
Progress (1): 1.2 kB
Progress (1): 3.2 kB
Progress (1): 4.1 kB
                    
Downloaded from central: https://repo.maven.apache.org/maven2/org/sonatype/oss/oss-parent/5/oss-parent-5.pom (4.1 kB at 97 kB/s)
Downloading from central: https://repo.maven.apache.org/maven2/org/apache/groovy/groovy/4.0.22/groovy-4.0.22.pom
Progress (1): 876 B
Progress (1): 3.8 kB
Progress (1): 7.1 kB
Progress (1): 11 kB 
Progress (1): 15 kB
Progress (1): 19 kB
Progress (1): 22 kB
Progress (1): 24 kB
                   
Downloaded from central: https://repo.maven.apache.org/maven2/org/apache/groovy/groovy/4.0.22/groovy-4.0.22.pom (24 kB at 965 kB/s)
Downloading from central: https://repo.maven.apache.org/maven2/org/apache/groovy/groovy-xml/4.0.22/groovy-xml-4.0.22.pom
Progress (1): 859 B
Progress (1): 3.8 kB
Progress (1): 7.1 kB
Progress (1): 11 kB 
Progress (1): 15 kB
Progress (1): 19 kB
Progress (1): 22 kB
Progress (1): 23 kB
                   
Downloaded from central: https://repo.maven.apache.org/maven2/org/apache/groovy/groovy-xml/4.0.22/groovy-xml-4.0.22.pom (23 kB at 836 kB/s)
Downloading from central: https://repo.maven.apache.org/maven2/org/apache/httpcomponents/httpclient/4.5.13/httpclient-4.5.13.pom
Progress (1): 863 B
Progress (1): 2.8 kB
Progress (1): 5.1 kB
Progress (1): 6.6 kB
                    
Downloaded from central: https://repo.maven.apache.org/maven2/org/apache/httpcomponents/httpclient/4.5.13/httpclient-4.5.13.pom (6.6 kB at 264 kB/s)
Downloading from central: https://repo.maven.apache.org/maven2/org/apache/httpcomponents/httpcomponents-client/4.5.13/httpcomponents-client-4.5.13.pom
Progress (1): 828 B
Progress (1): 2.3 kB
Progress (1): 5.0 kB
Progress (1): 8.6 kB
Progress (1): 11 kB 
Progress (1): 15 kB
Progress (1): 16 kB
                   
Downloaded from central: https://repo.maven.apache.org/maven2/org/apache/httpcomponents/httpcomponents-client/4.5.13/httpcomponents-client-4.5.13.pom (16 kB at 655 kB/s)
Downloading from central: https://repo.maven.apache.org/maven2/org/apache/httpcomponents/httpcomponents-parent/11/httpcomponents-parent-11.pom
Progress (1): 805 B
Progress (1): 2.2 kB
Progress (1): 3.7 kB
Progress (1): 5.3 kB
Progress (1): 6.5 kB
Progress (1): 8.9 kB
Progress (1): 12 kB 
Progress (1): 15 kB
Progress (1): 18 kB
Progress (1): 23 kB
Progress (1): 26 kB
Progress (1): 28 kB
Progress (1): 32 kB
Progress (1): 33 kB
Progress (1): 35 kB
                   
Downloaded from central: https://repo.maven.apache.org/maven2/org/apache/httpcomponents/httpcomponents-parent/11/httpcomponents-parent-11.pom (35 kB at 1.2 MB/s)
Downloading from central: https://repo.maven.apache.org/maven2/org/apache/httpcomponents/httpcore/4.4.16/httpcore-4.4.16.pom
Progress (1): 863 B
Progress (1): 2.5 kB
Progress (1): 4.9 kB
Progress (1): 5.0 kB
                    
Downloaded from central: https://repo.maven.apache.org/maven2/org/apache/httpcomponents/httpcore/4.4.16/httpcore-4.4.16.pom (5.0 kB at 199 kB/s)
Downloading from central: https://repo.maven.apache.org/maven2/org/apache/httpcomponents/httpcomponents-core/4.4.16/httpcomponents-core-4.4.16.pom
Progress (1): 836 B
Progress (1): 2.3 kB
Progress (1): 4.3 kB
Progress (1): 7.2 kB
Progress (1): 9.8 kB
Progress (1): 12 kB 
                   
Downloaded from central: https://repo.maven.apache.org/maven2/org/apache/httpcomponents/httpcomponents-core/4.4.16/httpcomponents-core-4.4.16.pom (12 kB at 520 kB/s)
Downloading from central: https://repo.maven.apache.org/maven2/commons-logging/commons-logging/1.2/commons-logging-1.2.pom
Progress (1): 772 B
Progress (1): 2.0 kB
Progress (1): 5.5 kB
Progress (1): 7.6 kB
Progress (1): 11 kB 
Progress (1): 14 kB
Progress (1): 17 kB
Progress (1): 19 kB
                   
Downloaded from central: https://repo.maven.apache.org/maven2/commons-logging/commons-logging/1.2/commons-logging-1.2.pom (19 kB at 600 kB/s)
Downloading from central: https://repo.maven.apache.org/maven2/org/apache/commons/commons-parent/34/commons-parent-34.pom
Progress (1): 820 B
Progress (1): 2.1 kB
Progress (1): 3.3 kB
Progress (1): 4.6 kB
Progress (1): 8.2 kB
Progress (1): 12 kB 
Progress (1): 16 kB
Progress (1): 19 kB
Progress (1): 21 kB
Progress (1): 24 kB
Progress (1): 27 kB
Progress (1): 30 kB
Progress (1): 33 kB
Progress (1): 36 kB
Progress (1): 41 kB
Progress (1): 44 kB
Progress (1): 47 kB
Progress (1): 50 kB
Progress (1): 52 kB
Progress (1): 54 kB
Progress (1): 56 kB
                   
Downloaded from central: https://repo.maven.apache.org/maven2/org/apache/commons/commons-parent/34/commons-parent-34.pom (56 kB at 1.9 MB/s)
Downloading from central: https://repo.maven.apache.org/maven2/org/apache/apache/13/apache-13.pom
Progress (1): 769 B
Progress (1): 2.2 kB
Progress (1): 4.1 kB
Progress (1): 9.2 kB
Progress (1): 12 kB 
Progress (1): 14 kB
                   
Downloaded from central: https://repo.maven.apache.org/maven2/org/apache/apache/13/apache-13.pom (14 kB at 582 kB/s)
Downloading from central: https://repo.maven.apache.org/maven2/commons-codec/commons-codec/1.16.1/commons-codec-1.16.1.pom
Progress (1): 753 B
Progress (1): 1.9 kB
Progress (1): 3.8 kB
Progress (1): 6.3 kB
Progress (1): 8.7 kB
Progress (1): 11 kB 
Progress (1): 13 kB
Progress (1): 16 kB
                   
Downloaded from central: https://repo.maven.apache.org/maven2/commons-codec/commons-codec/1.16.1/commons-codec-1.16.1.pom (16 kB at 603 kB/s)
Downloading from central: https://repo.maven.apache.org/maven2/org/apache/commons/commons-parent/66/commons-parent-66.pom
Progress (1): 750 B
Progress (1): 1.9 kB
Progress (1): 3.3 kB
Progress (1): 4.8 kB
Progress (1): 6.7 kB
Progress (1): 8.6 kB
Progress (1): 10 kB 
Progress (1): 13 kB
Progress (1): 15 kB
Progress (1): 17 kB
Progress (1): 20 kB
Progress (1): 22 kB
Progress (1): 25 kB
Progress (1): 28 kB
Progress (1): 32 kB
Progress (1): 32 kB
Progress (1): 35 kB
Progress (1): 40 kB
Progress (1): 44 kB
Progress (1): 46 kB
Progress (1): 49 kB
Progress (1): 51 kB
Progress (1): 55 kB
Progress (1): 57 kB
Progress (1): 60 kB
Progress (1): 64 kB
Progress (1): 65 kB
Progress (1): 69 kB
Progress (1): 72 kB
Progress (1): 74 kB
Progress (1): 76 kB
Progress (1): 77 kB
                   
Downloaded from central: https://repo.maven.apache.org/maven2/org/apache/commons/commons-parent/66/commons-parent-66.pom (77 kB at 2.6 MB/s)
Downloading from central: https://repo.maven.apache.org/maven2/org/junit/junit-bom/5.10.1/junit-bom-5.10.1.pom
Progress (1): 908 B
Progress (1): 4.3 kB
Progress (1): 5.6 kB
                    
Downloaded from central: https://repo.maven.apache.org/maven2/org/junit/junit-bom/5.10.1/junit-bom-5.10.1.pom (5.6 kB at 226 kB/s)
Downloading from central: https://repo.maven.apache.org/maven2/org/apache/httpcomponents/httpmime/4.5.13/httpmime-4.5.13.pom
Progress (1): 875 B
Progress (1): 2.6 kB
Progress (1): 4.9 kB
Progress (1): 5.2 kB
                    
Downloaded from central: https://repo.maven.apache.org/maven2/org/apache/httpcomponents/httpmime/4.5.13/httpmime-4.5.13.pom (5.2 kB at 180 kB/s)
Downloading from central: https://repo.maven.apache.org/maven2/org/ccil/cowan/tagsoup/tagsoup/1.2.1/tagsoup-1.2.1.pom
Progress (1): 880 B
Progress (1): 1.2 kB
                    
Downloaded from central: https://repo.maven.apache.org/maven2/org/ccil/cowan/tagsoup/tagsoup/1.2.1/tagsoup-1.2.1.pom (1.2 kB at 47 kB/s)
Downloading from central: https://repo.maven.apache.org/maven2/io/rest-assured/json-path/5.4.0/json-path-5.4.0.pom
Progress (1): 860 B
Progress (1): 3.5 kB
Progress (1): 4.9 kB
                    
Downloaded from central: https://repo.maven.apache.org/maven2/io/rest-assured/json-path/5.4.0/json-path-5.4.0.pom (4.9 kB at 129 kB/s)
Downloading from central: https://repo.maven.apache.org/maven2/io/rest-assured/rest-assured-parent/5.4.0/rest-assured-parent-5.4.0.pom
Progress (1): 758 B
Progress (1): 2.3 kB
Progress (1): 4.2 kB
Progress (1): 8.2 kB
Progress (1): 11 kB 
Progress (1): 16 kB
Progress (1): 21 kB
Progress (1): 22 kB
                   
Downloaded from central: https://repo.maven.apache.org/maven2/io/rest-assured/rest-assured-parent/5.4.0/rest-assured-parent-5.4.0.pom (22 kB at 938 kB/s)
Downloading from central: https://repo.maven.apache.org/maven2/org/apache/groovy/groovy-json/4.0.22/groovy-json-4.0.22.pom
Progress (1): 860 B
Progress (1): 3.8 kB
Progress (1): 7.1 kB
Progress (1): 11 kB 
Progress (1): 15 kB
Progress (1): 19 kB
Progress (1): 22 kB
Progress (1): 23 kB
                   
Downloaded from central: https://repo.maven.apache.org/maven2/org/apache/groovy/groovy-json/4.0.22/groovy-json-4.0.22.pom (23 kB at 594 kB/s)
Downloading from central: https://repo.maven.apache.org/maven2/io/rest-assured/rest-assured-common/5.4.0/rest-assured-common-5.4.0.pom
Progress (1): 868 B
Progress (1): 3.2 kB
                    
Downloaded from central: https://repo.maven.apache.org/maven2/io/rest-assured/rest-assured-common/5.4.0/rest-assured-common-5.4.0.pom (3.2 kB at 58 kB/s)
Downloading from central: https://repo.maven.apache.org/maven2/io/rest-assured/xml-path/5.4.0/xml-path-5.4.0.pom
Progress (1): 834 B
Progress (1): 3.4 kB
Progress (1): 4.3 kB
                    
Downloaded from central: https://repo.maven.apache.org/maven2/io/rest-assured/xml-path/5.4.0/xml-path-5.4.0.pom (4.3 kB at 131 kB/s)
Downloading from central: https://repo.maven.apache.org/maven2/org/springframework/boot/spring-boot-starter-web/3.3.3/spring-boot-starter-web-3.3.3.jar
Progress (1): 4.8 kB
                    
Downloaded from central: https://repo.maven.apache.org/maven2/org/springframework/boot/spring-boot-starter-web/3.3.3/spring-boot-starter-web-3.3.3.jar (4.8 kB at 166 kB/s)
Downloading from central: https://repo.maven.apache.org/maven2/org/springframework/boot/spring-boot-starter/3.3.3/spring-boot-starter-3.3.3.jar
Downloading from central: https://repo.maven.apache.org/maven2/org/springframework/boot/spring-boot/3.3.3/spring-boot-3.3.3.jar
Downloading from central: https://repo.maven.apache.org/maven2/org/springframework/boot/spring-boot-autoconfigure/3.3.3/spring-boot-autoconfigure-3.3.3.jar
Downloading from central: https://repo.maven.apache.org/maven2/org/springframework/boot/spring-boot-starter-logging/3.3.3/spring-boot-starter-logging-3.3.3.jar
Downloading from central: https://repo.maven.apache.org/maven2/ch/qos/logback/logback-classic/1.5.7/logback-classic-1.5.7.jar
Progress (1): 4.8 kB
                    
Downloaded from central: https://repo.maven.apache.org/maven2/org/springframework/boot/spring-boot-starter/3.3.3/spring-boot-starter-3.3.3.jar (4.8 kB at 177 kB/s)
Downloading from central: https://repo.maven.apache.org/maven2/ch/qos/logback/logback-core/1.5.7/logback-core-1.5.7.jar
Progress (1): 8.2/615 kB
Progress (1): 25/615 kB 
Progress (1): 41/615 kB
Progress (1): 57/615 kB
Progress (1): 74/615 kB
Progress (1): 90/615 kB
Progress (1): 106/615 kB
Progress (1): 123/615 kB
Progress (2): 123/615 kB | 0/2.0 MB
Progress (2): 123/615 kB | 0/2.0 MB
Progress (2): 123/615 kB | 0/2.0 MB
Progress (2): 123/615 kB | 0/2.0 MB
Progress (3): 123/615 kB | 0/2.0 MB | 0.9/4.8 kB
Progress (3): 123/615 kB | 0/2.0 MB | 0.9/4.8 kB
Progress (3): 123/615 kB | 0/2.0 MB | 0.9/4.8 kB
Progress (3): 123/615 kB | 0/2.0 MB | 2.3/4.8 kB
Progress (3): 123/615 kB | 0/2.0 MB | 2.3/4.8 kB
Progress (3): 123/615 kB | 0/2.0 MB | 3.6/4.8 kB
Progress (3): 123/615 kB | 0/2.0 MB | 3.6/4.8 kB
Progress (3): 123/615 kB | 0/2.0 MB | 4.8 kB    
Progress (3): 123/615 kB | 0/2.0 MB | 4.8 kB
Progress (3): 123/615 kB | 0/2.0 MB | 4.8 kB
Progress (3): 123/615 kB | 0/2.0 MB | 4.8 kB
Progress (3): 123/615 kB | 0/2.0 MB | 4.8 kB
Progress (3): 123/615 kB | 0/2.0 MB | 4.8 kB
Progress (3): 123/615 kB | 0/2.0 MB | 4.8 kB
Progress (3): 123/615 kB | 0/2.0 MB | 4.8 kB
Progress (3): 139/615 kB | 0/2.0 MB | 4.8 kB
Progress (3): 139/615 kB | 0/2.0 MB | 4.8 kB
Progress (4): 139/615 kB | 0/2.0 MB | 4.8 kB | 0/1.6 MB
Progress (4): 139/615 kB | 0/2.0 MB | 4.8 kB | 0/1.6 MB
Progress (4): 139/615 kB | 0/2.0 MB | 4.8 kB | 0/1.6 MB
Progress (4): 139/615 kB | 0/2.0 MB | 4.8 kB | 0/1.6 MB
                                                       
Downloaded from central: https://repo.maven.apache.org/maven2/org/springframework/boot/spring-boot-starter-logging/3.3.3/spring-boot-starter-logging-3.3.3.jar (4.8 kB at 59 kB/s)
Progress (3): 139/615 kB | 0/2.0 MB | 0/1.6 MB
                                              
Downloading from central: https://repo.maven.apache.org/maven2/org/apache/logging/log4j/log4j-to-slf4j/2.23.1/log4j-to-slf4j-2.23.1.jar
Progress (3): 139/615 kB | 0/2.0 MB | 0/1.6 MB
Progress (3): 139/615 kB | 0/2.0 MB | 0/1.6 MB
Progress (3): 139/615 kB | 0/2.0 MB | 0/1.6 MB
Progress (3): 139/615 kB | 0/2.0 MB | 0/1.6 MB
Progress (3): 139/615 kB | 0/2.0 MB | 0/1.6 MB
Progress (3): 139/615 kB | 0/2.0 MB | 0/1.6 MB
Progress (3): 139/615 kB | 0/2.0 MB | 0/1.6 MB
Progress (3): 156/615 kB | 0/2.0 MB | 0/1.6 MB
Progress (3): 156/615 kB | 0/2.0 MB | 0/1.6 MB
Progress (3): 156/615 kB | 0/2.0 MB | 0/1.6 MB
Progress (3): 156/615 kB | 0/2.0 MB | 0/1.6 MB
Progress (3): 156/615 kB | 0/2.0 MB | 0/1.6 MB
Progress (3): 156/615 kB | 0/2.0 MB | 0/1.6 MB
Progress (3): 156/615 kB | 0/2.0 MB | 0/1.6 MB
Progress (3): 156/615 kB | 0/2.0 MB | 0/1.6 MB
Progress (3): 156/615 kB | 0/2.0 MB | 0/1.6 MB
Progress (3): 156/615 kB | 0/2.0 MB | 0/1.6 MB
Progress (3): 156/615 kB | 0/2.0 MB | 0/1.6 MB
Progress (3): 156/615 kB | 0/2.0 MB | 0/1.6 MB
Progress (3): 156/615 kB | 0/2.0 MB | 0/1.6 MB
Progress (3): 156/615 kB | 0/2.0 MB | 0/1.6 MB
Progress (4): 156/615 kB | 0/2.0 MB | 0/1.6 MB | 0.9/296 kB
Progress (4): 156/615 kB | 0/2.0 MB | 0/1.6 MB | 0.9/296 kB
Progress (4): 172/615 kB | 0/2.0 MB | 0/1.6 MB | 0.9/296 kB
Progress (4): 172/615 kB | 0/2.0 MB | 0/1.6 MB | 0.9/296 kB
Progress (4): 172/615 kB | 0/2.0 MB | 0/1.6 MB | 0.9/296 kB
Progress (4): 172/615 kB | 0/2.0 MB | 0/1.6 MB | 2.3/296 kB
Progress (4): 172/615 kB | 0/2.0 MB | 0/1.6 MB | 2.3/296 kB
Progress (4): 172/615 kB | 0/2.0 MB | 0/1.6 MB | 2.3/296 kB
Progress (4): 172/615 kB | 0/2.0 MB | 0/1.6 MB | 3.6/296 kB
Progress (4): 172/615 kB | 0/2.0 MB | 0/1.6 MB | 3.6/296 kB
Progress (4): 172/615 kB | 0/2.0 MB | 0/1.6 MB | 5.0/296 kB
Progress (4): 172/615 kB | 0/2.0 MB | 0/1.6 MB | 5.0/296 kB
Progress (4): 172/615 kB | 0/2.0 MB | 0/1.6 MB | 6.4/296 kB
Progress (4): 172/615 kB | 0/2.0 MB | 0/1.6 MB | 6.4/296 kB
Progress (4): 172/615 kB | 0/2.0 MB | 0/1.6 MB | 6.4/296 kB
Progress (4): 172/615 kB | 0/2.0 MB | 0/1.6 MB | 7.7/296 kB
Progress (4): 172/615 kB | 0/2.0 MB | 0/1.6 MB | 8.2/296 kB
Progress (4): 172/615 kB | 0/2.0 MB | 0/1.6 MB | 8.2/296 kB
Progress (4): 172/615 kB | 0/2.0 MB | 0/1.6 MB | 8.2/296 kB
Progress (4): 172/615 kB | 0/2.0 MB | 0/1.6 MB | 9.6/296 kB
Progress (4): 172/615 kB | 0/2.0 MB | 0/1.6 MB | 9.6/296 kB
Progress (4): 172/615 kB | 0/2.0 MB | 0/1.6 MB | 9.6/296 kB
Progress (4): 172/615 kB | 0/2.0 MB | 0/1.6 MB | 9.6/296 kB
Progress (4): 172/615 kB | 0/2.0 MB | 0/1.6 MB | 11/296 kB 
Progress (4): 172/615 kB | 0/2.0 MB | 0/1.6 MB | 11/296 kB
Progress (4): 172/615 kB | 0/2.0 MB | 0/1.6 MB | 12/296 kB
Progress (4): 172/615 kB | 0/2.0 MB | 0/1.6 MB | 12/296 kB
Progress (4): 172/615 kB | 0/2.0 MB | 0/1.6 MB | 14/296 kB
Progress (4): 172/615 kB | 0/2.0 MB | 0/1.6 MB | 14/296 kB
Progress (4): 188/615 kB | 0/2.0 MB | 0/1.6 MB | 14/296 kB
Progress (4): 188/615 kB | 0/2.0 MB | 0/1.6 MB | 14/296 kB
Progress (4): 188/615 kB | 0/2.0 MB | 0/1.6 MB | 15/296 kB
Progress (4): 188/615 kB | 0/2.0 MB | 0/1.6 MB | 15/296 kB
Progress (4): 188/615 kB | 0/2.0 MB | 0/1.6 MB | 16/296 kB
Progress (4): 188/615 kB | 0/2.0 MB | 0/1.6 MB | 16/296 kB
Progress (4): 188/615 kB | 0/2.0 MB | 0/1.6 MB | 16/296 kB
Progress (4): 188/615 kB | 0/2.0 MB | 0/1.6 MB | 18/296 kB
Progress (4): 188/615 kB | 0/2.0 MB | 0/1.6 MB | 18/296 kB
Progress (4): 188/615 kB | 0/2.0 MB | 0/1.6 MB | 18/296 kB
Progress (4): 188/615 kB | 0/2.0 MB | 0/1.6 MB | 18/296 kB
Progress (4): 188/615 kB | 0/2.0 MB | 0/1.6 MB | 19/296 kB
Progress (4): 188/615 kB | 0/2.0 MB | 0/1.6 MB | 19/296 kB
Progress (4): 188/615 kB | 0/2.0 MB | 0/1.6 MB | 21/296 kB
Progress (4): 188/615 kB | 0/2.0 MB | 0/1.6 MB | 21/296 kB
Progress (4): 188/615 kB | 0/2.0 MB | 0/1.6 MB | 22/296 kB
Progress (4): 188/615 kB | 0/2.0 MB | 0/1.6 MB | 22/296 kB
Progress (4): 188/615 kB | 0/2.0 MB | 0/1.6 MB | 22/296 kB
Progress (4): 188/615 kB | 0/2.0 MB | 0/1.6 MB | 23/296 kB
Progress (4): 188/615 kB | 0/2.0 MB | 0/1.6 MB | 23/296 kB
Progress (4): 188/615 kB | 0/2.0 MB | 0/1.6 MB | 23/296 kB
Progress (4): 188/615 kB | 0/2.0 MB | 0/1.6 MB | 25/296 kB
Progress (4): 188/615 kB | 0/2.0 MB | 0/1.6 MB | 25/296 kB
Progress (4): 188/615 kB | 0/2.0 MB | 0/1.6 MB | 26/296 kB
Progress (4): 188/615 kB | 0/2.0 MB | 0/1.6 MB | 26/296 kB
Progress (4): 188/615 kB | 0.1/2.0 MB | 0/1.6 MB | 26/296 kB
Progress (4): 188/615 kB | 0.1/2.0 MB | 0/1.6 MB | 27/296 kB
Progress (4): 188/615 kB | 0.1/2.0 MB | 0.1/1.6 MB | 27/296 kB
Progress (4): 188/615 kB | 0.1/2.0 MB | 0.1/1.6 MB | 29/296 kB
Progress (4): 188/615 kB | 0.1/2.0 MB | 0.1/1.6 MB | 29/296 kB
Progress (4): 188/615 kB | 0.1/2.0 MB | 0.1/1.6 MB | 29/296 kB
Progress (4): 188/615 kB | 0.1/2.0 MB | 0.1/1.6 MB | 30/296 kB
Progress (4): 188/615 kB | 0.1/2.0 MB | 0.1/1.6 MB | 30/296 kB
Progress (4): 188/615 kB | 0.1/2.0 MB | 0.1/1.6 MB | 30/296 kB
Progress (4): 188/615 kB | 0.1/2.0 MB | 0.1/1.6 MB | 31/296 kB
Progress (4): 188/615 kB | 0.1/2.0 MB | 0.1/1.6 MB | 31/296 kB
Progress (4): 205/615 kB | 0.1/2.0 MB | 0.1/1.6 MB | 31/296 kB
Progress (4): 205/615 kB | 0.1/2.0 MB | 0.1/1.6 MB | 33/296 kB
Progress (4): 205/615 kB | 0.1/2.0 MB | 0.1/1.6 MB | 33/296 kB
Progress (4): 205/615 kB | 0.1/2.0 MB | 0.1/1.6 MB | 34/296 kB
Progress (4): 205/615 kB | 0.1/2.0 MB | 0.1/1.6 MB | 34/296 kB
Progress (4): 205/615 kB | 0.1/2.0 MB | 0.1/1.6 MB | 34/296 kB
Progress (4): 208/615 kB | 0.1/2.0 MB | 0.1/1.6 MB | 34/296 kB
Progress (4): 208/615 kB | 0.1/2.0 MB | 0.1/1.6 MB | 36/296 kB
Progress (4): 208/615 kB | 0.1/2.0 MB | 0.1/1.6 MB | 36/296 kB
Progress (4): 208/615 kB | 0.1/2.0 MB | 0.1/1.6 MB | 37/296 kB
Progress (4): 208/615 kB | 0.1/2.0 MB | 0.1/1.6 MB | 37/296 kB
Progress (4): 208/615 kB | 0.1/2.0 MB | 0.1/1.6 MB | 38/296 kB
Progress (4): 208/615 kB | 0.1/2.0 MB | 0.1/1.6 MB | 40/296 kB
Progress (4): 208/615 kB | 0.1/2.0 MB | 0.1/1.6 MB | 40/296 kB
Progress (4): 208/615 kB | 0.1/2.0 MB | 0.1/1.6 MB | 41/296 kB
Progress (4): 208/615 kB | 0.1/2.0 MB | 0.1/1.6 MB | 42/296 kB
Progress (4): 208/615 kB | 0.1/2.0 MB | 0.1/1.6 MB | 42/296 kB
Progress (4): 208/615 kB | 0.1/2.0 MB | 0.1/1.6 MB | 42/296 kB
Progress (4): 208/615 kB | 0.1/2.0 MB | 0.1/1.6 MB | 44/296 kB
Progress (4): 208/615 kB | 0.1/2.0 MB | 0.1/1.6 MB | 44/296 kB
Progress (4): 208/615 kB | 0.1/2.0 MB | 0.1/1.6 MB | 45/296 kB
Progress (4): 208/615 kB | 0.1/2.0 MB | 0.1/1.6 MB | 46/296 kB
Progress (4): 208/615 kB | 0.1/2.0 MB | 0.1/1.6 MB | 46/296 kB
Progress (4): 224/615 kB | 0.1/2.0 MB | 0.1/1.6 MB | 46/296 kB
Progress (4): 224/615 kB | 0.1/2.0 MB | 0.1/1.6 MB | 48/296 kB
Progress (4): 224/615 kB | 0.1/2.0 MB | 0.1/1.6 MB | 48/296 kB
Progress (4): 224/615 kB | 0.1/2.0 MB | 0.1/1.6 MB | 49/296 kB
Progress (4): 224/615 kB | 0.1/2.0 MB | 0.1/1.6 MB | 51/296 kB
Progress (4): 224/615 kB | 0.1/2.0 MB | 0.1/1.6 MB | 51/296 kB
Progress (4): 224/615 kB | 0.1/2.0 MB | 0.1/1.6 MB | 52/296 kB
Progress (4): 224/615 kB | 0.1/2.0 MB | 0.1/1.6 MB | 53/296 kB
Progress (4): 224/615 kB | 0.1/2.0 MB | 0.1/1.6 MB | 55/296 kB
Progress (4): 224/615 kB | 0.1/2.0 MB | 0.1/1.6 MB | 55/296 kB
Progress (4): 224/615 kB | 0.1/2.0 MB | 0.1/1.6 MB | 59/296 kB
Progress (4): 241/615 kB | 0.1/2.0 MB | 0.1/1.6 MB | 59/296 kB
Progress (4): 241/615 kB | 0.1/2.0 MB | 0.1/1.6 MB | 59/296 kB
Progress (4): 241/615 kB | 0.1/2.0 MB | 0.1/1.6 MB | 59/296 kB
Progress (4): 241/615 kB | 0.1/2.0 MB | 0.1/1.6 MB | 59/296 kB
Progress (4): 241/615 kB | 0.1/2.0 MB | 0.1/1.6 MB | 59/296 kB
Progress (4): 257/615 kB | 0.1/2.0 MB | 0.1/1.6 MB | 59/296 kB
Progress (4): 257/615 kB | 0.1/2.0 MB | 0.1/1.6 MB | 59/296 kB
Progress (4): 257/615 kB | 0.1/2.0 MB | 0.1/1.6 MB | 63/296 kB
Progress (4): 257/615 kB | 0.1/2.0 MB | 0.1/1.6 MB | 63/296 kB
Progress (4): 257/615 kB | 0.1/2.0 MB | 0.1/1.6 MB | 63/296 kB
Progress (4): 274/615 kB | 0.1/2.0 MB | 0.1/1.6 MB | 63/296 kB
Progress (4): 274/615 kB | 0.1/2.0 MB | 0.1/1.6 MB | 63/296 kB
Progress (4): 274/615 kB | 0.1/2.0 MB | 0.1/1.6 MB | 63/296 kB
Progress (4): 290/615 kB | 0.1/2.0 MB | 0.1/1.6 MB | 63/296 kB
Progress (4): 306/615 kB | 0.1/2.0 MB | 0.1/1.6 MB | 63/296 kB
Progress (4): 306/615 kB | 0.1/2.0 MB | 0.1/1.6 MB | 63/296 kB
Progress (4): 306/615 kB | 0.1/2.0 MB | 0.1/1.6 MB | 63/296 kB
Progress (4): 323/615 kB | 0.1/2.0 MB | 0.1/1.6 MB | 63/296 kB
Progress (4): 323/615 kB | 0.1/2.0 MB | 0.1/1.6 MB | 67/296 kB
Progress (4): 323/615 kB | 0.1/2.0 MB | 0.1/1.6 MB | 67/296 kB
Progress (4): 323/615 kB | 0.1/2.0 MB | 0.1/1.6 MB | 67/296 kB
Progress (4): 323/615 kB | 0.1/2.0 MB | 0.1/1.6 MB | 67/296 kB
Progress (4): 323/615 kB | 0.1/2.0 MB | 0.1/1.6 MB | 67/296 kB
Progress (4): 323/615 kB | 0.1/2.0 MB | 0.1/1.6 MB | 67/296 kB
Progress (4): 339/615 kB | 0.1/2.0 MB | 0.1/1.6 MB | 67/296 kB
Progress (4): 339/615 kB | 0.1/2.0 MB | 0.1/1.6 MB | 72/296 kB
Progress (4): 339/615 kB | 0.1/2.0 MB | 0.1/1.6 MB | 72/296 kB
Progress (4): 339/615 kB | 0.1/2.0 MB | 0.1/1.6 MB | 72/296 kB
Progress (4): 339/615 kB | 0.1/2.0 MB | 0.1/1.6 MB | 72/296 kB
Progress (4): 339/615 kB | 0.1/2.0 MB | 0.1/1.6 MB | 72/296 kB
Progress (4): 339/615 kB | 0.1/2.0 MB | 0.1/1.6 MB | 74/296 kB
Progress (4): 339/615 kB | 0.1/2.0 MB | 0.1/1.6 MB | 74/296 kB
Progress (4): 339/615 kB | 0.1/2.0 MB | 0.1/1.6 MB | 74/296 kB
Progress (4): 339/615 kB | 0.1/2.0 MB | 0.1/1.6 MB | 74/296 kB
Progress (4): 339/615 kB | 0.1/2.0 MB | 0.1/1.6 MB | 74/296 kB
Progress (4): 339/615 kB | 0.1/2.0 MB | 0.1/1.6 MB | 74/296 kB
Progress (4): 339/615 kB | 0.1/2.0 MB | 0.1/1.6 MB | 74/296 kB
Progress (4): 339/615 kB | 0.1/2.0 MB | 0.1/1.6 MB | 74/296 kB
Progress (4): 339/615 kB | 0.1/2.0 MB | 0.1/1.6 MB | 74/296 kB
Progress (4): 339/615 kB | 0.1/2.0 MB | 0.1/1.6 MB | 74/296 kB
Progress (4): 339/615 kB | 0.1/2.0 MB | 0.1/1.6 MB | 78/296 kB
Progress (4): 339/615 kB | 0.1/2.0 MB | 0.1/1.6 MB | 78/296 kB
Progress (4): 339/615 kB | 0.1/2.0 MB | 0.1/1.6 MB | 82/296 kB
Progress (4): 339/615 kB | 0.1/2.0 MB | 0.1/1.6 MB | 82/296 kB
Progress (4): 339/615 kB | 0.1/2.0 MB | 0.1/1.6 MB | 82/296 kB
Progress (4): 355/615 kB | 0.1/2.0 MB | 0.1/1.6 MB | 82/296 kB
Progress (4): 355/615 kB | 0.2/2.0 MB | 0.1/1.6 MB | 82/296 kB
Progress (4): 355/615 kB | 0.2/2.0 MB | 0.1/1.6 MB | 82/296 kB
Progress (4): 355/615 kB | 0.2/2.0 MB | 0.1/1.6 MB | 86/296 kB
Progress (4): 355/615 kB | 0.2/2.0 MB | 0.1/1.6 MB | 86/296 kB
Progress (4): 355/615 kB | 0.2/2.0 MB | 0.1/1.6 MB | 86/296 kB
Progress (4): 355/615 kB | 0.2/2.0 MB | 0.1/1.6 MB | 86/296 kB
Progress (4): 355/615 kB | 0.2/2.0 MB | 0.1/1.6 MB | 91/296 kB
Progress (4): 355/615 kB | 0.2/2.0 MB | 0.1/1.6 MB | 91/296 kB
Progress (4): 355/615 kB | 0.2/2.0 MB | 0.1/1.6 MB | 95/296 kB
Progress (4): 355/615 kB | 0.2/2.0 MB | 0.1/1.6 MB | 95/296 kB
Progress (4): 355/615 kB | 0.2/2.0 MB | 0.1/1.6 MB | 95/296 kB
Progress (4): 355/615 kB | 0.2/2.0 MB | 0.1/1.6 MB | 99/296 kB
Progress (4): 355/615 kB | 0.2/2.0 MB | 0.1/1.6 MB | 99/296 kB
Progress (4): 355/615 kB | 0.2/2.0 MB | 0.1/1.6 MB | 99/296 kB
Progress (4): 355/615 kB | 0.2/2.0 MB | 0.1/1.6 MB | 103/296 kB
Progress (4): 355/615 kB | 0.2/2.0 MB | 0.1/1.6 MB | 103/296 kB
Progress (4): 355/615 kB | 0.2/2.0 MB | 0.1/1.6 MB | 106/296 kB
Progress (4): 355/615 kB | 0.2/2.0 MB | 0.1/1.6 MB | 106/296 kB
Progress (4): 355/615 kB | 0.2/2.0 MB | 0.1/1.6 MB | 106/296 kB
Progress (4): 355/615 kB | 0.2/2.0 MB | 0.2/1.6 MB | 106/296 kB
Progress (4): 355/615 kB | 0.2/2.0 MB | 0.2/1.6 MB | 106/296 kB
Progress (4): 355/615 kB | 0.2/2.0 MB | 0.2/1.6 MB | 106/296 kB
Progress (4): 355/615 kB | 0.2/2.0 MB | 0.2/1.6 MB | 106/296 kB
Progress (4): 355/615 kB | 0.2/2.0 MB | 0.2/1.6 MB | 111/296 kB
Progress (4): 355/615 kB | 0.2/2.0 MB | 0.2/1.6 MB | 111/296 kB
Progress (4): 355/615 kB | 0.2/2.0 MB | 0.2/1.6 MB | 111/296 kB
Progress (4): 372/615 kB | 0.2/2.0 MB | 0.2/1.6 MB | 111/296 kB
Progress (4): 372/615 kB | 0.2/2.0 MB | 0.2/1.6 MB | 111/296 kB
Progress (4): 372/615 kB | 0.2/2.0 MB | 0.2/1.6 MB | 111/296 kB
Progress (4): 372/615 kB | 0.2/2.0 MB | 0.2/1.6 MB | 111/296 kB
Progress (4): 372/615 kB | 0.2/2.0 MB | 0.2/1.6 MB | 115/296 kB
Progress (4): 372/615 kB | 0.2/2.0 MB | 0.2/1.6 MB | 115/296 kB
Progress (4): 372/615 kB | 0.2/2.0 MB | 0.2/1.6 MB | 115/296 kB
Progress (4): 388/615 kB | 0.2/2.0 MB | 0.2/1.6 MB | 115/296 kB
Progress (4): 388/615 kB | 0.2/2.0 MB | 0.2/1.6 MB | 115/296 kB
Progress (4): 388/615 kB | 0.2/2.0 MB | 0.2/1.6 MB | 119/296 kB
Progress (4): 388/615 kB | 0.2/2.0 MB | 0.2/1.6 MB | 123/296 kB
Progress (4): 388/615 kB | 0.2/2.0 MB | 0.2/1.6 MB | 123/296 kB
Progress (4): 388/615 kB | 0.2/2.0 MB | 0.2/1.6 MB | 123/296 kB
Progress (4): 388/615 kB | 0.2/2.0 MB | 0.2/1.6 MB | 128/296 kB
Progress (4): 388/615 kB | 0.2/2.0 MB | 0.2/1.6 MB | 132/296 kB
Progress (4): 388/615 kB | 0.2/2.0 MB | 0.2/1.6 MB | 132/296 kB
Progress (4): 388/615 kB | 0.2/2.0 MB | 0.2/1.6 MB | 132/296 kB
Progress (4): 388/615 kB | 0.2/2.0 MB | 0.2/1.6 MB | 132/296 kB
Progress (4): 388/615 kB | 0.2/2.0 MB | 0.2/1.6 MB | 136/296 kB
Progress (4): 388/615 kB | 0.2/2.0 MB | 0.2/1.6 MB | 136/296 kB
Progress (4): 388/615 kB | 0.2/2.0 MB | 0.2/1.6 MB | 136/296 kB
Progress (4): 388/615 kB | 0.2/2.0 MB | 0.2/1.6 MB | 136/296 kB
Progress (4): 388/615 kB | 0.2/2.0 MB | 0.2/1.6 MB | 136/296 kB
Progress (4): 388/615 kB | 0.2/2.0 MB | 0.2/1.6 MB | 136/296 kB
Progress (4): 388/615 kB | 0.2/2.0 MB | 0.2/1.6 MB | 139/296 kB
Progress (4): 388/615 kB | 0.2/2.0 MB | 0.2/1.6 MB | 139/296 kB
Progress (4): 388/615 kB | 0.2/2.0 MB | 0.2/1.6 MB | 139/296 kB
Progress (4): 388/615 kB | 0.2/2.0 MB | 0.2/1.6 MB | 143/296 kB
Progress (4): 388/615 kB | 0.2/2.0 MB | 0.2/1.6 MB | 143/296 kB
Progress (4): 388/615 kB | 0.2/2.0 MB | 0.2/1.6 MB | 143/296 kB
Progress (4): 388/615 kB | 0.2/2.0 MB | 0.2/1.6 MB | 148/296 kB
Progress (4): 388/615 kB | 0.2/2.0 MB | 0.2/1.6 MB | 152/296 kB
Progress (4): 388/615 kB | 0.2/2.0 MB | 0.2/1.6 MB | 152/296 kB
Progress (4): 388/615 kB | 0.2/2.0 MB | 0.2/1.6 MB | 156/296 kB
Progress (4): 388/615 kB | 0.2/2.0 MB | 0.2/1.6 MB | 160/296 kB
Progress (4): 388/615 kB | 0.2/2.0 MB | 0.2/1.6 MB | 165/296 kB
Progress (4): 388/615 kB | 0.2/2.0 MB | 0.2/1.6 MB | 169/296 kB
Progress (4): 405/615 kB | 0.2/2.0 MB | 0.2/1.6 MB | 169/296 kB
Progress (4): 405/615 kB | 0.2/2.0 MB | 0.2/1.6 MB | 172/296 kB
Progress (4): 405/615 kB | 0.2/2.0 MB | 0.2/1.6 MB | 176/296 kB
Progress (4): 405/615 kB | 0.2/2.0 MB | 0.2/1.6 MB | 176/296 kB
Progress (4): 405/615 kB | 0.2/2.0 MB | 0.2/1.6 MB | 180/296 kB
Progress (5): 405/615 kB | 0.2/2.0 MB | 0.2/1.6 MB | 180/296 kB | 0.9/23 kB
Progress (5): 405/615 kB | 0.2/2.0 MB | 0.2/1.6 MB | 180/296 kB | 2.3/23 kB
Progress (5): 405/615 kB | 0.2/2.0 MB | 0.2/1.6 MB | 180/296 kB | 3.6/23 kB
Progress (5): 405/615 kB | 0.2/2.0 MB | 0.2/1.6 MB | 185/296 kB | 3.6/23 kB
Progress (5): 405/615 kB | 0.2/2.0 MB | 0.2/1.6 MB | 185/296 kB | 5.0/23 kB
Progress (5): 405/615 kB | 0.2/2.0 MB | 0.2/1.6 MB | 185/296 kB | 6.4/23 kB
Progress (5): 405/615 kB | 0.2/2.0 MB | 0.2/1.6 MB | 185/296 kB | 7.7/23 kB
Progress (5): 405/615 kB | 0.2/2.0 MB | 0.2/1.6 MB | 185/296 kB | 9.1/23 kB
Progress (5): 405/615 kB | 0.2/2.0 MB | 0.2/1.6 MB | 185/296 kB | 10/23 kB 
Progress (5): 405/615 kB | 0.2/2.0 MB | 0.2/1.6 MB | 185/296 kB | 12/23 kB
Progress (5): 405/615 kB | 0.3/2.0 MB | 0.2/1.6 MB | 185/296 kB | 12/23 kB
Progress (5): 405/615 kB | 0.3/2.0 MB | 0.2/1.6 MB | 185/296 kB | 13/23 kB
Progress (5): 405/615 kB | 0.3/2.0 MB | 0.2/1.6 MB | 185/296 kB | 15/23 kB
Progress (5): 405/615 kB | 0.3/2.0 MB | 0.2/1.6 MB | 185/296 kB | 16/23 kB
Progress (5): 405/615 kB | 0.3/2.0 MB | 0.2/1.6 MB | 189/296 kB | 16/23 kB
Progress (5): 405/615 kB | 0.3/2.0 MB | 0.2/1.6 MB | 189/296 kB | 16/23 kB
Progress (5): 405/615 kB | 0.3/2.0 MB | 0.2/1.6 MB | 189/296 kB | 17/23 kB
Progress (5): 421/615 kB | 0.3/2.0 MB | 0.2/1.6 MB | 189/296 kB | 17/23 kB
Progress (5): 421/615 kB | 0.3/2.0 MB | 0.2/1.6 MB | 189/296 kB | 19/23 kB
Progress (5): 421/615 kB | 0.3/2.0 MB | 0.2/1.6 MB | 189/296 kB | 20/23 kB
Progress (5): 421/615 kB | 0.3/2.0 MB | 0.2/1.6 MB | 189/296 kB | 20/23 kB
Progress (5): 421/615 kB | 0.3/2.0 MB | 0.2/1.6 MB | 189/296 kB | 21/23 kB
Progress (5): 421/615 kB | 0.3/2.0 MB | 0.2/1.6 MB | 193/296 kB | 21/23 kB
Progress (5): 421/615 kB | 0.3/2.0 MB | 0.2/1.6 MB | 197/296 kB | 21/23 kB
Progress (5): 421/615 kB | 0.3/2.0 MB | 0.2/1.6 MB | 202/296 kB | 21/23 kB
Progress (5): 421/615 kB | 0.3/2.0 MB | 0.2/1.6 MB | 202/296 kB | 23/23 kB
Progress (5): 421/615 kB | 0.3/2.0 MB | 0.2/1.6 MB | 202/296 kB | 23 kB   
Progress (5): 421/615 kB | 0.3/2.0 MB | 0.2/1.6 MB | 205/296 kB | 23 kB
Progress (5): 421/615 kB | 0.3/2.0 MB | 0.2/1.6 MB | 205/296 kB | 23 kB
                                                                       
Downloaded from central: https://repo.maven.apache.org/maven2/org/apache/logging/log4j/log4j-to-slf4j/2.23.1/log4j-to-slf4j-2.23.1.jar (23 kB at 216 kB/s)
Downloading from central: https://repo.maven.apache.org/maven2/org/apache/logging/log4j/log4j-api/2.23.1/log4j-api-2.23.1.jar
Progress (4): 421/615 kB | 0.3/2.0 MB | 0.3/1.6 MB | 205/296 kB
Progress (4): 421/615 kB | 0.3/2.0 MB | 0.3/1.6 MB | 209/296 kB
Progress (4): 421/615 kB | 0.3/2.0 MB | 0.3/1.6 MB | 209/296 kB
Progress (4): 421/615 kB | 0.3/2.0 MB | 0.3/1.6 MB | 213/296 kB
Progress (4): 437/615 kB | 0.3/2.0 MB | 0.3/1.6 MB | 213/296 kB
Progress (4): 437/615 kB | 0.3/2.0 MB | 0.3/1.6 MB | 217/296 kB
Progress (4): 437/615 kB | 0.3/2.0 MB | 0.3/1.6 MB | 217/296 kB
Progress (4): 454/615 kB | 0.3/2.0 MB | 0.3/1.6 MB | 217/296 kB
Progress (4): 454/615 kB | 0.3/2.0 MB | 0.3/1.6 MB | 217/296 kB
Progress (4): 454/615 kB | 0.3/2.0 MB | 0.3/1.6 MB | 234/296 kB
Progress (4): 454/615 kB | 0.3/2.0 MB | 0.3/1.6 MB | 234/296 kB
Progress (4): 454/615 kB | 0.3/2.0 MB | 0.3/1.6 MB | 238/296 kB
Progress (4): 454/615 kB | 0.3/2.0 MB | 0.3/1.6 MB | 238/296 kB
Progress (4): 470/615 kB | 0.3/2.0 MB | 0.3/1.6 MB | 238/296 kB
Progress (4): 470/615 kB | 0.3/2.0 MB | 0.3/1.6 MB | 254/296 kB
Progress (4): 470/615 kB | 0.3/2.0 MB | 0.3/1.6 MB | 254/296 kB
Progress (4): 470/615 kB | 0.3/2.0 MB | 0.3/1.6 MB | 254/296 kB
Progress (4): 470/615 kB | 0.3/2.0 MB | 0.3/1.6 MB | 254/296 kB
Progress (4): 470/615 kB | 0.3/2.0 MB | 0.3/1.6 MB | 270/296 kB
Progress (4): 487/615 kB | 0.3/2.0 MB | 0.3/1.6 MB | 270/296 kB
Progress (4): 487/615 kB | 0.3/2.0 MB | 0.3/1.6 MB | 270/296 kB
Progress (4): 487/615 kB | 0.4/2.0 MB | 0.3/1.6 MB | 270/296 kB
Progress (4): 487/615 kB | 0.4/2.0 MB | 0.3/1.6 MB | 287/296 kB
Progress (4): 503/615 kB | 0.4/2.0 MB | 0.3/1.6 MB | 287/296 kB
Progress (4): 503/615 kB | 0.4/2.0 MB | 0.3/1.6 MB | 296 kB    
Progress (4): 519/615 kB | 0.4/2.0 MB | 0.3/1.6 MB | 296 kB
Progress (4): 519/615 kB | 0.4/2.0 MB | 0.3/1.6 MB | 296 kB
Progress (4): 519/615 kB | 0.4/2.0 MB | 0.4/1.6 MB | 296 kB
                                                           
Downloaded from central: https://repo.maven.apache.org/maven2/ch/qos/logback/logback-classic/1.5.7/logback-classic-1.5.7.jar (296 kB at 2.5 MB/s)
Downloading from central: https://repo.maven.apache.org/maven2/org/slf4j/jul-to-slf4j/2.0.16/jul-to-slf4j-2.0.16.jar
Progress (3): 519/615 kB | 0.4/2.0 MB | 0.4/1.6 MB
Progress (3): 536/615 kB | 0.4/2.0 MB | 0.4/1.6 MB
Progress (3): 536/615 kB | 0.4/2.0 MB | 0.4/1.6 MB
Progress (3): 552/615 kB | 0.4/2.0 MB | 0.4/1.6 MB
Progress (3): 552/615 kB | 0.4/2.0 MB | 0.4/1.6 MB
Progress (3): 552/615 kB | 0.4/2.0 MB | 0.4/1.6 MB
Progress (3): 568/615 kB | 0.4/2.0 MB | 0.4/1.6 MB
Progress (3): 568/615 kB | 0.4/2.0 MB | 0.4/1.6 MB
Progress (3): 568/615 kB | 0.4/2.0 MB | 0.4/1.6 MB
Progress (3): 585/615 kB | 0.4/2.0 MB | 0.4/1.6 MB
Progress (3): 585/615 kB | 0.4/2.0 MB | 0.4/1.6 MB
Progress (3): 585/615 kB | 0.4/2.0 MB | 0.5/1.6 MB
Progress (3): 585/615 kB | 0.4/2.0 MB | 0.5/1.6 MB
Progress (3): 601/615 kB | 0.4/2.0 MB | 0.5/1.6 MB
Progress (3): 615 kB | 0.4/2.0 MB | 0.5/1.6 MB    
Progress (3): 615 kB | 0.4/2.0 MB | 0.5/1.6 MB
Progress (3): 615 kB | 0.4/2.0 MB | 0.5/1.6 MB
Progress (3): 615 kB | 0.4/2.0 MB | 0.5/1.6 MB
                                              
Downloaded from central: https://repo.maven.apache.org/maven2/ch/qos/logback/logback-core/1.5.7/logback-core-1.5.7.jar (615 kB at 4.8 MB/s)
Downloading from central: https://repo.maven.apache.org/maven2/jakarta/annotation/jakarta.annotation-api/2.1.1/jakarta.annotation-api-2.1.1.jar
Progress (2): 0.5/2.0 MB | 0.5/1.6 MB
Progress (2): 0.5/2.0 MB | 0.5/1.6 MB
Progress (2): 0.5/2.0 MB | 0.5/1.6 MB
Progress (2): 0.5/2.0 MB | 0.5/1.6 MB
Progress (2): 0.5/2.0 MB | 0.5/1.6 MB
Progress (3): 0.5/2.0 MB | 0.5/1.6 MB | 0.9/343 kB
Progress (3): 0.5/2.0 MB | 0.5/1.6 MB | 2.3/343 kB
Progress (3): 0.5/2.0 MB | 0.5/1.6 MB | 3.7/343 kB
Progress (3): 0.5/2.0 MB | 0.5/1.6 MB | 3.7/343 kB
Progress (3): 0.5/2.0 MB | 0.5/1.6 MB | 5.0/343 kB
Progress (3): 0.5/2.0 MB | 0.5/1.6 MB | 6.4/343 kB
Progress (3): 0.5/2.0 MB | 0.5/1.6 MB | 7.8/343 kB
Progress (3): 0.5/2.0 MB | 0.5/1.6 MB | 7.8/343 kB
Progress (3): 0.5/2.0 MB | 0.5/1.6 MB | 9.1/343 kB
Progress (3): 0.5/2.0 MB | 0.5/1.6 MB | 11/343 kB 
Progress (3): 0.5/2.0 MB | 0.5/1.6 MB | 12/343 kB
Progress (3): 0.5/2.0 MB | 0.5/1.6 MB | 13/343 kB
Progress (3): 0.5/2.0 MB | 0.5/1.6 MB | 15/343 kB
Progress (3): 0.5/2.0 MB | 0.5/1.6 MB | 16/343 kB
Progress (3): 0.5/2.0 MB | 0.5/1.6 MB | 16/343 kB
Progress (3): 0.5/2.0 MB | 0.5/1.6 MB | 17/343 kB
Progress (3): 0.5/2.0 MB | 0.5/1.6 MB | 19/343 kB
Progress (3): 0.5/2.0 MB | 0.5/1.6 MB | 20/343 kB
Progress (3): 0.5/2.0 MB | 0.5/1.6 MB | 21/343 kB
Progress (3): 0.5/2.0 MB | 0.5/1.6 MB | 23/343 kB
Progress (3): 0.5/2.0 MB | 0.5/1.6 MB | 23/343 kB
Progress (3): 0.5/2.0 MB | 0.5/1.6 MB | 24/343 kB
Progress (3): 0.5/2.0 MB | 0.6/1.6 MB | 24/343 kB
Progress (3): 0.5/2.0 MB | 0.6/1.6 MB | 28/343 kB
Progress (3): 0.5/2.0 MB | 0.6/1.6 MB | 28/343 kB
Progress (3): 0.5/2.0 MB | 0.6/1.6 MB | 28/343 kB
Progress (3): 0.5/2.0 MB | 0.6/1.6 MB | 32/343 kB
Progress (3): 0.5/2.0 MB | 0.6/1.6 MB | 36/343 kB
Progress (3): 0.5/2.0 MB | 0.6/1.6 MB | 41/343 kB
Progress (3): 0.5/2.0 MB | 0.6/1.6 MB | 45/343 kB
Progress (3): 0.5/2.0 MB | 0.6/1.6 MB | 49/343 kB
Progress (3): 0.5/2.0 MB | 0.6/1.6 MB | 49/343 kB
Progress (3): 0.6/2.0 MB | 0.6/1.6 MB | 49/343 kB
Progress (3): 0.6/2.0 MB | 0.6/1.6 MB | 53/343 kB
Progress (3): 0.6/2.0 MB | 0.6/1.6 MB | 58/343 kB
Progress (3): 0.6/2.0 MB | 0.6/1.6 MB | 62/343 kB
Progress (3): 0.6/2.0 MB | 0.6/1.6 MB | 65/343 kB
Progress (3): 0.6/2.0 MB | 0.6/1.6 MB | 65/343 kB
Progress (3): 0.6/2.0 MB | 0.6/1.6 MB | 65/343 kB
Progress (3): 0.6/2.0 MB | 0.6/1.6 MB | 69/343 kB
Progress (3): 0.6/2.0 MB | 0.6/1.6 MB | 73/343 kB
Progress (3): 0.6/2.0 MB | 0.6/1.6 MB | 73/343 kB
Progress (3): 0.6/2.0 MB | 0.6/1.6 MB | 78/343 kB
Progress (3): 0.6/2.0 MB | 0.6/1.6 MB | 82/343 kB
Progress (3): 0.6/2.0 MB | 0.6/1.6 MB | 82/343 kB
Progress (3): 0.6/2.0 MB | 0.6/1.6 MB | 86/343 kB
Progress (3): 0.6/2.0 MB | 0.6/1.6 MB | 90/343 kB
Progress (3): 0.6/2.0 MB | 0.6/1.6 MB | 95/343 kB
Progress (3): 0.6/2.0 MB | 0.6/1.6 MB | 95/343 kB
Progress (3): 0.6/2.0 MB | 0.6/1.6 MB | 95/343 kB
Progress (3): 0.6/2.0 MB | 0.6/1.6 MB | 98/343 kB
Progress (3): 0.6/2.0 MB | 0.6/1.6 MB | 102/343 kB
Progress (3): 0.6/2.0 MB | 0.6/1.6 MB | 106/343 kB
Progress (3): 0.6/2.0 MB | 0.6/1.6 MB | 106/343 kB
Progress (3): 0.6/2.0 MB | 0.6/1.6 MB | 110/343 kB
Progress (3): 0.6/2.0 MB | 0.6/1.6 MB | 110/343 kB
Progress (3): 0.6/2.0 MB | 0.6/1.6 MB | 115/343 kB
Progress (3): 0.6/2.0 MB | 0.7/1.6 MB | 115/343 kB
Progress (3): 0.6/2.0 MB | 0.7/1.6 MB | 119/343 kB
Progress (3): 0.6/2.0 MB | 0.7/1.6 MB | 123/343 kB
Progress (3): 0.6/2.0 MB | 0.7/1.6 MB | 123/343 kB
Progress (3): 0.6/2.0 MB | 0.7/1.6 MB | 127/343 kB
Progress (3): 0.6/2.0 MB | 0.7/1.6 MB | 131/343 kB
Progress (3): 0.6/2.0 MB | 0.7/1.6 MB | 135/343 kB
Progress (3): 0.6/2.0 MB | 0.7/1.6 MB | 139/343 kB
Progress (3): 0.6/2.0 MB | 0.7/1.6 MB | 143/343 kB
Progress (3): 0.6/2.0 MB | 0.7/1.6 MB | 147/343 kB
Progress (3): 0.6/2.0 MB | 0.7/1.6 MB | 152/343 kB
Progress (3): 0.6/2.0 MB | 0.7/1.6 MB | 156/343 kB
Progress (3): 0.6/2.0 MB | 0.7/1.6 MB | 156/343 kB
Progress (3): 0.6/2.0 MB | 0.7/1.6 MB | 160/343 kB
Progress (4): 0.6/2.0 MB | 0.7/1.6 MB | 160/343 kB | 3.7/6.4 kB
Progress (4): 0.7/2.0 MB | 0.7/1.6 MB | 160/343 kB | 3.7/6.4 kB
Progress (4): 0.7/2.0 MB | 0.7/1.6 MB | 160/343 kB | 6.4 kB    
Progress (4): 0.7/2.0 MB | 0.7/1.6 MB | 163/343 kB | 6.4 kB
                                                           
Downloaded from central: https://repo.maven.apache.org/maven2/org/slf4j/jul-to-slf4j/2.0.16/jul-to-slf4j-2.0.16.jar (6.4 kB at 44 kB/s)
Downloading from central: https://repo.maven.apache.org/maven2/org/yaml/snakeyaml/2.2/snakeyaml-2.2.jar
Progress (3): 0.7/2.0 MB | 0.7/1.6 MB | 168/343 kB
Progress (3): 0.7/2.0 MB | 0.7/1.6 MB | 168/343 kB
Progress (3): 0.7/2.0 MB | 0.7/1.6 MB | 168/343 kB
Progress (3): 0.7/2.0 MB | 0.7/1.6 MB | 168/343 kB
Progress (3): 0.7/2.0 MB | 0.7/1.6 MB | 172/343 kB
Progress (3): 0.7/2.0 MB | 0.7/1.6 MB | 176/343 kB
Progress (3): 0.7/2.0 MB | 0.7/1.6 MB | 176/343 kB
Progress (3): 0.7/2.0 MB | 0.7/1.6 MB | 180/343 kB
Progress (3): 0.7/2.0 MB | 0.7/1.6 MB | 184/343 kB
Progress (3): 0.7/2.0 MB | 0.7/1.6 MB | 189/343 kB
Progress (3): 0.7/2.0 MB | 0.7/1.6 MB | 189/343 kB
Progress (3): 0.7/2.0 MB | 0.7/1.6 MB | 189/343 kB
Progress (3): 0.7/2.0 MB | 0.7/1.6 MB | 196/343 kB
Progress (3): 0.7/2.0 MB | 0.7/1.6 MB | 212/343 kB
Progress (3): 0.7/2.0 MB | 0.7/1.6 MB | 212/343 kB
Progress (4): 0.7/2.0 MB | 0.7/1.6 MB | 212/343 kB | 7.7/26 kB
Progress (4): 0.7/2.0 MB | 0.7/1.6 MB | 212/343 kB | 7.7/26 kB
Progress (4): 0.7/2.0 MB | 0.7/1.6 MB | 212/343 kB | 16/26 kB 
Progress (4): 0.7/2.0 MB | 0.7/1.6 MB | 229/343 kB | 16/26 kB
Progress (4): 0.7/2.0 MB | 0.7/1.6 MB | 229/343 kB | 20/26 kB
Progress (4): 0.7/2.0 MB | 0.7/1.6 MB | 229/343 kB | 26 kB   
Progress (4): 0.7/2.0 MB | 0.7/1.6 MB | 229/343 kB | 26 kB
Progress (4): 0.7/2.0 MB | 0.8/1.6 MB | 229/343 kB | 26 kB
Progress (4): 0.7/2.0 MB | 0.8/1.6 MB | 245/343 kB | 26 kB
                                                          
Downloaded from central: https://repo.maven.apache.org/maven2/jakarta/annotation/jakarta.annotation-api/2.1.1/jakarta.annotation-api-2.1.1.jar (26 kB at 169 kB/s)
Downloading from central: https://repo.maven.apache.org/maven2/org/springframework/boot/spring-boot-starter-json/3.3.3/spring-boot-starter-json-3.3.3.jar
Progress (3): 0.8/2.0 MB | 0.8/1.6 MB | 245/343 kB
Progress (3): 0.8/2.0 MB | 0.8/1.6 MB | 262/343 kB
Progress (3): 0.8/2.0 MB | 0.8/1.6 MB | 262/343 kB
Progress (3): 0.8/2.0 MB | 0.8/1.6 MB | 262/343 kB
Progress (3): 0.8/2.0 MB | 0.8/1.6 MB | 278/343 kB
Progress (3): 0.8/2.0 MB | 0.8/1.6 MB | 278/343 kB
Progress (3): 0.8/2.0 MB | 0.8/1.6 MB | 278/343 kB
Progress (3): 0.8/2.0 MB | 0.8/1.6 MB | 294/343 kB
Progress (3): 0.8/2.0 MB | 0.8/1.6 MB | 311/343 kB
Progress (3): 0.8/2.0 MB | 0.8/1.6 MB | 311/343 kB
Progress (3): 0.8/2.0 MB | 0.8/1.6 MB | 311/343 kB
Progress (3): 0.8/2.0 MB | 0.8/1.6 MB | 327/343 kB
Progress (3): 0.8/2.0 MB | 0.8/1.6 MB | 327/343 kB
Progress (3): 0.8/2.0 MB | 0.9/1.6 MB | 327/343 kB
Progress (3): 0.8/2.0 MB | 0.9/1.6 MB | 343 kB    
Progress (3): 0.8/2.0 MB | 0.9/1.6 MB | 343 kB
                                              
Downloaded from central: https://repo.maven.apache.org/maven2/org/apache/logging/log4j/log4j-api/2.23.1/log4j-api-2.23.1.jar (343 kB at 2.1 MB/s)
Downloading from central: https://repo.maven.apache.org/maven2/com/fasterxml/jackson/core/jackson-databind/2.17.2/jackson-databind-2.17.2.jar
Progress (2): 0.8/2.0 MB | 0.9/1.6 MB
Progress (2): 0.8/2.0 MB | 0.9/1.6 MB
Progress (2): 0.8/2.0 MB | 0.9/1.6 MB
Progress (2): 0.8/2.0 MB | 0.9/1.6 MB
Progress (2): 0.8/2.0 MB | 0.9/1.6 MB
Progress (2): 0.9/2.0 MB | 0.9/1.6 MB
Progress (2): 0.9/2.0 MB | 0.9/1.6 MB
Progress (2): 0.9/2.0 MB | 0.9/1.6 MB
Progress (2): 0.9/2.0 MB | 0.9/1.6 MB
Progress (2): 0.9/2.0 MB | 1.0/1.6 MB
Progress (2): 0.9/2.0 MB | 1.0/1.6 MB
Progress (2): 0.9/2.0 MB | 1.0/1.6 MB
Progress (2): 0.9/2.0 MB | 1.0/1.6 MB
Progress (2): 0.9/2.0 MB | 1.0/1.6 MB
Progress (3): 0.9/2.0 MB | 1.0/1.6 MB | 3.7/334 kB
Progress (3): 0.9/2.0 MB | 1.0/1.6 MB | 3.7/334 kB
Progress (3): 0.9/2.0 MB | 1.0/1.6 MB | 3.7/334 kB
Progress (3): 0.9/2.0 MB | 1.0/1.6 MB | 3.7/334 kB
Progress (3): 0.9/2.0 MB | 1.0/1.6 MB | 20/334 kB 
Progress (3): 0.9/2.0 MB | 1.0/1.6 MB | 36/334 kB
Progress (3): 0.9/2.0 MB | 1.0/1.6 MB | 36/334 kB
Progress (3): 0.9/2.0 MB | 1.0/1.6 MB | 36/334 kB
Progress (3): 1.0/2.0 MB | 1.0/1.6 MB | 36/334 kB
Progress (4): 1.0/2.0 MB | 1.0/1.6 MB | 36/334 kB | 4.7 kB
Progress (4): 1.0/2.0 MB | 1.0/1.6 MB | 53/334 kB | 4.7 kB
                                                          
Downloaded from central: https://repo.maven.apache.org/maven2/org/springframework/boot/spring-boot-starter-json/3.3.3/spring-boot-starter-json-3.3.3.jar (4.7 kB at 27 kB/s)
Progress (3): 1.0/2.0 MB | 1.0/1.6 MB | 53/334 kB
                                                 
Downloading from central: https://repo.maven.apache.org/maven2/com/fasterxml/jackson/core/jackson-annotations/2.17.2/jackson-annotations-2.17.2.jar
Progress (3): 1.0/2.0 MB | 1.1/1.6 MB | 53/334 kB
Progress (3): 1.0/2.0 MB | 1.1/1.6 MB | 69/334 kB
Progress (3): 1.0/2.0 MB | 1.1/1.6 MB | 86/334 kB
Progress (3): 1.0/2.0 MB | 1.1/1.6 MB | 86/334 kB
Progress (3): 1.0/2.0 MB | 1.1/1.6 MB | 86/334 kB
Progress (3): 1.0/2.0 MB | 1.1/1.6 MB | 86/334 kB
Progress (3): 1.0/2.0 MB | 1.1/1.6 MB | 102/334 kB
Progress (3): 1.0/2.0 MB | 1.1/1.6 MB | 102/334 kB
Progress (3): 1.0/2.0 MB | 1.1/1.6 MB | 102/334 kB
Progress (3): 1.0/2.0 MB | 1.1/1.6 MB | 102/334 kB
Progress (3): 1.0/2.0 MB | 1.1/1.6 MB | 118/334 kB
Progress (3): 1.0/2.0 MB | 1.1/1.6 MB | 135/334 kB
Progress (3): 1.0/2.0 MB | 1.1/1.6 MB | 135/334 kB
Progress (3): 1.0/2.0 MB | 1.1/1.6 MB | 135/334 kB
Progress (3): 1.0/2.0 MB | 1.1/1.6 MB | 135/334 kB
Progress (3): 1.0/2.0 MB | 1.1/1.6 MB | 151/334 kB
Progress (3): 1.0/2.0 MB | 1.1/1.6 MB | 151/334 kB
Progress (3): 1.0/2.0 MB | 1.2/1.6 MB | 151/334 kB
Progress (3): 1.0/2.0 MB | 1.2/1.6 MB | 151/334 kB
Progress (3): 1.1/2.0 MB | 1.2/1.6 MB | 151/334 kB
Progress (3): 1.1/2.0 MB | 1.2/1.6 MB | 168/334 kB
Progress (3): 1.1/2.0 MB | 1.2/1.6 MB | 184/334 kB
Progress (3): 1.1/2.0 MB | 1.2/1.6 MB | 184/334 kB
Progress (3): 1.1/2.0 MB | 1.2/1.6 MB | 184/334 kB
Progress (3): 1.1/2.0 MB | 1.2/1.6 MB | 200/334 kB
Progress (3): 1.1/2.0 MB | 1.2/1.6 MB | 217/334 kB
Progress (3): 1.1/2.0 MB | 1.2/1.6 MB | 217/334 kB
Progress (3): 1.1/2.0 MB | 1.2/1.6 MB | 217/334 kB
Progress (3): 1.1/2.0 MB | 1.2/1.6 MB | 233/334 kB
Progress (4): 1.1/2.0 MB | 1.2/1.6 MB | 233/334 kB | 0/1.6 MB
Progress (4): 1.1/2.0 MB | 1.2/1.6 MB | 233/334 kB | 0/1.6 MB
Progress (4): 1.1/2.0 MB | 1.2/1.6 MB | 249/334 kB | 0/1.6 MB
Progress (4): 1.1/2.0 MB | 1.2/1.6 MB | 249/334 kB | 0/1.6 MB
Progress (4): 1.1/2.0 MB | 1.2/1.6 MB | 249/334 kB | 0/1.6 MB
Progress (4): 1.1/2.0 MB | 1.2/1.6 MB | 249/334 kB | 0/1.6 MB
Progress (4): 1.1/2.0 MB | 1.2/1.6 MB | 266/334 kB | 0/1.6 MB
Progress (4): 1.1/2.0 MB | 1.2/1.6 MB | 266/334 kB | 0/1.6 MB
Progress (4): 1.1/2.0 MB | 1.2/1.6 MB | 282/334 kB | 0/1.6 MB
Progress (4): 1.1/2.0 MB | 1.2/1.6 MB | 282/334 kB | 0/1.6 MB
Progress (4): 1.1/2.0 MB | 1.2/1.6 MB | 282/334 kB | 0/1.6 MB
Progress (4): 1.1/2.0 MB | 1.2/1.6 MB | 282/334 kB | 0.1/1.6 MB
Progress (4): 1.1/2.0 MB | 1.2/1.6 MB | 282/334 kB | 0.1/1.6 MB
Progress (4): 1.1/2.0 MB | 1.3/1.6 MB | 282/334 kB | 0.1/1.6 MB
Progress (4): 1.2/2.0 MB | 1.3/1.6 MB | 282/334 kB | 0.1/1.6 MB
Progress (4): 1.2/2.0 MB | 1.3/1.6 MB | 299/334 kB | 0.1/1.6 MB
Progress (4): 1.2/2.0 MB | 1.3/1.6 MB | 299/334 kB | 0.1/1.6 MB
Progress (5): 1.2/2.0 MB | 1.3/1.6 MB | 299/334 kB | 0.1/1.6 MB | 3.7/78 kB
Progress (5): 1.2/2.0 MB | 1.3/1.6 MB | 315/334 kB | 0.1/1.6 MB | 3.7/78 kB
Progress (5): 1.2/2.0 MB | 1.3/1.6 MB | 315/334 kB | 0.1/1.6 MB | 3.7/78 kB
Progress (5): 1.2/2.0 MB | 1.3/1.6 MB | 315/334 kB | 0.1/1.6 MB | 3.7/78 kB
Progress (5): 1.2/2.0 MB | 1.3/1.6 MB | 315/334 kB | 0.1/1.6 MB | 3.7/78 kB
Progress (5): 1.2/2.0 MB | 1.3/1.6 MB | 315/334 kB | 0.1/1.6 MB | 20/78 kB 
Progress (5): 1.2/2.0 MB | 1.3/1.6 MB | 315/334 kB | 0.1/1.6 MB | 20/78 kB
Progress (5): 1.2/2.0 MB | 1.3/1.6 MB | 315/334 kB | 0.1/1.6 MB | 20/78 kB
Progress (5): 1.2/2.0 MB | 1.3/1.6 MB | 331/334 kB | 0.1/1.6 MB | 20/78 kB
Progress (5): 1.2/2.0 MB | 1.3/1.6 MB | 331/334 kB | 0.1/1.6 MB | 20/78 kB
Progress (5): 1.2/2.0 MB | 1.3/1.6 MB | 331/334 kB | 0.1/1.6 MB | 20/78 kB
Progress (5): 1.2/2.0 MB | 1.3/1.6 MB | 334 kB | 0.1/1.6 MB | 20/78 kB    
Progress (5): 1.2/2.0 MB | 1.3/1.6 MB | 334 kB | 0.1/1.6 MB | 20/78 kB
Progress (5): 1.2/2.0 MB | 1.3/1.6 MB | 334 kB | 0.1/1.6 MB | 36/78 kB
                                                                      
Downloaded from central: https://repo.maven.apache.org/maven2/org/yaml/snakeyaml/2.2/snakeyaml-2.2.jar (334 kB at 1.5 MB/s)
Downloading from central: https://repo.maven.apache.org/maven2/com/fasterxml/jackson/datatype/jackson-datatype-jdk8/2.17.2/jackson-datatype-jdk8-2.17.2.jar
Progress (4): 1.2/2.0 MB | 1.3/1.6 MB | 0.1/1.6 MB | 36/78 kB
Progress (4): 1.2/2.0 MB | 1.3/1.6 MB | 0.1/1.6 MB | 53/78 kB
Progress (4): 1.2/2.0 MB | 1.3/1.6 MB | 0.1/1.6 MB | 53/78 kB
Progress (4): 1.2/2.0 MB | 1.3/1.6 MB | 0.1/1.6 MB | 53/78 kB
Progress (4): 1.2/2.0 MB | 1.3/1.6 MB | 0.1/1.6 MB | 53/78 kB
Progress (4): 1.2/2.0 MB | 1.3/1.6 MB | 0.1/1.6 MB | 53/78 kB
Progress (4): 1.2/2.0 MB | 1.3/1.6 MB | 0.1/1.6 MB | 53/78 kB
Progress (4): 1.2/2.0 MB | 1.3/1.6 MB | 0.1/1.6 MB | 53/78 kB
Progress (4): 1.2/2.0 MB | 1.3/1.6 MB | 0.1/1.6 MB | 69/78 kB
Progress (4): 1.2/2.0 MB | 1.3/1.6 MB | 0.1/1.6 MB | 69/78 kB
Progress (4): 1.2/2.0 MB | 1.3/1.6 MB | 0.1/1.6 MB | 78 kB   
Progress (4): 1.2/2.0 MB | 1.3/1.6 MB | 0.2/1.6 MB | 78 kB
Progress (4): 1.2/2.0 MB | 1.4/1.6 MB | 0.2/1.6 MB | 78 kB
                                                          
Downloaded from central: https://repo.maven.apache.org/maven2/com/fasterxml/jackson/core/jackson-annotations/2.17.2/jackson-annotations-2.17.2.jar (78 kB at 346 kB/s)
Downloading from central: https://repo.maven.apache.org/maven2/com/fasterxml/jackson/datatype/jackson-datatype-jsr310/2.17.2/jackson-datatype-jsr310-2.17.2.jar
Progress (3): 1.2/2.0 MB | 1.4/1.6 MB | 0.2/1.6 MB
Progress (3): 1.2/2.0 MB | 1.4/1.6 MB | 0.2/1.6 MB
Progress (3): 1.3/2.0 MB | 1.4/1.6 MB | 0.2/1.6 MB
Progress (3): 1.3/2.0 MB | 1.4/1.6 MB | 0.2/1.6 MB
Progress (3): 1.3/2.0 MB | 1.4/1.6 MB | 0.2/1.6 MB
Progress (3): 1.3/2.0 MB | 1.4/1.6 MB | 0.2/1.6 MB
Progress (3): 1.3/2.0 MB | 1.4/1.6 MB | 0.2/1.6 MB
Progress (3): 1.3/2.0 MB | 1.4/1.6 MB | 0.2/1.6 MB
Progress (3): 1.3/2.0 MB | 1.4/1.6 MB | 0.2/1.6 MB
Progress (3): 1.3/2.0 MB | 1.4/1.6 MB | 0.2/1.6 MB
Progress (3): 1.3/2.0 MB | 1.4/1.6 MB | 0.2/1.6 MB
Progress (3): 1.3/2.0 MB | 1.4/1.6 MB | 0.2/1.6 MB
Progress (3): 1.3/2.0 MB | 1.4/1.6 MB | 0.2/1.6 MB
Progress (3): 1.3/2.0 MB | 1.4/1.6 MB | 0.2/1.6 MB
Progress (3): 1.3/2.0 MB | 1.4/1.6 MB | 0.2/1.6 MB
Progress (3): 1.3/2.0 MB | 1.4/1.6 MB | 0.3/1.6 MB
Progress (3): 1.3/2.0 MB | 1.5/1.6 MB | 0.3/1.6 MB
Progress (3): 1.3/2.0 MB | 1.5/1.6 MB | 0.3/1.6 MB
Progress (3): 1.3/2.0 MB | 1.5/1.6 MB | 0.3/1.6 MB
Progress (3): 1.3/2.0 MB | 1.5/1.6 MB | 0.3/1.6 MB
Progress (3): 1.3/2.0 MB | 1.5/1.6 MB | 0.3/1.6 MB
Progress (3): 1.3/2.0 MB | 1.5/1.6 MB | 0.3/1.6 MB
Progress (3): 1.3/2.0 MB | 1.5/1.6 MB | 0.3/1.6 MB
Progress (3): 1.3/2.0 MB | 1.5/1.6 MB | 0.3/1.6 MB
Progress (3): 1.4/2.0 MB | 1.5/1.6 MB | 0.3/1.6 MB
Progress (3): 1.4/2.0 MB | 1.5/1.6 MB | 0.3/1.6 MB
Progress (3): 1.4/2.0 MB | 1.5/1.6 MB | 0.3/1.6 MB
Progress (3): 1.4/2.0 MB | 1.5/1.6 MB | 0.3/1.6 MB
Progress (3): 1.4/2.0 MB | 1.5/1.6 MB | 0.3/1.6 MB
Progress (3): 1.4/2.0 MB | 1.5/1.6 MB | 0.3/1.6 MB
Progress (3): 1.4/2.0 MB | 1.6/1.6 MB | 0.3/1.6 MB
Progress (3): 1.4/2.0 MB | 1.6/1.6 MB | 0.3/1.6 MB
Progress (3): 1.4/2.0 MB | 1.6/1.6 MB | 0.3/1.6 MB
Progress (3): 1.4/2.0 MB | 1.6/1.6 MB | 0.3/1.6 MB
Progress (3): 1.4/2.0 MB | 1.6/1.6 MB | 0.4/1.6 MB
Progress (3): 1.4/2.0 MB | 1.6/1.6 MB | 0.4/1.6 MB
Progress (3): 1.4/2.0 MB | 1.6/1.6 MB | 0.4/1.6 MB
Progress (3): 1.4/2.0 MB | 1.6/1.6 MB | 0.4/1.6 MB
Progress (3): 1.4/2.0 MB | 1.6/1.6 MB | 0.4/1.6 MB
Progress (3): 1.4/2.0 MB | 1.6/1.6 MB | 0.4/1.6 MB
Progress (3): 1.4/2.0 MB | 1.6/1.6 MB | 0.4/1.6 MB
Progress (3): 1.4/2.0 MB | 1.6/1.6 MB | 0.4/1.6 MB
Progress (3): 1.4/2.0 MB | 1.6/1.6 MB | 0.4/1.6 MB
Progress (4): 1.4/2.0 MB | 1.6/1.6 MB | 0.4/1.6 MB | 3.7/36 kB
Progress (4): 1.5/2.0 MB | 1.6/1.6 MB | 0.4/1.6 MB | 3.7/36 kB
Progress (4): 1.5/2.0 MB | 1.6/1.6 MB | 0.4/1.6 MB | 3.7/36 kB
Progress (4): 1.5/2.0 MB | 1.6/1.6 MB | 0.4/1.6 MB | 20/36 kB 
Progress (4): 1.5/2.0 MB | 1.6/1.6 MB | 0.4/1.6 MB | 20/36 kB
Progress (4): 1.5/2.0 MB | 1.6 MB | 0.4/1.6 MB | 20/36 kB    
Progress (4): 1.5/2.0 MB | 1.6 MB | 0.4/1.6 MB | 20/36 kB
                                                         
Downloaded from central: https://repo.maven.apache.org/maven2/org/springframework/boot/spring-boot/3.3.3/spring-boot-3.3.3.jar (1.6 MB at 6.5 MB/s)
Downloading from central: https://repo.maven.apache.org/maven2/com/fasterxml/jackson/module/jackson-module-parameter-names/2.17.2/jackson-module-parameter-names-2.17.2.jar
Progress (3): 1.5/2.0 MB | 0.4/1.6 MB | 20/36 kB
Progress (3): 1.5/2.0 MB | 0.4/1.6 MB | 36 kB   
Progress (3): 1.5/2.0 MB | 0.4/1.6 MB | 36 kB
Progress (3): 1.5/2.0 MB | 0.4/1.6 MB | 36 kB
                                             
Downloaded from central: https://repo.maven.apache.org/maven2/com/fasterxml/jackson/datatype/jackson-datatype-jdk8/2.17.2/jackson-datatype-jdk8-2.17.2.jar (36 kB at 143 kB/s)
Progress (2): 1.5/2.0 MB | 0.4/1.6 MB
                                     
Downloading from central: https://repo.maven.apache.org/maven2/org/springframework/boot/spring-boot-starter-tomcat/3.3.3/spring-boot-starter-tomcat-3.3.3.jar
Progress (2): 1.5/2.0 MB | 0.5/1.6 MB
Progress (2): 1.5/2.0 MB | 0.5/1.6 MB
Progress (2): 1.5/2.0 MB | 0.5/1.6 MB
Progress (2): 1.5/2.0 MB | 0.5/1.6 MB
Progress (2): 1.6/2.0 MB | 0.5/1.6 MB
Progress (2): 1.6/2.0 MB | 0.5/1.6 MB
Progress (2): 1.6/2.0 MB | 0.5/1.6 MB
Progress (2): 1.6/2.0 MB | 0.5/1.6 MB
Progress (2): 1.6/2.0 MB | 0.5/1.6 MB
Progress (3): 1.6/2.0 MB | 0.5/1.6 MB | 7.7/132 kB
Progress (3): 1.6/2.0 MB | 0.5/1.6 MB | 16/132 kB 
Progress (3): 1.6/2.0 MB | 0.5/1.6 MB | 16/132 kB
Progress (3): 1.6/2.0 MB | 0.5/1.6 MB | 16/132 kB
Progress (3): 1.6/2.0 MB | 0.5/1.6 MB | 32/132 kB
Progress (3): 1.6/2.0 MB | 0.5/1.6 MB | 49/132 kB
Progress (3): 1.6/2.0 MB | 0.5/1.6 MB | 49/132 kB
Progress (3): 1.6/2.0 MB | 0.5/1.6 MB | 65/132 kB
Progress (3): 1.6/2.0 MB | 0.6/1.6 MB | 65/132 kB
Progress (3): 1.6/2.0 MB | 0.6/1.6 MB | 65/132 kB
Progress (3): 1.6/2.0 MB | 0.6/1.6 MB | 65/132 kB
Progress (3): 1.6/2.0 MB | 0.6/1.6 MB | 65/132 kB
Progress (3): 1.6/2.0 MB | 0.6/1.6 MB | 81/132 kB
Progress (3): 1.6/2.0 MB | 0.6/1.6 MB | 81/132 kB
Progress (3): 1.6/2.0 MB | 0.6/1.6 MB | 81/132 kB
Progress (3): 1.7/2.0 MB | 0.6/1.6 MB | 81/132 kB
Progress (3): 1.7/2.0 MB | 0.6/1.6 MB | 98/132 kB
Progress (3): 1.7/2.0 MB | 0.6/1.6 MB | 98/132 kB
Progress (3): 1.7/2.0 MB | 0.6/1.6 MB | 98/132 kB
Progress (3): 1.7/2.0 MB | 0.6/1.6 MB | 98/132 kB
Progress (3): 1.7/2.0 MB | 0.7/1.6 MB | 98/132 kB
Progress (3): 1.7/2.0 MB | 0.7/1.6 MB | 98/132 kB
Progress (3): 1.7/2.0 MB | 0.7/1.6 MB | 114/132 kB
Progress (3): 1.7/2.0 MB | 0.7/1.6 MB | 114/132 kB
Progress (3): 1.7/2.0 MB | 0.7/1.6 MB | 114/132 kB
Progress (3): 1.7/2.0 MB | 0.7/1.6 MB | 114/132 kB
Progress (3): 1.7/2.0 MB | 0.7/1.6 MB | 114/132 kB
Progress (3): 1.7/2.0 MB | 0.7/1.6 MB | 131/132 kB
Progress (3): 1.7/2.0 MB | 0.7/1.6 MB | 132 kB    
Progress (3): 1.7/2.0 MB | 0.7/1.6 MB | 132 kB
                                              
Downloaded from central: https://repo.maven.apache.org/maven2/com/fasterxml/jackson/datatype/jackson-datatype-jsr310/2.17.2/jackson-datatype-jsr310-2.17.2.jar (132 kB at 492 kB/s)
Progress (2): 1.7/2.0 MB | 0.7/1.6 MB
                                     
Downloading from central: https://repo.maven.apache.org/maven2/org/apache/tomcat/embed/tomcat-embed-core/10.1.28/tomcat-embed-core-10.1.28.jar
Progress (2): 1.8/2.0 MB | 0.7/1.6 MB
Progress (2): 1.8/2.0 MB | 0.7/1.6 MB
Progress (2): 1.8/2.0 MB | 0.7/1.6 MB
Progress (2): 1.8/2.0 MB | 0.7/1.6 MB
Progress (2): 1.8/2.0 MB | 0.7/1.6 MB
Progress (2): 1.8/2.0 MB | 0.7/1.6 MB
Progress (2): 1.8/2.0 MB | 0.8/1.6 MB
Progress (2): 1.8/2.0 MB | 0.8/1.6 MB
Progress (2): 1.8/2.0 MB | 0.8/1.6 MB
Progress (2): 1.8/2.0 MB | 0.8/1.6 MB
Progress (2): 1.8/2.0 MB | 0.8/1.6 MB
Progress (2): 1.8/2.0 MB | 0.8/1.6 MB
Progress (2): 1.8/2.0 MB | 0.8/1.6 MB
Progress (2): 1.9/2.0 MB | 0.8/1.6 MB
Progress (3): 1.9/2.0 MB | 0.8/1.6 MB | 7.7/10 kB
Progress (3): 1.9/2.0 MB | 0.8/1.6 MB | 8.2/10 kB
Progress (3): 1.9/2.0 MB | 0.8/1.6 MB | 10 kB    
Progress (3): 1.9/2.0 MB | 0.8/1.6 MB | 10 kB
                                             
Downloaded from central: https://repo.maven.apache.org/maven2/com/fasterxml/jackson/module/jackson-module-parameter-names/2.17.2/jackson-module-parameter-names-2.17.2.jar (10 kB at 37 kB/s)
Downloading from central: https://repo.maven.apache.org/maven2/org/apache/tomcat/embed/tomcat-embed-websocket/10.1.28/tomcat-embed-websocket-10.1.28.jar
Progress (2): 1.9/2.0 MB | 0.8/1.6 MB
Progress (3): 1.9/2.0 MB | 0.8/1.6 MB | 3.7/4.8 kB
Progress (3): 1.9/2.0 MB | 0.8/1.6 MB | 4.8 kB    
Progress (3): 1.9/2.0 MB | 0.8/1.6 MB | 4.8 kB
Progress (3): 1.9/2.0 MB | 0.9/1.6 MB | 4.8 kB
                                              
Downloaded from central: https://repo.maven.apache.org/maven2/org/springframework/boot/spring-boot-starter-tomcat/3.3.3/spring-boot-starter-tomcat-3.3.3.jar (4.8 kB at 17 kB/s)
Downloading from central: https://repo.maven.apache.org/maven2/org/springframework/spring-web/6.1.12/spring-web-6.1.12.jar
Progress (2): 1.9/2.0 MB | 0.9/1.6 MB
Progress (2): 1.9/2.0 MB | 0.9/1.6 MB
Progress (2): 1.9/2.0 MB | 0.9/1.6 MB
Progress (2): 1.9/2.0 MB | 0.9/1.6 MB
Progress (2): 1.9/2.0 MB | 0.9/1.6 MB
Progress (2): 1.9/2.0 MB | 0.9/1.6 MB
Progress (2): 2.0/2.0 MB | 0.9/1.6 MB
Progress (2): 2.0/2.0 MB | 0.9/1.6 MB
Progress (2): 2.0 MB | 0.9/1.6 MB    
                                 
Downloaded from central: https://repo.maven.apache.org/maven2/org/springframework/boot/spring-boot-autoconfigure/3.3.3/spring-boot-autoconfigure-3.3.3.jar (2.0 MB at 6.9 MB/s)
Downloading from central: https://repo.maven.apache.org/maven2/org/springframework/spring-beans/6.1.12/spring-beans-6.1.12.jar
Progress (1): 0.9/1.6 MB
Progress (1): 1.0/1.6 MB
Progress (1): 1.0/1.6 MB
Progress (1): 1.0/1.6 MB
Progress (1): 1.0/1.6 MB
Progress (1): 1.0/1.6 MB
Progress (1): 1.0/1.6 MB
Progress (1): 1.1/1.6 MB
Progress (1): 1.1/1.6 MB
Progress (1): 1.1/1.6 MB
Progress (1): 1.1/1.6 MB
Progress (1): 1.1/1.6 MB
Progress (1): 1.1/1.6 MB
Progress (1): 1.1/1.6 MB
Progress (1): 1.2/1.6 MB
Progress (1): 1.2/1.6 MB
Progress (1): 1.2/1.6 MB
Progress (1): 1.2/1.6 MB
Progress (1): 1.2/1.6 MB
Progress (1): 1.2/1.6 MB
Progress (1): 1.3/1.6 MB
Progress (1): 1.3/1.6 MB
Progress (1): 1.3/1.6 MB
Progress (1): 1.3/1.6 MB
Progress (1): 1.3/1.6 MB
Progress (2): 1.3/1.6 MB | 0/3.6 MB
Progress (2): 1.3/1.6 MB | 0/3.6 MB
Progress (2): 1.3/1.6 MB | 0/3.6 MB
Progress (2): 1.4/1.6 MB | 0/3.6 MB
Progress (2): 1.4/1.6 MB | 0/3.6 MB
Progress (2): 1.4/1.6 MB | 0/3.6 MB
Progress (2): 1.4/1.6 MB | 0.1/3.6 MB
Progress (2): 1.4/1.6 MB | 0.1/3.6 MB
Progress (3): 1.4/1.6 MB | 0.1/3.6 MB | 3.7/282 kB
Progress (3): 1.4/1.6 MB | 0.1/3.6 MB | 3.7/282 kB
Progress (3): 1.4/1.6 MB | 0.1/3.6 MB | 3.7/282 kB
Progress (3): 1.4/1.6 MB | 0.1/3.6 MB | 3.7/282 kB
Progress (3): 1.4/1.6 MB | 0.1/3.6 MB | 3.7/282 kB
Progress (3): 1.4/1.6 MB | 0.1/3.6 MB | 20/282 kB 
Progress (3): 1.4/1.6 MB | 0.1/3.6 MB | 20/282 kB
Progress (3): 1.4/1.6 MB | 0.1/3.6 MB | 20/282 kB
Progress (3): 1.5/1.6 MB | 0.1/3.6 MB | 20/282 kB
Progress (3): 1.5/1.6 MB | 0.1/3.6 MB | 20/282 kB
Progress (3): 1.5/1.6 MB | 0.1/3.6 MB | 36/282 kB
Progress (3): 1.5/1.6 MB | 0.1/3.6 MB | 36/282 kB
Progress (3): 1.5/1.6 MB | 0.1/3.6 MB | 36/282 kB
Progress (3): 1.5/1.6 MB | 0.1/3.6 MB | 36/282 kB
Progress (3): 1.5/1.6 MB | 0.1/3.6 MB | 53/282 kB
Progress (3): 1.5/1.6 MB | 0.2/3.6 MB | 53/282 kB
Progress (3): 1.5/1.6 MB | 0.2/3.6 MB | 53/282 kB
Progress (3): 1.5/1.6 MB | 0.2/3.6 MB | 69/282 kB
Progress (3): 1.5/1.6 MB | 0.2/3.6 MB | 69/282 kB
Progress (3): 1.5/1.6 MB | 0.2/3.6 MB | 69/282 kB
Progress (3): 1.5/1.6 MB | 0.2/3.6 MB | 69/282 kB
Progress (3): 1.5/1.6 MB | 0.2/3.6 MB | 86/282 kB
Progress (3): 1.5/1.6 MB | 0.2/3.6 MB | 86/282 kB
Progress (3): 1.5/1.6 MB | 0.2/3.6 MB | 86/282 kB
Progress (3): 1.5/1.6 MB | 0.2/3.6 MB | 86/282 kB
Progress (3): 1.5/1.6 MB | 0.2/3.6 MB | 102/282 kB
Progress (3): 1.6/1.6 MB | 0.2/3.6 MB | 102/282 kB
Progress (3): 1.6/1.6 MB | 0.2/3.6 MB | 102/282 kB
Progress (3): 1.6/1.6 MB | 0.2/3.6 MB | 102/282 kB
Progress (3): 1.6/1.6 MB | 0.2/3.6 MB | 118/282 kB
Progress (3): 1.6/1.6 MB | 0.2/3.6 MB | 135/282 kB
Progress (3): 1.6/1.6 MB | 0.2/3.6 MB | 135/282 kB
Progress (4): 1.6/1.6 MB | 0.2/3.6 MB | 135/282 kB | 7.7/862 kB
Progress (4): 1.6/1.6 MB | 0.2/3.6 MB | 135/282 kB | 16/862 kB 
Progress (4): 1.6/1.6 MB | 0.2/3.6 MB | 135/282 kB | 20/862 kB
Progress (5): 1.6/1.6 MB | 0.2/3.6 MB | 135/282 kB | 20/862 kB | 0/1.9 MB
Progress (5): 1.6/1.6 MB | 0.2/3.6 MB | 135/282 kB | 20/862 kB | 0/1.9 MB
Progress (5): 1.6/1.6 MB | 0.2/3.6 MB | 135/282 kB | 20/862 kB | 0/1.9 MB
Progress (5): 1.6/1.6 MB | 0.2/3.6 MB | 135/282 kB | 20/862 kB | 0/1.9 MB
Progress (5): 1.6/1.6 MB | 0.2/3.6 MB | 135/282 kB | 20/862 kB | 0/1.9 MB
Progress (5): 1.6/1.6 MB | 0.2/3.6 MB | 135/282 kB | 20/862 kB | 0/1.9 MB
Progress (5): 1.6/1.6 MB | 0.2/3.6 MB | 151/282 kB | 20/862 kB | 0/1.9 MB
Progress (5): 1.6/1.6 MB | 0.2/3.6 MB | 168/282 kB | 20/862 kB | 0/1.9 MB
Progress (5): 1.6/1.6 MB | 0.2/3.6 MB | 168/282 kB | 20/862 kB | 0/1.9 MB
Progress (5): 1.6/1.6 MB | 0.2/3.6 MB | 168/282 kB | 36/862 kB | 0/1.9 MB
Progress (5): 1.6/1.6 MB | 0.2/3.6 MB | 168/282 kB | 36/862 kB | 0.1/1.9 MB
Progress (5): 1.6/1.6 MB | 0.2/3.6 MB | 168/282 kB | 36/862 kB | 0.1/1.9 MB
Progress (5): 1.6/1.6 MB | 0.3/3.6 MB | 168/282 kB | 36/862 kB | 0.1/1.9 MB
Progress (5): 1.6/1.6 MB | 0.3/3.6 MB | 168/282 kB | 53/862 kB | 0.1/1.9 MB
Progress (5): 1.6/1.6 MB | 0.3/3.6 MB | 168/282 kB | 53/862 kB | 0.1/1.9 MB
Progress (5): 1.6/1.6 MB | 0.3/3.6 MB | 168/282 kB | 53/862 kB | 0.1/1.9 MB
Progress (5): 1.6 MB | 0.3/3.6 MB | 168/282 kB | 53/862 kB | 0.1/1.9 MB    
                                                                       
Downloaded from central: https://repo.maven.apache.org/maven2/com/fasterxml/jackson/core/jackson-databind/2.17.2/jackson-databind-2.17.2.jar (1.6 MB at 5.0 MB/s)
Downloading from central: https://repo.maven.apache.org/maven2/org/springframework/spring-webmvc/6.1.12/spring-webmvc-6.1.12.jar
Progress (4): 0.3/3.6 MB | 168/282 kB | 53/862 kB | 0.1/1.9 MB
Progress (4): 0.3/3.6 MB | 168/282 kB | 53/862 kB | 0.1/1.9 MB
Progress (4): 0.3/3.6 MB | 184/282 kB | 53/862 kB | 0.1/1.9 MB
Progress (4): 0.3/3.6 MB | 184/282 kB | 53/862 kB | 0.1/1.9 MB
Progress (4): 0.3/3.6 MB | 184/282 kB | 69/862 kB | 0.1/1.9 MB
Progress (4): 0.3/3.6 MB | 184/282 kB | 69/862 kB | 0.1/1.9 MB
Progress (4): 0.3/3.6 MB | 184/282 kB | 69/862 kB | 0.1/1.9 MB
Progress (4): 0.3/3.6 MB | 200/282 kB | 69/862 kB | 0.1/1.9 MB
Progress (4): 0.3/3.6 MB | 200/282 kB | 69/862 kB | 0.1/1.9 MB
Progress (4): 0.3/3.6 MB | 200/282 kB | 86/862 kB | 0.1/1.9 MB
Progress (4): 0.3/3.6 MB | 200/282 kB | 102/862 kB | 0.1/1.9 MB
Progress (4): 0.3/3.6 MB | 217/282 kB | 102/862 kB | 0.1/1.9 MB
Progress (4): 0.3/3.6 MB | 217/282 kB | 118/862 kB | 0.1/1.9 MB
Progress (4): 0.3/3.6 MB | 217/282 kB | 118/862 kB | 0.1/1.9 MB
Progress (4): 0.3/3.6 MB | 217/282 kB | 118/862 kB | 0.1/1.9 MB
Progress (4): 0.3/3.6 MB | 233/282 kB | 118/862 kB | 0.1/1.9 MB
Progress (4): 0.3/3.6 MB | 249/282 kB | 118/862 kB | 0.1/1.9 MB
Progress (4): 0.3/3.6 MB | 249/282 kB | 135/862 kB | 0.1/1.9 MB
Progress (4): 0.3/3.6 MB | 266/282 kB | 135/862 kB | 0.1/1.9 MB
Progress (4): 0.4/3.6 MB | 266/282 kB | 135/862 kB | 0.1/1.9 MB
Progress (4): 0.4/3.6 MB | 266/282 kB | 135/862 kB | 0.1/1.9 MB
Progress (4): 0.4/3.6 MB | 266/282 kB | 135/862 kB | 0.1/1.9 MB
Progress (4): 0.4/3.6 MB | 282 kB | 135/862 kB | 0.1/1.9 MB    
Progress (4): 0.4/3.6 MB | 282 kB | 151/862 kB | 0.1/1.9 MB
Progress (4): 0.4/3.6 MB | 282 kB | 168/862 kB | 0.1/1.9 MB
                                                           
Downloaded from central: https://repo.maven.apache.org/maven2/org/apache/tomcat/embed/tomcat-embed-websocket/10.1.28/tomcat-embed-websocket-10.1.28.jar (282 kB at 819 kB/s)
Downloading from central: https://repo.maven.apache.org/maven2/org/springframework/spring-context/6.1.12/spring-context-6.1.12.jar
Progress (3): 0.4/3.6 MB | 168/862 kB | 0.2/1.9 MB
Progress (3): 0.4/3.6 MB | 168/862 kB | 0.2/1.9 MB
Progress (3): 0.4/3.6 MB | 184/862 kB | 0.2/1.9 MB
Progress (3): 0.4/3.6 MB | 200/862 kB | 0.2/1.9 MB
Progress (3): 0.4/3.6 MB | 200/862 kB | 0.2/1.9 MB
Progress (3): 0.4/3.6 MB | 200/862 kB | 0.2/1.9 MB
Progress (3): 0.4/3.6 MB | 200/862 kB | 0.2/1.9 MB
Progress (3): 0.4/3.6 MB | 200/862 kB | 0.2/1.9 MB
Progress (3): 0.4/3.6 MB | 200/862 kB | 0.2/1.9 MB
Progress (3): 0.4/3.6 MB | 200/862 kB | 0.2/1.9 MB
Progress (3): 0.4/3.6 MB | 217/862 kB | 0.2/1.9 MB
Progress (3): 0.4/3.6 MB | 217/862 kB | 0.2/1.9 MB
Progress (3): 0.4/3.6 MB | 233/862 kB | 0.2/1.9 MB
Progress (3): 0.5/3.6 MB | 233/862 kB | 0.2/1.9 MB
Progress (3): 0.5/3.6 MB | 233/862 kB | 0.2/1.9 MB
Progress (3): 0.5/3.6 MB | 233/862 kB | 0.2/1.9 MB
Progress (3): 0.5/3.6 MB | 233/862 kB | 0.2/1.9 MB
Progress (3): 0.5/3.6 MB | 249/862 kB | 0.2/1.9 MB
Progress (3): 0.5/3.6 MB | 249/862 kB | 0.2/1.9 MB
Progress (3): 0.5/3.6 MB | 249/862 kB | 0.3/1.9 MB
Progress (3): 0.5/3.6 MB | 249/862 kB | 0.3/1.9 MB
Progress (3): 0.5/3.6 MB | 266/862 kB | 0.3/1.9 MB
Progress (3): 0.5/3.6 MB | 266/862 kB | 0.3/1.9 MB
Progress (3): 0.5/3.6 MB | 266/862 kB | 0.3/1.9 MB
Progress (3): 0.5/3.6 MB | 282/862 kB | 0.3/1.9 MB
Progress (3): 0.5/3.6 MB | 282/862 kB | 0.3/1.9 MB
Progress (3): 0.5/3.6 MB | 282/862 kB | 0.3/1.9 MB
Progress (3): 0.5/3.6 MB | 299/862 kB | 0.3/1.9 MB
Progress (3): 0.5/3.6 MB | 299/862 kB | 0.3/1.9 MB
Progress (3): 0.5/3.6 MB | 315/862 kB | 0.3/1.9 MB
Progress (3): 0.5/3.6 MB | 315/862 kB | 0.3/1.9 MB
Progress (3): 0.5/3.6 MB | 331/862 kB | 0.3/1.9 MB
Progress (3): 0.5/3.6 MB | 331/862 kB | 0.3/1.9 MB
Progress (3): 0.6/3.6 MB | 331/862 kB | 0.3/1.9 MB
Progress (3): 0.6/3.6 MB | 331/862 kB | 0.3/1.9 MB
Progress (3): 0.6/3.6 MB | 331/862 kB | 0.3/1.9 MB
Progress (3): 0.6/3.6 MB | 348/862 kB | 0.3/1.9 MB
Progress (3): 0.6/3.6 MB | 348/862 kB | 0.4/1.9 MB
Progress (3): 0.6/3.6 MB | 364/862 kB | 0.4/1.9 MB
Progress (3): 0.6/3.6 MB | 364/862 kB | 0.4/1.9 MB
Progress (3): 0.6/3.6 MB | 364/862 kB | 0.4/1.9 MB
Progress (3): 0.6/3.6 MB | 364/862 kB | 0.4/1.9 MB
Progress (3): 0.6/3.6 MB | 381/862 kB | 0.4/1.9 MB
Progress (3): 0.6/3.6 MB | 397/862 kB | 0.4/1.9 MB
Progress (3): 0.6/3.6 MB | 397/862 kB | 0.4/1.9 MB
Progress (3): 0.6/3.6 MB | 397/862 kB | 0.4/1.9 MB
Progress (3): 0.6/3.6 MB | 397/862 kB | 0.4/1.9 MB
Progress (3): 0.7/3.6 MB | 397/862 kB | 0.4/1.9 MB
Progress (3): 0.7/3.6 MB | 413/862 kB | 0.4/1.9 MB
Progress (3): 0.7/3.6 MB | 413/862 kB | 0.4/1.9 MB
Progress (3): 0.7/3.6 MB | 430/862 kB | 0.4/1.9 MB
Progress (3): 0.7/3.6 MB | 430/862 kB | 0.4/1.9 MB
Progress (3): 0.7/3.6 MB | 430/862 kB | 0.4/1.9 MB
Progress (3): 0.7/3.6 MB | 430/862 kB | 0.4/1.9 MB
Progress (3): 0.7/3.6 MB | 446/862 kB | 0.4/1.9 MB
Progress (3): 0.7/3.6 MB | 446/862 kB | 0.4/1.9 MB
Progress (3): 0.7/3.6 MB | 462/862 kB | 0.4/1.9 MB
Progress (3): 0.7/3.6 MB | 462/862 kB | 0.4/1.9 MB
Progress (3): 0.7/3.6 MB | 479/862 kB | 0.4/1.9 MB
Progress (3): 0.7/3.6 MB | 479/862 kB | 0.4/1.9 MB
Progress (3): 0.7/3.6 MB | 479/862 kB | 0.5/1.9 MB
Progress (3): 0.7/3.6 MB | 495/862 kB | 0.5/1.9 MB
Progress (3): 0.7/3.6 MB | 512/862 kB | 0.5/1.9 MB
Progress (3): 0.7/3.6 MB | 512/862 kB | 0.5/1.9 MB
Progress (3): 0.7/3.6 MB | 512/862 kB | 0.5/1.9 MB
Progress (3): 0.7/3.6 MB | 512/862 kB | 0.5/1.9 MB
Progress (3): 0.7/3.6 MB | 528/862 kB | 0.5/1.9 MB
Progress (3): 0.7/3.6 MB | 528/862 kB | 0.5/1.9 MB
Progress (3): 0.7/3.6 MB | 528/862 kB | 0.5/1.9 MB
Progress (3): 0.7/3.6 MB | 544/862 kB | 0.5/1.9 MB
Progress (3): 0.8/3.6 MB | 544/862 kB | 0.5/1.9 MB
Progress (3): 0.8/3.6 MB | 544/862 kB | 0.5/1.9 MB
Progress (4): 0.8/3.6 MB | 544/862 kB | 0.5/1.9 MB | 0/1.3 MB
Progress (4): 0.8/3.6 MB | 544/862 kB | 0.5/1.9 MB | 0/1.3 MB
Progress (4): 0.8/3.6 MB | 544/862 kB | 0.5/1.9 MB | 0/1.3 MB
Progress (4): 0.8/3.6 MB | 544/862 kB | 0.5/1.9 MB | 0/1.3 MB
Progress (4): 0.8/3.6 MB | 561/862 kB | 0.5/1.9 MB | 0/1.3 MB
Progress (4): 0.8/3.6 MB | 561/862 kB | 0.5/1.9 MB | 0/1.3 MB
Progress (4): 0.8/3.6 MB | 561/862 kB | 0.5/1.9 MB | 0/1.3 MB
Progress (4): 0.8/3.6 MB | 577/862 kB | 0.5/1.9 MB | 0/1.3 MB
Progress (4): 0.8/3.6 MB | 577/862 kB | 0.5/1.9 MB | 0/1.3 MB
Progress (5): 0.8/3.6 MB | 577/862 kB | 0.5/1.9 MB | 0/1.3 MB | 0/1.0 MB
Progress (5): 0.8/3.6 MB | 577/862 kB | 0.5/1.9 MB | 0/1.3 MB | 0/1.0 MB
Progress (5): 0.8/3.6 MB | 577/862 kB | 0.5/1.9 MB | 0/1.3 MB | 0/1.0 MB
Progress (5): 0.8/3.6 MB | 577/862 kB | 0.5/1.9 MB | 0/1.3 MB | 0/1.0 MB
Progress (5): 0.8/3.6 MB | 577/862 kB | 0.5/1.9 MB | 0/1.3 MB | 0/1.0 MB
Progress (5): 0.8/3.6 MB | 577/862 kB | 0.6/1.9 MB | 0/1.3 MB | 0/1.0 MB
Progress (5): 0.8/3.6 MB | 577/862 kB | 0.6/1.9 MB | 0/1.3 MB | 0/1.0 MB
Progress (5): 0.8/3.6 MB | 594/862 kB | 0.6/1.9 MB | 0/1.3 MB | 0/1.0 MB
Progress (5): 0.8/3.6 MB | 594/862 kB | 0.6/1.9 MB | 0.1/1.3 MB | 0/1.0 MB
Progress (5): 0.8/3.6 MB | 594/862 kB | 0.6/1.9 MB | 0.1/1.3 MB | 0/1.0 MB
Progress (5): 0.8/3.6 MB | 594/862 kB | 0.6/1.9 MB | 0.1/1.3 MB | 0/1.0 MB
Progress (5): 0.8/3.6 MB | 594/862 kB | 0.6/1.9 MB | 0.1/1.3 MB | 0/1.0 MB
Progress (5): 0.8/3.6 MB | 594/862 kB | 0.6/1.9 MB | 0.1/1.3 MB | 0/1.0 MB
Progress (5): 0.8/3.6 MB | 594/862 kB | 0.6/1.9 MB | 0.1/1.3 MB | 0.1/1.0 MB
Progress (5): 0.8/3.6 MB | 594/862 kB | 0.6/1.9 MB | 0.1/1.3 MB | 0.1/1.0 MB
Progress (5): 0.8/3.6 MB | 594/862 kB | 0.6/1.9 MB | 0.1/1.3 MB | 0.1/1.0 MB
Progress (5): 0.8/3.6 MB | 610/862 kB | 0.6/1.9 MB | 0.1/1.3 MB | 0.1/1.0 MB
Progress (5): 0.9/3.6 MB | 610/862 kB | 0.6/1.9 MB | 0.1/1.3 MB | 0.1/1.0 MB
Progress (5): 0.9/3.6 MB | 610/862 kB | 0.6/1.9 MB | 0.1/1.3 MB | 0.1/1.0 MB
Progress (5): 0.9/3.6 MB | 610/862 kB | 0.6/1.9 MB | 0.1/1.3 MB | 0.1/1.0 MB
Progress (5): 0.9/3.6 MB | 610/862 kB | 0.6/1.9 MB | 0.1/1.3 MB | 0.1/1.0 MB
Progress (5): 0.9/3.6 MB | 626/862 kB | 0.6/1.9 MB | 0.1/1.3 MB | 0.1/1.0 MB
Progress (5): 0.9/3.6 MB | 626/862 kB | 0.6/1.9 MB | 0.1/1.3 MB | 0.1/1.0 MB
Progress (5): 0.9/3.6 MB | 626/862 kB | 0.6/1.9 MB | 0.1/1.3 MB | 0.1/1.0 MB
Progress (5): 0.9/3.6 MB | 626/862 kB | 0.6/1.9 MB | 0.1/1.3 MB | 0.1/1.0 MB
Progress (5): 0.9/3.6 MB | 626/862 kB | 0.6/1.9 MB | 0.1/1.3 MB | 0.1/1.0 MB
Progress (5): 0.9/3.6 MB | 626/862 kB | 0.6/1.9 MB | 0.1/1.3 MB | 0.1/1.0 MB
Progress (5): 0.9/3.6 MB | 626/862 kB | 0.6/1.9 MB | 0.1/1.3 MB | 0.1/1.0 MB
Progress (5): 0.9/3.6 MB | 643/862 kB | 0.6/1.9 MB | 0.1/1.3 MB | 0.1/1.0 MB
Progress (5): 0.9/3.6 MB | 643/862 kB | 0.6/1.9 MB | 0.1/1.3 MB | 0.1/1.0 MB
Progress (5): 0.9/3.6 MB | 643/862 kB | 0.6/1.9 MB | 0.1/1.3 MB | 0.1/1.0 MB
Progress (5): 0.9/3.6 MB | 643/862 kB | 0.6/1.9 MB | 0.2/1.3 MB | 0.1/1.0 MB
Progress (5): 0.9/3.6 MB | 659/862 kB | 0.6/1.9 MB | 0.2/1.3 MB | 0.1/1.0 MB
Progress (5): 0.9/3.6 MB | 659/862 kB | 0.6/1.9 MB | 0.2/1.3 MB | 0.1/1.0 MB
Progress (5): 0.9/3.6 MB | 659/862 kB | 0.7/1.9 MB | 0.2/1.3 MB | 0.1/1.0 MB
Progress (5): 0.9/3.6 MB | 675/862 kB | 0.7/1.9 MB | 0.2/1.3 MB | 0.1/1.0 MB
Progress (5): 0.9/3.6 MB | 675/862 kB | 0.7/1.9 MB | 0.2/1.3 MB | 0.1/1.0 MB
Progress (5): 0.9/3.6 MB | 675/862 kB | 0.7/1.9 MB | 0.2/1.3 MB | 0.1/1.0 MB
Progress (5): 0.9/3.6 MB | 675/862 kB | 0.7/1.9 MB | 0.2/1.3 MB | 0.1/1.0 MB
Progress (5): 0.9/3.6 MB | 675/862 kB | 0.7/1.9 MB | 0.2/1.3 MB | 0.1/1.0 MB
Progress (5): 0.9/3.6 MB | 675/862 kB | 0.7/1.9 MB | 0.2/1.3 MB | 0.1/1.0 MB
Progress (5): 0.9/3.6 MB | 675/862 kB | 0.7/1.9 MB | 0.2/1.3 MB | 0.1/1.0 MB
Progress (5): 0.9/3.6 MB | 675/862 kB | 0.7/1.9 MB | 0.2/1.3 MB | 0.1/1.0 MB
Progress (5): 0.9/3.6 MB | 692/862 kB | 0.7/1.9 MB | 0.2/1.3 MB | 0.1/1.0 MB
Progress (5): 0.9/3.6 MB | 692/862 kB | 0.7/1.9 MB | 0.2/1.3 MB | 0.1/1.0 MB
Progress (5): 0.9/3.6 MB | 692/862 kB | 0.7/1.9 MB | 0.2/1.3 MB | 0.1/1.0 MB
Progress (5): 0.9/3.6 MB | 692/862 kB | 0.7/1.9 MB | 0.2/1.3 MB | 0.1/1.0 MB
Progress (5): 0.9/3.6 MB | 708/862 kB | 0.7/1.9 MB | 0.2/1.3 MB | 0.1/1.0 MB
Progress (5): 0.9/3.6 MB | 708/862 kB | 0.7/1.9 MB | 0.2/1.3 MB | 0.2/1.0 MB
Progress (5): 0.9/3.6 MB | 708/862 kB | 0.7/1.9 MB | 0.2/1.3 MB | 0.2/1.0 MB
Progress (5): 1.0/3.6 MB | 708/862 kB | 0.7/1.9 MB | 0.2/1.3 MB | 0.2/1.0 MB
Progress (5): 1.0/3.6 MB | 725/862 kB | 0.7/1.9 MB | 0.2/1.3 MB | 0.2/1.0 MB
Progress (5): 1.0/3.6 MB | 725/862 kB | 0.7/1.9 MB | 0.2/1.3 MB | 0.2/1.0 MB
Progress (5): 1.0/3.6 MB | 725/862 kB | 0.7/1.9 MB | 0.2/1.3 MB | 0.2/1.0 MB
Progress (5): 1.0/3.6 MB | 725/862 kB | 0.7/1.9 MB | 0.2/1.3 MB | 0.2/1.0 MB
Progress (5): 1.0/3.6 MB | 725/862 kB | 0.7/1.9 MB | 0.2/1.3 MB | 0.2/1.0 MB
Progress (5): 1.0/3.6 MB | 725/862 kB | 0.7/1.9 MB | 0.2/1.3 MB | 0.2/1.0 MB
Progress (5): 1.0/3.6 MB | 741/862 kB | 0.7/1.9 MB | 0.2/1.3 MB | 0.2/1.0 MB
Progress (5): 1.0/3.6 MB | 741/862 kB | 0.7/1.9 MB | 0.3/1.3 MB | 0.2/1.0 MB
Progress (5): 1.0/3.6 MB | 741/862 kB | 0.8/1.9 MB | 0.3/1.3 MB | 0.2/1.0 MB
Progress (5): 1.0/3.6 MB | 741/862 kB | 0.8/1.9 MB | 0.3/1.3 MB | 0.2/1.0 MB
Progress (5): 1.0/3.6 MB | 757/862 kB | 0.8/1.9 MB | 0.3/1.3 MB | 0.2/1.0 MB
Progress (5): 1.0/3.6 MB | 757/862 kB | 0.8/1.9 MB | 0.3/1.3 MB | 0.2/1.0 MB
Progress (5): 1.0/3.6 MB | 757/862 kB | 0.8/1.9 MB | 0.3/1.3 MB | 0.2/1.0 MB
Progress (5): 1.0/3.6 MB | 757/862 kB | 0.8/1.9 MB | 0.3/1.3 MB | 0.2/1.0 MB
Progress (5): 1.0/3.6 MB | 757/862 kB | 0.8/1.9 MB | 0.3/1.3 MB | 0.2/1.0 MB
Progress (5): 1.0/3.6 MB | 757/862 kB | 0.8/1.9 MB | 0.3/1.3 MB | 0.2/1.0 MB
Progress (5): 1.0/3.6 MB | 774/862 kB | 0.8/1.9 MB | 0.3/1.3 MB | 0.2/1.0 MB
Progress (5): 1.0/3.6 MB | 774/862 kB | 0.8/1.9 MB | 0.3/1.3 MB | 0.2/1.0 MB
Progress (5): 1.0/3.6 MB | 790/862 kB | 0.8/1.9 MB | 0.3/1.3 MB | 0.2/1.0 MB
Progress (5): 1.0/3.6 MB | 790/862 kB | 0.8/1.9 MB | 0.3/1.3 MB | 0.2/1.0 MB
Progress (5): 1.0/3.6 MB | 790/862 kB | 0.8/1.9 MB | 0.3/1.3 MB | 0.2/1.0 MB
Progress (5): 1.0/3.6 MB | 790/862 kB | 0.8/1.9 MB | 0.3/1.3 MB | 0.2/1.0 MB
Progress (5): 1.0/3.6 MB | 807/862 kB | 0.8/1.9 MB | 0.3/1.3 MB | 0.2/1.0 MB
Progress (5): 1.0/3.6 MB | 807/862 kB | 0.8/1.9 MB | 0.3/1.3 MB | 0.2/1.0 MB
Progress (5): 1.0/3.6 MB | 807/862 kB | 0.8/1.9 MB | 0.3/1.3 MB | 0.2/1.0 MB
Progress (5): 1.0/3.6 MB | 807/862 kB | 0.8/1.9 MB | 0.3/1.3 MB | 0.2/1.0 MB
Progress (5): 1.0/3.6 MB | 807/862 kB | 0.8/1.9 MB | 0.3/1.3 MB | 0.2/1.0 MB
Progress (5): 1.0/3.6 MB | 807/862 kB | 0.8/1.9 MB | 0.3/1.3 MB | 0.2/1.0 MB
Progress (5): 1.0/3.6 MB | 807/862 kB | 0.8/1.9 MB | 0.3/1.3 MB | 0.2/1.0 MB
Progress (5): 1.0/3.6 MB | 823/862 kB | 0.8/1.9 MB | 0.3/1.3 MB | 0.2/1.0 MB
Progress (5): 1.0/3.6 MB | 823/862 kB | 0.8/1.9 MB | 0.3/1.3 MB | 0.3/1.0 MB
Progress (5): 1.0/3.6 MB | 839/862 kB | 0.8/1.9 MB | 0.3/1.3 MB | 0.3/1.0 MB
Progress (5): 1.0/3.6 MB | 839/862 kB | 0.8/1.9 MB | 0.3/1.3 MB | 0.3/1.0 MB
Progress (5): 1.1/3.6 MB | 839/862 kB | 0.8/1.9 MB | 0.3/1.3 MB | 0.3/1.0 MB
Progress (5): 1.1/3.6 MB | 839/862 kB | 0.8/1.9 MB | 0.3/1.3 MB | 0.3/1.0 MB
Progress (5): 1.1/3.6 MB | 839/862 kB | 0.8/1.9 MB | 0.4/1.3 MB | 0.3/1.0 MB
Progress (5): 1.1/3.6 MB | 839/862 kB | 0.8/1.9 MB | 0.4/1.3 MB | 0.3/1.0 MB
Progress (5): 1.1/3.6 MB | 839/862 kB | 0.8/1.9 MB | 0.4/1.3 MB | 0.3/1.0 MB
Progress (5): 1.1/3.6 MB | 839/862 kB | 0.8/1.9 MB | 0.4/1.3 MB | 0.3/1.0 MB
Progress (5): 1.1/3.6 MB | 856/862 kB | 0.8/1.9 MB | 0.4/1.3 MB | 0.3/1.0 MB
Progress (5): 1.1/3.6 MB | 856/862 kB | 0.8/1.9 MB | 0.4/1.3 MB | 0.3/1.0 MB
Progress (5): 1.1/3.6 MB | 856/862 kB | 0.9/1.9 MB | 0.4/1.3 MB | 0.3/1.0 MB
Progress (5): 1.1/3.6 MB | 862 kB | 0.9/1.9 MB | 0.4/1.3 MB | 0.3/1.0 MB    
Progress (5): 1.1/3.6 MB | 862 kB | 0.9/1.9 MB | 0.4/1.3 MB | 0.3/1.0 MB
Progress (5): 1.1/3.6 MB | 862 kB | 0.9/1.9 MB | 0.4/1.3 MB | 0.3/1.0 MB
                                                                        
Downloaded from central: https://repo.maven.apache.org/maven2/org/springframework/spring-beans/6.1.12/spring-beans-6.1.12.jar (862 kB at 2.1 MB/s)
Downloading from central: https://repo.maven.apache.org/maven2/org/springframework/spring-expression/6.1.12/spring-expression-6.1.12.jar
Progress (4): 1.1/3.6 MB | 0.9/1.9 MB | 0.4/1.3 MB | 0.3/1.0 MB
Progress (4): 1.1/3.6 MB | 0.9/1.9 MB | 0.4/1.3 MB | 0.3/1.0 MB
Progress (4): 1.1/3.6 MB | 0.9/1.9 MB | 0.4/1.3 MB | 0.3/1.0 MB
Progress (4): 1.1/3.6 MB | 0.9/1.9 MB | 0.4/1.3 MB | 0.3/1.0 MB
Progress (4): 1.1/3.6 MB | 0.9/1.9 MB | 0.4/1.3 MB | 0.3/1.0 MB
Progress (4): 1.1/3.6 MB | 0.9/1.9 MB | 0.4/1.3 MB | 0.3/1.0 MB
Progress (4): 1.1/3.6 MB | 0.9/1.9 MB | 0.4/1.3 MB | 0.3/1.0 MB
Progress (4): 1.1/3.6 MB | 0.9/1.9 MB | 0.4/1.3 MB | 0.3/1.0 MB
Progress (4): 1.1/3.6 MB | 0.9/1.9 MB | 0.4/1.3 MB | 0.3/1.0 MB
Progress (4): 1.1/3.6 MB | 0.9/1.9 MB | 0.4/1.3 MB | 0.3/1.0 MB
Progress (4): 1.1/3.6 MB | 0.9/1.9 MB | 0.4/1.3 MB | 0.3/1.0 MB
Progress (4): 1.1/3.6 MB | 0.9/1.9 MB | 0.4/1.3 MB | 0.3/1.0 MB
Progress (4): 1.1/3.6 MB | 0.9/1.9 MB | 0.5/1.3 MB | 0.3/1.0 MB
Progress (4): 1.1/3.6 MB | 0.9/1.9 MB | 0.5/1.3 MB | 0.3/1.0 MB
Progress (4): 1.1/3.6 MB | 0.9/1.9 MB | 0.5/1.3 MB | 0.3/1.0 MB
Progress (4): 1.1/3.6 MB | 0.9/1.9 MB | 0.5/1.3 MB | 0.4/1.0 MB
Progress (4): 1.2/3.6 MB | 0.9/1.9 MB | 0.5/1.3 MB | 0.4/1.0 MB
Progress (4): 1.2/3.6 MB | 0.9/1.9 MB | 0.5/1.3 MB | 0.4/1.0 MB
Progress (4): 1.2/3.6 MB | 0.9/1.9 MB | 0.5/1.3 MB | 0.4/1.0 MB
Progress (4): 1.2/3.6 MB | 0.9/1.9 MB | 0.5/1.3 MB | 0.4/1.0 MB
Progress (4): 1.2/3.6 MB | 0.9/1.9 MB | 0.5/1.3 MB | 0.4/1.0 MB
Progress (4): 1.2/3.6 MB | 0.9/1.9 MB | 0.5/1.3 MB | 0.4/1.0 MB
Progress (4): 1.2/3.6 MB | 0.9/1.9 MB | 0.5/1.3 MB | 0.4/1.0 MB
Progress (4): 1.2/3.6 MB | 1.0/1.9 MB | 0.5/1.3 MB | 0.4/1.0 MB
Progress (4): 1.2/3.6 MB | 1.0/1.9 MB | 0.5/1.3 MB | 0.4/1.0 MB
Progress (4): 1.2/3.6 MB | 1.0/1.9 MB | 0.5/1.3 MB | 0.4/1.0 MB
Progress (4): 1.2/3.6 MB | 1.0/1.9 MB | 0.5/1.3 MB | 0.4/1.0 MB
Progress (4): 1.2/3.6 MB | 1.0/1.9 MB | 0.5/1.3 MB | 0.4/1.0 MB
Progress (4): 1.2/3.6 MB | 1.0/1.9 MB | 0.5/1.3 MB | 0.4/1.0 MB
Progress (4): 1.2/3.6 MB | 1.0/1.9 MB | 0.5/1.3 MB | 0.4/1.0 MB
Progress (4): 1.2/3.6 MB | 1.0/1.9 MB | 0.5/1.3 MB | 0.4/1.0 MB
Progress (4): 1.2/3.6 MB | 1.0/1.9 MB | 0.5/1.3 MB | 0.4/1.0 MB
Progress (4): 1.2/3.6 MB | 1.0/1.9 MB | 0.6/1.3 MB | 0.4/1.0 MB
Progress (4): 1.2/3.6 MB | 1.0/1.9 MB | 0.6/1.3 MB | 0.4/1.0 MB
Progress (4): 1.2/3.6 MB | 1.0/1.9 MB | 0.6/1.3 MB | 0.4/1.0 MB
Progress (4): 1.2/3.6 MB | 1.0/1.9 MB | 0.6/1.3 MB | 0.4/1.0 MB
Progress (4): 1.2/3.6 MB | 1.0/1.9 MB | 0.6/1.3 MB | 0.4/1.0 MB
Progress (4): 1.2/3.6 MB | 1.0/1.9 MB | 0.6/1.3 MB | 0.4/1.0 MB
Progress (4): 1.2/3.6 MB | 1.0/1.9 MB | 0.6/1.3 MB | 0.4/1.0 MB
Progress (4): 1.2/3.6 MB | 1.0/1.9 MB | 0.6/1.3 MB | 0.4/1.0 MB
Progress (4): 1.2/3.6 MB | 1.0/1.9 MB | 0.6/1.3 MB | 0.5/1.0 MB
Progress (4): 1.2/3.6 MB | 1.0/1.9 MB | 0.6/1.3 MB | 0.5/1.0 MB
Progress (4): 1.2/3.6 MB | 1.0/1.9 MB | 0.6/1.3 MB | 0.5/1.0 MB
Progress (4): 1.2/3.6 MB | 1.0/1.9 MB | 0.6/1.3 MB | 0.5/1.0 MB
Progress (4): 1.2/3.6 MB | 1.0/1.9 MB | 0.6/1.3 MB | 0.5/1.0 MB
Progress (4): 1.2/3.6 MB | 1.0/1.9 MB | 0.6/1.3 MB | 0.5/1.0 MB
Progress (4): 1.2/3.6 MB | 1.0/1.9 MB | 0.6/1.3 MB | 0.5/1.0 MB
Progress (4): 1.2/3.6 MB | 1.1/1.9 MB | 0.6/1.3 MB | 0.5/1.0 MB
Progress (4): 1.2/3.6 MB | 1.1/1.9 MB | 0.6/1.3 MB | 0.5/1.0 MB
Progress (4): 1.3/3.6 MB | 1.1/1.9 MB | 0.6/1.3 MB | 0.5/1.0 MB
Progress (4): 1.3/3.6 MB | 1.1/1.9 MB | 0.6/1.3 MB | 0.5/1.0 MB
Progress (4): 1.3/3.6 MB | 1.1/1.9 MB | 0.6/1.3 MB | 0.5/1.0 MB
Progress (4): 1.3/3.6 MB | 1.1/1.9 MB | 0.6/1.3 MB | 0.5/1.0 MB
Progress (4): 1.3/3.6 MB | 1.1/1.9 MB | 0.6/1.3 MB | 0.5/1.0 MB
Progress (4): 1.3/3.6 MB | 1.1/1.9 MB | 0.6/1.3 MB | 0.5/1.0 MB
Progress (4): 1.3/3.6 MB | 1.1/1.9 MB | 0.6/1.3 MB | 0.5/1.0 MB
Progress (4): 1.3/3.6 MB | 1.1/1.9 MB | 0.6/1.3 MB | 0.5/1.0 MB
Progress (4): 1.3/3.6 MB | 1.1/1.9 MB | 0.6/1.3 MB | 0.5/1.0 MB
Progress (4): 1.3/3.6 MB | 1.1/1.9 MB | 0.7/1.3 MB | 0.5/1.0 MB
Progress (4): 1.3/3.6 MB | 1.1/1.9 MB | 0.7/1.3 MB | 0.6/1.0 MB
Progress (4): 1.3/3.6 MB | 1.1/1.9 MB | 0.7/1.3 MB | 0.6/1.0 MB
Progress (4): 1.3/3.6 MB | 1.1/1.9 MB | 0.7/1.3 MB | 0.6/1.0 MB
Progress (4): 1.3/3.6 MB | 1.1/1.9 MB | 0.7/1.3 MB | 0.6/1.0 MB
Progress (4): 1.3/3.6 MB | 1.1/1.9 MB | 0.7/1.3 MB | 0.6/1.0 MB
Progress (5): 1.3/3.6 MB | 1.1/1.9 MB | 0.7/1.3 MB | 0.6/1.0 MB | 7.7/304 kB
Progress (5): 1.3/3.6 MB | 1.1/1.9 MB | 0.7/1.3 MB | 0.6/1.0 MB | 16/304 kB 
Progress (5): 1.3/3.6 MB | 1.1/1.9 MB | 0.7/1.3 MB | 0.6/1.0 MB | 25/304 kB
Progress (5): 1.3/3.6 MB | 1.1/1.9 MB | 0.7/1.3 MB | 0.6/1.0 MB | 25/304 kB
Progress (5): 1.3/3.6 MB | 1.1/1.9 MB | 0.7/1.3 MB | 0.6/1.0 MB | 41/304 kB
Progress (5): 1.3/3.6 MB | 1.1/1.9 MB | 0.7/1.3 MB | 0.6/1.0 MB | 41/304 kB
Progress (5): 1.3/3.6 MB | 1.1/1.9 MB | 0.7/1.3 MB | 0.6/1.0 MB | 41/304 kB
Progress (5): 1.3/3.6 MB | 1.1/1.9 MB | 0.7/1.3 MB | 0.6/1.0 MB | 41/304 kB
Progress (5): 1.3/3.6 MB | 1.1/1.9 MB | 0.7/1.3 MB | 0.6/1.0 MB | 41/304 kB
Progress (5): 1.3/3.6 MB | 1.1/1.9 MB | 0.7/1.3 MB | 0.6/1.0 MB | 57/304 kB
Progress (5): 1.3/3.6 MB | 1.1/1.9 MB | 0.7/1.3 MB | 0.6/1.0 MB | 57/304 kB
Progress (5): 1.3/3.6 MB | 1.1/1.9 MB | 0.7/1.3 MB | 0.6/1.0 MB | 57/304 kB
Progress (5): 1.3/3.6 MB | 1.1/1.9 MB | 0.7/1.3 MB | 0.6/1.0 MB | 57/304 kB
Progress (5): 1.3/3.6 MB | 1.1/1.9 MB | 0.7/1.3 MB | 0.6/1.0 MB | 57/304 kB
Progress (5): 1.3/3.6 MB | 1.1/1.9 MB | 0.7/1.3 MB | 0.6/1.0 MB | 57/304 kB
Progress (5): 1.3/3.6 MB | 1.1/1.9 MB | 0.7/1.3 MB | 0.6/1.0 MB | 74/304 kB
Progress (5): 1.3/3.6 MB | 1.2/1.9 MB | 0.7/1.3 MB | 0.6/1.0 MB | 74/304 kB
Progress (5): 1.3/3.6 MB | 1.2/1.9 MB | 0.7/1.3 MB | 0.6/1.0 MB | 74/304 kB
Progress (5): 1.4/3.6 MB | 1.2/1.9 MB | 0.7/1.3 MB | 0.6/1.0 MB | 74/304 kB
Progress (5): 1.4/3.6 MB | 1.2/1.9 MB | 0.7/1.3 MB | 0.6/1.0 MB | 74/304 kB
Progress (5): 1.4/3.6 MB | 1.2/1.9 MB | 0.7/1.3 MB | 0.6/1.0 MB | 74/304 kB
Progress (5): 1.4/3.6 MB | 1.2/1.9 MB | 0.7/1.3 MB | 0.6/1.0 MB | 90/304 kB
Progress (5): 1.4/3.6 MB | 1.2/1.9 MB | 0.7/1.3 MB | 0.6/1.0 MB | 90/304 kB
Progress (5): 1.4/3.6 MB | 1.2/1.9 MB | 0.7/1.3 MB | 0.6/1.0 MB | 90/304 kB
Progress (5): 1.4/3.6 MB | 1.2/1.9 MB | 0.7/1.3 MB | 0.6/1.0 MB | 90/304 kB
Progress (5): 1.4/3.6 MB | 1.2/1.9 MB | 0.7/1.3 MB | 0.6/1.0 MB | 90/304 kB
Progress (5): 1.4/3.6 MB | 1.2/1.9 MB | 0.7/1.3 MB | 0.6/1.0 MB | 90/304 kB
Progress (5): 1.4/3.6 MB | 1.2/1.9 MB | 0.7/1.3 MB | 0.6/1.0 MB | 106/304 kB
Progress (5): 1.4/3.6 MB | 1.2/1.9 MB | 0.7/1.3 MB | 0.7/1.0 MB | 106/304 kB
Progress (5): 1.4/3.6 MB | 1.2/1.9 MB | 0.8/1.3 MB | 0.7/1.0 MB | 106/304 kB
Progress (5): 1.4/3.6 MB | 1.2/1.9 MB | 0.8/1.3 MB | 0.7/1.0 MB | 106/304 kB
Progress (5): 1.4/3.6 MB | 1.2/1.9 MB | 0.8/1.3 MB | 0.7/1.0 MB | 106/304 kB
Progress (5): 1.4/3.6 MB | 1.2/1.9 MB | 0.8/1.3 MB | 0.7/1.0 MB | 123/304 kB
Progress (5): 1.4/3.6 MB | 1.2/1.9 MB | 0.8/1.3 MB | 0.7/1.0 MB | 123/304 kB
Progress (5): 1.4/3.6 MB | 1.2/1.9 MB | 0.8/1.3 MB | 0.7/1.0 MB | 123/304 kB
Progress (5): 1.4/3.6 MB | 1.2/1.9 MB | 0.8/1.3 MB | 0.7/1.0 MB | 139/304 kB
Progress (5): 1.4/3.6 MB | 1.2/1.9 MB | 0.8/1.3 MB | 0.7/1.0 MB | 139/304 kB
Progress (5): 1.4/3.6 MB | 1.2/1.9 MB | 0.8/1.3 MB | 0.7/1.0 MB | 139/304 kB
Progress (5): 1.4/3.6 MB | 1.2/1.9 MB | 0.8/1.3 MB | 0.7/1.0 MB | 139/304 kB
Progress (5): 1.4/3.6 MB | 1.2/1.9 MB | 0.8/1.3 MB | 0.7/1.0 MB | 139/304 kB
Progress (5): 1.4/3.6 MB | 1.2/1.9 MB | 0.8/1.3 MB | 0.7/1.0 MB | 139/304 kB
Progress (5): 1.4/3.6 MB | 1.2/1.9 MB | 0.8/1.3 MB | 0.7/1.0 MB | 139/304 kB
Progress (5): 1.4/3.6 MB | 1.3/1.9 MB | 0.8/1.3 MB | 0.7/1.0 MB | 139/304 kB
Progress (5): 1.4/3.6 MB | 1.3/1.9 MB | 0.8/1.3 MB | 0.7/1.0 MB | 156/304 kB
Progress (5): 1.4/3.6 MB | 1.3/1.9 MB | 0.8/1.3 MB | 0.7/1.0 MB | 156/304 kB
Progress (5): 1.4/3.6 MB | 1.3/1.9 MB | 0.8/1.3 MB | 0.7/1.0 MB | 156/304 kB
Progress (5): 1.4/3.6 MB | 1.3/1.9 MB | 0.8/1.3 MB | 0.7/1.0 MB | 156/304 kB
Progress (5): 1.4/3.6 MB | 1.3/1.9 MB | 0.8/1.3 MB | 0.7/1.0 MB | 156/304 kB
Progress (5): 1.4/3.6 MB | 1.3/1.9 MB | 0.8/1.3 MB | 0.7/1.0 MB | 156/304 kB
Progress (5): 1.4/3.6 MB | 1.3/1.9 MB | 0.8/1.3 MB | 0.7/1.0 MB | 172/304 kB
Progress (5): 1.4/3.6 MB | 1.3/1.9 MB | 0.8/1.3 MB | 0.7/1.0 MB | 172/304 kB
Progress (5): 1.4/3.6 MB | 1.3/1.9 MB | 0.8/1.3 MB | 0.7/1.0 MB | 172/304 kB
Progress (5): 1.4/3.6 MB | 1.3/1.9 MB | 0.8/1.3 MB | 0.7/1.0 MB | 172/304 kB
Progress (5): 1.4/3.6 MB | 1.3/1.9 MB | 0.8/1.3 MB | 0.7/1.0 MB | 172/304 kB
Progress (5): 1.4/3.6 MB | 1.3/1.9 MB | 0.8/1.3 MB | 0.7/1.0 MB | 188/304 kB
Progress (5): 1.4/3.6 MB | 1.3/1.9 MB | 0.8/1.3 MB | 0.7/1.0 MB | 188/304 kB
Progress (5): 1.4/3.6 MB | 1.3/1.9 MB | 0.8/1.3 MB | 0.7/1.0 MB | 188/304 kB
Progress (5): 1.4/3.6 MB | 1.3/1.9 MB | 0.8/1.3 MB | 0.7/1.0 MB | 188/304 kB
Progress (5): 1.4/3.6 MB | 1.3/1.9 MB | 0.8/1.3 MB | 0.8/1.0 MB | 188/304 kB
Progress (5): 1.4/3.6 MB | 1.3/1.9 MB | 0.8/1.3 MB | 0.8/1.0 MB | 205/304 kB
Progress (5): 1.4/3.6 MB | 1.3/1.9 MB | 0.9/1.3 MB | 0.8/1.0 MB | 205/304 kB
Progress (5): 1.5/3.6 MB | 1.3/1.9 MB | 0.9/1.3 MB | 0.8/1.0 MB | 205/304 kB
Progress (5): 1.5/3.6 MB | 1.3/1.9 MB | 0.9/1.3 MB | 0.8/1.0 MB | 205/304 kB
Progress (5): 1.5/3.6 MB | 1.3/1.9 MB | 0.9/1.3 MB | 0.8/1.0 MB | 221/304 kB
Progress (5): 1.5/3.6 MB | 1.3/1.9 MB | 0.9/1.3 MB | 0.8/1.0 MB | 221/304 kB
Progress (5): 1.5/3.6 MB | 1.3/1.9 MB | 0.9/1.3 MB | 0.8/1.0 MB | 221/304 kB
Progress (5): 1.5/3.6 MB | 1.3/1.9 MB | 0.9/1.3 MB | 0.8/1.0 MB | 235/304 kB
Progress (5): 1.5/3.6 MB | 1.4/1.9 MB | 0.9/1.3 MB | 0.8/1.0 MB | 235/304 kB
Progress (5): 1.5/3.6 MB | 1.4/1.9 MB | 0.9/1.3 MB | 0.8/1.0 MB | 235/304 kB
Progress (5): 1.5/3.6 MB | 1.4/1.9 MB | 0.9/1.3 MB | 0.8/1.0 MB | 235/304 kB
Progress (5): 1.5/3.6 MB | 1.4/1.9 MB | 0.9/1.3 MB | 0.8/1.0 MB | 251/304 kB
Progress (5): 1.5/3.6 MB | 1.4/1.9 MB | 0.9/1.3 MB | 0.8/1.0 MB | 251/304 kB
Progress (5): 1.5/3.6 MB | 1.4/1.9 MB | 0.9/1.3 MB | 0.8/1.0 MB | 251/304 kB
Progress (5): 1.5/3.6 MB | 1.4/1.9 MB | 0.9/1.3 MB | 0.8/1.0 MB | 251/304 kB
Progress (5): 1.5/3.6 MB | 1.4/1.9 MB | 0.9/1.3 MB | 0.8/1.0 MB | 251/304 kB
Progress (5): 1.5/3.6 MB | 1.4/1.9 MB | 0.9/1.3 MB | 0.8/1.0 MB | 251/304 kB
Progress (5): 1.5/3.6 MB | 1.4/1.9 MB | 0.9/1.3 MB | 0.8/1.0 MB | 251/304 kB
Progress (5): 1.5/3.6 MB | 1.4/1.9 MB | 0.9/1.3 MB | 0.8/1.0 MB | 268/304 kB
Progress (5): 1.5/3.6 MB | 1.4/1.9 MB | 0.9/1.3 MB | 0.8/1.0 MB | 268/304 kB
Progress (5): 1.5/3.6 MB | 1.4/1.9 MB | 0.9/1.3 MB | 0.8/1.0 MB | 268/304 kB
Progress (5): 1.5/3.6 MB | 1.4/1.9 MB | 0.9/1.3 MB | 0.8/1.0 MB | 268/304 kB
Progress (5): 1.5/3.6 MB | 1.4/1.9 MB | 0.9/1.3 MB | 0.8/1.0 MB | 268/304 kB
Progress (5): 1.5/3.6 MB | 1.4/1.9 MB | 0.9/1.3 MB | 0.8/1.0 MB | 268/304 kB
Progress (5): 1.5/3.6 MB | 1.4/1.9 MB | 0.9/1.3 MB | 0.8/1.0 MB | 284/304 kB
Progress (5): 1.5/3.6 MB | 1.4/1.9 MB | 0.9/1.3 MB | 0.8/1.0 MB | 284/304 kB
Progress (5): 1.5/3.6 MB | 1.4/1.9 MB | 0.9/1.3 MB | 0.8/1.0 MB | 292/304 kB
Progress (5): 1.5/3.6 MB | 1.4/1.9 MB | 0.9/1.3 MB | 0.8/1.0 MB | 292/304 kB
Progress (5): 1.5/3.6 MB | 1.4/1.9 MB | 0.9/1.3 MB | 0.8/1.0 MB | 292/304 kB
Progress (5): 1.5/3.6 MB | 1.4/1.9 MB | 0.9/1.3 MB | 0.8/1.0 MB | 292/304 kB
Progress (5): 1.5/3.6 MB | 1.4/1.9 MB | 0.9/1.3 MB | 0.8/1.0 MB | 300/304 kB
Progress (5): 1.5/3.6 MB | 1.4/1.9 MB | 0.9/1.3 MB | 0.8/1.0 MB | 300/304 kB
Progress (5): 1.5/3.6 MB | 1.4/1.9 MB | 0.9/1.3 MB | 0.8/1.0 MB | 300/304 kB
Progress (5): 1.5/3.6 MB | 1.4/1.9 MB | 0.9/1.3 MB | 0.8/1.0 MB | 304 kB    
Progress (5): 1.5/3.6 MB | 1.4/1.9 MB | 1.0/1.3 MB | 0.8/1.0 MB | 304 kB
Progress (5): 1.6/3.6 MB | 1.4/1.9 MB | 1.0/1.3 MB | 0.8/1.0 MB | 304 kB
                                                                        
Downloaded from central: https://repo.maven.apache.org/maven2/org/springframework/spring-expression/6.1.12/spring-expression-6.1.12.jar (304 kB at 630 kB/s)
Downloading from central: https://repo.maven.apache.org/maven2/org/springframework/boot/spring-boot-starter-data-jpa/3.3.3/spring-boot-starter-data-jpa-3.3.3.jar
Progress (4): 1.6/3.6 MB | 1.5/1.9 MB | 1.0/1.3 MB | 0.8/1.0 MB
Progress (4): 1.6/3.6 MB | 1.5/1.9 MB | 1.0/1.3 MB | 0.8/1.0 MB
Progress (4): 1.6/3.6 MB | 1.5/1.9 MB | 1.0/1.3 MB | 0.9/1.0 MB
Progress (4): 1.6/3.6 MB | 1.5/1.9 MB | 1.0/1.3 MB | 0.9/1.0 MB
Progress (4): 1.6/3.6 MB | 1.5/1.9 MB | 1.0/1.3 MB | 0.9/1.0 MB
Progress (4): 1.6/3.6 MB | 1.5/1.9 MB | 1.0/1.3 MB | 0.9/1.0 MB
Progress (4): 1.6/3.6 MB | 1.5/1.9 MB | 1.0/1.3 MB | 0.9/1.0 MB
Progress (4): 1.6/3.6 MB | 1.5/1.9 MB | 1.0/1.3 MB | 0.9/1.0 MB
Progress (4): 1.6/3.6 MB | 1.5/1.9 MB | 1.0/1.3 MB | 0.9/1.0 MB
Progress (4): 1.6/3.6 MB | 1.5/1.9 MB | 1.0/1.3 MB | 0.9/1.0 MB
Progress (4): 1.6/3.6 MB | 1.5/1.9 MB | 1.0/1.3 MB | 0.9/1.0 MB
Progress (4): 1.6/3.6 MB | 1.5/1.9 MB | 1.0/1.3 MB | 0.9/1.0 MB
Progress (4): 1.6/3.6 MB | 1.5/1.9 MB | 1.0/1.3 MB | 0.9/1.0 MB
Progress (4): 1.6/3.6 MB | 1.5/1.9 MB | 1.0/1.3 MB | 0.9/1.0 MB
Progress (4): 1.6/3.6 MB | 1.5/1.9 MB | 1.0/1.3 MB | 0.9/1.0 MB
Progress (4): 1.6/3.6 MB | 1.5/1.9 MB | 1.0/1.3 MB | 0.9/1.0 MB
Progress (4): 1.6/3.6 MB | 1.5/1.9 MB | 1.0/1.3 MB | 0.9/1.0 MB
Progress (4): 1.6/3.6 MB | 1.5/1.9 MB | 1.1/1.3 MB | 0.9/1.0 MB
Progress (4): 1.6/3.6 MB | 1.5/1.9 MB | 1.1/1.3 MB | 0.9/1.0 MB
Progress (4): 1.6/3.6 MB | 1.5/1.9 MB | 1.1/1.3 MB | 0.9/1.0 MB
Progress (4): 1.6/3.6 MB | 1.5/1.9 MB | 1.1/1.3 MB | 0.9/1.0 MB
Progress (4): 1.6/3.6 MB | 1.5/1.9 MB | 1.1/1.3 MB | 0.9/1.0 MB
Progress (4): 1.6/3.6 MB | 1.5/1.9 MB | 1.1/1.3 MB | 0.9/1.0 MB
Progress (4): 1.6/3.6 MB | 1.5/1.9 MB | 1.1/1.3 MB | 0.9/1.0 MB
Progress (4): 1.7/3.6 MB | 1.5/1.9 MB | 1.1/1.3 MB | 0.9/1.0 MB
Progress (4): 1.7/3.6 MB | 1.5/1.9 MB | 1.1/1.3 MB | 0.9/1.0 MB
Progress (4): 1.7/3.6 MB | 1.5/1.9 MB | 1.1/1.3 MB | 0.9/1.0 MB
Progress (4): 1.7/3.6 MB | 1.5/1.9 MB | 1.1/1.3 MB | 1.0/1.0 MB
Progress (4): 1.7/3.6 MB | 1.6/1.9 MB | 1.1/1.3 MB | 1.0/1.0 MB
Progress (4): 1.7/3.6 MB | 1.6/1.9 MB | 1.1/1.3 MB | 1.0/1.0 MB
Progress (4): 1.7/3.6 MB | 1.6/1.9 MB | 1.1/1.3 MB | 1.0/1.0 MB
Progress (4): 1.7/3.6 MB | 1.6/1.9 MB | 1.1/1.3 MB | 1.0/1.0 MB
Progress (4): 1.7/3.6 MB | 1.6/1.9 MB | 1.1/1.3 MB | 1.0/1.0 MB
Progress (4): 1.7/3.6 MB | 1.6/1.9 MB | 1.1/1.3 MB | 1.0/1.0 MB
Progress (4): 1.7/3.6 MB | 1.6/1.9 MB | 1.1/1.3 MB | 1.0/1.0 MB
Progress (4): 1.7/3.6 MB | 1.6/1.9 MB | 1.1/1.3 MB | 1.0/1.0 MB
Progress (4): 1.7/3.6 MB | 1.6/1.9 MB | 1.1/1.3 MB | 1.0/1.0 MB
Progress (4): 1.7/3.6 MB | 1.6/1.9 MB | 1.1/1.3 MB | 1.0/1.0 MB
Progress (4): 1.7/3.6 MB | 1.6/1.9 MB | 1.1/1.3 MB | 1.0/1.0 MB
Progress (4): 1.7/3.6 MB | 1.6/1.9 MB | 1.1/1.3 MB | 1.0/1.0 MB
Progress (4): 1.7/3.6 MB | 1.6/1.9 MB | 1.1/1.3 MB | 1.0/1.0 MB
Progress (4): 1.7/3.6 MB | 1.6/1.9 MB | 1.1/1.3 MB | 1.0/1.0 MB
Progress (4): 1.7/3.6 MB | 1.6/1.9 MB | 1.1/1.3 MB | 1.0/1.0 MB
Progress (4): 1.7/3.6 MB | 1.6/1.9 MB | 1.1/1.3 MB | 1.0/1.0 MB
Progress (4): 1.7/3.6 MB | 1.6/1.9 MB | 1.2/1.3 MB | 1.0/1.0 MB
Progress (4): 1.7/3.6 MB | 1.6/1.9 MB | 1.2/1.3 MB | 1.0/1.0 MB
Progress (4): 1.7/3.6 MB | 1.6/1.9 MB | 1.2/1.3 MB | 1.0/1.0 MB
Progress (4): 1.8/3.6 MB | 1.6/1.9 MB | 1.2/1.3 MB | 1.0/1.0 MB
Progress (4): 1.8/3.6 MB | 1.6/1.9 MB | 1.2/1.3 MB | 1.0/1.0 MB
Progress (4): 1.8/3.6 MB | 1.6/1.9 MB | 1.2/1.3 MB | 1.0/1.0 MB
Progress (4): 1.8/3.6 MB | 1.7/1.9 MB | 1.2/1.3 MB | 1.0/1.0 MB
Progress (4): 1.8/3.6 MB | 1.7/1.9 MB | 1.2/1.3 MB | 1.0/1.0 MB
Progress (4): 1.8/3.6 MB | 1.7/1.9 MB | 1.2/1.3 MB | 1.0/1.0 MB
Progress (4): 1.8/3.6 MB | 1.7/1.9 MB | 1.2/1.3 MB | 1.0/1.0 MB
Progress (4): 1.8/3.6 MB | 1.7/1.9 MB | 1.2/1.3 MB | 1.0 MB    
Progress (4): 1.8/3.6 MB | 1.7/1.9 MB | 1.2/1.3 MB | 1.0 MB
                                                           
Downloaded from central: https://repo.maven.apache.org/maven2/org/springframework/spring-webmvc/6.1.12/spring-webmvc-6.1.12.jar (1.0 MB at 2.1 MB/s)
Downloading from central: https://repo.maven.apache.org/maven2/org/springframework/boot/spring-boot-starter-aop/3.3.3/spring-boot-starter-aop-3.3.3.jar
Progress (3): 1.8/3.6 MB | 1.7/1.9 MB | 1.2/1.3 MB
Progress (3): 1.8/3.6 MB | 1.7/1.9 MB | 1.2/1.3 MB
Progress (4): 1.8/3.6 MB | 1.7/1.9 MB | 1.2/1.3 MB | 3.7/4.8 kB
Progress (4): 1.8/3.6 MB | 1.7/1.9 MB | 1.2/1.3 MB | 4.8 kB    
                                                           
Downloaded from central: https://repo.maven.apache.org/maven2/org/springframework/boot/spring-boot-starter-data-jpa/3.3.3/spring-boot-starter-data-jpa-3.3.3.jar (4.8 kB at 9.3 kB/s)
Downloading from central: https://repo.maven.apache.org/maven2/org/aspectj/aspectjweaver/1.9.22.1/aspectjweaver-1.9.22.1.jar
Progress (3): 1.8/3.6 MB | 1.7/1.9 MB | 1.2/1.3 MB
Progress (3): 1.8/3.6 MB | 1.7/1.9 MB | 1.2/1.3 MB
Progress (3): 1.8/3.6 MB | 1.7/1.9 MB | 1.2/1.3 MB
Progress (3): 1.8/3.6 MB | 1.7/1.9 MB | 1.2/1.3 MB
Progress (3): 1.8/3.6 MB | 1.7/1.9 MB | 1.2/1.3 MB
Progress (3): 1.8/3.6 MB | 1.7/1.9 MB | 1.2/1.3 MB
Progress (3): 1.8/3.6 MB | 1.7/1.9 MB | 1.2/1.3 MB
Progress (3): 1.8/3.6 MB | 1.7/1.9 MB | 1.3/1.3 MB
Progress (3): 1.8/3.6 MB | 1.8/1.9 MB | 1.3/1.3 MB
Progress (3): 1.8/3.6 MB | 1.8/1.9 MB | 1.3/1.3 MB
Progress (3): 1.8/3.6 MB | 1.8/1.9 MB | 1.3/1.3 MB
Progress (3): 1.8/3.6 MB | 1.8/1.9 MB | 1.3/1.3 MB
Progress (3): 1.9/3.6 MB | 1.8/1.9 MB | 1.3/1.3 MB
Progress (3): 1.9/3.6 MB | 1.8/1.9 MB | 1.3/1.3 MB
Progress (3): 1.9/3.6 MB | 1.8/1.9 MB | 1.3/1.3 MB
Progress (3): 1.9/3.6 MB | 1.8/1.9 MB | 1.3 MB    
Progress (3): 1.9/3.6 MB | 1.8/1.9 MB | 1.3 MB
Progress (3): 1.9/3.6 MB | 1.8/1.9 MB | 1.3 MB
                                              
Downloaded from central: https://repo.maven.apache.org/maven2/org/springframework/spring-context/6.1.12/spring-context-6.1.12.jar (1.3 MB at 2.5 MB/s)
Progress (2): 1.9/3.6 MB | 1.8/1.9 MB
                                     
Downloading from central: https://repo.maven.apache.org/maven2/org/springframework/boot/spring-boot-starter-jdbc/3.3.3/spring-boot-starter-jdbc-3.3.3.jar
Progress (2): 1.9/3.6 MB | 1.8/1.9 MB
Progress (2): 1.9/3.6 MB | 1.8/1.9 MB
Progress (2): 1.9/3.6 MB | 1.8/1.9 MB
Progress (2): 1.9/3.6 MB | 1.8/1.9 MB
Progress (2): 1.9/3.6 MB | 1.8/1.9 MB
Progress (2): 1.9/3.6 MB | 1.9/1.9 MB
Progress (2): 1.9/3.6 MB | 1.9/1.9 MB
Progress (2): 1.9/3.6 MB | 1.9/1.9 MB
Progress (2): 2.0/3.6 MB | 1.9/1.9 MB
Progress (2): 2.0/3.6 MB | 1.9/1.9 MB
Progress (2): 2.0/3.6 MB | 1.9 MB    
Progress (2): 2.0/3.6 MB | 1.9 MB
Progress (2): 2.0/3.6 MB | 1.9 MB
                                 
Downloaded from central: https://repo.maven.apache.org/maven2/org/springframework/spring-web/6.1.12/spring-web-6.1.12.jar (1.9 MB at 3.6 MB/s)
Downloading from central: https://repo.maven.apache.org/maven2/com/zaxxer/HikariCP/5.1.0/HikariCP-5.1.0.jar
Progress (1): 2.0/3.6 MB
Progress (1): 2.0/3.6 MB
Progress (1): 2.0/3.6 MB
Progress (1): 2.1/3.6 MB
Progress (1): 2.1/3.6 MB
Progress (1): 2.1/3.6 MB
Progress (1): 2.1/3.6 MB
Progress (1): 2.1/3.6 MB
Progress (1): 2.1/3.6 MB
Progress (1): 2.1/3.6 MB
Progress (1): 2.2/3.6 MB
Progress (1): 2.2/3.6 MB
Progress (1): 2.2/3.6 MB
Progress (1): 2.2/3.6 MB
Progress (1): 2.2/3.6 MB
Progress (1): 2.2/3.6 MB
Progress (1): 2.3/3.6 MB
Progress (2): 2.3/3.6 MB | 3.7/4.8 kB
Progress (2): 2.3/3.6 MB | 4.8 kB    
Progress (2): 2.3/3.6 MB | 4.8 kB
                                 
Downloaded from central: https://repo.maven.apache.org/maven2/org/springframework/boot/spring-boot-starter-aop/3.3.3/spring-boot-starter-aop-3.3.3.jar (4.8 kB at 8.9 kB/s)
Downloading from central: https://repo.maven.apache.org/maven2/org/springframework/spring-jdbc/6.1.12/spring-jdbc-6.1.12.jar
Progress (1): 2.3/3.6 MB
Progress (1): 2.3/3.6 MB
Progress (1): 2.3/3.6 MB
Progress (1): 2.3/3.6 MB
Progress (1): 2.4/3.6 MB
Progress (1): 2.4/3.6 MB
Progress (2): 2.4/3.6 MB | 0/2.2 MB
Progress (2): 2.4/3.6 MB | 0/2.2 MB
Progress (2): 2.4/3.6 MB | 0/2.2 MB
Progress (2): 2.4/3.6 MB | 0/2.2 MB
Progress (2): 2.4/3.6 MB | 0/2.2 MB
Progress (2): 2.4/3.6 MB | 0/2.2 MB
Progress (2): 2.4/3.6 MB | 0/2.2 MB
Progress (2): 2.4/3.6 MB | 0.1/2.2 MB
Progress (2): 2.4/3.6 MB | 0.1/2.2 MB
Progress (2): 2.5/3.6 MB | 0.1/2.2 MB
Progress (2): 2.5/3.6 MB | 0.1/2.2 MB
Progress (2): 2.5/3.6 MB | 0.1/2.2 MB
Progress (2): 2.5/3.6 MB | 0.1/2.2 MB
Progress (2): 2.5/3.6 MB | 0.1/2.2 MB
Progress (2): 2.5/3.6 MB | 0.1/2.2 MB
Progress (2): 2.5/3.6 MB | 0.1/2.2 MB
Progress (2): 2.5/3.6 MB | 0.1/2.2 MB
Progress (2): 2.5/3.6 MB | 0.1/2.2 MB
Progress (2): 2.5/3.6 MB | 0.1/2.2 MB
Progress (2): 2.5/3.6 MB | 0.1/2.2 MB
Progress (2): 2.6/3.6 MB | 0.1/2.2 MB
Progress (2): 2.6/3.6 MB | 0.2/2.2 MB
Progress (2): 2.6/3.6 MB | 0.2/2.2 MB
Progress (2): 2.6/3.6 MB | 0.2/2.2 MB
Progress (3): 2.6/3.6 MB | 0.2/2.2 MB | 7.7/162 kB
Progress (3): 2.6/3.6 MB | 0.2/2.2 MB | 8.2/162 kB
Progress (3): 2.6/3.6 MB | 0.2/2.2 MB | 8.2/162 kB
Progress (3): 2.6/3.6 MB | 0.2/2.2 MB | 8.2/162 kB
Progress (3): 2.6/3.6 MB | 0.2/2.2 MB | 8.2/162 kB
Progress (3): 2.6/3.6 MB | 0.2/2.2 MB | 8.2/162 kB
Progress (3): 2.6/3.6 MB | 0.2/2.2 MB | 8.2/162 kB
Progress (3): 2.6/3.6 MB | 0.2/2.2 MB | 8.2/162 kB
Progress (3): 2.6/3.6 MB | 0.2/2.2 MB | 8.2/162 kB
Progress (3): 2.6/3.6 MB | 0.2/2.2 MB | 8.2/162 kB
Progress (3): 2.6/3.6 MB | 0.3/2.2 MB | 8.2/162 kB
Progress (3): 2.6/3.6 MB | 0.3/2.2 MB | 8.2/162 kB
Progress (3): 2.6/3.6 MB | 0.3/2.2 MB | 8.2/162 kB
Progress (3): 2.7/3.6 MB | 0.3/2.2 MB | 8.2/162 kB
Progress (3): 2.7/3.6 MB | 0.3/2.2 MB | 8.2/162 kB
Progress (3): 2.7/3.6 MB | 0.3/2.2 MB | 8.2/162 kB
Progress (3): 2.7/3.6 MB | 0.3/2.2 MB | 25/162 kB 
Progress (3): 2.7/3.6 MB | 0.3/2.2 MB | 25/162 kB
Progress (3): 2.7/3.6 MB | 0.3/2.2 MB | 25/162 kB
Progress (4): 2.7/3.6 MB | 0.3/2.2 MB | 25/162 kB | 3.8/4.8 kB
Progress (4): 2.7/3.6 MB | 0.3/2.2 MB | 25/162 kB | 4.8 kB    
Progress (5): 2.7/3.6 MB | 0.3/2.2 MB | 25/162 kB | 4.8 kB | 3.7/467 kB
                                                                       
Downloaded from central: https://repo.maven.apache.org/maven2/org/springframework/boot/spring-boot-starter-jdbc/3.3.3/spring-boot-starter-jdbc-3.3.3.jar (4.8 kB at 8.5 kB/s)
Downloading from central: https://repo.maven.apache.org/maven2/org/hibernate/orm/hibernate-core/6.5.2.Final/hibernate-core-6.5.2.Final.jar
Progress (4): 2.7/3.6 MB | 0.3/2.2 MB | 25/162 kB | 20/467 kB
Progress (4): 2.7/3.6 MB | 0.3/2.2 MB | 25/162 kB | 20/467 kB
Progress (4): 2.7/3.6 MB | 0.3/2.2 MB | 25/162 kB | 20/467 kB
Progress (4): 2.7/3.6 MB | 0.3/2.2 MB | 41/162 kB | 20/467 kB
Progress (4): 2.7/3.6 MB | 0.3/2.2 MB | 41/162 kB | 20/467 kB
Progress (4): 2.7/3.6 MB | 0.3/2.2 MB | 57/162 kB | 20/467 kB
Progress (4): 2.7/3.6 MB | 0.3/2.2 MB | 57/162 kB | 20/467 kB
Progress (4): 2.7/3.6 MB | 0.3/2.2 MB | 57/162 kB | 20/467 kB
Progress (4): 2.7/3.6 MB | 0.3/2.2 MB | 74/162 kB | 20/467 kB
Progress (4): 2.7/3.6 MB | 0.3/2.2 MB | 74/162 kB | 36/467 kB
Progress (4): 2.7/3.6 MB | 0.4/2.2 MB | 74/162 kB | 36/467 kB
Progress (4): 2.7/3.6 MB | 0.4/2.2 MB | 74/162 kB | 53/467 kB
Progress (4): 2.7/3.6 MB | 0.4/2.2 MB | 74/162 kB | 53/467 kB
Progress (4): 2.7/3.6 MB | 0.4/2.2 MB | 90/162 kB | 53/467 kB
Progress (4): 2.7/3.6 MB | 0.4/2.2 MB | 90/162 kB | 53/467 kB
Progress (4): 2.7/3.6 MB | 0.4/2.2 MB | 90/162 kB | 53/467 kB
Progress (4): 2.7/3.6 MB | 0.4/2.2 MB | 90/162 kB | 69/467 kB
Progress (4): 2.7/3.6 MB | 0.4/2.2 MB | 90/162 kB | 69/467 kB
Progress (4): 2.7/3.6 MB | 0.4/2.2 MB | 106/162 kB | 69/467 kB
Progress (4): 2.8/3.6 MB | 0.4/2.2 MB | 106/162 kB | 69/467 kB
Progress (4): 2.8/3.6 MB | 0.4/2.2 MB | 106/162 kB | 69/467 kB
Progress (4): 2.8/3.6 MB | 0.4/2.2 MB | 106/162 kB | 69/467 kB
Progress (4): 2.8/3.6 MB | 0.4/2.2 MB | 106/162 kB | 86/467 kB
Progress (4): 2.8/3.6 MB | 0.4/2.2 MB | 106/162 kB | 86/467 kB
Progress (4): 2.8/3.6 MB | 0.4/2.2 MB | 123/162 kB | 86/467 kB
Progress (4): 2.8/3.6 MB | 0.4/2.2 MB | 123/162 kB | 86/467 kB
Progress (4): 2.8/3.6 MB | 0.4/2.2 MB | 123/162 kB | 102/467 kB
Progress (4): 2.8/3.6 MB | 0.4/2.2 MB | 139/162 kB | 102/467 kB
Progress (4): 2.8/3.6 MB | 0.4/2.2 MB | 139/162 kB | 102/467 kB
Progress (4): 2.8/3.6 MB | 0.4/2.2 MB | 139/162 kB | 102/467 kB
Progress (4): 2.8/3.6 MB | 0.4/2.2 MB | 139/162 kB | 118/467 kB
Progress (4): 2.8/3.6 MB | 0.5/2.2 MB | 139/162 kB | 118/467 kB
Progress (4): 2.8/3.6 MB | 0.5/2.2 MB | 139/162 kB | 118/467 kB
Progress (4): 2.8/3.6 MB | 0.5/2.2 MB | 139/162 kB | 118/467 kB
Progress (4): 2.8/3.6 MB | 0.5/2.2 MB | 139/162 kB | 135/467 kB
Progress (4): 2.8/3.6 MB | 0.5/2.2 MB | 139/162 kB | 135/467 kB
Progress (4): 2.8/3.6 MB | 0.5/2.2 MB | 156/162 kB | 135/467 kB
Progress (4): 2.8/3.6 MB | 0.5/2.2 MB | 162 kB | 135/467 kB    
Progress (4): 2.8/3.6 MB | 0.5/2.2 MB | 162 kB | 151/467 kB
Progress (4): 2.9/3.6 MB | 0.5/2.2 MB | 162 kB | 151/467 kB
Progress (4): 2.9/3.6 MB | 0.5/2.2 MB | 162 kB | 151/467 kB
                                                           
Downloaded from central: https://repo.maven.apache.org/maven2/com/zaxxer/HikariCP/5.1.0/HikariCP-5.1.0.jar (162 kB at 281 kB/s)
Downloading from central: https://repo.maven.apache.org/maven2/jakarta/persistence/jakarta.persistence-api/3.1.0/jakarta.persistence-api-3.1.0.jar
Progress (3): 2.9/3.6 MB | 0.5/2.2 MB | 151/467 kB
Progress (3): 2.9/3.6 MB | 0.5/2.2 MB | 151/467 kB
Progress (3): 2.9/3.6 MB | 0.5/2.2 MB | 151/467 kB
Progress (3): 2.9/3.6 MB | 0.5/2.2 MB | 168/467 kB
Progress (3): 2.9/3.6 MB | 0.5/2.2 MB | 168/467 kB
Progress (3): 2.9/3.6 MB | 0.5/2.2 MB | 168/467 kB
Progress (3): 2.9/3.6 MB | 0.6/2.2 MB | 168/467 kB
Progress (3): 2.9/3.6 MB | 0.6/2.2 MB | 168/467 kB
Progress (3): 2.9/3.6 MB | 0.6/2.2 MB | 184/467 kB
Progress (3): 2.9/3.6 MB | 0.6/2.2 MB | 184/467 kB
Progress (3): 2.9/3.6 MB | 0.6/2.2 MB | 184/467 kB
Progress (3): 2.9/3.6 MB | 0.6/2.2 MB | 184/467 kB
Progress (3): 3.0/3.6 MB | 0.6/2.2 MB | 184/467 kB
Progress (3): 3.0/3.6 MB | 0.6/2.2 MB | 184/467 kB
Progress (3): 3.0/3.6 MB | 0.6/2.2 MB | 184/467 kB
Progress (3): 3.0/3.6 MB | 0.6/2.2 MB | 184/467 kB
Progress (3): 3.0/3.6 MB | 0.6/2.2 MB | 200/467 kB
Progress (3): 3.0/3.6 MB | 0.6/2.2 MB | 200/467 kB
Progress (3): 3.0/3.6 MB | 0.6/2.2 MB | 200/467 kB
Progress (3): 3.0/3.6 MB | 0.6/2.2 MB | 200/467 kB
Progress (3): 3.0/3.6 MB | 0.6/2.2 MB | 217/467 kB
Progress (3): 3.0/3.6 MB | 0.6/2.2 MB | 233/467 kB
Progress (3): 3.0/3.6 MB | 0.6/2.2 MB | 233/467 kB
Progress (3): 3.0/3.6 MB | 0.6/2.2 MB | 249/467 kB
Progress (3): 3.0/3.6 MB | 0.6/2.2 MB | 249/467 kB
Progress (3): 3.0/3.6 MB | 0.6/2.2 MB | 249/467 kB
Progress (4): 3.0/3.6 MB | 0.6/2.2 MB | 249/467 kB | 0/12 MB
Progress (4): 3.0/3.6 MB | 0.6/2.2 MB | 249/467 kB | 0/12 MB
Progress (4): 3.0/3.6 MB | 0.6/2.2 MB | 249/467 kB | 0/12 MB
Progress (4): 3.0/3.6 MB | 0.7/2.2 MB | 249/467 kB | 0/12 MB
Progress (4): 3.1/3.6 MB | 0.7/2.2 MB | 249/467 kB | 0/12 MB
Progress (4): 3.1/3.6 MB | 0.7/2.2 MB | 266/467 kB | 0/12 MB
Progress (4): 3.1/3.6 MB | 0.7/2.2 MB | 266/467 kB | 0/12 MB
Progress (4): 3.1/3.6 MB | 0.7/2.2 MB | 266/467 kB | 0/12 MB
Progress (4): 3.1/3.6 MB | 0.7/2.2 MB | 266/467 kB | 0/12 MB
Progress (4): 3.1/3.6 MB | 0.7/2.2 MB | 282/467 kB | 0/12 MB
Progress (4): 3.1/3.6 MB | 0.7/2.2 MB | 282/467 kB | 0.1/12 MB
Progress (4): 3.1/3.6 MB | 0.7/2.2 MB | 282/467 kB | 0.1/12 MB
Progress (4): 3.1/3.6 MB | 0.7/2.2 MB | 282/467 kB | 0.1/12 MB
Progress (4): 3.1/3.6 MB | 0.7/2.2 MB | 299/467 kB | 0.1/12 MB
Progress (4): 3.1/3.6 MB | 0.7/2.2 MB | 299/467 kB | 0.1/12 MB
Progress (4): 3.1/3.6 MB | 0.7/2.2 MB | 315/467 kB | 0.1/12 MB
Progress (4): 3.1/3.6 MB | 0.7/2.2 MB | 315/467 kB | 0.1/12 MB
Progress (4): 3.1/3.6 MB | 0.7/2.2 MB | 315/467 kB | 0.1/12 MB
Progress (4): 3.1/3.6 MB | 0.7/2.2 MB | 315/467 kB | 0.1/12 MB
Progress (4): 3.1/3.6 MB | 0.7/2.2 MB | 331/467 kB | 0.1/12 MB
Progress (4): 3.1/3.6 MB | 0.7/2.2 MB | 331/467 kB | 0.1/12 MB
Progress (4): 3.1/3.6 MB | 0.7/2.2 MB | 331/467 kB | 0.1/12 MB
Progress (5): 3.1/3.6 MB | 0.7/2.2 MB | 331/467 kB | 0.1/12 MB | 7.7/165 kB
Progress (5): 3.1/3.6 MB | 0.7/2.2 MB | 331/467 kB | 0.1/12 MB | 16/165 kB 
Progress (5): 3.1/3.6 MB | 0.7/2.2 MB | 331/467 kB | 0.1/12 MB | 25/165 kB
Progress (5): 3.1/3.6 MB | 0.7/2.2 MB | 331/467 kB | 0.1/12 MB | 25/165 kB
Progress (5): 3.1/3.6 MB | 0.7/2.2 MB | 348/467 kB | 0.1/12 MB | 25/165 kB
Progress (5): 3.1/3.6 MB | 0.7/2.2 MB | 348/467 kB | 0.1/12 MB | 25/165 kB
Progress (5): 3.1/3.6 MB | 0.7/2.2 MB | 348/467 kB | 0.1/12 MB | 25/165 kB
Progress (5): 3.1/3.6 MB | 0.7/2.2 MB | 364/467 kB | 0.1/12 MB | 25/165 kB
Progress (5): 3.1/3.6 MB | 0.7/2.2 MB | 364/467 kB | 0.1/12 MB | 41/165 kB
Progress (5): 3.1/3.6 MB | 0.7/2.2 MB | 364/467 kB | 0.1/12 MB | 41/165 kB
Progress (5): 3.1/3.6 MB | 0.7/2.2 MB | 381/467 kB | 0.1/12 MB | 41/165 kB
Progress (5): 3.1/3.6 MB | 0.8/2.2 MB | 381/467 kB | 0.1/12 MB | 41/165 kB
Progress (5): 3.2/3.6 MB | 0.8/2.2 MB | 381/467 kB | 0.1/12 MB | 41/165 kB
Progress (5): 3.2/3.6 MB | 0.8/2.2 MB | 381/467 kB | 0.1/12 MB | 57/165 kB
Progress (5): 3.2/3.6 MB | 0.8/2.2 MB | 381/467 kB | 0.1/12 MB | 57/165 kB
Progress (5): 3.2/3.6 MB | 0.8/2.2 MB | 381/467 kB | 0.1/12 MB | 57/165 kB
Progress (5): 3.2/3.6 MB | 0.8/2.2 MB | 381/467 kB | 0.1/12 MB | 57/165 kB
Progress (5): 3.2/3.6 MB | 0.8/2.2 MB | 397/467 kB | 0.1/12 MB | 57/165 kB
Progress (5): 3.2/3.6 MB | 0.8/2.2 MB | 413/467 kB | 0.1/12 MB | 57/165 kB
Progress (5): 3.2/3.6 MB | 0.8/2.2 MB | 413/467 kB | 0.1/12 MB | 57/165 kB
Progress (5): 3.2/3.6 MB | 0.8/2.2 MB | 430/467 kB | 0.1/12 MB | 57/165 kB
Progress (5): 3.2/3.6 MB | 0.8/2.2 MB | 430/467 kB | 0.1/12 MB | 74/165 kB
Progress (5): 3.2/3.6 MB | 0.8/2.2 MB | 430/467 kB | 0.2/12 MB | 74/165 kB
Progress (5): 3.2/3.6 MB | 0.8/2.2 MB | 430/467 kB | 0.2/12 MB | 74/165 kB
Progress (5): 3.2/3.6 MB | 0.8/2.2 MB | 430/467 kB | 0.2/12 MB | 74/165 kB
Progress (5): 3.2/3.6 MB | 0.8/2.2 MB | 430/467 kB | 0.2/12 MB | 90/165 kB
Progress (5): 3.2/3.6 MB | 0.8/2.2 MB | 446/467 kB | 0.2/12 MB | 90/165 kB
Progress (5): 3.2/3.6 MB | 0.8/2.2 MB | 446/467 kB | 0.2/12 MB | 90/165 kB
Progress (5): 3.2/3.6 MB | 0.8/2.2 MB | 462/467 kB | 0.2/12 MB | 90/165 kB
Progress (5): 3.2/3.6 MB | 0.8/2.2 MB | 462/467 kB | 0.2/12 MB | 90/165 kB
Progress (5): 3.2/3.6 MB | 0.8/2.2 MB | 462/467 kB | 0.2/12 MB | 106/165 kB
Progress (5): 3.2/3.6 MB | 0.8/2.2 MB | 462/467 kB | 0.2/12 MB | 106/165 kB
Progress (5): 3.2/3.6 MB | 0.8/2.2 MB | 462/467 kB | 0.2/12 MB | 106/165 kB
Progress (5): 3.2/3.6 MB | 0.8/2.2 MB | 467 kB | 0.2/12 MB | 106/165 kB    
Progress (5): 3.2/3.6 MB | 0.8/2.2 MB | 467 kB | 0.2/12 MB | 106/165 kB
                                                                       
Downloaded from central: https://repo.maven.apache.org/maven2/org/springframework/spring-jdbc/6.1.12/spring-jdbc-6.1.12.jar (467 kB at 753 kB/s)
Downloading from central: https://repo.maven.apache.org/maven2/jakarta/transaction/jakarta.transaction-api/2.0.1/jakarta.transaction-api-2.0.1.jar
Progress (4): 3.2/3.6 MB | 0.8/2.2 MB | 0.2/12 MB | 106/165 kB
Progress (4): 3.2/3.6 MB | 0.8/2.2 MB | 0.2/12 MB | 123/165 kB
Progress (4): 3.2/3.6 MB | 0.8/2.2 MB | 0.2/12 MB | 139/165 kB
Progress (4): 3.2/3.6 MB | 0.8/2.2 MB | 0.2/12 MB | 139/165 kB
Progress (4): 3.2/3.6 MB | 0.8/2.2 MB | 0.2/12 MB | 139/165 kB
Progress (4): 3.2/3.6 MB | 0.8/2.2 MB | 0.2/12 MB | 139/165 kB
Progress (4): 3.2/3.6 MB | 0.8/2.2 MB | 0.2/12 MB | 139/165 kB
Progress (4): 3.3/3.6 MB | 0.8/2.2 MB | 0.2/12 MB | 139/165 kB
Progress (4): 3.3/3.6 MB | 0.8/2.2 MB | 0.2/12 MB | 139/165 kB
Progress (4): 3.3/3.6 MB | 0.8/2.2 MB | 0.2/12 MB | 139/165 kB
Progress (4): 3.3/3.6 MB | 0.8/2.2 MB | 0.2/12 MB | 156/165 kB
Progress (4): 3.3/3.6 MB | 0.8/2.2 MB | 0.2/12 MB | 156/165 kB
Progress (4): 3.3/3.6 MB | 0.8/2.2 MB | 0.2/12 MB | 165 kB    
Progress (4): 3.3/3.6 MB | 0.8/2.2 MB | 0.2/12 MB | 165 kB
Progress (4): 3.3/3.6 MB | 0.8/2.2 MB | 0.3/12 MB | 165 kB
Progress (4): 3.3/3.6 MB | 0.9/2.2 MB | 0.3/12 MB | 165 kB
Progress (4): 3.3/3.6 MB | 0.9/2.2 MB | 0.3/12 MB | 165 kB
Progress (4): 3.3/3.6 MB | 0.9/2.2 MB | 0.3/12 MB | 165 kB
                                                          
Downloaded from central: https://repo.maven.apache.org/maven2/jakarta/persistence/jakarta.persistence-api/3.1.0/jakarta.persistence-api-3.1.0.jar (165 kB at 264 kB/s)
Downloading from central: https://repo.maven.apache.org/maven2/org/jboss/logging/jboss-logging/3.5.3.Final/jboss-logging-3.5.3.Final.jar
Progress (3): 3.3/3.6 MB | 0.9/2.2 MB | 0.3/12 MB
Progress (3): 3.3/3.6 MB | 0.9/2.2 MB | 0.3/12 MB
Progress (3): 3.3/3.6 MB | 0.9/2.2 MB | 0.3/12 MB
Progress (3): 3.3/3.6 MB | 0.9/2.2 MB | 0.3/12 MB
Progress (3): 3.3/3.6 MB | 0.9/2.2 MB | 0.3/12 MB
Progress (3): 3.3/3.6 MB | 0.9/2.2 MB | 0.3/12 MB
Progress (3): 3.3/3.6 MB | 0.9/2.2 MB | 0.3/12 MB
Progress (3): 3.3/3.6 MB | 0.9/2.2 MB | 0.3/12 MB
Progress (3): 3.3/3.6 MB | 0.9/2.2 MB | 0.3/12 MB
Progress (3): 3.3/3.6 MB | 0.9/2.2 MB | 0.3/12 MB
Progress (3): 3.3/3.6 MB | 0.9/2.2 MB | 0.4/12 MB
Progress (3): 3.3/3.6 MB | 0.9/2.2 MB | 0.4/12 MB
Progress (3): 3.4/3.6 MB | 0.9/2.2 MB | 0.4/12 MB
Progress (3): 3.4/3.6 MB | 0.9/2.2 MB | 0.4/12 MB
Progress (3): 3.4/3.6 MB | 0.9/2.2 MB | 0.4/12 MB
Progress (3): 3.4/3.6 MB | 0.9/2.2 MB | 0.4/12 MB
Progress (3): 3.4/3.6 MB | 0.9/2.2 MB | 0.4/12 MB
Progress (3): 3.4/3.6 MB | 0.9/2.2 MB | 0.4/12 MB
Progress (3): 3.4/3.6 MB | 0.9/2.2 MB | 0.4/12 MB
Progress (3): 3.4/3.6 MB | 0.9/2.2 MB | 0.4/12 MB
Progress (3): 3.4/3.6 MB | 1.0/2.2 MB | 0.4/12 MB
Progress (3): 3.4/3.6 MB | 1.0/2.2 MB | 0.4/12 MB
Progress (3): 3.4/3.6 MB | 1.0/2.2 MB | 0.4/12 MB
Progress (3): 3.4/3.6 MB | 1.0/2.2 MB | 0.4/12 MB
Progress (3): 3.4/3.6 MB | 1.0/2.2 MB | 0.4/12 MB
Progress (3): 3.4/3.6 MB | 1.0/2.2 MB | 0.4/12 MB
Progress (3): 3.4/3.6 MB | 1.0/2.2 MB | 0.4/12 MB
Progress (3): 3.4/3.6 MB | 1.0/2.2 MB | 0.4/12 MB
Progress (3): 3.4/3.6 MB | 1.0/2.2 MB | 0.4/12 MB
Progress (3): 3.4/3.6 MB | 1.0/2.2 MB | 0.4/12 MB
Progress (3): 3.4/3.6 MB | 1.0/2.2 MB | 0.4/12 MB
Progress (3): 3.5/3.6 MB | 1.0/2.2 MB | 0.4/12 MB
Progress (3): 3.5/3.6 MB | 1.0/2.2 MB | 0.4/12 MB
Progress (3): 3.5/3.6 MB | 1.0/2.2 MB | 0.5/12 MB
Progress (3): 3.5/3.6 MB | 1.0/2.2 MB | 0.5/12 MB
Progress (3): 3.5/3.6 MB | 1.0/2.2 MB | 0.5/12 MB
Progress (3): 3.5/3.6 MB | 1.0/2.2 MB | 0.5/12 MB
Progress (3): 3.5/3.6 MB | 1.1/2.2 MB | 0.5/12 MB
Progress (3): 3.5/3.6 MB | 1.1/2.2 MB | 0.5/12 MB
Progress (3): 3.5/3.6 MB | 1.1/2.2 MB | 0.5/12 MB
Progress (3): 3.5/3.6 MB | 1.1/2.2 MB | 0.5/12 MB
Progress (3): 3.5/3.6 MB | 1.1/2.2 MB | 0.5/12 MB
Progress (3): 3.5/3.6 MB | 1.1/2.2 MB | 0.5/12 MB
Progress (3): 3.5/3.6 MB | 1.1/2.2 MB | 0.5/12 MB
Progress (3): 3.5/3.6 MB | 1.1/2.2 MB | 0.5/12 MB
Progress (3): 3.5/3.6 MB | 1.1/2.2 MB | 0.5/12 MB
Progress (4): 3.5/3.6 MB | 1.1/2.2 MB | 0.5/12 MB | 7.7/29 kB
Progress (4): 3.5/3.6 MB | 1.1/2.2 MB | 0.5/12 MB | 16/29 kB 
Progress (4): 3.5/3.6 MB | 1.1/2.2 MB | 0.5/12 MB | 16/29 kB
Progress (4): 3.5/3.6 MB | 1.1/2.2 MB | 0.5/12 MB | 25/29 kB
Progress (4): 3.5/3.6 MB | 1.1/2.2 MB | 0.5/12 MB | 25/29 kB
Progress (4): 3.5/3.6 MB | 1.1/2.2 MB | 0.5/12 MB | 29 kB   
Progress (4): 3.5/3.6 MB | 1.1/2.2 MB | 0.5/12 MB | 29 kB
Progress (4): 3.5/3.6 MB | 1.1/2.2 MB | 0.5/12 MB | 29 kB
Progress (4): 3.5/3.6 MB | 1.1/2.2 MB | 0.5/12 MB | 29 kB
                                                         
Downloaded from central: https://repo.maven.apache.org/maven2/jakarta/transaction/jakarta.transaction-api/2.0.1/jakarta.transaction-api-2.0.1.jar (29 kB at 44 kB/s)
Downloading from central: https://repo.maven.apache.org/maven2/org/hibernate/common/hibernate-commons-annotations/6.0.6.Final/hibernate-commons-annotations-6.0.6.Final.jar
Progress (3): 3.6 MB | 1.1/2.2 MB | 0.5/12 MB
Progress (3): 3.6 MB | 1.1/2.2 MB | 0.5/12 MB
                                             
Downloaded from central: https://repo.maven.apache.org/maven2/org/apache/tomcat/embed/tomcat-embed-core/10.1.28/tomcat-embed-core-10.1.28.jar (3.6 MB at 5.5 MB/s)
Progress (2): 1.1/2.2 MB | 0.5/12 MB
                                    
Downloading from central: https://repo.maven.apache.org/maven2/io/smallrye/jandex/3.1.2/jandex-3.1.2.jar
Progress (2): 1.1/2.2 MB | 0.5/12 MB
Progress (2): 1.1/2.2 MB | 0.5/12 MB
Progress (2): 1.1/2.2 MB | 0.6/12 MB
Progress (2): 1.1/2.2 MB | 0.6/12 MB
Progress (2): 1.2/2.2 MB | 0.6/12 MB
Progress (2): 1.2/2.2 MB | 0.6/12 MB
Progress (2): 1.2/2.2 MB | 0.6/12 MB
Progress (2): 1.2/2.2 MB | 0.6/12 MB
Progress (3): 1.2/2.2 MB | 0.6/12 MB | 3.7/59 kB
Progress (3): 1.2/2.2 MB | 0.6/12 MB | 3.7/59 kB
Progress (3): 1.2/2.2 MB | 0.6/12 MB | 3.7/59 kB
Progress (3): 1.2/2.2 MB | 0.6/12 MB | 20/59 kB 
Progress (3): 1.2/2.2 MB | 0.6/12 MB | 20/59 kB
Progress (3): 1.2/2.2 MB | 0.6/12 MB | 20/59 kB
Progress (3): 1.2/2.2 MB | 0.6/12 MB | 36/59 kB
Progress (3): 1.2/2.2 MB | 0.6/12 MB | 36/59 kB
Progress (3): 1.2/2.2 MB | 0.6/12 MB | 53/59 kB
Progress (3): 1.2/2.2 MB | 0.6/12 MB | 53/59 kB
Progress (3): 1.2/2.2 MB | 0.6/12 MB | 53/59 kB
Progress (3): 1.2/2.2 MB | 0.6/12 MB | 59 kB   
Progress (3): 1.2/2.2 MB | 0.7/12 MB | 59 kB
                                            
Downloaded from central: https://repo.maven.apache.org/maven2/org/jboss/logging/jboss-logging/3.5.3.Final/jboss-logging-3.5.3.Final.jar (59 kB at 90 kB/s)
Progress (2): 1.3/2.2 MB | 0.7/12 MB
                                    
Downloading from central: https://repo.maven.apache.org/maven2/com/fasterxml/classmate/1.7.0/classmate-1.7.0.jar
Progress (2): 1.3/2.2 MB | 0.7/12 MB
Progress (2): 1.3/2.2 MB | 0.7/12 MB
Progress (2): 1.3/2.2 MB | 0.7/12 MB
Progress (2): 1.3/2.2 MB | 0.7/12 MB
Progress (2): 1.3/2.2 MB | 0.7/12 MB
Progress (2): 1.3/2.2 MB | 0.7/12 MB
Progress (2): 1.3/2.2 MB | 0.7/12 MB
Progress (2): 1.3/2.2 MB | 0.7/12 MB
Progress (2): 1.3/2.2 MB | 0.7/12 MB
Progress (2): 1.3/2.2 MB | 0.7/12 MB
Progress (2): 1.3/2.2 MB | 0.7/12 MB
Progress (2): 1.3/2.2 MB | 0.7/12 MB
Progress (2): 1.4/2.2 MB | 0.7/12 MB
Progress (2): 1.4/2.2 MB | 0.8/12 MB
Progress (2): 1.4/2.2 MB | 0.8/12 MB
Progress (2): 1.4/2.2 MB | 0.8/12 MB
Progress (2): 1.4/2.2 MB | 0.8/12 MB
Progress (2): 1.4/2.2 MB | 0.8/12 MB
Progress (2): 1.4/2.2 MB | 0.8/12 MB
Progress (2): 1.4/2.2 MB | 0.8/12 MB
Progress (2): 1.4/2.2 MB | 0.8/12 MB
Progress (2): 1.4/2.2 MB | 0.8/12 MB
Progress (2): 1.4/2.2 MB | 0.8/12 MB
Progress (2): 1.5/2.2 MB | 0.8/12 MB
Progress (2): 1.5/2.2 MB | 0.8/12 MB
Progress (2): 1.5/2.2 MB | 0.8/12 MB
Progress (2): 1.5/2.2 MB | 0.8/12 MB
Progress (2): 1.5/2.2 MB | 0.8/12 MB
Progress (2): 1.5/2.2 MB | 0.8/12 MB
Progress (2): 1.5/2.2 MB | 0.9/12 MB
Progress (2): 1.5/2.2 MB | 0.9/12 MB
Progress (2): 1.6/2.2 MB | 0.9/12 MB
Progress (2): 1.6/2.2 MB | 0.9/12 MB
Progress (2): 1.6/2.2 MB | 0.9/12 MB
Progress (2): 1.6/2.2 MB | 0.9/12 MB
Progress (2): 1.6/2.2 MB | 0.9/12 MB
Progress (2): 1.6/2.2 MB | 0.9/12 MB
Progress (2): 1.6/2.2 MB | 0.9/12 MB
Progress (2): 1.6/2.2 MB | 0.9/12 MB
Progress (2): 1.6/2.2 MB | 0.9/12 MB
Progress (2): 1.6/2.2 MB | 0.9/12 MB
Progress (2): 1.6/2.2 MB | 0.9/12 MB
Progress (2): 1.6/2.2 MB | 0.9/12 MB
Progress (2): 1.6/2.2 MB | 0.9/12 MB
Progress (2): 1.6/2.2 MB | 1.0/12 MB
Progress (2): 1.7/2.2 MB | 1.0/12 MB
Progress (2): 1.7/2.2 MB | 1.0/12 MB
Progress (2): 1.7/2.2 MB | 1.0/12 MB
Progress (2): 1.7/2.2 MB | 1.0/12 MB
Progress (2): 1.7/2.2 MB | 1.0/12 MB
Progress (2): 1.7/2.2 MB | 1.0/12 MB
Progress (2): 1.7/2.2 MB | 1.0/12 MB
Progress (2): 1.7/2.2 MB | 1.0/12 MB
Progress (2): 1.7/2.2 MB | 1.0/12 MB
Progress (2): 1.7/2.2 MB | 1.0/12 MB
Progress (2): 1.7/2.2 MB | 1.0/12 MB
Progress (2): 1.7/2.2 MB | 1.0/12 MB
Progress (2): 1.7/2.2 MB | 1.1/12 MB
Progress (2): 1.7/2.2 MB | 1.1/12 MB
Progress (3): 1.7/2.2 MB | 1.1/12 MB | 3.7/68 kB
Progress (3): 1.8/2.2 MB | 1.1/12 MB | 3.7/68 kB
Progress (3): 1.8/2.2 MB | 1.1/12 MB | 20/68 kB 
Progress (3): 1.8/2.2 MB | 1.1/12 MB | 20/68 kB
Progress (3): 1.8/2.2 MB | 1.1/12 MB | 20/68 kB
Progress (3): 1.8/2.2 MB | 1.1/12 MB | 20/68 kB
Progress (4): 1.8/2.2 MB | 1.1/12 MB | 20/68 kB | 7.7/327 kB
Progress (4): 1.8/2.2 MB | 1.1/12 MB | 20/68 kB | 16/327 kB 
Progress (4): 1.8/2.2 MB | 1.1/12 MB | 36/68 kB | 16/327 kB
Progress (4): 1.8/2.2 MB | 1.1/12 MB | 53/68 kB | 16/327 kB
Progress (4): 1.8/2.2 MB | 1.1/12 MB | 53/68 kB | 32/327 kB
Progress (4): 1.8/2.2 MB | 1.1/12 MB | 53/68 kB | 32/327 kB
Progress (4): 1.8/2.2 MB | 1.1/12 MB | 68 kB | 32/327 kB   
Progress (4): 1.8/2.2 MB | 1.1/12 MB | 68 kB | 32/327 kB
Progress (4): 1.8/2.2 MB | 1.1/12 MB | 68 kB | 32/327 kB
                                                        
Downloaded from central: https://repo.maven.apache.org/maven2/org/hibernate/common/hibernate-commons-annotations/6.0.6.Final/hibernate-commons-annotations-6.0.6.Final.jar (68 kB at 98 kB/s)
Downloading from central: https://repo.maven.apache.org/maven2/org/glassfish/jaxb/jaxb-runtime/4.0.5/jaxb-runtime-4.0.5.jar
Progress (3): 1.8/2.2 MB | 1.1/12 MB | 49/327 kB
Progress (3): 1.8/2.2 MB | 1.1/12 MB | 49/327 kB
Progress (4): 1.8/2.2 MB | 1.1/12 MB | 49/327 kB | 3.7/69 kB
Progress (4): 1.8/2.2 MB | 1.1/12 MB | 49/327 kB | 20/69 kB 
Progress (4): 1.8/2.2 MB | 1.1/12 MB | 49/327 kB | 20/69 kB
Progress (4): 1.8/2.2 MB | 1.1/12 MB | 65/327 kB | 20/69 kB
Progress (4): 1.8/2.2 MB | 1.1/12 MB | 65/327 kB | 36/69 kB
Progress (4): 1.8/2.2 MB | 1.2/12 MB | 65/327 kB | 36/69 kB
Progress (4): 1.8/2.2 MB | 1.2/12 MB | 65/327 kB | 53/69 kB
Progress (4): 1.8/2.2 MB | 1.2/12 MB | 65/327 kB | 53/69 kB
Progress (4): 1.8/2.2 MB | 1.2/12 MB | 81/327 kB | 53/69 kB
Progress (4): 1.8/2.2 MB | 1.2/12 MB | 81/327 kB | 53/69 kB
Progress (4): 1.8/2.2 MB | 1.2/12 MB | 98/327 kB | 53/69 kB
Progress (4): 1.8/2.2 MB | 1.2/12 MB | 98/327 kB | 69 kB   
Progress (4): 1.8/2.2 MB | 1.2/12 MB | 98/327 kB | 69 kB
Progress (4): 1.8/2.2 MB | 1.2/12 MB | 98/327 kB | 69 kB
                                                        
Downloaded from central: https://repo.maven.apache.org/maven2/com/fasterxml/classmate/1.7.0/classmate-1.7.0.jar (69 kB at 99 kB/s)
Downloading from central: https://repo.maven.apache.org/maven2/org/glassfish/jaxb/jaxb-core/4.0.5/jaxb-core-4.0.5.jar
Progress (3): 1.8/2.2 MB | 1.2/12 MB | 114/327 kB
Progress (3): 1.9/2.2 MB | 1.2/12 MB | 114/327 kB
Progress (3): 1.9/2.2 MB | 1.2/12 MB | 131/327 kB
Progress (3): 1.9/2.2 MB | 1.2/12 MB | 131/327 kB
Progress (3): 1.9/2.2 MB | 1.2/12 MB | 131/327 kB
Progress (3): 1.9/2.2 MB | 1.2/12 MB | 147/327 kB
Progress (3): 1.9/2.2 MB | 1.2/12 MB | 147/327 kB
Progress (3): 1.9/2.2 MB | 1.2/12 MB | 147/327 kB
Progress (3): 1.9/2.2 MB | 1.2/12 MB | 147/327 kB
Progress (3): 1.9/2.2 MB | 1.2/12 MB | 163/327 kB
Progress (3): 1.9/2.2 MB | 1.2/12 MB | 163/327 kB
Progress (3): 1.9/2.2 MB | 1.2/12 MB | 180/327 kB
Progress (3): 1.9/2.2 MB | 1.3/12 MB | 180/327 kB
Progress (3): 1.9/2.2 MB | 1.3/12 MB | 196/327 kB
Progress (3): 1.9/2.2 MB | 1.3/12 MB | 212/327 kB
Progress (3): 1.9/2.2 MB | 1.3/12 MB | 212/327 kB
Progress (3): 1.9/2.2 MB | 1.3/12 MB | 212/327 kB
Progress (3): 1.9/2.2 MB | 1.3/12 MB | 212/327 kB
Progress (3): 1.9/2.2 MB | 1.3/12 MB | 212/327 kB
Progress (3): 1.9/2.2 MB | 1.3/12 MB | 229/327 kB
Progress (3): 1.9/2.2 MB | 1.3/12 MB | 229/327 kB
Progress (3): 2.0/2.2 MB | 1.3/12 MB | 229/327 kB
Progress (3): 2.0/2.2 MB | 1.3/12 MB | 245/327 kB
Progress (3): 2.0/2.2 MB | 1.3/12 MB | 245/327 kB
Progress (3): 2.0/2.2 MB | 1.3/12 MB | 245/327 kB
Progress (3): 2.0/2.2 MB | 1.3/12 MB | 245/327 kB
Progress (3): 2.0/2.2 MB | 1.3/12 MB | 245/327 kB
Progress (3): 2.0/2.2 MB | 1.3/12 MB | 262/327 kB
Progress (3): 2.0/2.2 MB | 1.4/12 MB | 262/327 kB
Progress (3): 2.0/2.2 MB | 1.4/12 MB | 262/327 kB
Progress (3): 2.0/2.2 MB | 1.4/12 MB | 262/327 kB
Progress (3): 2.0/2.2 MB | 1.4/12 MB | 262/327 kB
Progress (3): 2.0/2.2 MB | 1.4/12 MB | 278/327 kB
Progress (3): 2.0/2.2 MB | 1.4/12 MB | 294/327 kB
Progress (3): 2.0/2.2 MB | 1.4/12 MB | 294/327 kB
Progress (3): 2.0/2.2 MB | 1.4/12 MB | 294/327 kB
Progress (3): 2.0/2.2 MB | 1.4/12 MB | 294/327 kB
Progress (3): 2.0/2.2 MB | 1.4/12 MB | 311/327 kB
Progress (3): 2.1/2.2 MB | 1.4/12 MB | 311/327 kB
Progress (3): 2.1/2.2 MB | 1.4/12 MB | 311/327 kB
Progress (3): 2.1/2.2 MB | 1.4/12 MB | 311/327 kB
Progress (3): 2.1/2.2 MB | 1.4/12 MB | 327/327 kB
Progress (3): 2.1/2.2 MB | 1.4/12 MB | 327 kB    
Progress (3): 2.1/2.2 MB | 1.4/12 MB | 327 kB
Progress (3): 2.1/2.2 MB | 1.4/12 MB | 327 kB
                                             
Downloaded from central: https://repo.maven.apache.org/maven2/io/smallrye/jandex/3.1.2/jandex-3.1.2.jar (327 kB at 459 kB/s)
Downloading from central: https://repo.maven.apache.org/maven2/org/eclipse/angus/angus-activation/2.0.2/angus-activation-2.0.2.jar
Progress (2): 2.1/2.2 MB | 1.4/12 MB
Progress (2): 2.1/2.2 MB | 1.5/12 MB
Progress (2): 2.1/2.2 MB | 1.5/12 MB
Progress (2): 2.1/2.2 MB | 1.5/12 MB
Progress (2): 2.1/2.2 MB | 1.5/12 MB
Progress (2): 2.1/2.2 MB | 1.5/12 MB
Progress (2): 2.1/2.2 MB | 1.5/12 MB
Progress (2): 2.1/2.2 MB | 1.5/12 MB
Progress (2): 2.1/2.2 MB | 1.5/12 MB
Progress (2): 2.1/2.2 MB | 1.5/12 MB
Progress (2): 2.2/2.2 MB | 1.5/12 MB
Progress (3): 2.2/2.2 MB | 1.5/12 MB | 3.7/139 kB
Progress (3): 2.2/2.2 MB | 1.5/12 MB | 3.7/139 kB
Progress (3): 2.2 MB | 1.5/12 MB | 3.7/139 kB    
Progress (4): 2.2 MB | 1.5/12 MB | 3.7/139 kB | 3.7/920 kB
Progress (4): 2.2 MB | 1.5/12 MB | 20/139 kB | 3.7/920 kB 
                                                         
Downloaded from central: https://repo.maven.apache.org/maven2/org/aspectj/aspectjweaver/1.9.22.1/aspectjweaver-1.9.22.1.jar (2.2 MB at 3.0 MB/s)
Downloading from central: https://repo.maven.apache.org/maven2/org/glassfish/jaxb/txw2/4.0.5/txw2-4.0.5.jar
Progress (3): 1.5/12 MB | 20/139 kB | 3.7/920 kB
Progress (3): 1.5/12 MB | 36/139 kB | 3.7/920 kB
Progress (3): 1.5/12 MB | 36/139 kB | 20/920 kB 
Progress (3): 1.6/12 MB | 36/139 kB | 20/920 kB
Progress (3): 1.6/12 MB | 36/139 kB | 20/920 kB
Progress (3): 1.6/12 MB | 53/139 kB | 20/920 kB
Progress (3): 1.6/12 MB | 53/139 kB | 36/920 kB
Progress (3): 1.6/12 MB | 53/139 kB | 36/920 kB
Progress (3): 1.6/12 MB | 69/139 kB | 36/920 kB
Progress (3): 1.6/12 MB | 69/139 kB | 36/920 kB
Progress (3): 1.6/12 MB | 69/139 kB | 53/920 kB
Progress (3): 1.6/12 MB | 86/139 kB | 53/920 kB
Progress (3): 1.6/12 MB | 102/139 kB | 53/920 kB
Progress (3): 1.6/12 MB | 102/139 kB | 53/920 kB
Progress (3): 1.6/12 MB | 102/139 kB | 69/920 kB
Progress (3): 1.6/12 MB | 102/139 kB | 69/920 kB
Progress (3): 1.6/12 MB | 118/139 kB | 69/920 kB
Progress (3): 1.6/12 MB | 118/139 kB | 86/920 kB
Progress (3): 1.7/12 MB | 118/139 kB | 86/920 kB
Progress (3): 1.7/12 MB | 135/139 kB | 86/920 kB
Progress (3): 1.7/12 MB | 139 kB | 86/920 kB    
Progress (3): 1.7/12 MB | 139 kB | 102/920 kB
Progress (3): 1.7/12 MB | 139 kB | 102/920 kB
                                             
Downloaded from central: https://repo.maven.apache.org/maven2/org/glassfish/jaxb/jaxb-core/4.0.5/jaxb-core-4.0.5.jar (139 kB at 190 kB/s)
Downloading from central: https://repo.maven.apache.org/maven2/com/sun/istack/istack-commons-runtime/4.1.2/istack-commons-runtime-4.1.2.jar
Progress (2): 1.7/12 MB | 118/920 kB
Progress (2): 1.7/12 MB | 118/920 kB
Progress (2): 1.7/12 MB | 135/920 kB
Progress (2): 1.7/12 MB | 151/920 kB
Progress (2): 1.7/12 MB | 151/920 kB
Progress (2): 1.7/12 MB | 168/920 kB
Progress (2): 1.7/12 MB | 168/920 kB
Progress (2): 1.7/12 MB | 168/920 kB
Progress (2): 1.7/12 MB | 184/920 kB
Progress (2): 1.8/12 MB | 184/920 kB
Progress (2): 1.8/12 MB | 200/920 kB
Progress (2): 1.8/12 MB | 200/920 kB
Progress (2): 1.8/12 MB | 217/920 kB
Progress (2): 1.8/12 MB | 217/920 kB
Progress (2): 1.8/12 MB | 217/920 kB
Progress (2): 1.8/12 MB | 233/920 kB
Progress (2): 1.8/12 MB | 233/920 kB
Progress (2): 1.8/12 MB | 249/920 kB
Progress (2): 1.8/12 MB | 249/920 kB
Progress (2): 1.8/12 MB | 266/920 kB
Progress (3): 1.8/12 MB | 266/920 kB | 7.7/27 kB
Progress (3): 1.8/12 MB | 266/920 kB | 16/27 kB 
Progress (3): 1.8/12 MB | 266/920 kB | 25/27 kB
Progress (3): 1.8/12 MB | 266/920 kB | 27 kB   
Progress (3): 1.9/12 MB | 266/920 kB | 27 kB
Progress (3): 1.9/12 MB | 282/920 kB | 27 kB
                                            
Downloaded from central: https://repo.maven.apache.org/maven2/org/eclipse/angus/angus-activation/2.0.2/angus-activation-2.0.2.jar (27 kB at 37 kB/s)
Progress (2): 1.9/12 MB | 282/920 kB
                                    
Downloading from central: https://repo.maven.apache.org/maven2/jakarta/inject/jakarta.inject-api/2.0.1/jakarta.inject-api-2.0.1.jar
Progress (2): 1.9/12 MB | 299/920 kB
Progress (2): 1.9/12 MB | 299/920 kB
Progress (2): 1.9/12 MB | 315/920 kB
Progress (2): 1.9/12 MB | 331/920 kB
Progress (2): 1.9/12 MB | 331/920 kB
Progress (2): 1.9/12 MB | 348/920 kB
Progress (2): 1.9/12 MB | 348/920 kB
Progress (2): 1.9/12 MB | 364/920 kB
Progress (2): 1.9/12 MB | 364/920 kB
Progress (2): 2.0/12 MB | 364/920 kB
Progress (2): 2.0/12 MB | 381/920 kB
Progress (2): 2.0/12 MB | 381/920 kB
Progress (2): 2.0/12 MB | 397/920 kB
Progress (2): 2.0/12 MB | 397/920 kB
Progress (2): 2.0/12 MB | 413/920 kB
Progress (2): 2.0/12 MB | 430/920 kB
Progress (2): 2.0/12 MB | 430/920 kB
Progress (2): 2.0/12 MB | 446/920 kB
Progress (2): 2.0/12 MB | 462/920 kB
Progress (2): 2.0/12 MB | 462/920 kB
Progress (2): 2.0/12 MB | 462/920 kB
Progress (2): 2.0/12 MB | 479/920 kB
Progress (2): 2.1/12 MB | 479/920 kB
Progress (2): 2.1/12 MB | 490/920 kB
Progress (2): 2.1/12 MB | 490/920 kB
Progress (2): 2.1/12 MB | 506/920 kB
Progress (2): 2.1/12 MB | 522/920 kB
Progress (2): 2.1/12 MB | 522/920 kB
Progress (2): 2.1/12 MB | 522/920 kB
Progress (2): 2.1/12 MB | 539/920 kB
Progress (3): 2.1/12 MB | 539/920 kB | 7.7/26 kB
Progress (3): 2.1/12 MB | 539/920 kB | 16/26 kB 
Progress (3): 2.1/12 MB | 539/920 kB | 25/26 kB
Progress (3): 2.1/12 MB | 539/920 kB | 26 kB   
Progress (3): 2.1/12 MB | 539/920 kB | 26 kB
Progress (3): 2.1/12 MB | 555/920 kB | 26 kB
                                            
Downloaded from central: https://repo.maven.apache.org/maven2/com/sun/istack/istack-commons-runtime/4.1.2/istack-commons-runtime-4.1.2.jar (26 kB at 34 kB/s)
Progress (2): 2.1/12 MB | 571/920 kB
                                    
Downloading from central: https://repo.maven.apache.org/maven2/org/antlr/antlr4-runtime/4.13.0/antlr4-runtime-4.13.0.jar
Progress (2): 2.1/12 MB | 571/920 kB
Progress (2): 2.1/12 MB | 588/920 kB
Progress (2): 2.2/12 MB | 588/920 kB
Progress (2): 2.2/12 MB | 604/920 kB
Progress (2): 2.2/12 MB | 604/920 kB
Progress (2): 2.2/12 MB | 604/920 kB
Progress (2): 2.2/12 MB | 621/920 kB
Progress (2): 2.2/12 MB | 637/920 kB
Progress (2): 2.2/12 MB | 637/920 kB
Progress (2): 2.2/12 MB | 653/920 kB
Progress (2): 2.2/12 MB | 653/920 kB
Progress (2): 2.2/12 MB | 670/920 kB
Progress (2): 2.2/12 MB | 670/920 kB
Progress (2): 2.2/12 MB | 686/920 kB
Progress (2): 2.2/12 MB | 703/920 kB
Progress (2): 2.2/12 MB | 709/920 kB
Progress (2): 2.3/12 MB | 709/920 kB
Progress (2): 2.3/12 MB | 709/920 kB
Progress (2): 2.3/12 MB | 725/920 kB
Progress (2): 2.3/12 MB | 725/920 kB
Progress (2): 2.3/12 MB | 725/920 kB
Progress (2): 2.3/12 MB | 742/920 kB
Progress (2): 2.3/12 MB | 742/920 kB
Progress (2): 2.3/12 MB | 758/920 kB
Progress (3): 2.3/12 MB | 758/920 kB | 7.7/73 kB
Progress (3): 2.3/12 MB | 758/920 kB | 16/73 kB 
Progress (3): 2.3/12 MB | 758/920 kB | 20/73 kB
Progress (3): 2.3/12 MB | 758/920 kB | 20/73 kB
Progress (3): 2.3/12 MB | 774/920 kB | 20/73 kB
Progress (3): 2.3/12 MB | 791/920 kB | 20/73 kB
Progress (3): 2.3/12 MB | 791/920 kB | 37/73 kB
Progress (3): 2.4/12 MB | 791/920 kB | 37/73 kB
Progress (3): 2.4/12 MB | 791/920 kB | 53/73 kB
Progress (3): 2.4/12 MB | 807/920 kB | 53/73 kB
Progress (3): 2.4/12 MB | 807/920 kB | 53/73 kB
Progress (3): 2.4/12 MB | 807/920 kB | 69/73 kB
Progress (3): 2.4/12 MB | 823/920 kB | 69/73 kB
Progress (3): 2.4/12 MB | 823/920 kB | 73 kB   
                                            
Downloaded from central: https://repo.maven.apache.org/maven2/org/glassfish/jaxb/txw2/4.0.5/txw2-4.0.5.jar (73 kB at 95 kB/s)
Downloading from central: https://repo.maven.apache.org/maven2/org/springframework/data/spring-data-jpa/3.3.3/spring-data-jpa-3.3.3.jar
Progress (2): 2.4/12 MB | 840/920 kB
Progress (2): 2.4/12 MB | 840/920 kB
Progress (2): 2.4/12 MB | 856/920 kB
Progress (2): 2.4/12 MB | 856/920 kB
Progress (2): 2.4/12 MB | 873/920 kB
Progress (2): 2.4/12 MB | 873/920 kB
Progress (2): 2.4/12 MB | 889/920 kB
Progress (2): 2.4/12 MB | 889/920 kB
Progress (2): 2.4/12 MB | 905/920 kB
Progress (2): 2.4/12 MB | 905/920 kB
Progress (2): 2.4/12 MB | 920 kB    
                                
Downloaded from central: https://repo.maven.apache.org/maven2/org/glassfish/jaxb/jaxb-runtime/4.0.5/jaxb-runtime-4.0.5.jar (920 kB at 1.2 MB/s)
Downloading from central: https://repo.maven.apache.org/maven2/org/springframework/data/spring-data-commons/3.3.3/spring-data-commons-3.3.3.jar
Progress (1): 2.5/12 MB
Progress (1): 2.5/12 MB
Progress (1): 2.5/12 MB
Progress (1): 2.5/12 MB
Progress (1): 2.5/12 MB
Progress (1): 2.5/12 MB
Progress (2): 2.5/12 MB | 7.7/326 kB
Progress (2): 2.5/12 MB | 16/326 kB 
Progress (2): 2.5/12 MB | 25/326 kB
Progress (3): 2.5/12 MB | 25/326 kB | 3.7/11 kB
Progress (3): 2.6/12 MB | 25/326 kB | 3.7/11 kB
Progress (3): 2.6/12 MB | 41/326 kB | 3.7/11 kB
Progress (3): 2.6/12 MB | 41/326 kB | 11 kB    
Progress (3): 2.6/12 MB | 57/326 kB | 11 kB
                                           
Downloaded from central: https://repo.maven.apache.org/maven2/jakarta/inject/jakarta.inject-api/2.0.1/jakarta.inject-api-2.0.1.jar (11 kB at 14 kB/s)
Downloading from central: https://repo.maven.apache.org/maven2/org/springframework/spring-orm/6.1.12/spring-orm-6.1.12.jar
Progress (2): 2.6/12 MB | 57/326 kB
Progress (2): 2.6/12 MB | 74/326 kB
Progress (2): 2.6/12 MB | 74/326 kB
Progress (2): 2.6/12 MB | 74/326 kB
Progress (2): 2.6/12 MB | 90/326 kB
Progress (2): 2.6/12 MB | 106/326 kB
Progress (2): 2.6/12 MB | 106/326 kB
Progress (2): 2.6/12 MB | 123/326 kB
Progress (2): 2.6/12 MB | 139/326 kB
Progress (2): 2.6/12 MB | 139/326 kB
Progress (2): 2.6/12 MB | 156/326 kB
Progress (2): 2.7/12 MB | 156/326 kB
Progress (2): 2.7/12 MB | 156/326 kB
Progress (2): 2.7/12 MB | 172/326 kB
Progress (2): 2.7/12 MB | 188/326 kB
Progress (2): 2.7/12 MB | 188/326 kB
Progress (2): 2.7/12 MB | 205/326 kB
Progress (2): 2.7/12 MB | 221/326 kB
Progress (2): 2.7/12 MB | 221/326 kB
Progress (2): 2.7/12 MB | 221/326 kB
Progress (2): 2.7/12 MB | 238/326 kB
Progress (2): 2.7/12 MB | 238/326 kB
Progress (2): 2.7/12 MB | 254/326 kB
Progress (2): 2.7/12 MB | 254/326 kB
Progress (2): 2.7/12 MB | 270/326 kB
Progress (2): 2.8/12 MB | 270/326 kB
Progress (2): 2.8/12 MB | 270/326 kB
Progress (2): 2.8/12 MB | 287/326 kB
Progress (2): 2.8/12 MB | 303/326 kB
Progress (3): 2.8/12 MB | 303/326 kB | 0/1.5 MB
Progress (3): 2.8/12 MB | 303/326 kB | 0/1.5 MB
Progress (3): 2.8/12 MB | 303/326 kB | 0/1.5 MB
Progress (3): 2.8/12 MB | 303/326 kB | 0/1.5 MB
Progress (3): 2.8/12 MB | 319/326 kB | 0/1.5 MB
Progress (3): 2.8/12 MB | 326 kB | 0/1.5 MB    
Progress (3): 2.8/12 MB | 326 kB | 0/1.5 MB
Progress (3): 2.8/12 MB | 326 kB | 0/1.5 MB
                                           
Downloaded from central: https://repo.maven.apache.org/maven2/org/antlr/antlr4-runtime/4.13.0/antlr4-runtime-4.13.0.jar (326 kB at 410 kB/s)
Downloading from central: https://repo.maven.apache.org/maven2/org/springframework/spring-tx/6.1.12/spring-tx-6.1.12.jar
Progress (2): 2.8/12 MB | 0/1.5 MB
Progress (2): 2.8/12 MB | 0.1/1.5 MB
Progress (2): 2.8/12 MB | 0.1/1.5 MB
Progress (2): 2.8/12 MB | 0.1/1.5 MB
Progress (2): 2.9/12 MB | 0.1/1.5 MB
Progress (2): 2.9/12 MB | 0.1/1.5 MB
Progress (2): 2.9/12 MB | 0.1/1.5 MB
Progress (2): 2.9/12 MB | 0.1/1.5 MB
Progress (2): 2.9/12 MB | 0.1/1.5 MB
Progress (2): 2.9/12 MB | 0.1/1.5 MB
Progress (2): 2.9/12 MB | 0.1/1.5 MB
Progress (2): 2.9/12 MB | 0.1/1.5 MB
Progress (2): 2.9/12 MB | 0.1/1.5 MB
Progress (3): 2.9/12 MB | 0.1/1.5 MB | 0/1.5 MB
Progress (3): 2.9/12 MB | 0.1/1.5 MB | 0/1.5 MB
Progress (3): 2.9/12 MB | 0.1/1.5 MB | 0/1.5 MB
Progress (3): 3.0/12 MB | 0.1/1.5 MB | 0/1.5 MB
Progress (3): 3.0/12 MB | 0.2/1.5 MB | 0/1.5 MB
Progress (3): 3.0/12 MB | 0.2/1.5 MB | 0/1.5 MB
Progress (3): 3.0/12 MB | 0.2/1.5 MB | 0/1.5 MB
Progress (3): 3.0/12 MB | 0.2/1.5 MB | 0.1/1.5 MB
Progress (3): 3.0/12 MB | 0.2/1.5 MB | 0.1/1.5 MB
Progress (3): 3.0/12 MB | 0.2/1.5 MB | 0.1/1.5 MB
Progress (3): 3.0/12 MB | 0.2/1.5 MB | 0.1/1.5 MB
Progress (3): 3.0/12 MB | 0.2/1.5 MB | 0.1/1.5 MB
Progress (3): 3.0/12 MB | 0.2/1.5 MB | 0.1/1.5 MB
Progress (3): 3.0/12 MB | 0.2/1.5 MB | 0.1/1.5 MB
Progress (4): 3.0/12 MB | 0.2/1.5 MB | 0.1/1.5 MB | 3.8/238 kB
Progress (4): 3.0/12 MB | 0.2/1.5 MB | 0.1/1.5 MB | 3.8/238 kB
Progress (4): 3.0/12 MB | 0.2/1.5 MB | 0.1/1.5 MB | 3.8/238 kB
Progress (4): 3.0/12 MB | 0.2/1.5 MB | 0.1/1.5 MB | 3.8/238 kB
Progress (4): 3.0/12 MB | 0.2/1.5 MB | 0.1/1.5 MB | 3.8/238 kB
Progress (4): 3.0/12 MB | 0.2/1.5 MB | 0.1/1.5 MB | 20/238 kB 
Progress (4): 3.0/12 MB | 0.2/1.5 MB | 0.1/1.5 MB | 20/238 kB
Progress (4): 3.0/12 MB | 0.2/1.5 MB | 0.1/1.5 MB | 20/238 kB
Progress (4): 3.1/12 MB | 0.2/1.5 MB | 0.1/1.5 MB | 20/238 kB
Progress (4): 3.1/12 MB | 0.2/1.5 MB | 0.1/1.5 MB | 37/238 kB
Progress (4): 3.1/12 MB | 0.2/1.5 MB | 0.1/1.5 MB | 37/238 kB
Progress (4): 3.1/12 MB | 0.2/1.5 MB | 0.1/1.5 MB | 37/238 kB
Progress (4): 3.1/12 MB | 0.2/1.5 MB | 0.1/1.5 MB | 37/238 kB
Progress (4): 3.1/12 MB | 0.2/1.5 MB | 0.1/1.5 MB | 53/238 kB
Progress (4): 3.1/12 MB | 0.3/1.5 MB | 0.1/1.5 MB | 53/238 kB
Progress (4): 3.1/12 MB | 0.3/1.5 MB | 0.1/1.5 MB | 53/238 kB
Progress (4): 3.1/12 MB | 0.3/1.5 MB | 0.1/1.5 MB | 53/238 kB
Progress (4): 3.1/12 MB | 0.3/1.5 MB | 0.1/1.5 MB | 69/238 kB
Progress (4): 3.1/12 MB | 0.3/1.5 MB | 0.1/1.5 MB | 69/238 kB
Progress (4): 3.1/12 MB | 0.3/1.5 MB | 0.2/1.5 MB | 69/238 kB
Progress (4): 3.1/12 MB | 0.3/1.5 MB | 0.2/1.5 MB | 69/238 kB
Progress (4): 3.1/12 MB | 0.3/1.5 MB | 0.2/1.5 MB | 69/238 kB
Progress (4): 3.1/12 MB | 0.3/1.5 MB | 0.2/1.5 MB | 86/238 kB
Progress (4): 3.1/12 MB | 0.3/1.5 MB | 0.2/1.5 MB | 86/238 kB
Progress (4): 3.1/12 MB | 0.3/1.5 MB | 0.2/1.5 MB | 86/238 kB
Progress (4): 3.1/12 MB | 0.3/1.5 MB | 0.2/1.5 MB | 86/238 kB
Progress (4): 3.1/12 MB | 0.3/1.5 MB | 0.2/1.5 MB | 86/238 kB
Progress (4): 3.1/12 MB | 0.3/1.5 MB | 0.2/1.5 MB | 86/238 kB
Progress (4): 3.1/12 MB | 0.3/1.5 MB | 0.2/1.5 MB | 86/238 kB
Progress (4): 3.1/12 MB | 0.3/1.5 MB | 0.2/1.5 MB | 86/238 kB
Progress (4): 3.1/12 MB | 0.3/1.5 MB | 0.2/1.5 MB | 86/238 kB
Progress (4): 3.1/12 MB | 0.3/1.5 MB | 0.2/1.5 MB | 102/238 kB
Progress (4): 3.2/12 MB | 0.3/1.5 MB | 0.2/1.5 MB | 102/238 kB
Progress (4): 3.2/12 MB | 0.3/1.5 MB | 0.2/1.5 MB | 102/238 kB
Progress (4): 3.2/12 MB | 0.3/1.5 MB | 0.2/1.5 MB | 102/238 kB
Progress (4): 3.2/12 MB | 0.3/1.5 MB | 0.2/1.5 MB | 102/238 kB
Progress (5): 3.2/12 MB | 0.3/1.5 MB | 0.2/1.5 MB | 102/238 kB | 7.7/282 kB
Progress (5): 3.2/12 MB | 0.3/1.5 MB | 0.2/1.5 MB | 102/238 kB | 8.2/282 kB
Progress (5): 3.2/12 MB | 0.3/1.5 MB | 0.2/1.5 MB | 102/238 kB | 25/282 kB 
Progress (5): 3.2/12 MB | 0.4/1.5 MB | 0.2/1.5 MB | 102/238 kB | 25/282 kB
Progress (5): 3.2/12 MB | 0.4/1.5 MB | 0.2/1.5 MB | 118/238 kB | 25/282 kB
Progress (5): 3.2/12 MB | 0.4/1.5 MB | 0.2/1.5 MB | 118/238 kB | 25/282 kB
Progress (5): 3.2/12 MB | 0.4/1.5 MB | 0.2/1.5 MB | 118/238 kB | 25/282 kB
Progress (5): 3.2/12 MB | 0.4/1.5 MB | 0.2/1.5 MB | 118/238 kB | 41/282 kB
Progress (5): 3.2/12 MB | 0.4/1.5 MB | 0.2/1.5 MB | 118/238 kB | 41/282 kB
Progress (5): 3.2/12 MB | 0.4/1.5 MB | 0.2/1.5 MB | 118/238 kB | 57/282 kB
Progress (5): 3.2/12 MB | 0.4/1.5 MB | 0.3/1.5 MB | 118/238 kB | 57/282 kB
Progress (5): 3.2/12 MB | 0.4/1.5 MB | 0.3/1.5 MB | 135/238 kB | 57/282 kB
Progress (5): 3.2/12 MB | 0.4/1.5 MB | 0.3/1.5 MB | 135/238 kB | 57/282 kB
Progress (5): 3.2/12 MB | 0.4/1.5 MB | 0.3/1.5 MB | 135/238 kB | 57/282 kB
Progress (5): 3.2/12 MB | 0.4/1.5 MB | 0.3/1.5 MB | 135/238 kB | 57/282 kB
Progress (5): 3.2/12 MB | 0.4/1.5 MB | 0.3/1.5 MB | 151/238 kB | 57/282 kB
Progress (5): 3.2/12 MB | 0.4/1.5 MB | 0.3/1.5 MB | 151/238 kB | 57/282 kB
Progress (5): 3.2/12 MB | 0.4/1.5 MB | 0.3/1.5 MB | 151/238 kB | 74/282 kB
Progress (5): 3.2/12 MB | 0.4/1.5 MB | 0.3/1.5 MB | 151/238 kB | 74/282 kB
Progress (5): 3.2/12 MB | 0.4/1.5 MB | 0.3/1.5 MB | 151/238 kB | 74/282 kB
Progress (5): 3.2/12 MB | 0.4/1.5 MB | 0.3/1.5 MB | 168/238 kB | 74/282 kB
Progress (5): 3.2/12 MB | 0.4/1.5 MB | 0.3/1.5 MB | 168/238 kB | 74/282 kB
Progress (5): 3.2/12 MB | 0.4/1.5 MB | 0.3/1.5 MB | 184/238 kB | 74/282 kB
Progress (5): 3.2/12 MB | 0.4/1.5 MB | 0.3/1.5 MB | 184/238 kB | 74/282 kB
Progress (5): 3.3/12 MB | 0.4/1.5 MB | 0.3/1.5 MB | 184/238 kB | 74/282 kB
Progress (5): 3.3/12 MB | 0.4/1.5 MB | 0.3/1.5 MB | 184/238 kB | 90/282 kB
Progress (5): 3.3/12 MB | 0.4/1.5 MB | 0.3/1.5 MB | 184/238 kB | 90/282 kB
Progress (5): 3.3/12 MB | 0.4/1.5 MB | 0.3/1.5 MB | 200/238 kB | 90/282 kB
Progress (5): 3.3/12 MB | 0.4/1.5 MB | 0.3/1.5 MB | 200/238 kB | 90/282 kB
Progress (5): 3.3/12 MB | 0.4/1.5 MB | 0.3/1.5 MB | 217/238 kB | 90/282 kB
Progress (5): 3.3/12 MB | 0.4/1.5 MB | 0.3/1.5 MB | 217/238 kB | 90/282 kB
Progress (5): 3.3/12 MB | 0.4/1.5 MB | 0.3/1.5 MB | 217/238 kB | 106/282 kB
Progress (5): 3.3/12 MB | 0.4/1.5 MB | 0.3/1.5 MB | 217/238 kB | 123/282 kB
Progress (5): 3.3/12 MB | 0.5/1.5 MB | 0.3/1.5 MB | 217/238 kB | 123/282 kB
Progress (5): 3.3/12 MB | 0.5/1.5 MB | 0.3/1.5 MB | 217/238 kB | 123/282 kB
Progress (5): 3.3/12 MB | 0.5/1.5 MB | 0.3/1.5 MB | 217/238 kB | 123/282 kB
Progress (5): 3.3/12 MB | 0.5/1.5 MB | 0.3/1.5 MB | 233/238 kB | 123/282 kB
Progress (5): 3.3/12 MB | 0.5/1.5 MB | 0.3/1.5 MB | 238 kB | 123/282 kB    
Progress (5): 3.3/12 MB | 0.5/1.5 MB | 0.3/1.5 MB | 238 kB | 123/282 kB
                                                                       
Downloaded from central: https://repo.maven.apache.org/maven2/org/springframework/spring-orm/6.1.12/spring-orm-6.1.12.jar (238 kB at 283 kB/s)
Downloading from central: https://repo.maven.apache.org/maven2/org/slf4j/slf4j-api/2.0.16/slf4j-api-2.0.16.jar
Progress (4): 3.3/12 MB | 0.5/1.5 MB | 0.3/1.5 MB | 139/282 kB
Progress (4): 3.3/12 MB | 0.5/1.5 MB | 0.3/1.5 MB | 139/282 kB
Progress (4): 3.3/12 MB | 0.5/1.5 MB | 0.3/1.5 MB | 139/282 kB
Progress (4): 3.3/12 MB | 0.5/1.5 MB | 0.3/1.5 MB | 139/282 kB
Progress (4): 3.3/12 MB | 0.5/1.5 MB | 0.4/1.5 MB | 139/282 kB
Progress (4): 3.3/12 MB | 0.5/1.5 MB | 0.4/1.5 MB | 156/282 kB
Progress (4): 3.3/12 MB | 0.5/1.5 MB | 0.4/1.5 MB | 156/282 kB
Progress (4): 3.3/12 MB | 0.5/1.5 MB | 0.4/1.5 MB | 156/282 kB
Progress (4): 3.3/12 MB | 0.5/1.5 MB | 0.4/1.5 MB | 172/282 kB
Progress (4): 3.3/12 MB | 0.5/1.5 MB | 0.4/1.5 MB | 172/282 kB
Progress (4): 3.3/12 MB | 0.5/1.5 MB | 0.4/1.5 MB | 172/282 kB
Progress (4): 3.3/12 MB | 0.5/1.5 MB | 0.4/1.5 MB | 172/282 kB
Progress (4): 3.3/12 MB | 0.5/1.5 MB | 0.4/1.5 MB | 188/282 kB
Progress (4): 3.3/12 MB | 0.5/1.5 MB | 0.4/1.5 MB | 188/282 kB
Progress (4): 3.4/12 MB | 0.5/1.5 MB | 0.4/1.5 MB | 188/282 kB
Progress (4): 3.4/12 MB | 0.5/1.5 MB | 0.4/1.5 MB | 188/282 kB
Progress (4): 3.4/12 MB | 0.5/1.5 MB | 0.4/1.5 MB | 205/282 kB
Progress (4): 3.4/12 MB | 0.5/1.5 MB | 0.4/1.5 MB | 205/282 kB
Progress (4): 3.4/12 MB | 0.5/1.5 MB | 0.4/1.5 MB | 205/282 kB
Progress (4): 3.4/12 MB | 0.5/1.5 MB | 0.4/1.5 MB | 205/282 kB
Progress (4): 3.4/12 MB | 0.5/1.5 MB | 0.4/1.5 MB | 221/282 kB
Progress (4): 3.4/12 MB | 0.6/1.5 MB | 0.4/1.5 MB | 221/282 kB
Progress (4): 3.4/12 MB | 0.6/1.5 MB | 0.4/1.5 MB | 221/282 kB
Progress (4): 3.4/12 MB | 0.6/1.5 MB | 0.4/1.5 MB | 238/282 kB
Progress (4): 3.4/12 MB | 0.6/1.5 MB | 0.4/1.5 MB | 238/282 kB
Progress (4): 3.4/12 MB | 0.6/1.5 MB | 0.4/1.5 MB | 238/282 kB
Progress (4): 3.4/12 MB | 0.6/1.5 MB | 0.4/1.5 MB | 238/282 kB
Progress (4): 3.4/12 MB | 0.6/1.5 MB | 0.4/1.5 MB | 254/282 kB
Progress (4): 3.4/12 MB | 0.6/1.5 MB | 0.5/1.5 MB | 254/282 kB
Progress (4): 3.4/12 MB | 0.6/1.5 MB | 0.5/1.5 MB | 254/282 kB
Progress (4): 3.4/12 MB | 0.6/1.5 MB | 0.5/1.5 MB | 254/282 kB
Progress (4): 3.4/12 MB | 0.6/1.5 MB | 0.5/1.5 MB | 254/282 kB
Progress (4): 3.4/12 MB | 0.6/1.5 MB | 0.5/1.5 MB | 254/282 kB
Progress (4): 3.4/12 MB | 0.6/1.5 MB | 0.5/1.5 MB | 270/282 kB
Progress (4): 3.4/12 MB | 0.6/1.5 MB | 0.5/1.5 MB | 270/282 kB
Progress (4): 3.5/12 MB | 0.6/1.5 MB | 0.5/1.5 MB | 270/282 kB
Progress (4): 3.5/12 MB | 0.6/1.5 MB | 0.5/1.5 MB | 282 kB    
                                                          
Downloaded from central: https://repo.maven.apache.org/maven2/org/springframework/spring-tx/6.1.12/spring-tx-6.1.12.jar (282 kB at 329 kB/s)
Progress (3): 3.5/12 MB | 0.6/1.5 MB | 0.5/1.5 MB
                                                 
Downloading from central: https://repo.maven.apache.org/maven2/org/springframework/spring-aspects/6.1.12/spring-aspects-6.1.12.jar
Progress (3): 3.5/12 MB | 0.6/1.5 MB | 0.5/1.5 MB
Progress (3): 3.5/12 MB | 0.6/1.5 MB | 0.5/1.5 MB
Progress (3): 3.5/12 MB | 0.6/1.5 MB | 0.5/1.5 MB
Progress (3): 3.5/12 MB | 0.6/1.5 MB | 0.5/1.5 MB
Progress (3): 3.5/12 MB | 0.6/1.5 MB | 0.5/1.5 MB
Progress (3): 3.5/12 MB | 0.6/1.5 MB | 0.5/1.5 MB
Progress (3): 3.5/12 MB | 0.6/1.5 MB | 0.5/1.5 MB
Progress (3): 3.5/12 MB | 0.6/1.5 MB | 0.5/1.5 MB
Progress (3): 3.5/12 MB | 0.6/1.5 MB | 0.5/1.5 MB
Progress (3): 3.5/12 MB | 0.6/1.5 MB | 0.5/1.5 MB
Progress (3): 3.5/12 MB | 0.6/1.5 MB | 0.5/1.5 MB
Progress (3): 3.5/12 MB | 0.7/1.5 MB | 0.5/1.5 MB
Progress (3): 3.5/12 MB | 0.7/1.5 MB | 0.5/1.5 MB
Progress (3): 3.5/12 MB | 0.7/1.5 MB | 0.5/1.5 MB
Progress (3): 3.5/12 MB | 0.7/1.5 MB | 0.6/1.5 MB
Progress (3): 3.5/12 MB | 0.7/1.5 MB | 0.6/1.5 MB
Progress (3): 3.5/12 MB | 0.7/1.5 MB | 0.6/1.5 MB
Progress (3): 3.5/12 MB | 0.7/1.5 MB | 0.6/1.5 MB
Progress (3): 3.5/12 MB | 0.7/1.5 MB | 0.6/1.5 MB
Progress (3): 3.5/12 MB | 0.7/1.5 MB | 0.6/1.5 MB
Progress (3): 3.6/12 MB | 0.7/1.5 MB | 0.6/1.5 MB
Progress (3): 3.6/12 MB | 0.7/1.5 MB | 0.6/1.5 MB
Progress (3): 3.6/12 MB | 0.7/1.5 MB | 0.6/1.5 MB
Progress (3): 3.6/12 MB | 0.7/1.5 MB | 0.6/1.5 MB
Progress (3): 3.6/12 MB | 0.7/1.5 MB | 0.6/1.5 MB
Progress (3): 3.6/12 MB | 0.7/1.5 MB | 0.6/1.5 MB
Progress (3): 3.6/12 MB | 0.7/1.5 MB | 0.6/1.5 MB
Progress (3): 3.6/12 MB | 0.7/1.5 MB | 0.6/1.5 MB
Progress (3): 3.6/12 MB | 0.7/1.5 MB | 0.6/1.5 MB
Progress (3): 3.6/12 MB | 0.7/1.5 MB | 0.6/1.5 MB
Progress (3): 3.6/12 MB | 0.8/1.5 MB | 0.6/1.5 MB
Progress (3): 3.6/12 MB | 0.8/1.5 MB | 0.6/1.5 MB
Progress (3): 3.6/12 MB | 0.8/1.5 MB | 0.6/1.5 MB
Progress (3): 3.6/12 MB | 0.8/1.5 MB | 0.6/1.5 MB
Progress (3): 3.6/12 MB | 0.8/1.5 MB | 0.6/1.5 MB
Progress (3): 3.6/12 MB | 0.8/1.5 MB | 0.6/1.5 MB
Progress (3): 3.6/12 MB | 0.8/1.5 MB | 0.6/1.5 MB
Progress (3): 3.6/12 MB | 0.8/1.5 MB | 0.6/1.5 MB
Progress (3): 3.6/12 MB | 0.8/1.5 MB | 0.6/1.5 MB
Progress (3): 3.6/12 MB | 0.8/1.5 MB | 0.6/1.5 MB
Progress (4): 3.6/12 MB | 0.8/1.5 MB | 0.6/1.5 MB | 7.7/69 kB
Progress (4): 3.6/12 MB | 0.8/1.5 MB | 0.6/1.5 MB | 16/69 kB 
Progress (4): 3.6/12 MB | 0.8/1.5 MB | 0.6/1.5 MB | 25/69 kB
Progress (4): 3.7/12 MB | 0.8/1.5 MB | 0.6/1.5 MB | 25/69 kB
Progress (4): 3.7/12 MB | 0.8/1.5 MB | 0.6/1.5 MB | 25/69 kB
Progress (4): 3.7/12 MB | 0.8/1.5 MB | 0.6/1.5 MB | 25/69 kB
Progress (4): 3.7/12 MB | 0.8/1.5 MB | 0.6/1.5 MB | 41/69 kB
Progress (4): 3.7/12 MB | 0.8/1.5 MB | 0.6/1.5 MB | 41/69 kB
Progress (4): 3.7/12 MB | 0.8/1.5 MB | 0.6/1.5 MB | 41/69 kB
Progress (4): 3.7/12 MB | 0.8/1.5 MB | 0.7/1.5 MB | 41/69 kB
Progress (4): 3.7/12 MB | 0.8/1.5 MB | 0.7/1.5 MB | 57/69 kB
Progress (4): 3.7/12 MB | 0.8/1.5 MB | 0.7/1.5 MB | 57/69 kB
Progress (4): 3.7/12 MB | 0.8/1.5 MB | 0.7/1.5 MB | 69 kB   
Progress (4): 3.7/12 MB | 0.8/1.5 MB | 0.7/1.5 MB | 69 kB
Progress (4): 3.7/12 MB | 0.8/1.5 MB | 0.7/1.5 MB | 69 kB
                                                         
Downloaded from central: https://repo.maven.apache.org/maven2/org/slf4j/slf4j-api/2.0.16/slf4j-api-2.0.16.jar (69 kB at 79 kB/s)
Downloading from central: https://repo.maven.apache.org/maven2/org/springframework/boot/spring-boot-starter-security/3.3.3/spring-boot-starter-security-3.3.3.jar
Progress (3): 3.7/12 MB | 0.8/1.5 MB | 0.7/1.5 MB
Progress (3): 3.7/12 MB | 0.8/1.5 MB | 0.7/1.5 MB
Progress (3): 3.7/12 MB | 0.8/1.5 MB | 0.7/1.5 MB
Progress (3): 3.7/12 MB | 0.9/1.5 MB | 0.7/1.5 MB
Progress (3): 3.7/12 MB | 0.9/1.5 MB | 0.7/1.5 MB
Progress (3): 3.7/12 MB | 0.9/1.5 MB | 0.7/1.5 MB
Progress (3): 3.7/12 MB | 0.9/1.5 MB | 0.7/1.5 MB
Progress (3): 3.7/12 MB | 0.9/1.5 MB | 0.7/1.5 MB
Progress (3): 3.7/12 MB | 0.9/1.5 MB | 0.7/1.5 MB
Progress (3): 3.7/12 MB | 0.9/1.5 MB | 0.7/1.5 MB
Progress (3): 3.7/12 MB | 0.9/1.5 MB | 0.7/1.5 MB
Progress (4): 3.7/12 MB | 0.9/1.5 MB | 0.7/1.5 MB | 7.7/50 kB
Progress (4): 3.7/12 MB | 0.9/1.5 MB | 0.7/1.5 MB | 16/50 kB 
Progress (4): 3.8/12 MB | 0.9/1.5 MB | 0.7/1.5 MB | 16/50 kB
Progress (4): 3.8/12 MB | 0.9/1.5 MB | 0.7/1.5 MB | 20/50 kB
Progress (4): 3.8/12 MB | 0.9/1.5 MB | 0.7/1.5 MB | 20/50 kB
Progress (4): 3.8/12 MB | 0.9/1.5 MB | 0.7/1.5 MB | 36/50 kB
Progress (4): 3.8/12 MB | 0.9/1.5 MB | 0.7/1.5 MB | 36/50 kB
Progress (4): 3.8/12 MB | 0.9/1.5 MB | 0.7/1.5 MB | 36/50 kB
Progress (4): 3.8/12 MB | 0.9/1.5 MB | 0.7/1.5 MB | 36/50 kB
Progress (4): 3.8/12 MB | 0.9/1.5 MB | 0.7/1.5 MB | 36/50 kB
Progress (4): 3.8/12 MB | 0.9/1.5 MB | 0.7/1.5 MB | 50 kB   
Progress (4): 3.8/12 MB | 0.9/1.5 MB | 0.8/1.5 MB | 50 kB
                                                         
Downloaded from central: https://repo.maven.apache.org/maven2/org/springframework/spring-aspects/6.1.12/spring-aspects-6.1.12.jar (50 kB at 56 kB/s)
Downloading from central: https://repo.maven.apache.org/maven2/org/springframework/spring-aop/6.1.12/spring-aop-6.1.12.jar
Progress (3): 3.8/12 MB | 0.9/1.5 MB | 0.8/1.5 MB
Progress (3): 3.8/12 MB | 0.9/1.5 MB | 0.8/1.5 MB
Progress (3): 3.8/12 MB | 0.9/1.5 MB | 0.8/1.5 MB
Progress (3): 3.8/12 MB | 0.9/1.5 MB | 0.8/1.5 MB
Progress (3): 3.8/12 MB | 1.0/1.5 MB | 0.8/1.5 MB
Progress (3): 3.8/12 MB | 1.0/1.5 MB | 0.8/1.5 MB
Progress (3): 3.8/12 MB | 1.0/1.5 MB | 0.8/1.5 MB
Progress (3): 3.8/12 MB | 1.0/1.5 MB | 0.8/1.5 MB
Progress (3): 3.8/12 MB | 1.0/1.5 MB | 0.8/1.5 MB
Progress (3): 3.8/12 MB | 1.0/1.5 MB | 0.8/1.5 MB
Progress (3): 3.8/12 MB | 1.0/1.5 MB | 0.8/1.5 MB
Progress (3): 3.8/12 MB | 1.0/1.5 MB | 0.8/1.5 MB
Progress (3): 3.9/12 MB | 1.0/1.5 MB | 0.8/1.5 MB
Progress (3): 3.9/12 MB | 1.0/1.5 MB | 0.8/1.5 MB
Progress (3): 3.9/12 MB | 1.0/1.5 MB | 0.8/1.5 MB
Progress (3): 3.9/12 MB | 1.0/1.5 MB | 0.8/1.5 MB
Progress (3): 3.9/12 MB | 1.0/1.5 MB | 0.9/1.5 MB
Progress (3): 3.9/12 MB | 1.0/1.5 MB | 0.9/1.5 MB
Progress (3): 3.9/12 MB | 1.0/1.5 MB | 0.9/1.5 MB
Progress (3): 3.9/12 MB | 1.0/1.5 MB | 0.9/1.5 MB
Progress (3): 3.9/12 MB | 1.0/1.5 MB | 0.9/1.5 MB
Progress (3): 3.9/12 MB | 1.0/1.5 MB | 0.9/1.5 MB
Progress (3): 3.9/12 MB | 1.1/1.5 MB | 0.9/1.5 MB
Progress (3): 3.9/12 MB | 1.1/1.5 MB | 0.9/1.5 MB
Progress (3): 3.9/12 MB | 1.1/1.5 MB | 0.9/1.5 MB
Progress (3): 3.9/12 MB | 1.1/1.5 MB | 0.9/1.5 MB
Progress (3): 3.9/12 MB | 1.1/1.5 MB | 0.9/1.5 MB
Progress (3): 3.9/12 MB | 1.1/1.5 MB | 0.9/1.5 MB
Progress (3): 3.9/12 MB | 1.1/1.5 MB | 0.9/1.5 MB
Progress (3): 3.9/12 MB | 1.1/1.5 MB | 0.9/1.5 MB
Progress (3): 3.9/12 MB | 1.1/1.5 MB | 0.9/1.5 MB
Progress (3): 3.9/12 MB | 1.1/1.5 MB | 0.9/1.5 MB
Progress (3): 3.9/12 MB | 1.1/1.5 MB | 0.9/1.5 MB
Progress (3): 4.0/12 MB | 1.1/1.5 MB | 0.9/1.5 MB
Progress (3): 4.0/12 MB | 1.1/1.5 MB | 0.9/1.5 MB
Progress (3): 4.0/12 MB | 1.1/1.5 MB | 1.0/1.5 MB
Progress (3): 4.0/12 MB | 1.1/1.5 MB | 1.0/1.5 MB
Progress (3): 4.0/12 MB | 1.1/1.5 MB | 1.0/1.5 MB
Progress (3): 4.0/12 MB | 1.1/1.5 MB | 1.0/1.5 MB
Progress (3): 4.0/12 MB | 1.1/1.5 MB | 1.0/1.5 MB
Progress (3): 4.0/12 MB | 1.1/1.5 MB | 1.0/1.5 MB
Progress (3): 4.0/12 MB | 1.1/1.5 MB | 1.0/1.5 MB
Progress (3): 4.0/12 MB | 1.1/1.5 MB | 1.0/1.5 MB
Progress (3): 4.0/12 MB | 1.1/1.5 MB | 1.0/1.5 MB
Progress (3): 4.0/12 MB | 1.1/1.5 MB | 1.0/1.5 MB
Progress (4): 4.0/12 MB | 1.1/1.5 MB | 1.0/1.5 MB | 4.7 kB
                                                          
Downloaded from central: https://repo.maven.apache.org/maven2/org/springframework/boot/spring-boot-starter-security/3.3.3/spring-boot-starter-security-3.3.3.jar (4.7 kB at 5.2 kB/s)
Downloading from central: https://repo.maven.apache.org/maven2/org/springframework/security/spring-security-config/6.3.3/spring-security-config-6.3.3.jar
Progress (3): 4.0/12 MB | 1.2/1.5 MB | 1.0/1.5 MB
Progress (3): 4.0/12 MB | 1.2/1.5 MB | 1.0/1.5 MB
Progress (3): 4.0/12 MB | 1.2/1.5 MB | 1.0/1.5 MB
Progress (3): 4.0/12 MB | 1.2/1.5 MB | 1.0/1.5 MB
Progress (3): 4.0/12 MB | 1.2/1.5 MB | 1.0/1.5 MB
Progress (3): 4.0/12 MB | 1.2/1.5 MB | 1.0/1.5 MB
Progress (3): 4.0/12 MB | 1.2/1.5 MB | 1.0/1.5 MB
Progress (3): 4.1/12 MB | 1.2/1.5 MB | 1.0/1.5 MB
Progress (3): 4.1/12 MB | 1.2/1.5 MB | 1.0/1.5 MB
Progress (3): 4.1/12 MB | 1.2/1.5 MB | 1.0/1.5 MB
Progress (3): 4.1/12 MB | 1.2/1.5 MB | 1.1/1.5 MB
Progress (3): 4.1/12 MB | 1.2/1.5 MB | 1.1/1.5 MB
Progress (3): 4.1/12 MB | 1.2/1.5 MB | 1.1/1.5 MB
Progress (3): 4.1/12 MB | 1.2/1.5 MB | 1.1/1.5 MB
Progress (3): 4.1/12 MB | 1.2/1.5 MB | 1.1/1.5 MB
Progress (3): 4.1/12 MB | 1.2/1.5 MB | 1.1/1.5 MB
Progress (3): 4.1/12 MB | 1.2/1.5 MB | 1.1/1.5 MB
Progress (3): 4.1/12 MB | 1.2/1.5 MB | 1.1/1.5 MB
Progress (3): 4.1/12 MB | 1.3/1.5 MB | 1.1/1.5 MB
Progress (3): 4.1/12 MB | 1.3/1.5 MB | 1.1/1.5 MB
Progress (4): 4.1/12 MB | 1.3/1.5 MB | 1.1/1.5 MB | 7.7/417 kB
Progress (4): 4.1/12 MB | 1.3/1.5 MB | 1.1/1.5 MB | 16/417 kB 
Progress (4): 4.1/12 MB | 1.3/1.5 MB | 1.1/1.5 MB | 20/417 kB
Progress (4): 4.1/12 MB | 1.3/1.5 MB | 1.1/1.5 MB | 20/417 kB
Progress (4): 4.1/12 MB | 1.3/1.5 MB | 1.1/1.5 MB | 20/417 kB
Progress (4): 4.1/12 MB | 1.3/1.5 MB | 1.1/1.5 MB | 20/417 kB
Progress (4): 4.1/12 MB | 1.3/1.5 MB | 1.1/1.5 MB | 20/417 kB
Progress (4): 4.1/12 MB | 1.3/1.5 MB | 1.1/1.5 MB | 20/417 kB
Progress (4): 4.2/12 MB | 1.3/1.5 MB | 1.1/1.5 MB | 20/417 kB
Progress (4): 4.2/12 MB | 1.3/1.5 MB | 1.1/1.5 MB | 20/417 kB
Progress (4): 4.2/12 MB | 1.3/1.5 MB | 1.1/1.5 MB | 20/417 kB
Progress (4): 4.2/12 MB | 1.3/1.5 MB | 1.1/1.5 MB | 36/417 kB
Progress (4): 4.2/12 MB | 1.3/1.5 MB | 1.2/1.5 MB | 36/417 kB
Progress (4): 4.2/12 MB | 1.3/1.5 MB | 1.2/1.5 MB | 36/417 kB
Progress (4): 4.2/12 MB | 1.3/1.5 MB | 1.2/1.5 MB | 36/417 kB
Progress (4): 4.2/12 MB | 1.3/1.5 MB | 1.2/1.5 MB | 36/417 kB
Progress (4): 4.2/12 MB | 1.3/1.5 MB | 1.2/1.5 MB | 36/417 kB
Progress (4): 4.2/12 MB | 1.3/1.5 MB | 1.2/1.5 MB | 36/417 kB
Progress (4): 4.2/12 MB | 1.3/1.5 MB | 1.2/1.5 MB | 53/417 kB
Progress (4): 4.2/12 MB | 1.3/1.5 MB | 1.2/1.5 MB | 53/417 kB
Progress (4): 4.2/12 MB | 1.3/1.5 MB | 1.2/1.5 MB | 53/417 kB
Progress (4): 4.2/12 MB | 1.4/1.5 MB | 1.2/1.5 MB | 53/417 kB
Progress (4): 4.2/12 MB | 1.4/1.5 MB | 1.2/1.5 MB | 69/417 kB
Progress (4): 4.2/12 MB | 1.4/1.5 MB | 1.2/1.5 MB | 69/417 kB
Progress (4): 4.2/12 MB | 1.4/1.5 MB | 1.2/1.5 MB | 86/417 kB
Progress (4): 4.2/12 MB | 1.4/1.5 MB | 1.2/1.5 MB | 86/417 kB
Progress (4): 4.2/12 MB | 1.4/1.5 MB | 1.2/1.5 MB | 86/417 kB
Progress (4): 4.2/12 MB | 1.4/1.5 MB | 1.2/1.5 MB | 102/417 kB
Progress (4): 4.2/12 MB | 1.4/1.5 MB | 1.2/1.5 MB | 102/417 kB
Progress (4): 4.2/12 MB | 1.4/1.5 MB | 1.2/1.5 MB | 102/417 kB
Progress (4): 4.2/12 MB | 1.4/1.5 MB | 1.2/1.5 MB | 102/417 kB
Progress (4): 4.3/12 MB | 1.4/1.5 MB | 1.2/1.5 MB | 102/417 kB
Progress (4): 4.3/12 MB | 1.4/1.5 MB | 1.2/1.5 MB | 118/417 kB
Progress (4): 4.3/12 MB | 1.4/1.5 MB | 1.2/1.5 MB | 118/417 kB
Progress (4): 4.3/12 MB | 1.4/1.5 MB | 1.2/1.5 MB | 118/417 kB
Progress (4): 4.3/12 MB | 1.4/1.5 MB | 1.2/1.5 MB | 118/417 kB
Progress (4): 4.3/12 MB | 1.4/1.5 MB | 1.2/1.5 MB | 118/417 kB
Progress (5): 4.3/12 MB | 1.4/1.5 MB | 1.2/1.5 MB | 118/417 kB | 0/1.9 MB
Progress (5): 4.3/12 MB | 1.4/1.5 MB | 1.2/1.5 MB | 118/417 kB | 0/1.9 MB
Progress (5): 4.3/12 MB | 1.4/1.5 MB | 1.2/1.5 MB | 118/417 kB | 0/1.9 MB
Progress (5): 4.3/12 MB | 1.4/1.5 MB | 1.2/1.5 MB | 135/417 kB | 0/1.9 MB
Progress (5): 4.3/12 MB | 1.4/1.5 MB | 1.2/1.5 MB | 135/417 kB | 0/1.9 MB
Progress (5): 4.3/12 MB | 1.4/1.5 MB | 1.2/1.5 MB | 151/417 kB | 0/1.9 MB
Progress (5): 4.3/12 MB | 1.4/1.5 MB | 1.2/1.5 MB | 151/417 kB | 0/1.9 MB
Progress (5): 4.3/12 MB | 1.4/1.5 MB | 1.2/1.5 MB | 151/417 kB | 0/1.9 MB
Progress (5): 4.3/12 MB | 1.4/1.5 MB | 1.2/1.5 MB | 168/417 kB | 0/1.9 MB
Progress (5): 4.3/12 MB | 1.4/1.5 MB | 1.2/1.5 MB | 168/417 kB | 0/1.9 MB
Progress (5): 4.3/12 MB | 1.4/1.5 MB | 1.3/1.5 MB | 168/417 kB | 0/1.9 MB
Progress (5): 4.3/12 MB | 1.4/1.5 MB | 1.3/1.5 MB | 168/417 kB | 0/1.9 MB
Progress (5): 4.3/12 MB | 1.4/1.5 MB | 1.3/1.5 MB | 184/417 kB | 0/1.9 MB
Progress (5): 4.3/12 MB | 1.5/1.5 MB | 1.3/1.5 MB | 184/417 kB | 0/1.9 MB
Progress (5): 4.3/12 MB | 1.5/1.5 MB | 1.3/1.5 MB | 184/417 kB | 0/1.9 MB
Progress (5): 4.3/12 MB | 1.5/1.5 MB | 1.3/1.5 MB | 184/417 kB | 0.1/1.9 MB
Progress (5): 4.3/12 MB | 1.5/1.5 MB | 1.3/1.5 MB | 184/417 kB | 0.1/1.9 MB
Progress (5): 4.3/12 MB | 1.5/1.5 MB | 1.3/1.5 MB | 184/417 kB | 0.1/1.9 MB
Progress (5): 4.4/12 MB | 1.5/1.5 MB | 1.3/1.5 MB | 184/417 kB | 0.1/1.9 MB
Progress (5): 4.4/12 MB | 1.5/1.5 MB | 1.3/1.5 MB | 200/417 kB | 0.1/1.9 MB
Progress (5): 4.4/12 MB | 1.5/1.5 MB | 1.3/1.5 MB | 200/417 kB | 0.1/1.9 MB
Progress (5): 4.4/12 MB | 1.5/1.5 MB | 1.3/1.5 MB | 200/417 kB | 0.1/1.9 MB
Progress (5): 4.4/12 MB | 1.5/1.5 MB | 1.3/1.5 MB | 200/417 kB | 0.1/1.9 MB
Progress (5): 4.4/12 MB | 1.5/1.5 MB | 1.3/1.5 MB | 200/417 kB | 0.1/1.9 MB
Progress (5): 4.4/12 MB | 1.5/1.5 MB | 1.3/1.5 MB | 200/417 kB | 0.1/1.9 MB
Progress (5): 4.4/12 MB | 1.5/1.5 MB | 1.3/1.5 MB | 200/417 kB | 0.1/1.9 MB
Progress (5): 4.4/12 MB | 1.5/1.5 MB | 1.3/1.5 MB | 200/417 kB | 0.1/1.9 MB
Progress (5): 4.4/12 MB | 1.5/1.5 MB | 1.3/1.5 MB | 200/417 kB | 0.1/1.9 MB
Progress (5): 4.4/12 MB | 1.5/1.5 MB | 1.3/1.5 MB | 200/417 kB | 0.1/1.9 MB
Progress (5): 4.4/12 MB | 1.5/1.5 MB | 1.3/1.5 MB | 200/417 kB | 0.1/1.9 MB
Progress (5): 4.4/12 MB | 1.5/1.5 MB | 1.3/1.5 MB | 200/417 kB | 0.1/1.9 MB
Progress (5): 4.4/12 MB | 1.5/1.5 MB | 1.3/1.5 MB | 217/417 kB | 0.1/1.9 MB
Progress (5): 4.4/12 MB | 1.5/1.5 MB | 1.3/1.5 MB | 217/417 kB | 0.1/1.9 MB
Progress (5): 4.4/12 MB | 1.5/1.5 MB | 1.3/1.5 MB | 217/417 kB | 0.1/1.9 MB
Progress (5): 4.4/12 MB | 1.5/1.5 MB | 1.3/1.5 MB | 217/417 kB | 0.1/1.9 MB
Progress (5): 4.4/12 MB | 1.5/1.5 MB | 1.3/1.5 MB | 217/417 kB | 0.1/1.9 MB
Progress (5): 4.4/12 MB | 1.5/1.5 MB | 1.3/1.5 MB | 217/417 kB | 0.1/1.9 MB
Progress (5): 4.4/12 MB | 1.5/1.5 MB | 1.3/1.5 MB | 217/417 kB | 0.2/1.9 MB
Progress (5): 4.4/12 MB | 1.5/1.5 MB | 1.3/1.5 MB | 217/417 kB | 0.2/1.9 MB
Progress (5): 4.4/12 MB | 1.5/1.5 MB | 1.3/1.5 MB | 233/417 kB | 0.2/1.9 MB
Progress (5): 4.4/12 MB | 1.5 MB | 1.3/1.5 MB | 233/417 kB | 0.2/1.9 MB    
                                                                       
Downloaded from central: https://repo.maven.apache.org/maven2/org/springframework/data/spring-data-jpa/3.3.3/spring-data-jpa-3.3.3.jar (1.5 MB at 1.6 MB/s)
Downloading from central: https://repo.maven.apache.org/maven2/org/springframework/security/spring-security-core/6.3.3/spring-security-core-6.3.3.jar
Progress (4): 4.4/12 MB | 1.3/1.5 MB | 233/417 kB | 0.2/1.9 MB
Progress (4): 4.4/12 MB | 1.4/1.5 MB | 233/417 kB | 0.2/1.9 MB
Progress (4): 4.4/12 MB | 1.4/1.5 MB | 233/417 kB | 0.2/1.9 MB
Progress (4): 4.4/12 MB | 1.4/1.5 MB | 249/417 kB | 0.2/1.9 MB
Progress (4): 4.4/12 MB | 1.4/1.5 MB | 249/417 kB | 0.2/1.9 MB
Progress (4): 4.5/12 MB | 1.4/1.5 MB | 249/417 kB | 0.2/1.9 MB
Progress (4): 4.5/12 MB | 1.4/1.5 MB | 249/417 kB | 0.2/1.9 MB
Progress (4): 4.5/12 MB | 1.4/1.5 MB | 266/417 kB | 0.2/1.9 MB
Progress (4): 4.5/12 MB | 1.4/1.5 MB | 282/417 kB | 0.2/1.9 MB
Progress (4): 4.5/12 MB | 1.4/1.5 MB | 282/417 kB | 0.2/1.9 MB
Progress (4): 4.5/12 MB | 1.4/1.5 MB | 282/417 kB | 0.2/1.9 MB
Progress (4): 4.5/12 MB | 1.4/1.5 MB | 282/417 kB | 0.2/1.9 MB
Progress (4): 4.5/12 MB | 1.4/1.5 MB | 299/417 kB | 0.2/1.9 MB
Progress (4): 4.5/12 MB | 1.4/1.5 MB | 299/417 kB | 0.2/1.9 MB
Progress (4): 4.5/12 MB | 1.4/1.5 MB | 299/417 kB | 0.2/1.9 MB
Progress (4): 4.5/12 MB | 1.4/1.5 MB | 299/417 kB | 0.2/1.9 MB
Progress (4): 4.5/12 MB | 1.4/1.5 MB | 315/417 kB | 0.2/1.9 MB
Progress (4): 4.5/12 MB | 1.4/1.5 MB | 315/417 kB | 0.2/1.9 MB
Progress (4): 4.5/12 MB | 1.4/1.5 MB | 315/417 kB | 0.2/1.9 MB
Progress (4): 4.5/12 MB | 1.4/1.5 MB | 315/417 kB | 0.3/1.9 MB
Progress (4): 4.5/12 MB | 1.4/1.5 MB | 315/417 kB | 0.3/1.9 MB
Progress (4): 4.5/12 MB | 1.4/1.5 MB | 331/417 kB | 0.3/1.9 MB
Progress (4): 4.5/12 MB | 1.4/1.5 MB | 331/417 kB | 0.3/1.9 MB
Progress (4): 4.5/12 MB | 1.4/1.5 MB | 331/417 kB | 0.3/1.9 MB
Progress (4): 4.5/12 MB | 1.4/1.5 MB | 331/417 kB | 0.3/1.9 MB
Progress (4): 4.5/12 MB | 1.4/1.5 MB | 348/417 kB | 0.3/1.9 MB
Progress (4): 4.5/12 MB | 1.4/1.5 MB | 364/417 kB | 0.3/1.9 MB
Progress (4): 4.5/12 MB | 1.5/1.5 MB | 364/417 kB | 0.3/1.9 MB
Progress (4): 4.5/12 MB | 1.5/1.5 MB | 364/417 kB | 0.3/1.9 MB
Progress (4): 4.5/12 MB | 1.5/1.5 MB | 364/417 kB | 0.3/1.9 MB
Progress (4): 4.5/12 MB | 1.5/1.5 MB | 381/417 kB | 0.3/1.9 MB
Progress (4): 4.5/12 MB | 1.5/1.5 MB | 396/417 kB | 0.3/1.9 MB
Progress (4): 4.5/12 MB | 1.5/1.5 MB | 396/417 kB | 0.3/1.9 MB
Progress (4): 4.6/12 MB | 1.5/1.5 MB | 396/417 kB | 0.3/1.9 MB
Progress (4): 4.6/12 MB | 1.5/1.5 MB | 396/417 kB | 0.3/1.9 MB
Progress (4): 4.6/12 MB | 1.5/1.5 MB | 412/417 kB | 0.3/1.9 MB
Progress (4): 4.6/12 MB | 1.5/1.5 MB | 417 kB | 0.3/1.9 MB    
Progress (4): 4.6/12 MB | 1.5 MB | 417 kB | 0.3/1.9 MB    
Progress (4): 4.6/12 MB | 1.5 MB | 417 kB | 0.3/1.9 MB
Progress (4): 4.6/12 MB | 1.5 MB | 417 kB | 0.3/1.9 MB
                                                      
Downloaded from central: https://repo.maven.apache.org/maven2/org/springframework/data/spring-data-commons/3.3.3/spring-data-commons-3.3.3.jar (1.5 MB at 1.5 MB/s)
Downloaded from central: https://repo.maven.apache.org/maven2/org/springframework/spring-aop/6.1.12/spring-aop-6.1.12.jar (417 kB at 435 kB/s)
Downloading from central: https://repo.maven.apache.org/maven2/org/springframework/security/spring-security-crypto/6.3.3/spring-security-crypto-6.3.3.jar
Downloading from central: https://repo.maven.apache.org/maven2/org/springframework/security/spring-security-web/6.3.3/spring-security-web-6.3.3.jar
Progress (2): 4.6/12 MB | 0.3/1.9 MB
Progress (2): 4.6/12 MB | 0.3/1.9 MB
Progress (2): 4.6/12 MB | 0.3/1.9 MB
Progress (2): 4.6/12 MB | 0.3/1.9 MB
Progress (2): 4.6/12 MB | 0.4/1.9 MB
Progress (2): 4.6/12 MB | 0.4/1.9 MB
Progress (2): 4.6/12 MB | 0.4/1.9 MB
Progress (2): 4.6/12 MB | 0.4/1.9 MB
Progress (2): 4.6/12 MB | 0.4/1.9 MB
Progress (2): 4.6/12 MB | 0.4/1.9 MB
Progress (2): 4.7/12 MB | 0.4/1.9 MB
Progress (2): 4.7/12 MB | 0.4/1.9 MB
Progress (2): 4.7/12 MB | 0.4/1.9 MB
Progress (2): 4.7/12 MB | 0.4/1.9 MB
Progress (2): 4.7/12 MB | 0.4/1.9 MB
Progress (2): 4.7/12 MB | 0.5/1.9 MB
Progress (2): 4.7/12 MB | 0.5/1.9 MB
Progress (2): 4.7/12 MB | 0.5/1.9 MB
Progress (2): 4.7/12 MB | 0.5/1.9 MB
Progress (2): 4.7/12 MB | 0.5/1.9 MB
Progress (3): 4.7/12 MB | 0.5/1.9 MB | 3.7/560 kB
Progress (3): 4.7/12 MB | 0.5/1.9 MB | 3.7/560 kB
Progress (3): 4.7/12 MB | 0.5/1.9 MB | 3.7/560 kB
Progress (3): 4.7/12 MB | 0.5/1.9 MB | 20/560 kB 
Progress (3): 4.8/12 MB | 0.5/1.9 MB | 20/560 kB
Progress (3): 4.8/12 MB | 0.5/1.9 MB | 20/560 kB
Progress (3): 4.8/12 MB | 0.5/1.9 MB | 20/560 kB
Progress (3): 4.8/12 MB | 0.5/1.9 MB | 20/560 kB
Progress (3): 4.8/12 MB | 0.5/1.9 MB | 36/560 kB
Progress (3): 4.8/12 MB | 0.5/1.9 MB | 36/560 kB
Progress (3): 4.8/12 MB | 0.5/1.9 MB | 36/560 kB
Progress (3): 4.8/12 MB | 0.5/1.9 MB | 36/560 kB
Progress (3): 4.8/12 MB | 0.6/1.9 MB | 36/560 kB
Progress (3): 4.8/12 MB | 0.6/1.9 MB | 53/560 kB
Progress (3): 4.8/12 MB | 0.6/1.9 MB | 53/560 kB
Progress (3): 4.8/12 MB | 0.6/1.9 MB | 53/560 kB
Progress (3): 4.8/12 MB | 0.6/1.9 MB | 53/560 kB
Progress (3): 4.8/12 MB | 0.6/1.9 MB | 53/560 kB
Progress (3): 4.8/12 MB | 0.6/1.9 MB | 69/560 kB
Progress (3): 4.8/12 MB | 0.6/1.9 MB | 69/560 kB
Progress (3): 4.9/12 MB | 0.6/1.9 MB | 69/560 kB
Progress (3): 4.9/12 MB | 0.6/1.9 MB | 86/560 kB
Progress (3): 4.9/12 MB | 0.6/1.9 MB | 86/560 kB
Progress (3): 4.9/12 MB | 0.6/1.9 MB | 86/560 kB
Progress (3): 4.9/12 MB | 0.6/1.9 MB | 86/560 kB
Progress (3): 4.9/12 MB | 0.6/1.9 MB | 86/560 kB
Progress (3): 4.9/12 MB | 0.6/1.9 MB | 102/560 kB
Progress (4): 4.9/12 MB | 0.6/1.9 MB | 102/560 kB | 7.7/100 kB
Progress (4): 4.9/12 MB | 0.6/1.9 MB | 102/560 kB | 8.2/100 kB
Progress (4): 4.9/12 MB | 0.7/1.9 MB | 102/560 kB | 8.2/100 kB
Progress (4): 4.9/12 MB | 0.7/1.9 MB | 102/560 kB | 25/100 kB 
Progress (4): 4.9/12 MB | 0.7/1.9 MB | 118/560 kB | 25/100 kB
Progress (4): 4.9/12 MB | 0.7/1.9 MB | 118/560 kB | 41/100 kB
Progress (4): 4.9/12 MB | 0.7/1.9 MB | 118/560 kB | 57/100 kB
Progress (4): 4.9/12 MB | 0.7/1.9 MB | 118/560 kB | 64/100 kB
Progress (4): 4.9/12 MB | 0.7/1.9 MB | 118/560 kB | 68/100 kB
Progress (4): 4.9/12 MB | 0.7/1.9 MB | 118/560 kB | 68/100 kB
Progress (4): 4.9/12 MB | 0.7/1.9 MB | 118/560 kB | 80/100 kB
Progress (4): 4.9/12 MB | 0.7/1.9 MB | 118/560 kB | 80/100 kB
Progress (4): 4.9/12 MB | 0.7/1.9 MB | 118/560 kB | 80/100 kB
Progress (4): 4.9/12 MB | 0.7/1.9 MB | 118/560 kB | 80/100 kB
Progress (4): 4.9/12 MB | 0.7/1.9 MB | 118/560 kB | 96/100 kB
Progress (4): 4.9/12 MB | 0.7/1.9 MB | 118/560 kB | 100 kB   
Progress (4): 4.9/12 MB | 0.7/1.9 MB | 135/560 kB | 100 kB
Progress (4): 4.9/12 MB | 0.7/1.9 MB | 135/560 kB | 100 kB
                                                          
Downloaded from central: https://repo.maven.apache.org/maven2/org/springframework/security/spring-security-crypto/6.3.3/spring-security-crypto-6.3.3.jar (100 kB at 100 kB/s)
Downloading from central: https://repo.maven.apache.org/maven2/com/h2database/h2/2.2.224/h2-2.2.224.jar
Progress (3): 4.9/12 MB | 0.7/1.9 MB | 151/560 kB
Progress (3): 4.9/12 MB | 0.7/1.9 MB | 151/560 kB
Progress (3): 4.9/12 MB | 0.7/1.9 MB | 151/560 kB
Progress (3): 4.9/12 MB | 0.7/1.9 MB | 168/560 kB
Progress (3): 4.9/12 MB | 0.7/1.9 MB | 168/560 kB
Progress (3): 5.0/12 MB | 0.7/1.9 MB | 168/560 kB
Progress (3): 5.0/12 MB | 0.7/1.9 MB | 184/560 kB
Progress (3): 5.0/12 MB | 0.7/1.9 MB | 200/560 kB
Progress (3): 5.0/12 MB | 0.8/1.9 MB | 200/560 kB
Progress (3): 5.0/12 MB | 0.8/1.9 MB | 200/560 kB
Progress (3): 5.0/12 MB | 0.8/1.9 MB | 217/560 kB
Progress (3): 5.0/12 MB | 0.8/1.9 MB | 217/560 kB
Progress (3): 5.0/12 MB | 0.8/1.9 MB | 217/560 kB
Progress (3): 5.0/12 MB | 0.8/1.9 MB | 217/560 kB
Progress (3): 5.0/12 MB | 0.8/1.9 MB | 217/560 kB
Progress (3): 5.0/12 MB | 0.8/1.9 MB | 217/560 kB
Progress (3): 5.0/12 MB | 0.8/1.9 MB | 233/560 kB
Progress (3): 5.0/12 MB | 0.8/1.9 MB | 241/560 kB
Progress (3): 5.0/12 MB | 0.8/1.9 MB | 241/560 kB
Progress (3): 5.0/12 MB | 0.8/1.9 MB | 241/560 kB
Progress (3): 5.1/12 MB | 0.8/1.9 MB | 241/560 kB
Progress (3): 5.1/12 MB | 0.8/1.9 MB | 257/560 kB
Progress (3): 5.1/12 MB | 0.8/1.9 MB | 257/560 kB
Progress (3): 5.1/12 MB | 0.8/1.9 MB | 257/560 kB
Progress (3): 5.1/12 MB | 0.8/1.9 MB | 274/560 kB
Progress (3): 5.1/12 MB | 0.8/1.9 MB | 274/560 kB
Progress (3): 5.1/12 MB | 0.9/1.9 MB | 274/560 kB
Progress (3): 5.1/12 MB | 0.9/1.9 MB | 274/560 kB
Progress (3): 5.1/12 MB | 0.9/1.9 MB | 290/560 kB
Progress (3): 5.1/12 MB | 0.9/1.9 MB | 290/560 kB
Progress (3): 5.1/12 MB | 0.9/1.9 MB | 290/560 kB
Progress (4): 5.1/12 MB | 0.9/1.9 MB | 290/560 kB | 7.7/804 kB
Progress (4): 5.1/12 MB | 0.9/1.9 MB | 290/560 kB | 16/804 kB 
Progress (4): 5.1/12 MB | 0.9/1.9 MB | 306/560 kB | 16/804 kB
Progress (4): 5.1/12 MB | 0.9/1.9 MB | 306/560 kB | 16/804 kB
Progress (4): 5.1/12 MB | 0.9/1.9 MB | 306/560 kB | 32/804 kB
Progress (4): 5.1/12 MB | 0.9/1.9 MB | 306/560 kB | 32/804 kB
Progress (4): 5.1/12 MB | 0.9/1.9 MB | 323/560 kB | 32/804 kB
Progress (4): 5.1/12 MB | 0.9/1.9 MB | 323/560 kB | 32/804 kB
Progress (4): 5.1/12 MB | 0.9/1.9 MB | 323/560 kB | 49/804 kB
Progress (4): 5.1/12 MB | 0.9/1.9 MB | 323/560 kB | 49/804 kB
Progress (4): 5.1/12 MB | 0.9/1.9 MB | 339/560 kB | 49/804 kB
Progress (4): 5.1/12 MB | 0.9/1.9 MB | 339/560 kB | 49/804 kB
Progress (4): 5.1/12 MB | 0.9/1.9 MB | 355/560 kB | 49/804 kB
Progress (4): 5.2/12 MB | 0.9/1.9 MB | 355/560 kB | 49/804 kB
Progress (4): 5.2/12 MB | 0.9/1.9 MB | 355/560 kB | 65/804 kB
Progress (4): 5.2/12 MB | 0.9/1.9 MB | 355/560 kB | 65/804 kB
Progress (4): 5.2/12 MB | 0.9/1.9 MB | 372/560 kB | 65/804 kB
Progress (4): 5.2/12 MB | 0.9/1.9 MB | 372/560 kB | 65/804 kB
Progress (4): 5.2/12 MB | 0.9/1.9 MB | 372/560 kB | 81/804 kB
Progress (4): 5.2/12 MB | 0.9/1.9 MB | 372/560 kB | 81/804 kB
Progress (4): 5.2/12 MB | 0.9/1.9 MB | 372/560 kB | 98/804 kB
Progress (4): 5.2/12 MB | 0.9/1.9 MB | 372/560 kB | 98/804 kB
Progress (4): 5.2/12 MB | 0.9/1.9 MB | 388/560 kB | 98/804 kB
Progress (5): 5.2/12 MB | 0.9/1.9 MB | 388/560 kB | 98/804 kB | 0/2.6 MB
Progress (5): 5.2/12 MB | 0.9/1.9 MB | 388/560 kB | 98/804 kB | 0/2.6 MB
Progress (5): 5.2/12 MB | 1.0/1.9 MB | 388/560 kB | 98/804 kB | 0/2.6 MB
Progress (5): 5.2/12 MB | 1.0/1.9 MB | 405/560 kB | 98/804 kB | 0/2.6 MB
Progress (5): 5.2/12 MB | 1.0/1.9 MB | 405/560 kB | 98/804 kB | 0/2.6 MB
Progress (5): 5.2/12 MB | 1.0/1.9 MB | 405/560 kB | 114/804 kB | 0/2.6 MB
Progress (5): 5.2/12 MB | 1.0/1.9 MB | 405/560 kB | 114/804 kB | 0/2.6 MB
Progress (5): 5.2/12 MB | 1.0/1.9 MB | 405/560 kB | 114/804 kB | 0/2.6 MB
Progress (5): 5.2/12 MB | 1.0/1.9 MB | 405/560 kB | 114/804 kB | 0/2.6 MB
Progress (5): 5.2/12 MB | 1.0/1.9 MB | 421/560 kB | 114/804 kB | 0/2.6 MB
Progress (5): 5.2/12 MB | 1.0/1.9 MB | 421/560 kB | 114/804 kB | 0.1/2.6 MB
Progress (5): 5.2/12 MB | 1.0/1.9 MB | 421/560 kB | 131/804 kB | 0.1/2.6 MB
Progress (5): 5.2/12 MB | 1.0/1.9 MB | 421/560 kB | 147/804 kB | 0.1/2.6 MB
Progress (5): 5.2/12 MB | 1.0/1.9 MB | 437/560 kB | 147/804 kB | 0.1/2.6 MB
Progress (5): 5.2/12 MB | 1.0/1.9 MB | 437/560 kB | 147/804 kB | 0.1/2.6 MB
Progress (5): 5.2/12 MB | 1.0/1.9 MB | 453/560 kB | 147/804 kB | 0.1/2.6 MB
Progress (5): 5.2/12 MB | 1.0/1.9 MB | 453/560 kB | 147/804 kB | 0.1/2.6 MB
Progress (5): 5.2/12 MB | 1.0/1.9 MB | 453/560 kB | 147/804 kB | 0.1/2.6 MB
Progress (5): 5.2/12 MB | 1.0/1.9 MB | 469/560 kB | 147/804 kB | 0.1/2.6 MB
Progress (5): 5.3/12 MB | 1.0/1.9 MB | 469/560 kB | 147/804 kB | 0.1/2.6 MB
Progress (5): 5.3/12 MB | 1.0/1.9 MB | 469/560 kB | 163/804 kB | 0.1/2.6 MB
Progress (5): 5.3/12 MB | 1.0/1.9 MB | 469/560 kB | 163/804 kB | 0.1/2.6 MB
Progress (5): 5.3/12 MB | 1.0/1.9 MB | 469/560 kB | 163/804 kB | 0.1/2.6 MB
Progress (5): 5.3/12 MB | 1.0/1.9 MB | 485/560 kB | 163/804 kB | 0.1/2.6 MB
Progress (5): 5.3/12 MB | 1.0/1.9 MB | 485/560 kB | 163/804 kB | 0.1/2.6 MB
Progress (5): 5.3/12 MB | 1.0/1.9 MB | 485/560 kB | 163/804 kB | 0.1/2.6 MB
Progress (5): 5.3/12 MB | 1.0/1.9 MB | 485/560 kB | 163/804 kB | 0.1/2.6 MB
Progress (5): 5.3/12 MB | 1.0/1.9 MB | 485/560 kB | 163/804 kB | 0.1/2.6 MB
Progress (5): 5.3/12 MB | 1.0/1.9 MB | 485/560 kB | 179/804 kB | 0.1/2.6 MB
Progress (5): 5.3/12 MB | 1.0/1.9 MB | 485/560 kB | 196/804 kB | 0.1/2.6 MB
Progress (5): 5.3/12 MB | 1.0/1.9 MB | 502/560 kB | 196/804 kB | 0.1/2.6 MB
Progress (5): 5.3/12 MB | 1.0/1.9 MB | 502/560 kB | 196/804 kB | 0.1/2.6 MB
Progress (5): 5.3/12 MB | 1.0/1.9 MB | 502/560 kB | 196/804 kB | 0.1/2.6 MB
Progress (5): 5.3/12 MB | 1.0/1.9 MB | 502/560 kB | 196/804 kB | 0.1/2.6 MB
Progress (5): 5.3/12 MB | 1.0/1.9 MB | 518/560 kB | 196/804 kB | 0.1/2.6 MB
Progress (5): 5.3/12 MB | 1.0/1.9 MB | 518/560 kB | 212/804 kB | 0.1/2.6 MB
Progress (5): 5.3/12 MB | 1.0/1.9 MB | 518/560 kB | 212/804 kB | 0.1/2.6 MB
Progress (5): 5.3/12 MB | 1.0/1.9 MB | 535/560 kB | 212/804 kB | 0.1/2.6 MB
Progress (5): 5.3/12 MB | 1.0/1.9 MB | 535/560 kB | 228/804 kB | 0.1/2.6 MB
Progress (5): 5.3/12 MB | 1.0/1.9 MB | 551/560 kB | 228/804 kB | 0.1/2.6 MB
Progress (5): 5.3/12 MB | 1.0/1.9 MB | 551/560 kB | 228/804 kB | 0.1/2.6 MB
Progress (5): 5.3/12 MB | 1.0/1.9 MB | 551/560 kB | 228/804 kB | 0.1/2.6 MB
Progress (5): 5.3/12 MB | 1.0/1.9 MB | 560 kB | 228/804 kB | 0.1/2.6 MB    
Progress (5): 5.3/12 MB | 1.1/1.9 MB | 560 kB | 228/804 kB | 0.1/2.6 MB
Progress (5): 5.3/12 MB | 1.1/1.9 MB | 560 kB | 228/804 kB | 0.1/2.6 MB
                                                                       
Downloaded from central: https://repo.maven.apache.org/maven2/org/springframework/security/spring-security-core/6.3.3/spring-security-core-6.3.3.jar (560 kB at 536 kB/s)
Downloading from central: https://repo.maven.apache.org/maven2/org/flywaydb/flyway-core/10.10.0/flyway-core-10.10.0.jar
Progress (4): 5.3/12 MB | 1.1/1.9 MB | 245/804 kB | 0.1/2.6 MB
Progress (4): 5.3/12 MB | 1.1/1.9 MB | 245/804 kB | 0.2/2.6 MB
Progress (4): 5.3/12 MB | 1.1/1.9 MB | 245/804 kB | 0.2/2.6 MB
Progress (4): 5.3/12 MB | 1.1/1.9 MB | 245/804 kB | 0.2/2.6 MB
Progress (4): 5.3/12 MB | 1.1/1.9 MB | 245/804 kB | 0.2/2.6 MB
Progress (4): 5.3/12 MB | 1.1/1.9 MB | 261/804 kB | 0.2/2.6 MB
Progress (4): 5.3/12 MB | 1.1/1.9 MB | 261/804 kB | 0.2/2.6 MB
Progress (4): 5.3/12 MB | 1.1/1.9 MB | 261/804 kB | 0.2/2.6 MB
Progress (4): 5.4/12 MB | 1.1/1.9 MB | 261/804 kB | 0.2/2.6 MB
Progress (4): 5.4/12 MB | 1.1/1.9 MB | 261/804 kB | 0.2/2.6 MB
Progress (4): 5.4/12 MB | 1.1/1.9 MB | 278/804 kB | 0.2/2.6 MB
Progress (4): 5.4/12 MB | 1.1/1.9 MB | 278/804 kB | 0.2/2.6 MB
Progress (4): 5.4/12 MB | 1.2/1.9 MB | 278/804 kB | 0.2/2.6 MB
Progress (4): 5.4/12 MB | 1.2/1.9 MB | 278/804 kB | 0.2/2.6 MB
Progress (4): 5.4/12 MB | 1.2/1.9 MB | 294/804 kB | 0.2/2.6 MB
Progress (4): 5.4/12 MB | 1.2/1.9 MB | 294/804 kB | 0.2/2.6 MB
Progress (4): 5.4/12 MB | 1.2/1.9 MB | 294/804 kB | 0.2/2.6 MB
Progress (4): 5.4/12 MB | 1.2/1.9 MB | 294/804 kB | 0.2/2.6 MB
Progress (4): 5.4/12 MB | 1.2/1.9 MB | 310/804 kB | 0.2/2.6 MB
Progress (4): 5.4/12 MB | 1.2/1.9 MB | 310/804 kB | 0.2/2.6 MB
Progress (4): 5.4/12 MB | 1.2/1.9 MB | 310/804 kB | 0.2/2.6 MB
Progress (4): 5.4/12 MB | 1.2/1.9 MB | 310/804 kB | 0.2/2.6 MB
Progress (4): 5.4/12 MB | 1.2/1.9 MB | 327/804 kB | 0.2/2.6 MB
Progress (4): 5.4/12 MB | 1.2/1.9 MB | 327/804 kB | 0.2/2.6 MB
Progress (4): 5.4/12 MB | 1.2/1.9 MB | 327/804 kB | 0.2/2.6 MB
Progress (4): 5.4/12 MB | 1.2/1.9 MB | 327/804 kB | 0.2/2.6 MB
Progress (4): 5.4/12 MB | 1.2/1.9 MB | 343/804 kB | 0.2/2.6 MB
Progress (4): 5.4/12 MB | 1.2/1.9 MB | 343/804 kB | 0.2/2.6 MB
Progress (4): 5.4/12 MB | 1.2/1.9 MB | 343/804 kB | 0.2/2.6 MB
Progress (4): 5.4/12 MB | 1.2/1.9 MB | 360/804 kB | 0.2/2.6 MB
Progress (4): 5.4/12 MB | 1.2/1.9 MB | 376/804 kB | 0.2/2.6 MB
Progress (4): 5.4/12 MB | 1.2/1.9 MB | 376/804 kB | 0.2/2.6 MB
Progress (4): 5.4/12 MB | 1.2/1.9 MB | 376/804 kB | 0.2/2.6 MB
Progress (4): 5.4/12 MB | 1.2/1.9 MB | 376/804 kB | 0.3/2.6 MB
Progress (4): 5.5/12 MB | 1.2/1.9 MB | 376/804 kB | 0.3/2.6 MB
Progress (4): 5.5/12 MB | 1.2/1.9 MB | 376/804 kB | 0.3/2.6 MB
Progress (4): 5.5/12 MB | 1.2/1.9 MB | 392/804 kB | 0.3/2.6 MB
Progress (4): 5.5/12 MB | 1.3/1.9 MB | 392/804 kB | 0.3/2.6 MB
Progress (4): 5.5/12 MB | 1.3/1.9 MB | 392/804 kB | 0.3/2.6 MB
Progress (4): 5.5/12 MB | 1.3/1.9 MB | 392/804 kB | 0.3/2.6 MB
Progress (4): 5.5/12 MB | 1.3/1.9 MB | 392/804 kB | 0.3/2.6 MB
Progress (4): 5.5/12 MB | 1.3/1.9 MB | 409/804 kB | 0.3/2.6 MB
Progress (4): 5.5/12 MB | 1.3/1.9 MB | 409/804 kB | 0.3/2.6 MB
Progress (4): 5.5/12 MB | 1.3/1.9 MB | 409/804 kB | 0.3/2.6 MB
Progress (4): 5.5/12 MB | 1.3/1.9 MB | 409/804 kB | 0.3/2.6 MB
Progress (4): 5.5/12 MB | 1.3/1.9 MB | 425/804 kB | 0.3/2.6 MB
Progress (4): 5.5/12 MB | 1.3/1.9 MB | 425/804 kB | 0.3/2.6 MB
Progress (4): 5.5/12 MB | 1.3/1.9 MB | 425/804 kB | 0.3/2.6 MB
Progress (4): 5.5/12 MB | 1.3/1.9 MB | 425/804 kB | 0.3/2.6 MB
Progress (4): 5.5/12 MB | 1.3/1.9 MB | 425/804 kB | 0.3/2.6 MB
Progress (4): 5.5/12 MB | 1.3/1.9 MB | 441/804 kB | 0.3/2.6 MB
Progress (4): 5.5/12 MB | 1.3/1.9 MB | 441/804 kB | 0.3/2.6 MB
Progress (4): 5.5/12 MB | 1.3/1.9 MB | 441/804 kB | 0.3/2.6 MB
Progress (4): 5.5/12 MB | 1.3/1.9 MB | 441/804 kB | 0.3/2.6 MB
Progress (4): 5.5/12 MB | 1.3/1.9 MB | 458/804 kB | 0.3/2.6 MB
Progress (4): 5.6/12 MB | 1.3/1.9 MB | 458/804 kB | 0.3/2.6 MB
Progress (4): 5.6/12 MB | 1.3/1.9 MB | 458/804 kB | 0.4/2.6 MB
Progress (4): 5.6/12 MB | 1.3/1.9 MB | 458/804 kB | 0.4/2.6 MB
Progress (4): 5.6/12 MB | 1.3/1.9 MB | 474/804 kB | 0.4/2.6 MB
Progress (5): 5.6/12 MB | 1.3/1.9 MB | 474/804 kB | 0.4/2.6 MB | 7.7/810 kB
Progress (5): 5.6/12 MB | 1.3/1.9 MB | 474/804 kB | 0.4/2.6 MB | 8.2/810 kB
Progress (5): 5.6/12 MB | 1.4/1.9 MB | 474/804 kB | 0.4/2.6 MB | 8.2/810 kB
Progress (5): 5.6/12 MB | 1.4/1.9 MB | 491/804 kB | 0.4/2.6 MB | 8.2/810 kB
Progress (5): 5.6/12 MB | 1.4/1.9 MB | 491/804 kB | 0.4/2.6 MB | 25/810 kB 
Progress (5): 5.6/12 MB | 1.4/1.9 MB | 491/804 kB | 0.4/2.6 MB | 25/810 kB
Progress (5): 5.6/12 MB | 1.4/1.9 MB | 503/804 kB | 0.4/2.6 MB | 25/810 kB
Progress (5): 5.6/12 MB | 1.4/1.9 MB | 503/804 kB | 0.4/2.6 MB | 25/810 kB
Progress (5): 5.6/12 MB | 1.4/1.9 MB | 507/804 kB | 0.4/2.6 MB | 25/810 kB
Progress (5): 5.6/12 MB | 1.4/1.9 MB | 507/804 kB | 0.4/2.6 MB | 25/810 kB
Progress (5): 5.6/12 MB | 1.4/1.9 MB | 507/804 kB | 0.4/2.6 MB | 41/810 kB
Progress (5): 5.6/12 MB | 1.4/1.9 MB | 507/804 kB | 0.4/2.6 MB | 41/810 kB
Progress (5): 5.6/12 MB | 1.4/1.9 MB | 507/804 kB | 0.4/2.6 MB | 41/810 kB
Progress (5): 5.6/12 MB | 1.4/1.9 MB | 507/804 kB | 0.4/2.6 MB | 41/810 kB
Progress (5): 5.6/12 MB | 1.4/1.9 MB | 507/804 kB | 0.4/2.6 MB | 57/810 kB
Progress (5): 5.6/12 MB | 1.4/1.9 MB | 507/804 kB | 0.4/2.6 MB | 57/810 kB
Progress (5): 5.6/12 MB | 1.4/1.9 MB | 507/804 kB | 0.4/2.6 MB | 57/810 kB
Progress (5): 5.6/12 MB | 1.4/1.9 MB | 523/804 kB | 0.4/2.6 MB | 57/810 kB
Progress (5): 5.6/12 MB | 1.4/1.9 MB | 523/804 kB | 0.4/2.6 MB | 57/810 kB
Progress (5): 5.6/12 MB | 1.4/1.9 MB | 523/804 kB | 0.4/2.6 MB | 57/810 kB
Progress (5): 5.6/12 MB | 1.4/1.9 MB | 532/804 kB | 0.4/2.6 MB | 57/810 kB
Progress (5): 5.6/12 MB | 1.4/1.9 MB | 532/804 kB | 0.4/2.6 MB | 57/810 kB
Progress (5): 5.6/12 MB | 1.4/1.9 MB | 532/804 kB | 0.4/2.6 MB | 57/810 kB
Progress (5): 5.6/12 MB | 1.4/1.9 MB | 532/804 kB | 0.4/2.6 MB | 74/810 kB
Progress (5): 5.6/12 MB | 1.4/1.9 MB | 532/804 kB | 0.4/2.6 MB | 74/810 kB
Progress (5): 5.6/12 MB | 1.4/1.9 MB | 532/804 kB | 0.4/2.6 MB | 74/810 kB
Progress (5): 5.6/12 MB | 1.4/1.9 MB | 532/804 kB | 0.4/2.6 MB | 90/810 kB
Progress (5): 5.6/12 MB | 1.4/1.9 MB | 544/804 kB | 0.4/2.6 MB | 90/810 kB
Progress (5): 5.6/12 MB | 1.4/1.9 MB | 544/804 kB | 0.4/2.6 MB | 106/810 kB
Progress (5): 5.6/12 MB | 1.4/1.9 MB | 544/804 kB | 0.4/2.6 MB | 106/810 kB
Progress (5): 5.6/12 MB | 1.4/1.9 MB | 544/804 kB | 0.4/2.6 MB | 106/810 kB
Progress (5): 5.6/12 MB | 1.4/1.9 MB | 544/804 kB | 0.5/2.6 MB | 106/810 kB
Progress (5): 5.6/12 MB | 1.5/1.9 MB | 544/804 kB | 0.5/2.6 MB | 106/810 kB
Progress (5): 5.6/12 MB | 1.5/1.9 MB | 560/804 kB | 0.5/2.6 MB | 106/810 kB
Progress (5): 5.6/12 MB | 1.5/1.9 MB | 560/804 kB | 0.5/2.6 MB | 123/810 kB
Progress (5): 5.6/12 MB | 1.5/1.9 MB | 568/804 kB | 0.5/2.6 MB | 123/810 kB
Progress (5): 5.7/12 MB | 1.5/1.9 MB | 568/804 kB | 0.5/2.6 MB | 123/810 kB
Progress (5): 5.7/12 MB | 1.5/1.9 MB | 568/804 kB | 0.5/2.6 MB | 123/810 kB
Progress (5): 5.7/12 MB | 1.5/1.9 MB | 585/804 kB | 0.5/2.6 MB | 123/810 kB
Progress (5): 5.7/12 MB | 1.5/1.9 MB | 585/804 kB | 0.5/2.6 MB | 123/810 kB
Progress (5): 5.7/12 MB | 1.5/1.9 MB | 585/804 kB | 0.5/2.6 MB | 139/810 kB
Progress (5): 5.7/12 MB | 1.5/1.9 MB | 585/804 kB | 0.5/2.6 MB | 156/810 kB
Progress (5): 5.7/12 MB | 1.5/1.9 MB | 585/804 kB | 0.5/2.6 MB | 156/810 kB
Progress (5): 5.7/12 MB | 1.5/1.9 MB | 585/804 kB | 0.5/2.6 MB | 156/810 kB
Progress (5): 5.7/12 MB | 1.5/1.9 MB | 601/804 kB | 0.5/2.6 MB | 156/810 kB
Progress (5): 5.7/12 MB | 1.5/1.9 MB | 601/804 kB | 0.5/2.6 MB | 156/810 kB
Progress (5): 5.7/12 MB | 1.5/1.9 MB | 601/804 kB | 0.5/2.6 MB | 172/810 kB
Progress (5): 5.7/12 MB | 1.5/1.9 MB | 601/804 kB | 0.5/2.6 MB | 172/810 kB
Progress (5): 5.7/12 MB | 1.5/1.9 MB | 618/804 kB | 0.5/2.6 MB | 172/810 kB
Progress (5): 5.7/12 MB | 1.5/1.9 MB | 618/804 kB | 0.5/2.6 MB | 172/810 kB
Progress (5): 5.7/12 MB | 1.5/1.9 MB | 622/804 kB | 0.5/2.6 MB | 172/810 kB
Progress (5): 5.7/12 MB | 1.5/1.9 MB | 622/804 kB | 0.5/2.6 MB | 172/810 kB
Progress (5): 5.7/12 MB | 1.5/1.9 MB | 622/804 kB | 0.5/2.6 MB | 188/810 kB
Progress (5): 5.7/12 MB | 1.5/1.9 MB | 622/804 kB | 0.5/2.6 MB | 188/810 kB
Progress (5): 5.7/12 MB | 1.5/1.9 MB | 638/804 kB | 0.5/2.6 MB | 188/810 kB
Progress (5): 5.7/12 MB | 1.5/1.9 MB | 638/804 kB | 0.5/2.6 MB | 188/810 kB
Progress (5): 5.7/12 MB | 1.5/1.9 MB | 646/804 kB | 0.5/2.6 MB | 188/810 kB
Progress (5): 5.7/12 MB | 1.5/1.9 MB | 646/804 kB | 0.5/2.6 MB | 205/810 kB
Progress (5): 5.7/12 MB | 1.5/1.9 MB | 654/804 kB | 0.5/2.6 MB | 205/810 kB
Progress (5): 5.7/12 MB | 1.5/1.9 MB | 654/804 kB | 0.5/2.6 MB | 205/810 kB
Progress (5): 5.7/12 MB | 1.5/1.9 MB | 654/804 kB | 0.6/2.6 MB | 205/810 kB
Progress (5): 5.7/12 MB | 1.5/1.9 MB | 654/804 kB | 0.6/2.6 MB | 205/810 kB
Progress (5): 5.7/12 MB | 1.5/1.9 MB | 663/804 kB | 0.6/2.6 MB | 205/810 kB
Progress (5): 5.7/12 MB | 1.5/1.9 MB | 663/804 kB | 0.6/2.6 MB | 205/810 kB
Progress (5): 5.7/12 MB | 1.5/1.9 MB | 663/804 kB | 0.6/2.6 MB | 221/810 kB
Progress (5): 5.7/12 MB | 1.5/1.9 MB | 663/804 kB | 0.6/2.6 MB | 221/810 kB
Progress (5): 5.8/12 MB | 1.5/1.9 MB | 663/804 kB | 0.6/2.6 MB | 221/810 kB
Progress (5): 5.8/12 MB | 1.5/1.9 MB | 663/804 kB | 0.6/2.6 MB | 221/810 kB
Progress (5): 5.8/12 MB | 1.5/1.9 MB | 663/804 kB | 0.6/2.6 MB | 221/810 kB
Progress (5): 5.8/12 MB | 1.5/1.9 MB | 679/804 kB | 0.6/2.6 MB | 221/810 kB
Progress (5): 5.8/12 MB | 1.5/1.9 MB | 679/804 kB | 0.6/2.6 MB | 221/810 kB
Progress (5): 5.8/12 MB | 1.5/1.9 MB | 679/804 kB | 0.6/2.6 MB | 238/810 kB
Progress (5): 5.8/12 MB | 1.5/1.9 MB | 679/804 kB | 0.6/2.6 MB | 254/810 kB
Progress (5): 5.8/12 MB | 1.5/1.9 MB | 687/804 kB | 0.6/2.6 MB | 254/810 kB
Progress (5): 5.8/12 MB | 1.5/1.9 MB | 687/804 kB | 0.6/2.6 MB | 254/810 kB
Progress (5): 5.8/12 MB | 1.5/1.9 MB | 687/804 kB | 0.6/2.6 MB | 270/810 kB
Progress (5): 5.8/12 MB | 1.5/1.9 MB | 687/804 kB | 0.6/2.6 MB | 270/810 kB
Progress (5): 5.8/12 MB | 1.6/1.9 MB | 687/804 kB | 0.6/2.6 MB | 270/810 kB
Progress (5): 5.8/12 MB | 1.6/1.9 MB | 704/804 kB | 0.6/2.6 MB | 270/810 kB
Progress (5): 5.8/12 MB | 1.6/1.9 MB | 704/804 kB | 0.6/2.6 MB | 270/810 kB
Progress (5): 5.8/12 MB | 1.6/1.9 MB | 704/804 kB | 0.6/2.6 MB | 287/810 kB
Progress (5): 5.8/12 MB | 1.6/1.9 MB | 704/804 kB | 0.6/2.6 MB | 287/810 kB
Progress (5): 5.8/12 MB | 1.6/1.9 MB | 704/804 kB | 0.6/2.6 MB | 287/810 kB
Progress (5): 5.8/12 MB | 1.6/1.9 MB | 720/804 kB | 0.6/2.6 MB | 287/810 kB
Progress (5): 5.8/12 MB | 1.6/1.9 MB | 720/804 kB | 0.6/2.6 MB | 287/810 kB
Progress (5): 5.8/12 MB | 1.6/1.9 MB | 720/804 kB | 0.6/2.6 MB | 303/810 kB
Progress (5): 5.8/12 MB | 1.6/1.9 MB | 720/804 kB | 0.6/2.6 MB | 303/810 kB
Progress (5): 5.8/12 MB | 1.6/1.9 MB | 720/804 kB | 0.6/2.6 MB | 303/810 kB
Progress (5): 5.8/12 MB | 1.6/1.9 MB | 720/804 kB | 0.6/2.6 MB | 319/810 kB
Progress (5): 5.8/12 MB | 1.6/1.9 MB | 720/804 kB | 0.6/2.6 MB | 319/810 kB
Progress (5): 5.8/12 MB | 1.6/1.9 MB | 736/804 kB | 0.6/2.6 MB | 319/810 kB
Progress (5): 5.8/12 MB | 1.6/1.9 MB | 736/804 kB | 0.6/2.6 MB | 319/810 kB
Progress (5): 5.8/12 MB | 1.6/1.9 MB | 736/804 kB | 0.6/2.6 MB | 319/810 kB
Progress (5): 5.8/12 MB | 1.6/1.9 MB | 753/804 kB | 0.6/2.6 MB | 319/810 kB
Progress (5): 5.8/12 MB | 1.6/1.9 MB | 753/804 kB | 0.7/2.6 MB | 319/810 kB
Progress (5): 5.8/12 MB | 1.6/1.9 MB | 753/804 kB | 0.7/2.6 MB | 336/810 kB
Progress (5): 5.8/12 MB | 1.6/1.9 MB | 753/804 kB | 0.7/2.6 MB | 336/810 kB
Progress (5): 5.8/12 MB | 1.6/1.9 MB | 753/804 kB | 0.7/2.6 MB | 336/810 kB
Progress (5): 5.8/12 MB | 1.6/1.9 MB | 753/804 kB | 0.7/2.6 MB | 352/810 kB
Progress (5): 5.8/12 MB | 1.6/1.9 MB | 769/804 kB | 0.7/2.6 MB | 352/810 kB
Progress (5): 5.8/12 MB | 1.6/1.9 MB | 769/804 kB | 0.7/2.6 MB | 352/810 kB
Progress (5): 5.8/12 MB | 1.6/1.9 MB | 786/804 kB | 0.7/2.6 MB | 352/810 kB
Progress (5): 5.8/12 MB | 1.6/1.9 MB | 786/804 kB | 0.7/2.6 MB | 352/810 kB
Progress (5): 5.8/12 MB | 1.6/1.9 MB | 786/804 kB | 0.7/2.6 MB | 352/810 kB
Progress (5): 5.8/12 MB | 1.7/1.9 MB | 786/804 kB | 0.7/2.6 MB | 352/810 kB
Progress (5): 5.8/12 MB | 1.7/1.9 MB | 786/804 kB | 0.7/2.6 MB | 352/810 kB
Progress (5): 5.8/12 MB | 1.7/1.9 MB | 786/804 kB | 0.7/2.6 MB | 369/810 kB
Progress (5): 5.8/12 MB | 1.7/1.9 MB | 802/804 kB | 0.7/2.6 MB | 369/810 kB
Progress (5): 5.8/12 MB | 1.7/1.9 MB | 804 kB | 0.7/2.6 MB | 369/810 kB    
                                                                       
Downloaded from central: https://repo.maven.apache.org/maven2/org/springframework/security/spring-security-web/6.3.3/spring-security-web-6.3.3.jar (804 kB at 722 kB/s)
Downloading from central: https://repo.maven.apache.org/maven2/com/fasterxml/jackson/dataformat/jackson-dataformat-toml/2.17.2/jackson-dataformat-toml-2.17.2.jar
Progress (4): 5.8/12 MB | 1.7/1.9 MB | 0.7/2.6 MB | 385/810 kB
Progress (4): 5.9/12 MB | 1.7/1.9 MB | 0.7/2.6 MB | 385/810 kB
Progress (4): 5.9/12 MB | 1.7/1.9 MB | 0.7/2.6 MB | 385/810 kB
Progress (4): 5.9/12 MB | 1.7/1.9 MB | 0.7/2.6 MB | 385/810 kB
Progress (4): 5.9/12 MB | 1.7/1.9 MB | 0.7/2.6 MB | 385/810 kB
Progress (4): 5.9/12 MB | 1.7/1.9 MB | 0.7/2.6 MB | 401/810 kB
Progress (4): 5.9/12 MB | 1.7/1.9 MB | 0.7/2.6 MB | 401/810 kB
Progress (4): 5.9/12 MB | 1.7/1.9 MB | 0.7/2.6 MB | 401/810 kB
Progress (4): 5.9/12 MB | 1.7/1.9 MB | 0.7/2.6 MB | 401/810 kB
Progress (4): 5.9/12 MB | 1.7/1.9 MB | 0.7/2.6 MB | 401/810 kB
Progress (4): 5.9/12 MB | 1.7/1.9 MB | 0.7/2.6 MB | 418/810 kB
Progress (4): 5.9/12 MB | 1.7/1.9 MB | 0.7/2.6 MB | 418/810 kB
Progress (4): 5.9/12 MB | 1.7/1.9 MB | 0.7/2.6 MB | 418/810 kB
Progress (4): 5.9/12 MB | 1.7/1.9 MB | 0.8/2.6 MB | 418/810 kB
Progress (4): 5.9/12 MB | 1.7/1.9 MB | 0.8/2.6 MB | 434/810 kB
Progress (4): 5.9/12 MB | 1.7/1.9 MB | 0.8/2.6 MB | 434/810 kB
Progress (4): 5.9/12 MB | 1.7/1.9 MB | 0.8/2.6 MB | 434/810 kB
Progress (4): 5.9/12 MB | 1.7/1.9 MB | 0.8/2.6 MB | 434/810 kB
Progress (4): 5.9/12 MB | 1.7/1.9 MB | 0.8/2.6 MB | 451/810 kB
Progress (4): 5.9/12 MB | 1.7/1.9 MB | 0.8/2.6 MB | 467/810 kB
Progress (4): 5.9/12 MB | 1.7/1.9 MB | 0.8/2.6 MB | 467/810 kB
Progress (4): 5.9/12 MB | 1.7/1.9 MB | 0.8/2.6 MB | 467/810 kB
Progress (4): 5.9/12 MB | 1.7/1.9 MB | 0.8/2.6 MB | 467/810 kB
Progress (4): 5.9/12 MB | 1.7/1.9 MB | 0.8/2.6 MB | 467/810 kB
Progress (4): 5.9/12 MB | 1.7/1.9 MB | 0.8/2.6 MB | 467/810 kB
Progress (4): 5.9/12 MB | 1.7/1.9 MB | 0.8/2.6 MB | 483/810 kB
Progress (4): 6.0/12 MB | 1.7/1.9 MB | 0.8/2.6 MB | 483/810 kB
Progress (4): 6.0/12 MB | 1.8/1.9 MB | 0.8/2.6 MB | 483/810 kB
Progress (4): 6.0/12 MB | 1.8/1.9 MB | 0.8/2.6 MB | 483/810 kB
Progress (4): 6.0/12 MB | 1.8/1.9 MB | 0.8/2.6 MB | 500/810 kB
Progress (4): 6.0/12 MB | 1.8/1.9 MB | 0.8/2.6 MB | 500/810 kB
Progress (4): 6.0/12 MB | 1.8/1.9 MB | 0.8/2.6 MB | 500/810 kB
Progress (4): 6.0/12 MB | 1.8/1.9 MB | 0.8/2.6 MB | 507/810 kB
Progress (4): 6.0/12 MB | 1.8/1.9 MB | 0.8/2.6 MB | 507/810 kB
Progress (4): 6.0/12 MB | 1.8/1.9 MB | 0.8/2.6 MB | 507/810 kB
Progress (4): 6.0/12 MB | 1.8/1.9 MB | 0.8/2.6 MB | 523/810 kB
Progress (4): 6.0/12 MB | 1.8/1.9 MB | 0.8/2.6 MB | 523/810 kB
Progress (4): 6.0/12 MB | 1.8/1.9 MB | 0.9/2.6 MB | 523/810 kB
Progress (4): 6.0/12 MB | 1.8/1.9 MB | 0.9/2.6 MB | 523/810 kB
Progress (4): 6.0/12 MB | 1.8/1.9 MB | 0.9/2.6 MB | 540/810 kB
Progress (4): 6.0/12 MB | 1.8/1.9 MB | 0.9/2.6 MB | 540/810 kB
Progress (4): 6.0/12 MB | 1.8/1.9 MB | 0.9/2.6 MB | 540/810 kB
Progress (4): 6.0/12 MB | 1.8/1.9 MB | 0.9/2.6 MB | 540/810 kB
Progress (4): 6.0/12 MB | 1.8/1.9 MB | 0.9/2.6 MB | 540/810 kB
Progress (4): 6.0/12 MB | 1.8/1.9 MB | 0.9/2.6 MB | 540/810 kB
Progress (4): 6.0/12 MB | 1.8/1.9 MB | 0.9/2.6 MB | 540/810 kB
Progress (4): 6.0/12 MB | 1.8/1.9 MB | 0.9/2.6 MB | 540/810 kB
Progress (4): 6.0/12 MB | 1.8/1.9 MB | 0.9/2.6 MB | 556/810 kB
Progress (4): 6.0/12 MB | 1.8/1.9 MB | 0.9/2.6 MB | 556/810 kB
Progress (5): 6.0/12 MB | 1.8/1.9 MB | 0.9/2.6 MB | 556/810 kB | 7.7/56 kB
Progress (5): 6.0/12 MB | 1.8/1.9 MB | 0.9/2.6 MB | 556/810 kB | 8.2/56 kB
Progress (5): 6.0/12 MB | 1.8/1.9 MB | 0.9/2.6 MB | 556/810 kB | 8.2/56 kB
Progress (5): 6.0/12 MB | 1.8/1.9 MB | 0.9/2.6 MB | 556/810 kB | 8.2/56 kB
Progress (5): 6.0/12 MB | 1.8/1.9 MB | 0.9/2.6 MB | 556/810 kB | 25/56 kB 
Progress (5): 6.0/12 MB | 1.9/1.9 MB | 0.9/2.6 MB | 556/810 kB | 25/56 kB
Progress (5): 6.0/12 MB | 1.9/1.9 MB | 0.9/2.6 MB | 573/810 kB | 25/56 kB
Progress (5): 6.0/12 MB | 1.9/1.9 MB | 0.9/2.6 MB | 573/810 kB | 41/56 kB
Progress (5): 6.1/12 MB | 1.9/1.9 MB | 0.9/2.6 MB | 573/810 kB | 41/56 kB
Progress (5): 6.1/12 MB | 1.9/1.9 MB | 0.9/2.6 MB | 573/810 kB | 56 kB   
Progress (5): 6.1/12 MB | 1.9/1.9 MB | 0.9/2.6 MB | 589/810 kB | 56 kB
                                                                      
Downloaded from central: https://repo.maven.apache.org/maven2/com/fasterxml/jackson/dataformat/jackson-dataformat-toml/2.17.2/jackson-dataformat-toml-2.17.2.jar (56 kB at 49 kB/s)
Downloading from central: https://repo.maven.apache.org/maven2/com/fasterxml/jackson/core/jackson-core/2.17.2/jackson-core-2.17.2.jar
Progress (4): 6.1/12 MB | 1.9/1.9 MB | 0.9/2.6 MB | 589/810 kB
Progress (4): 6.1/12 MB | 1.9/1.9 MB | 0.9/2.6 MB | 589/810 kB
Progress (4): 6.1/12 MB | 1.9/1.9 MB | 0.9/2.6 MB | 589/810 kB
Progress (4): 6.1/12 MB | 1.9/1.9 MB | 0.9/2.6 MB | 589/810 kB
Progress (4): 6.1/12 MB | 1.9/1.9 MB | 0.9/2.6 MB | 605/810 kB
Progress (4): 6.1/12 MB | 1.9/1.9 MB | 0.9/2.6 MB | 605/810 kB
Progress (4): 6.1/12 MB | 1.9/1.9 MB | 0.9/2.6 MB | 605/810 kB
Progress (4): 6.1/12 MB | 1.9/1.9 MB | 0.9/2.6 MB | 605/810 kB
Progress (4): 6.1/12 MB | 1.9/1.9 MB | 0.9/2.6 MB | 605/810 kB
Progress (4): 6.1/12 MB | 1.9/1.9 MB | 0.9/2.6 MB | 605/810 kB
Progress (4): 6.1/12 MB | 1.9/1.9 MB | 1.0/2.6 MB | 605/810 kB
Progress (4): 6.1/12 MB | 1.9/1.9 MB | 1.0/2.6 MB | 622/810 kB
Progress (4): 6.1/12 MB | 1.9 MB | 1.0/2.6 MB | 622/810 kB    
Progress (4): 6.1/12 MB | 1.9 MB | 1.0/2.6 MB | 622/810 kB
Progress (4): 6.1/12 MB | 1.9 MB | 1.0/2.6 MB | 622/810 kB
                                                          
Downloaded from central: https://repo.maven.apache.org/maven2/org/springframework/security/spring-security-config/6.3.3/spring-security-config-6.3.3.jar (1.9 MB at 1.7 MB/s)
Downloading from central: https://repo.maven.apache.org/maven2/com/google/code/gson/gson/2.10.1/gson-2.10.1.jar
Progress (3): 6.1/12 MB | 1.0/2.6 MB | 638/810 kB
Progress (3): 6.1/12 MB | 1.0/2.6 MB | 654/810 kB
Progress (3): 6.1/12 MB | 1.0/2.6 MB | 671/810 kB
Progress (3): 6.1/12 MB | 1.0/2.6 MB | 671/810 kB
Progress (3): 6.1/12 MB | 1.0/2.6 MB | 671/810 kB
Progress (3): 6.1/12 MB | 1.0/2.6 MB | 671/810 kB
Progress (3): 6.1/12 MB | 1.0/2.6 MB | 687/810 kB
Progress (3): 6.2/12 MB | 1.0/2.6 MB | 687/810 kB
Progress (3): 6.2/12 MB | 1.0/2.6 MB | 687/810 kB
Progress (3): 6.2/12 MB | 1.0/2.6 MB | 704/810 kB
Progress (3): 6.2/12 MB | 1.0/2.6 MB | 720/810 kB
Progress (3): 6.2/12 MB | 1.0/2.6 MB | 720/810 kB
Progress (3): 6.2/12 MB | 1.0/2.6 MB | 720/810 kB
Progress (3): 6.2/12 MB | 1.0/2.6 MB | 720/810 kB
Progress (3): 6.2/12 MB | 1.0/2.6 MB | 736/810 kB
Progress (3): 6.2/12 MB | 1.0/2.6 MB | 736/810 kB
Progress (3): 6.2/12 MB | 1.0/2.6 MB | 736/810 kB
Progress (3): 6.2/12 MB | 1.1/2.6 MB | 736/810 kB
Progress (3): 6.2/12 MB | 1.1/2.6 MB | 736/810 kB
Progress (3): 6.2/12 MB | 1.1/2.6 MB | 736/810 kB
Progress (3): 6.2/12 MB | 1.1/2.6 MB | 753/810 kB
Progress (3): 6.2/12 MB | 1.1/2.6 MB | 753/810 kB
Progress (3): 6.2/12 MB | 1.1/2.6 MB | 753/810 kB
Progress (3): 6.2/12 MB | 1.1/2.6 MB | 769/810 kB
Progress (3): 6.2/12 MB | 1.1/2.6 MB | 769/810 kB
Progress (3): 6.2/12 MB | 1.1/2.6 MB | 786/810 kB
Progress (3): 6.2/12 MB | 1.1/2.6 MB | 786/810 kB
Progress (3): 6.2/12 MB | 1.1/2.6 MB | 786/810 kB
Progress (3): 6.2/12 MB | 1.1/2.6 MB | 802/810 kB
Progress (3): 6.2/12 MB | 1.1/2.6 MB | 810 kB    
Progress (3): 6.3/12 MB | 1.1/2.6 MB | 810 kB
Progress (3): 6.3/12 MB | 1.1/2.6 MB | 810 kB
                                             
Downloaded from central: https://repo.maven.apache.org/maven2/org/flywaydb/flyway-core/10.10.0/flyway-core-10.10.0.jar (810 kB at 698 kB/s)
Downloading from central: https://repo.maven.apache.org/maven2/org/springdoc/springdoc-openapi-starter-webmvc-ui/2.6.0/springdoc-openapi-starter-webmvc-ui-2.6.0.jar
Progress (2): 6.3/12 MB | 1.1/2.6 MB
Progress (2): 6.3/12 MB | 1.1/2.6 MB
Progress (2): 6.3/12 MB | 1.2/2.6 MB
Progress (2): 6.3/12 MB | 1.2/2.6 MB
Progress (2): 6.3/12 MB | 1.2/2.6 MB
Progress (2): 6.3/12 MB | 1.2/2.6 MB
Progress (2): 6.3/12 MB | 1.2/2.6 MB
Progress (2): 6.3/12 MB | 1.2/2.6 MB
Progress (2): 6.3/12 MB | 1.2/2.6 MB
Progress (2): 6.3/12 MB | 1.2/2.6 MB
Progress (2): 6.4/12 MB | 1.2/2.6 MB
Progress (3): 6.4/12 MB | 1.2/2.6 MB | 3.7/582 kB
Progress (3): 6.4/12 MB | 1.2/2.6 MB | 3.7/582 kB
Progress (3): 6.4/12 MB | 1.2/2.6 MB | 3.7/582 kB
Progress (3): 6.4/12 MB | 1.2/2.6 MB | 20/582 kB 
Progress (3): 6.4/12 MB | 1.2/2.6 MB | 20/582 kB
Progress (3): 6.4/12 MB | 1.2/2.6 MB | 36/582 kB
Progress (3): 6.4/12 MB | 1.2/2.6 MB | 36/582 kB
Progress (3): 6.4/12 MB | 1.2/2.6 MB | 36/582 kB
Progress (3): 6.4/12 MB | 1.2/2.6 MB | 36/582 kB
Progress (3): 6.4/12 MB | 1.2/2.6 MB | 53/582 kB
Progress (3): 6.4/12 MB | 1.2/2.6 MB | 53/582 kB
Progress (3): 6.4/12 MB | 1.3/2.6 MB | 53/582 kB
Progress (3): 6.4/12 MB | 1.3/2.6 MB | 53/582 kB
Progress (3): 6.4/12 MB | 1.3/2.6 MB | 53/582 kB
Progress (3): 6.4/12 MB | 1.3/2.6 MB | 53/582 kB
Progress (3): 6.4/12 MB | 1.3/2.6 MB | 69/582 kB
Progress (3): 6.4/12 MB | 1.3/2.6 MB | 69/582 kB
Progress (3): 6.4/12 MB | 1.3/2.6 MB | 86/582 kB
Progress (3): 6.5/12 MB | 1.3/2.6 MB | 86/582 kB
Progress (3): 6.5/12 MB | 1.3/2.6 MB | 86/582 kB
Progress (3): 6.5/12 MB | 1.3/2.6 MB | 86/582 kB
Progress (3): 6.5/12 MB | 1.3/2.6 MB | 86/582 kB
Progress (3): 6.5/12 MB | 1.3/2.6 MB | 86/582 kB
Progress (3): 6.5/12 MB | 1.3/2.6 MB | 86/582 kB
Progress (3): 6.5/12 MB | 1.3/2.6 MB | 102/582 kB
Progress (3): 6.5/12 MB | 1.3/2.6 MB | 102/582 kB
Progress (3): 6.5/12 MB | 1.3/2.6 MB | 102/582 kB
Progress (3): 6.5/12 MB | 1.3/2.6 MB | 118/582 kB
Progress (3): 6.5/12 MB | 1.3/2.6 MB | 118/582 kB
Progress (3): 6.5/12 MB | 1.4/2.6 MB | 118/582 kB
Progress (4): 6.5/12 MB | 1.4/2.6 MB | 118/582 kB | 7.7/283 kB
Progress (4): 6.5/12 MB | 1.4/2.6 MB | 118/582 kB | 16/283 kB 
Progress (4): 6.5/12 MB | 1.4/2.6 MB | 118/582 kB | 20/283 kB
Progress (4): 6.5/12 MB | 1.4/2.6 MB | 118/582 kB | 20/283 kB
Progress (4): 6.5/12 MB | 1.4/2.6 MB | 135/582 kB | 20/283 kB
Progress (4): 6.5/12 MB | 1.4/2.6 MB | 135/582 kB | 20/283 kB
Progress (4): 6.5/12 MB | 1.4/2.6 MB | 135/582 kB | 20/283 kB
Progress (4): 6.5/12 MB | 1.4/2.6 MB | 135/582 kB | 36/283 kB
Progress (4): 6.5/12 MB | 1.4/2.6 MB | 151/582 kB | 36/283 kB
Progress (5): 6.5/12 MB | 1.4/2.6 MB | 151/582 kB | 36/283 kB | 7.7/23 kB
Progress (5): 6.5/12 MB | 1.4/2.6 MB | 151/582 kB | 36/283 kB | 8.2/23 kB
Progress (5): 6.5/12 MB | 1.4/2.6 MB | 151/582 kB | 36/283 kB | 23 kB    
Progress (5): 6.5/12 MB | 1.4/2.6 MB | 151/582 kB | 36/283 kB | 23 kB
Progress (5): 6.5/12 MB | 1.4/2.6 MB | 168/582 kB | 36/283 kB | 23 kB
                                                                     
Downloaded from central: https://repo.maven.apache.org/maven2/org/springdoc/springdoc-openapi-starter-webmvc-ui/2.6.0/springdoc-openapi-starter-webmvc-ui-2.6.0.jar (23 kB at 20 kB/s)
Downloading from central: https://repo.maven.apache.org/maven2/org/springdoc/springdoc-openapi-starter-webmvc-api/2.6.0/springdoc-openapi-starter-webmvc-api-2.6.0.jar
Progress (4): 6.6/12 MB | 1.4/2.6 MB | 168/582 kB | 36/283 kB
Progress (4): 6.6/12 MB | 1.4/2.6 MB | 168/582 kB | 36/283 kB
Progress (4): 6.6/12 MB | 1.4/2.6 MB | 168/582 kB | 53/283 kB
Progress (4): 6.6/12 MB | 1.4/2.6 MB | 168/582 kB | 53/283 kB
Progress (4): 6.6/12 MB | 1.4/2.6 MB | 168/582 kB | 53/283 kB
Progress (4): 6.6/12 MB | 1.4/2.6 MB | 184/582 kB | 53/283 kB
Progress (4): 6.6/12 MB | 1.4/2.6 MB | 184/582 kB | 69/283 kB
Progress (4): 6.6/12 MB | 1.4/2.6 MB | 184/582 kB | 69/283 kB
Progress (4): 6.6/12 MB | 1.4/2.6 MB | 184/582 kB | 86/283 kB
Progress (4): 6.6/12 MB | 1.4/2.6 MB | 184/582 kB | 86/283 kB
Progress (4): 6.6/12 MB | 1.4/2.6 MB | 200/582 kB | 86/283 kB
Progress (4): 6.6/12 MB | 1.4/2.6 MB | 200/582 kB | 86/283 kB
Progress (4): 6.6/12 MB | 1.4/2.6 MB | 217/582 kB | 86/283 kB
Progress (4): 6.6/12 MB | 1.4/2.6 MB | 217/582 kB | 86/283 kB
Progress (4): 6.6/12 MB | 1.4/2.6 MB | 217/582 kB | 102/283 kB
Progress (4): 6.6/12 MB | 1.4/2.6 MB | 217/582 kB | 102/283 kB
Progress (4): 6.6/12 MB | 1.4/2.6 MB | 217/582 kB | 102/283 kB
Progress (4): 6.6/12 MB | 1.4/2.6 MB | 233/582 kB | 102/283 kB
Progress (4): 6.7/12 MB | 1.4/2.6 MB | 233/582 kB | 102/283 kB
Progress (4): 6.7/12 MB | 1.4/2.6 MB | 233/582 kB | 102/283 kB
Progress (4): 6.7/12 MB | 1.4/2.6 MB | 233/582 kB | 118/283 kB
Progress (4): 6.7/12 MB | 1.4/2.6 MB | 249/582 kB | 118/283 kB
Progress (4): 6.7/12 MB | 1.5/2.6 MB | 249/582 kB | 118/283 kB
Progress (4): 6.7/12 MB | 1.5/2.6 MB | 249/582 kB | 135/283 kB
Progress (4): 6.7/12 MB | 1.5/2.6 MB | 249/582 kB | 135/283 kB
Progress (4): 6.7/12 MB | 1.5/2.6 MB | 266/582 kB | 135/283 kB
Progress (4): 6.7/12 MB | 1.5/2.6 MB | 266/582 kB | 135/283 kB
Progress (4): 6.7/12 MB | 1.5/2.6 MB | 266/582 kB | 151/283 kB
Progress (4): 6.7/12 MB | 1.5/2.6 MB | 282/582 kB | 151/283 kB
Progress (4): 6.7/12 MB | 1.5/2.6 MB | 282/582 kB | 151/283 kB
Progress (4): 6.7/12 MB | 1.5/2.6 MB | 282/582 kB | 151/283 kB
Progress (4): 6.7/12 MB | 1.5/2.6 MB | 282/582 kB | 168/283 kB
Progress (4): 6.7/12 MB | 1.5/2.6 MB | 299/582 kB | 168/283 kB
Progress (4): 6.7/12 MB | 1.5/2.6 MB | 299/582 kB | 184/283 kB
Progress (4): 6.7/12 MB | 1.5/2.6 MB | 299/582 kB | 184/283 kB
Progress (4): 6.7/12 MB | 1.5/2.6 MB | 315/582 kB | 184/283 kB
Progress (4): 6.7/12 MB | 1.5/2.6 MB | 315/582 kB | 184/283 kB
Progress (4): 6.7/12 MB | 1.5/2.6 MB | 315/582 kB | 184/283 kB
Progress (4): 6.7/12 MB | 1.5/2.6 MB | 315/582 kB | 200/283 kB
Progress (4): 6.7/12 MB | 1.5/2.6 MB | 315/582 kB | 200/283 kB
Progress (4): 6.7/12 MB | 1.5/2.6 MB | 331/582 kB | 200/283 kB
Progress (4): 6.7/12 MB | 1.5/2.6 MB | 331/582 kB | 217/283 kB
Progress (4): 6.7/12 MB | 1.5/2.6 MB | 331/582 kB | 217/283 kB
Progress (4): 6.7/12 MB | 1.5/2.6 MB | 348/582 kB | 217/283 kB
Progress (4): 6.7/12 MB | 1.5/2.6 MB | 348/582 kB | 217/283 kB
Progress (4): 6.7/12 MB | 1.5/2.6 MB | 364/582 kB | 217/283 kB
Progress (4): 6.7/12 MB | 1.6/2.6 MB | 364/582 kB | 217/283 kB
Progress (4): 6.7/12 MB | 1.6/2.6 MB | 381/582 kB | 217/283 kB
Progress (4): 6.7/12 MB | 1.6/2.6 MB | 381/582 kB | 233/283 kB
Progress (4): 6.7/12 MB | 1.6/2.6 MB | 381/582 kB | 233/283 kB
Progress (4): 6.8/12 MB | 1.6/2.6 MB | 381/582 kB | 233/283 kB
Progress (4): 6.8/12 MB | 1.6/2.6 MB | 397/582 kB | 233/283 kB
Progress (4): 6.8/12 MB | 1.6/2.6 MB | 397/582 kB | 249/283 kB
Progress (4): 6.8/12 MB | 1.6/2.6 MB | 397/582 kB | 249/283 kB
Progress (4): 6.8/12 MB | 1.6/2.6 MB | 397/582 kB | 249/283 kB
Progress (4): 6.8/12 MB | 1.6/2.6 MB | 413/582 kB | 249/283 kB
Progress (4): 6.8/12 MB | 1.6/2.6 MB | 413/582 kB | 266/283 kB
Progress (4): 6.8/12 MB | 1.6/2.6 MB | 430/582 kB | 266/283 kB
Progress (4): 6.8/12 MB | 1.6/2.6 MB | 430/582 kB | 266/283 kB
Progress (4): 6.8/12 MB | 1.6/2.6 MB | 430/582 kB | 266/283 kB
Progress (4): 6.8/12 MB | 1.6/2.6 MB | 430/582 kB | 282/283 kB
Progress (4): 6.8/12 MB | 1.6/2.6 MB | 430/582 kB | 283 kB    
                                                          
Downloaded from central: https://repo.maven.apache.org/maven2/com/google/code/gson/gson/2.10.1/gson-2.10.1.jar (283 kB at 234 kB/s)
Downloading from central: https://repo.maven.apache.org/maven2/org/springdoc/springdoc-openapi-starter-common/2.6.0/springdoc-openapi-starter-common-2.6.0.jar
Progress (3): 6.8/12 MB | 1.6/2.6 MB | 430/582 kB
Progress (3): 6.8/12 MB | 1.6/2.6 MB | 430/582 kB
Progress (3): 6.8/12 MB | 1.6/2.6 MB | 446/582 kB
Progress (3): 6.8/12 MB | 1.6/2.6 MB | 446/582 kB
Progress (3): 6.8/12 MB | 1.6/2.6 MB | 462/582 kB
Progress (3): 6.8/12 MB | 1.6/2.6 MB | 462/582 kB
Progress (3): 6.8/12 MB | 1.6/2.6 MB | 462/582 kB
Progress (3): 6.8/12 MB | 1.7/2.6 MB | 462/582 kB
Progress (3): 6.8/12 MB | 1.7/2.6 MB | 479/582 kB
Progress (3): 6.8/12 MB | 1.7/2.6 MB | 495/582 kB
Progress (3): 6.9/12 MB | 1.7/2.6 MB | 495/582 kB
Progress (3): 6.9/12 MB | 1.7/2.6 MB | 495/582 kB
Progress (3): 6.9/12 MB | 1.7/2.6 MB | 512/582 kB
Progress (3): 6.9/12 MB | 1.7/2.6 MB | 512/582 kB
Progress (3): 6.9/12 MB | 1.7/2.6 MB | 512/582 kB
Progress (3): 6.9/12 MB | 1.7/2.6 MB | 528/582 kB
Progress (3): 6.9/12 MB | 1.7/2.6 MB | 544/582 kB
Progress (3): 6.9/12 MB | 1.7/2.6 MB | 544/582 kB
Progress (3): 6.9/12 MB | 1.7/2.6 MB | 544/582 kB
Progress (3): 6.9/12 MB | 1.7/2.6 MB | 561/582 kB
Progress (3): 6.9/12 MB | 1.7/2.6 MB | 561/582 kB
Progress (3): 6.9/12 MB | 1.7/2.6 MB | 561/582 kB
Progress (3): 6.9/12 MB | 1.7/2.6 MB | 561/582 kB
Progress (4): 6.9/12 MB | 1.7/2.6 MB | 561/582 kB | 3.7/43 kB
Progress (4): 6.9/12 MB | 1.7/2.6 MB | 577/582 kB | 3.7/43 kB
Progress (4): 6.9/12 MB | 1.7/2.6 MB | 582 kB | 3.7/43 kB    
Progress (4): 6.9/12 MB | 1.7/2.6 MB | 582 kB | 20/43 kB 
Progress (4): 6.9/12 MB | 1.7/2.6 MB | 582 kB | 20/43 kB
Progress (4): 6.9/12 MB | 1.7/2.6 MB | 582 kB | 20/43 kB
                                                        
Downloaded from central: https://repo.maven.apache.org/maven2/com/fasterxml/jackson/core/jackson-core/2.17.2/jackson-core-2.17.2.jar (582 kB at 477 kB/s)
Downloading from central: https://repo.maven.apache.org/maven2/io/swagger/core/v3/swagger-core-jakarta/2.2.22/swagger-core-jakarta-2.2.22.jar
Progress (3): 6.9/12 MB | 1.7/2.6 MB | 20/43 kB
Progress (3): 7.0/12 MB | 1.7/2.6 MB | 20/43 kB
Progress (3): 7.0/12 MB | 1.8/2.6 MB | 20/43 kB
Progress (3): 7.0/12 MB | 1.8/2.6 MB | 36/43 kB
Progress (3): 7.0/12 MB | 1.8/2.6 MB | 43 kB   
                                            
Downloaded from central: https://repo.maven.apache.org/maven2/org/springdoc/springdoc-openapi-starter-webmvc-api/2.6.0/springdoc-openapi-starter-webmvc-api-2.6.0.jar (43 kB at 35 kB/s)
Downloading from central: https://repo.maven.apache.org/maven2/io/swagger/core/v3/swagger-annotations-jakarta/2.2.22/swagger-annotations-jakarta-2.2.22.jar
Progress (2): 7.0/12 MB | 1.8/2.6 MB
Progress (2): 7.0/12 MB | 1.8/2.6 MB
Progress (2): 7.0/12 MB | 1.8/2.6 MB
Progress (2): 7.0/12 MB | 1.8/2.6 MB
Progress (2): 7.0/12 MB | 1.8/2.6 MB
Progress (2): 7.0/12 MB | 1.8/2.6 MB
Progress (2): 7.0/12 MB | 1.8/2.6 MB
Progress (2): 7.0/12 MB | 1.8/2.6 MB
Progress (2): 7.0/12 MB | 1.8/2.6 MB
Progress (2): 7.1/12 MB | 1.8/2.6 MB
Progress (2): 7.1/12 MB | 1.8/2.6 MB
Progress (2): 7.1/12 MB | 1.8/2.6 MB
Progress (2): 7.1/12 MB | 1.8/2.6 MB
Progress (2): 7.1/12 MB | 1.9/2.6 MB
Progress (2): 7.1/12 MB | 1.9/2.6 MB
Progress (2): 7.1/12 MB | 1.9/2.6 MB
Progress (2): 7.1/12 MB | 1.9/2.6 MB
Progress (2): 7.1/12 MB | 1.9/2.6 MB
Progress (2): 7.1/12 MB | 1.9/2.6 MB
Progress (2): 7.1/12 MB | 1.9/2.6 MB
Progress (2): 7.1/12 MB | 1.9/2.6 MB
Progress (3): 7.1/12 MB | 1.9/2.6 MB | 16/496 kB
Progress (3): 7.1/12 MB | 1.9/2.6 MB | 16/496 kB
Progress (3): 7.2/12 MB | 1.9/2.6 MB | 16/496 kB
Progress (3): 7.2/12 MB | 1.9/2.6 MB | 33/496 kB
Progress (3): 7.2/12 MB | 1.9/2.6 MB | 33/496 kB
Progress (3): 7.2/12 MB | 2.0/2.6 MB | 33/496 kB
Progress (3): 7.2/12 MB | 2.0/2.6 MB | 49/496 kB
Progress (3): 7.2/12 MB | 2.0/2.6 MB | 49/496 kB
Progress (3): 7.2/12 MB | 2.0/2.6 MB | 49/496 kB
Progress (3): 7.2/12 MB | 2.0/2.6 MB | 66/496 kB
Progress (3): 7.2/12 MB | 2.0/2.6 MB | 66/496 kB
Progress (3): 7.2/12 MB | 2.0/2.6 MB | 66/496 kB
Progress (3): 7.2/12 MB | 2.0/2.6 MB | 66/496 kB
Progress (3): 7.2/12 MB | 2.0/2.6 MB | 66/496 kB
Progress (3): 7.2/12 MB | 2.0/2.6 MB | 82/496 kB
Progress (3): 7.2/12 MB | 2.0/2.6 MB | 98/496 kB
Progress (3): 7.2/12 MB | 2.0/2.6 MB | 98/496 kB
Progress (3): 7.2/12 MB | 2.0/2.6 MB | 98/496 kB
Progress (3): 7.2/12 MB | 2.0/2.6 MB | 115/496 kB
Progress (3): 7.2/12 MB | 2.0/2.6 MB | 115/496 kB
Progress (3): 7.2/12 MB | 2.0/2.6 MB | 131/496 kB
Progress (3): 7.2/12 MB | 2.0/2.6 MB | 131/496 kB
Progress (3): 7.2/12 MB | 2.0/2.6 MB | 147/496 kB
Progress (3): 7.2/12 MB | 2.1/2.6 MB | 147/496 kB
Progress (3): 7.2/12 MB | 2.1/2.6 MB | 147/496 kB
Progress (3): 7.3/12 MB | 2.1/2.6 MB | 147/496 kB
Progress (3): 7.3/12 MB | 2.1/2.6 MB | 164/496 kB
Progress (3): 7.3/12 MB | 2.1/2.6 MB | 164/496 kB
Progress (3): 7.3/12 MB | 2.1/2.6 MB | 164/496 kB
Progress (3): 7.3/12 MB | 2.1/2.6 MB | 180/496 kB
Progress (3): 7.3/12 MB | 2.1/2.6 MB | 180/496 kB
Progress (3): 7.3/12 MB | 2.1/2.6 MB | 180/496 kB
Progress (3): 7.3/12 MB | 2.1/2.6 MB | 180/496 kB
Progress (3): 7.3/12 MB | 2.1/2.6 MB | 180/496 kB
Progress (3): 7.3/12 MB | 2.1/2.6 MB | 197/496 kB
Progress (3): 7.3/12 MB | 2.1/2.6 MB | 197/496 kB
Progress (3): 7.3/12 MB | 2.1/2.6 MB | 197/496 kB
Progress (3): 7.3/12 MB | 2.1/2.6 MB | 213/496 kB
Progress (4): 7.3/12 MB | 2.1/2.6 MB | 213/496 kB | 16/48 kB
Progress (4): 7.3/12 MB | 2.1/2.6 MB | 213/496 kB | 16/48 kB
Progress (4): 7.4/12 MB | 2.1/2.6 MB | 213/496 kB | 16/48 kB
Progress (4): 7.4/12 MB | 2.1/2.6 MB | 229/496 kB | 16/48 kB
Progress (4): 7.4/12 MB | 2.1/2.6 MB | 229/496 kB | 16/48 kB
Progress (5): 7.4/12 MB | 2.1/2.6 MB | 229/496 kB | 16/48 kB | 7.7/230 kB
Progress (5): 7.4/12 MB | 2.1/2.6 MB | 229/496 kB | 16/48 kB | 8.2/230 kB
Progress (5): 7.4/12 MB | 2.1/2.6 MB | 229/496 kB | 33/48 kB | 8.2/230 kB
Progress (5): 7.4/12 MB | 2.2/2.6 MB | 229/496 kB | 33/48 kB | 8.2/230 kB
Progress (5): 7.4/12 MB | 2.2/2.6 MB | 229/496 kB | 33/48 kB | 25/230 kB 
Progress (5): 7.4/12 MB | 2.2/2.6 MB | 246/496 kB | 33/48 kB | 25/230 kB
Progress (5): 7.4/12 MB | 2.2/2.6 MB | 246/496 kB | 48 kB | 25/230 kB   
                                                                     
Downloaded from central: https://repo.maven.apache.org/maven2/io/swagger/core/v3/swagger-annotations-jakarta/2.2.22/swagger-annotations-jakarta-2.2.22.jar (48 kB at 38 kB/s)
Downloading from central: https://repo.maven.apache.org/maven2/io/swagger/core/v3/swagger-models-jakarta/2.2.22/swagger-models-jakarta-2.2.22.jar
Progress (4): 7.4/12 MB | 2.2/2.6 MB | 246/496 kB | 25/230 kB
Progress (4): 7.4/12 MB | 2.2/2.6 MB | 246/496 kB | 41/230 kB
Progress (4): 7.4/12 MB | 2.2/2.6 MB | 262/496 kB | 41/230 kB
Progress (4): 7.4/12 MB | 2.2/2.6 MB | 279/496 kB | 41/230 kB
Progress (4): 7.4/12 MB | 2.2/2.6 MB | 279/496 kB | 41/230 kB
Progress (4): 7.4/12 MB | 2.2/2.6 MB | 279/496 kB | 57/230 kB
Progress (4): 7.4/12 MB | 2.2/2.6 MB | 279/496 kB | 57/230 kB
Progress (4): 7.4/12 MB | 2.2/2.6 MB | 295/496 kB | 57/230 kB
Progress (4): 7.4/12 MB | 2.2/2.6 MB | 295/496 kB | 57/230 kB
Progress (4): 7.4/12 MB | 2.2/2.6 MB | 295/496 kB | 74/230 kB
Progress (4): 7.4/12 MB | 2.2/2.6 MB | 295/496 kB | 74/230 kB
Progress (4): 7.4/12 MB | 2.2/2.6 MB | 311/496 kB | 74/230 kB
Progress (4): 7.4/12 MB | 2.2/2.6 MB | 311/496 kB | 74/230 kB
Progress (4): 7.4/12 MB | 2.2/2.6 MB | 311/496 kB | 74/230 kB
Progress (4): 7.4/12 MB | 2.2/2.6 MB | 311/496 kB | 90/230 kB
Progress (4): 7.4/12 MB | 2.2/2.6 MB | 328/496 kB | 90/230 kB
Progress (4): 7.4/12 MB | 2.2/2.6 MB | 328/496 kB | 90/230 kB
Progress (4): 7.4/12 MB | 2.2/2.6 MB | 344/496 kB | 90/230 kB
Progress (4): 7.4/12 MB | 2.2/2.6 MB | 347/496 kB | 90/230 kB
Progress (4): 7.5/12 MB | 2.2/2.6 MB | 347/496 kB | 90/230 kB
Progress (4): 7.5/12 MB | 2.2/2.6 MB | 347/496 kB | 106/230 kB
Progress (4): 7.5/12 MB | 2.2/2.6 MB | 355/496 kB | 106/230 kB
Progress (4): 7.5/12 MB | 2.2/2.6 MB | 355/496 kB | 106/230 kB
Progress (4): 7.5/12 MB | 2.2/2.6 MB | 355/496 kB | 106/230 kB
Progress (4): 7.5/12 MB | 2.2/2.6 MB | 355/496 kB | 123/230 kB
Progress (4): 7.5/12 MB | 2.2/2.6 MB | 360/496 kB | 123/230 kB
Progress (4): 7.5/12 MB | 2.2/2.6 MB | 364/496 kB | 123/230 kB
Progress (4): 7.5/12 MB | 2.2/2.6 MB | 368/496 kB | 123/230 kB
Progress (4): 7.5/12 MB | 2.2/2.6 MB | 368/496 kB | 123/230 kB
Progress (4): 7.5/12 MB | 2.2/2.6 MB | 372/496 kB | 123/230 kB
Progress (4): 7.5/12 MB | 2.2/2.6 MB | 372/496 kB | 139/230 kB
Progress (4): 7.5/12 MB | 2.2/2.6 MB | 372/496 kB | 139/230 kB
Progress (4): 7.5/12 MB | 2.2/2.6 MB | 372/496 kB | 139/230 kB
Progress (4): 7.5/12 MB | 2.2/2.6 MB | 384/496 kB | 139/230 kB
Progress (4): 7.5/12 MB | 2.2/2.6 MB | 388/496 kB | 139/230 kB
Progress (4): 7.5/12 MB | 2.2/2.6 MB | 392/496 kB | 139/230 kB
Progress (4): 7.5/12 MB | 2.2/2.6 MB | 400/496 kB | 139/230 kB
Progress (4): 7.5/12 MB | 2.3/2.6 MB | 400/496 kB | 139/230 kB
Progress (4): 7.5/12 MB | 2.3/2.6 MB | 400/496 kB | 156/230 kB
Progress (4): 7.5/12 MB | 2.3/2.6 MB | 409/496 kB | 156/230 kB
Progress (4): 7.5/12 MB | 2.3/2.6 MB | 409/496 kB | 156/230 kB
Progress (4): 7.5/12 MB | 2.3/2.6 MB | 417/496 kB | 156/230 kB
Progress (4): 7.5/12 MB | 2.3/2.6 MB | 417/496 kB | 172/230 kB
Progress (4): 7.5/12 MB | 2.3/2.6 MB | 417/496 kB | 172/230 kB
Progress (4): 7.5/12 MB | 2.3/2.6 MB | 417/496 kB | 172/230 kB
Progress (4): 7.5/12 MB | 2.3/2.6 MB | 425/496 kB | 172/230 kB
Progress (4): 7.5/12 MB | 2.3/2.6 MB | 425/496 kB | 188/230 kB
Progress (4): 7.5/12 MB | 2.3/2.6 MB | 425/496 kB | 188/230 kB
Progress (4): 7.5/12 MB | 2.3/2.6 MB | 433/496 kB | 188/230 kB
Progress (4): 7.6/12 MB | 2.3/2.6 MB | 433/496 kB | 188/230 kB
Progress (4): 7.6/12 MB | 2.3/2.6 MB | 433/496 kB | 188/230 kB
Progress (4): 7.6/12 MB | 2.3/2.6 MB | 433/496 kB | 205/230 kB
Progress (4): 7.6/12 MB | 2.3/2.6 MB | 433/496 kB | 221/230 kB
Progress (4): 7.6/12 MB | 2.3/2.6 MB | 433/496 kB | 221/230 kB
Progress (4): 7.6/12 MB | 2.3/2.6 MB | 450/496 kB | 221/230 kB
Progress (4): 7.6/12 MB | 2.3/2.6 MB | 450/496 kB | 221/230 kB
Progress (4): 7.6/12 MB | 2.3/2.6 MB | 450/496 kB | 230 kB    
Progress (4): 7.6/12 MB | 2.3/2.6 MB | 466/496 kB | 230 kB
                                                          
Downloaded from central: https://repo.maven.apache.org/maven2/io/swagger/core/v3/swagger-core-jakarta/2.2.22/swagger-core-jakarta-2.2.22.jar (230 kB at 180 kB/s)
Downloading from central: https://repo.maven.apache.org/maven2/com/fasterxml/jackson/dataformat/jackson-dataformat-yaml/2.17.2/jackson-dataformat-yaml-2.17.2.jar
Progress (3): 7.6/12 MB | 2.3/2.6 MB | 466/496 kB
Progress (3): 7.6/12 MB | 2.3/2.6 MB | 466/496 kB
Progress (3): 7.6/12 MB | 2.3/2.6 MB | 482/496 kB
Progress (3): 7.6/12 MB | 2.3/2.6 MB | 482/496 kB
Progress (3): 7.6/12 MB | 2.4/2.6 MB | 482/496 kB
Progress (3): 7.6/12 MB | 2.4/2.6 MB | 496 kB    
Progress (4): 7.6/12 MB | 2.4/2.6 MB | 496 kB | 7.7/136 kB
Progress (4): 7.6/12 MB | 2.4/2.6 MB | 496 kB | 16/136 kB 
Progress (4): 7.6/12 MB | 2.4/2.6 MB | 496 kB | 16/136 kB
                                                         
Downloaded from central: https://repo.maven.apache.org/maven2/org/springdoc/springdoc-openapi-starter-common/2.6.0/springdoc-openapi-starter-common-2.6.0.jar (496 kB at 388 kB/s)
Progress (3): 7.6/12 MB | 2.4/2.6 MB | 16/136 kB
                                                
Downloading from central: https://repo.maven.apache.org/maven2/org/webjars/swagger-ui/5.17.14/swagger-ui-5.17.14.jar
Progress (3): 7.6/12 MB | 2.4/2.6 MB | 32/136 kB
Progress (3): 7.6/12 MB | 2.4/2.6 MB | 32/136 kB
Progress (3): 7.6/12 MB | 2.4/2.6 MB | 49/136 kB
Progress (3): 7.6/12 MB | 2.4/2.6 MB | 49/136 kB
Progress (3): 7.6/12 MB | 2.4/2.6 MB | 49/136 kB
Progress (3): 7.6/12 MB | 2.4/2.6 MB | 65/136 kB
Progress (3): 7.7/12 MB | 2.4/2.6 MB | 65/136 kB
Progress (3): 7.7/12 MB | 2.4/2.6 MB | 65/136 kB
Progress (3): 7.7/12 MB | 2.4/2.6 MB | 65/136 kB
Progress (3): 7.7/12 MB | 2.4/2.6 MB | 65/136 kB
Progress (3): 7.7/12 MB | 2.4/2.6 MB | 81/136 kB
Progress (3): 7.7/12 MB | 2.5/2.6 MB | 81/136 kB
Progress (3): 7.7/12 MB | 2.5/2.6 MB | 81/136 kB
Progress (3): 7.7/12 MB | 2.5/2.6 MB | 98/136 kB
Progress (3): 7.7/12 MB | 2.5/2.6 MB | 98/136 kB
Progress (3): 7.7/12 MB | 2.5/2.6 MB | 114/136 kB
Progress (3): 7.7/12 MB | 2.5/2.6 MB | 114/136 kB
Progress (3): 7.7/12 MB | 2.5/2.6 MB | 114/136 kB
Progress (3): 7.7/12 MB | 2.5/2.6 MB | 131/136 kB
Progress (3): 7.7/12 MB | 2.5/2.6 MB | 136 kB    
Progress (3): 7.7/12 MB | 2.5/2.6 MB | 136 kB
Progress (3): 7.7/12 MB | 2.5/2.6 MB | 136 kB
                                             
Downloaded from central: https://repo.maven.apache.org/maven2/io/swagger/core/v3/swagger-models-jakarta/2.2.22/swagger-models-jakarta-2.2.22.jar (136 kB at 106 kB/s)
Downloading from central: https://repo.maven.apache.org/maven2/org/mapstruct/mapstruct/1.5.5.Final/mapstruct-1.5.5.Final.jar
Progress (2): 7.7/12 MB | 2.5/2.6 MB
Progress (2): 7.7/12 MB | 2.5/2.6 MB
Progress (2): 7.7/12 MB | 2.5/2.6 MB
Progress (2): 7.7/12 MB | 2.5/2.6 MB
Progress (2): 7.8/12 MB | 2.5/2.6 MB
Progress (2): 7.8/12 MB | 2.5/2.6 MB
Progress (2): 7.8/12 MB | 2.6/2.6 MB
Progress (2): 7.8/12 MB | 2.6/2.6 MB
Progress (2): 7.8/12 MB | 2.6/2.6 MB
Progress (2): 7.8/12 MB | 2.6/2.6 MB
Progress (2): 7.8/12 MB | 2.6/2.6 MB
Progress (2): 7.8/12 MB | 2.6/2.6 MB
Progress (2): 7.8/12 MB | 2.6/2.6 MB
Progress (2): 7.8/12 MB | 2.6 MB    
                                
Downloaded from central: https://repo.maven.apache.org/maven2/com/h2database/h2/2.2.224/h2-2.2.224.jar (2.6 MB at 2.0 MB/s)
Downloading from central: https://repo.maven.apache.org/maven2/org/mapstruct/mapstruct-processor/1.5.5.Final/mapstruct-processor-1.5.5.Final.jar
Progress (1): 7.8/12 MB
Progress (1): 7.9/12 MB
Progress (1): 7.9/12 MB
Progress (1): 7.9/12 MB
Progress (1): 7.9/12 MB
Progress (1): 7.9/12 MB
Progress (1): 7.9/12 MB
Progress (2): 7.9/12 MB | 7.7/55 kB
Progress (2): 7.9/12 MB | 16/55 kB 
Progress (2): 7.9/12 MB | 20/55 kB
Progress (2): 8.0/12 MB | 20/55 kB
Progress (2): 8.0/12 MB | 37/55 kB
Progress (2): 8.0/12 MB | 53/55 kB
Progress (2): 8.0/12 MB | 53/55 kB
Progress (2): 8.0/12 MB | 55 kB   
Progress (2): 8.0/12 MB | 55 kB
Progress (2): 8.0/12 MB | 55 kB
                               
Downloaded from central: https://repo.maven.apache.org/maven2/com/fasterxml/jackson/dataformat/jackson-dataformat-yaml/2.17.2/jackson-dataformat-yaml-2.17.2.jar (55 kB at 43 kB/s)
Downloading from central: https://repo.maven.apache.org/maven2/org/springframework/boot/spring-boot-starter-actuator/3.3.3/spring-boot-starter-actuator-3.3.3.jar
Progress (1): 8.0/12 MB
Progress (1): 8.0/12 MB
Progress (1): 8.0/12 MB
Progress (1): 8.1/12 MB
Progress (2): 8.1/12 MB | 0/3.1 MB
Progress (2): 8.1/12 MB | 0/3.1 MB
Progress (2): 8.1/12 MB | 0/3.1 MB
Progress (2): 8.1/12 MB | 0/3.1 MB
Progress (2): 8.1/12 MB | 0/3.1 MB
Progress (2): 8.1/12 MB | 0/3.1 MB
Progress (2): 8.1/12 MB | 0.1/3.1 MB
Progress (2): 8.1/12 MB | 0.1/3.1 MB
Progress (2): 8.1/12 MB | 0.1/3.1 MB
Progress (2): 8.1/12 MB | 0.1/3.1 MB
Progress (2): 8.1/12 MB | 0.1/3.1 MB
Progress (2): 8.2/12 MB | 0.1/3.1 MB
Progress (2): 8.2/12 MB | 0.1/3.1 MB
Progress (2): 8.2/12 MB | 0.1/3.1 MB
Progress (2): 8.2/12 MB | 0.1/3.1 MB
Progress (2): 8.2/12 MB | 0.1/3.1 MB
Progress (2): 8.2/12 MB | 0.1/3.1 MB
Progress (2): 8.2/12 MB | 0.2/3.1 MB
Progress (2): 8.2/12 MB | 0.2/3.1 MB
Progress (3): 8.2/12 MB | 0.2/3.1 MB | 7.7/29 kB
Progress (3): 8.2/12 MB | 0.2/3.1 MB | 16/29 kB 
Progress (3): 8.2/12 MB | 0.2/3.1 MB | 16/29 kB
Progress (3): 8.2/12 MB | 0.2/3.1 MB | 29 kB   
Progress (3): 8.2/12 MB | 0.2/3.1 MB | 29 kB
Progress (3): 8.2/12 MB | 0.2/3.1 MB | 29 kB
                                            
Downloaded from central: https://repo.maven.apache.org/maven2/org/mapstruct/mapstruct/1.5.5.Final/mapstruct-1.5.5.Final.jar (29 kB at 22 kB/s)
Downloading from central: https://repo.maven.apache.org/maven2/org/springframework/boot/spring-boot-actuator-autoconfigure/3.3.3/spring-boot-actuator-autoconfigure-3.3.3.jar
Progress (2): 8.3/12 MB | 0.2/3.1 MB
Progress (2): 8.3/12 MB | 0.2/3.1 MB
Progress (2): 8.3/12 MB | 0.2/3.1 MB
Progress (2): 8.3/12 MB | 0.2/3.1 MB
Progress (2): 8.3/12 MB | 0.2/3.1 MB
Progress (2): 8.3/12 MB | 0.2/3.1 MB
Progress (3): 8.3/12 MB | 0.2/3.1 MB | 0/1.9 MB
Progress (3): 8.3/12 MB | 0.2/3.1 MB | 0/1.9 MB
Progress (3): 8.3/12 MB | 0.2/3.1 MB | 0/1.9 MB
Progress (3): 8.3/12 MB | 0.2/3.1 MB | 0/1.9 MB
Progress (3): 8.3/12 MB | 0.2/3.1 MB | 0/1.9 MB
Progress (3): 8.3/12 MB | 0.3/3.1 MB | 0/1.9 MB
Progress (3): 8.3/12 MB | 0.3/3.1 MB | 0.1/1.9 MB
Progress (3): 8.3/12 MB | 0.3/3.1 MB | 0.1/1.9 MB
Progress (3): 8.3/12 MB | 0.3/3.1 MB | 0.1/1.9 MB
Progress (3): 8.3/12 MB | 0.3/3.1 MB | 0.1/1.9 MB
Progress (3): 8.3/12 MB | 0.3/3.1 MB | 0.1/1.9 MB
Progress (3): 8.3/12 MB | 0.3/3.1 MB | 0.1/1.9 MB
Progress (3): 8.3/12 MB | 0.3/3.1 MB | 0.1/1.9 MB
Progress (3): 8.3/12 MB | 0.3/3.1 MB | 0.1/1.9 MB
Progress (3): 8.3/12 MB | 0.3/3.1 MB | 0.1/1.9 MB
Progress (4): 8.3/12 MB | 0.3/3.1 MB | 0.1/1.9 MB | 4.8 kB
Progress (4): 8.3/12 MB | 0.3/3.1 MB | 0.1/1.9 MB | 4.8 kB
                                                          
Downloaded from central: https://repo.maven.apache.org/maven2/org/springframework/boot/spring-boot-starter-actuator/3.3.3/spring-boot-starter-actuator-3.3.3.jar (4.8 kB at 3.6 kB/s)
Downloading from central: https://repo.maven.apache.org/maven2/org/springframework/boot/spring-boot-actuator/3.3.3/spring-boot-actuator-3.3.3.jar
Progress (3): 8.3/12 MB | 0.3/3.1 MB | 0.1/1.9 MB
Progress (3): 8.3/12 MB | 0.3/3.1 MB | 0.1/1.9 MB
Progress (3): 8.4/12 MB | 0.3/3.1 MB | 0.1/1.9 MB
Progress (3): 8.4/12 MB | 0.3/3.1 MB | 0.1/1.9 MB
Progress (3): 8.4/12 MB | 0.3/3.1 MB | 0.1/1.9 MB
Progress (3): 8.4/12 MB | 0.3/3.1 MB | 0.1/1.9 MB
Progress (3): 8.4/12 MB | 0.3/3.1 MB | 0.1/1.9 MB
Progress (3): 8.4/12 MB | 0.4/3.1 MB | 0.1/1.9 MB
Progress (3): 8.4/12 MB | 0.4/3.1 MB | 0.1/1.9 MB
Progress (3): 8.4/12 MB | 0.4/3.1 MB | 0.2/1.9 MB
Progress (3): 8.4/12 MB | 0.4/3.1 MB | 0.2/1.9 MB
Progress (3): 8.4/12 MB | 0.4/3.1 MB | 0.2/1.9 MB
Progress (3): 8.4/12 MB | 0.4/3.1 MB | 0.2/1.9 MB
Progress (3): 8.4/12 MB | 0.4/3.1 MB | 0.2/1.9 MB
Progress (3): 8.4/12 MB | 0.4/3.1 MB | 0.2/1.9 MB
Progress (3): 8.4/12 MB | 0.4/3.1 MB | 0.2/1.9 MB
Progress (3): 8.4/12 MB | 0.4/3.1 MB | 0.2/1.9 MB
Progress (3): 8.4/12 MB | 0.4/3.1 MB | 0.2/1.9 MB
Progress (3): 8.4/12 MB | 0.4/3.1 MB | 0.2/1.9 MB
Progress (3): 8.4/12 MB | 0.4/3.1 MB | 0.2/1.9 MB
Progress (3): 8.4/12 MB | 0.4/3.1 MB | 0.2/1.9 MB
Progress (3): 8.4/12 MB | 0.4/3.1 MB | 0.2/1.9 MB
Progress (3): 8.4/12 MB | 0.4/3.1 MB | 0.2/1.9 MB
Progress (3): 8.4/12 MB | 0.5/3.1 MB | 0.2/1.9 MB
Progress (3): 8.4/12 MB | 0.5/3.1 MB | 0.2/1.9 MB
Progress (3): 8.5/12 MB | 0.5/3.1 MB | 0.2/1.9 MB
Progress (3): 8.5/12 MB | 0.5/3.1 MB | 0.2/1.9 MB
Progress (3): 8.5/12 MB | 0.5/3.1 MB | 0.2/1.9 MB
Progress (3): 8.5/12 MB | 0.5/3.1 MB | 0.2/1.9 MB
Progress (3): 8.5/12 MB | 0.5/3.1 MB | 0.2/1.9 MB
Progress (3): 8.5/12 MB | 0.5/3.1 MB | 0.2/1.9 MB
Progress (3): 8.5/12 MB | 0.5/3.1 MB | 0.2/1.9 MB
Progress (3): 8.5/12 MB | 0.5/3.1 MB | 0.2/1.9 MB
Progress (3): 8.5/12 MB | 0.5/3.1 MB | 0.3/1.9 MB
Progress (3): 8.5/12 MB | 0.5/3.1 MB | 0.3/1.9 MB
Progress (3): 8.5/12 MB | 0.5/3.1 MB | 0.3/1.9 MB
Progress (3): 8.5/12 MB | 0.5/3.1 MB | 0.3/1.9 MB
Progress (3): 8.5/12 MB | 0.5/3.1 MB | 0.3/1.9 MB
Progress (3): 8.5/12 MB | 0.5/3.1 MB | 0.3/1.9 MB
Progress (3): 8.5/12 MB | 0.5/3.1 MB | 0.3/1.9 MB
Progress (3): 8.5/12 MB | 0.5/3.1 MB | 0.3/1.9 MB
Progress (3): 8.5/12 MB | 0.5/3.1 MB | 0.3/1.9 MB
Progress (4): 8.5/12 MB | 0.5/3.1 MB | 0.3/1.9 MB | 7.7/777 kB
Progress (4): 8.5/12 MB | 0.5/3.1 MB | 0.3/1.9 MB | 8.2/777 kB
Progress (4): 8.5/12 MB | 0.5/3.1 MB | 0.3/1.9 MB | 8.2/777 kB
Progress (4): 8.5/12 MB | 0.5/3.1 MB | 0.3/1.9 MB | 8.2/777 kB
Progress (4): 8.5/12 MB | 0.5/3.1 MB | 0.3/1.9 MB | 25/777 kB 
Progress (4): 8.6/12 MB | 0.5/3.1 MB | 0.3/1.9 MB | 25/777 kB
Progress (4): 8.6/12 MB | 0.6/3.1 MB | 0.3/1.9 MB | 25/777 kB
Progress (4): 8.6/12 MB | 0.6/3.1 MB | 0.3/1.9 MB | 25/777 kB
Progress (4): 8.6/12 MB | 0.6/3.1 MB | 0.3/1.9 MB | 41/777 kB
Progress (4): 8.6/12 MB | 0.6/3.1 MB | 0.3/1.9 MB | 41/777 kB
Progress (4): 8.6/12 MB | 0.6/3.1 MB | 0.3/1.9 MB | 41/777 kB
Progress (4): 8.6/12 MB | 0.6/3.1 MB | 0.4/1.9 MB | 41/777 kB
Progress (4): 8.6/12 MB | 0.6/3.1 MB | 0.4/1.9 MB | 41/777 kB
Progress (4): 8.6/12 MB | 0.6/3.1 MB | 0.4/1.9 MB | 41/777 kB
Progress (4): 8.6/12 MB | 0.6/3.1 MB | 0.4/1.9 MB | 57/777 kB
Progress (4): 8.6/12 MB | 0.6/3.1 MB | 0.4/1.9 MB | 57/777 kB
Progress (4): 8.6/12 MB | 0.6/3.1 MB | 0.4/1.9 MB | 74/777 kB
Progress (5): 8.6/12 MB | 0.6/3.1 MB | 0.4/1.9 MB | 74/777 kB | 7.7/676 kB
Progress (5): 8.6/12 MB | 0.6/3.1 MB | 0.4/1.9 MB | 74/777 kB | 16/676 kB 
Progress (5): 8.6/12 MB | 0.6/3.1 MB | 0.4/1.9 MB | 74/777 kB | 16/676 kB
Progress (5): 8.6/12 MB | 0.6/3.1 MB | 0.4/1.9 MB | 74/777 kB | 25/676 kB
Progress (5): 8.6/12 MB | 0.6/3.1 MB | 0.4/1.9 MB | 74/777 kB | 25/676 kB
Progress (5): 8.6/12 MB | 0.6/3.1 MB | 0.4/1.9 MB | 74/777 kB | 25/676 kB
Progress (5): 8.6/12 MB | 0.6/3.1 MB | 0.4/1.9 MB | 74/777 kB | 25/676 kB
Progress (5): 8.6/12 MB | 0.6/3.1 MB | 0.4/1.9 MB | 74/777 kB | 25/676 kB
Progress (5): 8.6/12 MB | 0.6/3.1 MB | 0.4/1.9 MB | 74/777 kB | 41/676 kB
Progress (5): 8.6/12 MB | 0.6/3.1 MB | 0.4/1.9 MB | 90/777 kB | 41/676 kB
Progress (5): 8.6/12 MB | 0.6/3.1 MB | 0.4/1.9 MB | 90/777 kB | 41/676 kB
Progress (5): 8.6/12 MB | 0.6/3.1 MB | 0.4/1.9 MB | 90/777 kB | 57/676 kB
Progress (5): 8.6/12 MB | 0.6/3.1 MB | 0.4/1.9 MB | 90/777 kB | 57/676 kB
Progress (5): 8.6/12 MB | 0.6/3.1 MB | 0.4/1.9 MB | 90/777 kB | 57/676 kB
Progress (5): 8.6/12 MB | 0.6/3.1 MB | 0.4/1.9 MB | 106/777 kB | 57/676 kB
Progress (5): 8.7/12 MB | 0.6/3.1 MB | 0.4/1.9 MB | 106/777 kB | 57/676 kB
Progress (5): 8.7/12 MB | 0.6/3.1 MB | 0.4/1.9 MB | 106/777 kB | 57/676 kB
Progress (5): 8.7/12 MB | 0.6/3.1 MB | 0.4/1.9 MB | 106/777 kB | 57/676 kB
Progress (5): 8.7/12 MB | 0.6/3.1 MB | 0.4/1.9 MB | 106/777 kB | 57/676 kB
Progress (5): 8.7/12 MB | 0.7/3.1 MB | 0.4/1.9 MB | 106/777 kB | 57/676 kB
Progress (5): 8.7/12 MB | 0.7/3.1 MB | 0.4/1.9 MB | 106/777 kB | 74/676 kB
Progress (5): 8.7/12 MB | 0.7/3.1 MB | 0.4/1.9 MB | 106/777 kB | 74/676 kB
Progress (5): 8.7/12 MB | 0.7/3.1 MB | 0.4/1.9 MB | 106/777 kB | 90/676 kB
Progress (5): 8.7/12 MB | 0.7/3.1 MB | 0.4/1.9 MB | 123/777 kB | 90/676 kB
Progress (5): 8.7/12 MB | 0.7/3.1 MB | 0.4/1.9 MB | 123/777 kB | 90/676 kB
Progress (5): 8.7/12 MB | 0.7/3.1 MB | 0.4/1.9 MB | 123/777 kB | 106/676 kB
Progress (5): 8.7/12 MB | 0.7/3.1 MB | 0.4/1.9 MB | 123/777 kB | 106/676 kB
Progress (5): 8.7/12 MB | 0.7/3.1 MB | 0.4/1.9 MB | 139/777 kB | 106/676 kB
Progress (5): 8.7/12 MB | 0.7/3.1 MB | 0.5/1.9 MB | 139/777 kB | 106/676 kB
Progress (5): 8.7/12 MB | 0.7/3.1 MB | 0.5/1.9 MB | 139/777 kB | 123/676 kB
Progress (5): 8.7/12 MB | 0.7/3.1 MB | 0.5/1.9 MB | 139/777 kB | 123/676 kB
Progress (5): 8.7/12 MB | 0.7/3.1 MB | 0.5/1.9 MB | 139/777 kB | 123/676 kB
Progress (5): 8.7/12 MB | 0.7/3.1 MB | 0.5/1.9 MB | 156/777 kB | 123/676 kB
Progress (5): 8.7/12 MB | 0.7/3.1 MB | 0.5/1.9 MB | 156/777 kB | 139/676 kB
Progress (5): 8.7/12 MB | 0.7/3.1 MB | 0.5/1.9 MB | 156/777 kB | 139/676 kB
Progress (5): 8.7/12 MB | 0.7/3.1 MB | 0.5/1.9 MB | 156/777 kB | 139/676 kB
Progress (5): 8.7/12 MB | 0.7/3.1 MB | 0.5/1.9 MB | 156/777 kB | 139/676 kB
Progress (5): 8.7/12 MB | 0.7/3.1 MB | 0.5/1.9 MB | 156/777 kB | 156/676 kB
Progress (5): 8.7/12 MB | 0.7/3.1 MB | 0.5/1.9 MB | 172/777 kB | 156/676 kB
Progress (5): 8.8/12 MB | 0.7/3.1 MB | 0.5/1.9 MB | 172/777 kB | 156/676 kB
Progress (5): 8.8/12 MB | 0.7/3.1 MB | 0.5/1.9 MB | 172/777 kB | 156/676 kB
Progress (5): 8.8/12 MB | 0.7/3.1 MB | 0.5/1.9 MB | 188/777 kB | 156/676 kB
Progress (5): 8.8/12 MB | 0.7/3.1 MB | 0.5/1.9 MB | 188/777 kB | 172/676 kB
Progress (5): 8.8/12 MB | 0.7/3.1 MB | 0.5/1.9 MB | 188/777 kB | 172/676 kB
Progress (5): 8.8/12 MB | 0.7/3.1 MB | 0.5/1.9 MB | 188/777 kB | 172/676 kB
Progress (5): 8.8/12 MB | 0.7/3.1 MB | 0.5/1.9 MB | 188/777 kB | 172/676 kB
Progress (5): 8.8/12 MB | 0.7/3.1 MB | 0.5/1.9 MB | 188/777 kB | 188/676 kB
Progress (5): 8.8/12 MB | 0.7/3.1 MB | 0.5/1.9 MB | 188/777 kB | 188/676 kB
Progress (5): 8.8/12 MB | 0.7/3.1 MB | 0.5/1.9 MB | 205/777 kB | 188/676 kB
Progress (5): 8.8/12 MB | 0.7/3.1 MB | 0.5/1.9 MB | 205/777 kB | 188/676 kB
Progress (5): 8.8/12 MB | 0.7/3.1 MB | 0.5/1.9 MB | 205/777 kB | 188/676 kB
Progress (5): 8.8/12 MB | 0.7/3.1 MB | 0.5/1.9 MB | 221/777 kB | 188/676 kB
Progress (5): 8.8/12 MB | 0.7/3.1 MB | 0.5/1.9 MB | 221/777 kB | 188/676 kB
Progress (5): 8.8/12 MB | 0.8/3.1 MB | 0.5/1.9 MB | 221/777 kB | 188/676 kB
Progress (5): 8.8/12 MB | 0.8/3.1 MB | 0.5/1.9 MB | 221/777 kB | 188/676 kB
Progress (5): 8.8/12 MB | 0.8/3.1 MB | 0.5/1.9 MB | 221/777 kB | 205/676 kB
Progress (5): 8.8/12 MB | 0.8/3.1 MB | 0.5/1.9 MB | 238/777 kB | 205/676 kB
Progress (5): 8.8/12 MB | 0.8/3.1 MB | 0.5/1.9 MB | 238/777 kB | 205/676 kB
Progress (5): 8.8/12 MB | 0.8/3.1 MB | 0.5/1.9 MB | 238/777 kB | 205/676 kB
Progress (5): 8.8/12 MB | 0.8/3.1 MB | 0.5/1.9 MB | 238/777 kB | 221/676 kB
Progress (5): 8.8/12 MB | 0.8/3.1 MB | 0.5/1.9 MB | 238/777 kB | 221/676 kB
Progress (5): 8.8/12 MB | 0.8/3.1 MB | 0.5/1.9 MB | 238/777 kB | 221/676 kB
Progress (5): 8.8/12 MB | 0.8/3.1 MB | 0.5/1.9 MB | 238/777 kB | 238/676 kB
Progress (5): 8.8/12 MB | 0.8/3.1 MB | 0.5/1.9 MB | 254/777 kB | 238/676 kB
Progress (5): 8.8/12 MB | 0.8/3.1 MB | 0.5/1.9 MB | 254/777 kB | 238/676 kB
Progress (5): 8.8/12 MB | 0.8/3.1 MB | 0.5/1.9 MB | 254/777 kB | 254/676 kB
Progress (5): 8.8/12 MB | 0.8/3.1 MB | 0.6/1.9 MB | 254/777 kB | 254/676 kB
Progress (5): 8.8/12 MB | 0.8/3.1 MB | 0.6/1.9 MB | 254/777 kB | 254/676 kB
Progress (5): 8.8/12 MB | 0.8/3.1 MB | 0.6/1.9 MB | 270/777 kB | 254/676 kB
Progress (5): 8.9/12 MB | 0.8/3.1 MB | 0.6/1.9 MB | 270/777 kB | 254/676 kB
Progress (5): 8.9/12 MB | 0.8/3.1 MB | 0.6/1.9 MB | 270/777 kB | 270/676 kB
Progress (5): 8.9/12 MB | 0.8/3.1 MB | 0.6/1.9 MB | 270/777 kB | 270/676 kB
Progress (5): 8.9/12 MB | 0.8/3.1 MB | 0.6/1.9 MB | 277/777 kB | 270/676 kB
Progress (5): 8.9/12 MB | 0.8/3.1 MB | 0.6/1.9 MB | 277/777 kB | 270/676 kB
Progress (5): 8.9/12 MB | 0.8/3.1 MB | 0.6/1.9 MB | 277/777 kB | 270/676 kB
Progress (5): 8.9/12 MB | 0.8/3.1 MB | 0.6/1.9 MB | 277/777 kB | 287/676 kB
Progress (5): 8.9/12 MB | 0.8/3.1 MB | 0.6/1.9 MB | 277/777 kB | 287/676 kB
Progress (5): 8.9/12 MB | 0.8/3.1 MB | 0.6/1.9 MB | 277/777 kB | 287/676 kB
Progress (5): 8.9/12 MB | 0.8/3.1 MB | 0.6/1.9 MB | 277/777 kB | 287/676 kB
Progress (5): 8.9/12 MB | 0.8/3.1 MB | 0.6/1.9 MB | 277/777 kB | 303/676 kB
Progress (5): 8.9/12 MB | 0.8/3.1 MB | 0.6/1.9 MB | 294/777 kB | 303/676 kB
Progress (5): 8.9/12 MB | 0.8/3.1 MB | 0.6/1.9 MB | 294/777 kB | 303/676 kB
Progress (5): 8.9/12 MB | 0.8/3.1 MB | 0.6/1.9 MB | 294/777 kB | 303/676 kB
Progress (5): 8.9/12 MB | 0.8/3.1 MB | 0.6/1.9 MB | 310/777 kB | 303/676 kB
Progress (5): 8.9/12 MB | 0.8/3.1 MB | 0.6/1.9 MB | 314/777 kB | 303/676 kB
Progress (5): 8.9/12 MB | 0.8/3.1 MB | 0.6/1.9 MB | 314/777 kB | 303/676 kB
Progress (5): 8.9/12 MB | 0.8/3.1 MB | 0.6/1.9 MB | 314/777 kB | 303/676 kB
Progress (5): 8.9/12 MB | 0.8/3.1 MB | 0.6/1.9 MB | 314/777 kB | 319/676 kB
Progress (5): 8.9/12 MB | 0.8/3.1 MB | 0.6/1.9 MB | 314/777 kB | 319/676 kB
Progress (5): 8.9/12 MB | 0.9/3.1 MB | 0.6/1.9 MB | 314/777 kB | 319/676 kB
Progress (5): 8.9/12 MB | 0.9/3.1 MB | 0.6/1.9 MB | 330/777 kB | 319/676 kB
Progress (5): 8.9/12 MB | 0.9/3.1 MB | 0.6/1.9 MB | 330/777 kB | 319/676 kB
Progress (5): 9.0/12 MB | 0.9/3.1 MB | 0.6/1.9 MB | 330/777 kB | 319/676 kB
Progress (5): 9.0/12 MB | 0.9/3.1 MB | 0.6/1.9 MB | 330/777 kB | 336/676 kB
Progress (5): 9.0/12 MB | 0.9/3.1 MB | 0.6/1.9 MB | 330/777 kB | 352/676 kB
Progress (5): 9.0/12 MB | 0.9/3.1 MB | 0.6/1.9 MB | 330/777 kB | 352/676 kB
Progress (5): 9.0/12 MB | 0.9/3.1 MB | 0.6/1.9 MB | 347/777 kB | 352/676 kB
Progress (5): 9.0/12 MB | 0.9/3.1 MB | 0.6/1.9 MB | 347/777 kB | 352/676 kB
Progress (5): 9.0/12 MB | 0.9/3.1 MB | 0.6/1.9 MB | 347/777 kB | 352/676 kB
Progress (5): 9.0/12 MB | 0.9/3.1 MB | 0.7/1.9 MB | 347/777 kB | 352/676 kB
Progress (5): 9.0/12 MB | 0.9/3.1 MB | 0.7/1.9 MB | 347/777 kB | 369/676 kB
Progress (5): 9.0/12 MB | 0.9/3.1 MB | 0.7/1.9 MB | 363/777 kB | 369/676 kB
Progress (5): 9.0/12 MB | 0.9/3.1 MB | 0.7/1.9 MB | 363/777 kB | 369/676 kB
Progress (5): 9.0/12 MB | 0.9/3.1 MB | 0.7/1.9 MB | 363/777 kB | 385/676 kB
Progress (5): 9.0/12 MB | 0.9/3.1 MB | 0.7/1.9 MB | 363/777 kB | 385/676 kB
Progress (5): 9.0/12 MB | 0.9/3.1 MB | 0.7/1.9 MB | 363/777 kB | 385/676 kB
Progress (5): 9.0/12 MB | 0.9/3.1 MB | 0.7/1.9 MB | 379/777 kB | 385/676 kB
Progress (5): 9.0/12 MB | 0.9/3.1 MB | 0.7/1.9 MB | 379/777 kB | 385/676 kB
Progress (5): 9.0/12 MB | 0.9/3.1 MB | 0.7/1.9 MB | 379/777 kB | 401/676 kB
Progress (5): 9.0/12 MB | 0.9/3.1 MB | 0.7/1.9 MB | 379/777 kB | 418/676 kB
Progress (5): 9.0/12 MB | 0.9/3.1 MB | 0.7/1.9 MB | 379/777 kB | 418/676 kB
Progress (5): 9.0/12 MB | 0.9/3.1 MB | 0.7/1.9 MB | 396/777 kB | 418/676 kB
Progress (5): 9.0/12 MB | 0.9/3.1 MB | 0.7/1.9 MB | 396/777 kB | 418/676 kB
Progress (5): 9.0/12 MB | 0.9/3.1 MB | 0.7/1.9 MB | 396/777 kB | 434/676 kB
Progress (5): 9.0/12 MB | 0.9/3.1 MB | 0.7/1.9 MB | 396/777 kB | 434/676 kB
Progress (5): 9.0/12 MB | 0.9/3.1 MB | 0.7/1.9 MB | 396/777 kB | 434/676 kB
Progress (5): 9.0/12 MB | 1.0/3.1 MB | 0.7/1.9 MB | 396/777 kB | 434/676 kB
Progress (5): 9.0/12 MB | 1.0/3.1 MB | 0.7/1.9 MB | 396/777 kB | 434/676 kB
Progress (5): 9.0/12 MB | 1.0/3.1 MB | 0.7/1.9 MB | 396/777 kB | 434/676 kB
Progress (5): 9.0/12 MB | 1.0/3.1 MB | 0.7/1.9 MB | 396/777 kB | 451/676 kB
Progress (5): 9.0/12 MB | 1.0/3.1 MB | 0.7/1.9 MB | 396/777 kB | 451/676 kB
Progress (5): 9.0/12 MB | 1.0/3.1 MB | 0.7/1.9 MB | 412/777 kB | 451/676 kB
Progress (5): 9.0/12 MB | 1.0/3.1 MB | 0.7/1.9 MB | 412/777 kB | 451/676 kB
Progress (5): 9.0/12 MB | 1.0/3.1 MB | 0.7/1.9 MB | 412/777 kB | 467/676 kB
Progress (5): 9.1/12 MB | 1.0/3.1 MB | 0.7/1.9 MB | 412/777 kB | 467/676 kB
Progress (5): 9.1/12 MB | 1.0/3.1 MB | 0.7/1.9 MB | 412/777 kB | 467/676 kB
Progress (5): 9.1/12 MB | 1.0/3.1 MB | 0.7/1.9 MB | 412/777 kB | 467/676 kB
Progress (5): 9.1/12 MB | 1.0/3.1 MB | 0.7/1.9 MB | 412/777 kB | 467/676 kB
Progress (5): 9.1/12 MB | 1.0/3.1 MB | 0.7/1.9 MB | 412/777 kB | 467/676 kB
Progress (5): 9.1/12 MB | 1.0/3.1 MB | 0.7/1.9 MB | 412/777 kB | 483/676 kB
Progress (5): 9.1/12 MB | 1.0/3.1 MB | 0.7/1.9 MB | 429/777 kB | 483/676 kB
Progress (5): 9.1/12 MB | 1.0/3.1 MB | 0.7/1.9 MB | 429/777 kB | 483/676 kB
Progress (5): 9.1/12 MB | 1.0/3.1 MB | 0.7/1.9 MB | 429/777 kB | 483/676 kB
Progress (5): 9.1/12 MB | 1.0/3.1 MB | 0.7/1.9 MB | 429/777 kB | 500/676 kB
Progress (5): 9.1/12 MB | 1.0/3.1 MB | 0.7/1.9 MB | 445/777 kB | 500/676 kB
Progress (5): 9.1/12 MB | 1.0/3.1 MB | 0.7/1.9 MB | 445/777 kB | 500/676 kB
Progress (5): 9.1/12 MB | 1.0/3.1 MB | 0.7/1.9 MB | 445/777 kB | 500/676 kB
Progress (5): 9.1/12 MB | 1.0/3.1 MB | 0.7/1.9 MB | 445/777 kB | 500/676 kB
Progress (5): 9.1/12 MB | 1.0/3.1 MB | 0.8/1.9 MB | 445/777 kB | 500/676 kB
Progress (5): 9.1/12 MB | 1.0/3.1 MB | 0.8/1.9 MB | 445/777 kB | 516/676 kB
Progress (5): 9.1/12 MB | 1.0/3.1 MB | 0.8/1.9 MB | 445/777 kB | 516/676 kB
Progress (5): 9.1/12 MB | 1.0/3.1 MB | 0.8/1.9 MB | 461/777 kB | 516/676 kB
Progress (5): 9.1/12 MB | 1.1/3.1 MB | 0.8/1.9 MB | 461/777 kB | 516/676 kB
Progress (5): 9.1/12 MB | 1.1/3.1 MB | 0.8/1.9 MB | 461/777 kB | 516/676 kB
Progress (5): 9.1/12 MB | 1.1/3.1 MB | 0.8/1.9 MB | 461/777 kB | 532/676 kB
Progress (5): 9.1/12 MB | 1.1/3.1 MB | 0.8/1.9 MB | 461/777 kB | 532/676 kB
Progress (5): 9.1/12 MB | 1.1/3.1 MB | 0.8/1.9 MB | 478/777 kB | 532/676 kB
Progress (5): 9.1/12 MB | 1.1/3.1 MB | 0.8/1.9 MB | 478/777 kB | 532/676 kB
Progress (5): 9.1/12 MB | 1.1/3.1 MB | 0.8/1.9 MB | 494/777 kB | 532/676 kB
Progress (5): 9.1/12 MB | 1.1/3.1 MB | 0.8/1.9 MB | 494/777 kB | 532/676 kB
Progress (5): 9.1/12 MB | 1.1/3.1 MB | 0.8/1.9 MB | 494/777 kB | 532/676 kB
Progress (5): 9.1/12 MB | 1.1/3.1 MB | 0.8/1.9 MB | 494/777 kB | 549/676 kB
Progress (5): 9.1/12 MB | 1.1/3.1 MB | 0.8/1.9 MB | 494/777 kB | 549/676 kB
Progress (5): 9.2/12 MB | 1.1/3.1 MB | 0.8/1.9 MB | 494/777 kB | 549/676 kB
Progress (5): 9.2/12 MB | 1.1/3.1 MB | 0.8/1.9 MB | 510/777 kB | 549/676 kB
Progress (5): 9.2/12 MB | 1.1/3.1 MB | 0.8/1.9 MB | 510/777 kB | 565/676 kB
Progress (5): 9.2/12 MB | 1.1/3.1 MB | 0.8/1.9 MB | 510/777 kB | 565/676 kB
Progress (5): 9.2/12 MB | 1.1/3.1 MB | 0.8/1.9 MB | 510/777 kB | 565/676 kB
Progress (5): 9.2/12 MB | 1.1/3.1 MB | 0.8/1.9 MB | 527/777 kB | 565/676 kB
Progress (5): 9.2/12 MB | 1.1/3.1 MB | 0.8/1.9 MB | 527/777 kB | 565/676 kB
Progress (5): 9.2/12 MB | 1.1/3.1 MB | 0.8/1.9 MB | 527/777 kB | 565/676 kB
Progress (5): 9.2/12 MB | 1.1/3.1 MB | 0.8/1.9 MB | 527/777 kB | 582/676 kB
Progress (5): 9.2/12 MB | 1.1/3.1 MB | 0.8/1.9 MB | 527/777 kB | 582/676 kB
Progress (5): 9.2/12 MB | 1.1/3.1 MB | 0.8/1.9 MB | 543/777 kB | 582/676 kB
Progress (5): 9.2/12 MB | 1.1/3.1 MB | 0.8/1.9 MB | 543/777 kB | 582/676 kB
Progress (5): 9.2/12 MB | 1.1/3.1 MB | 0.9/1.9 MB | 543/777 kB | 582/676 kB
Progress (5): 9.2/12 MB | 1.1/3.1 MB | 0.9/1.9 MB | 543/777 kB | 598/676 kB
Progress (5): 9.2/12 MB | 1.1/3.1 MB | 0.9/1.9 MB | 560/777 kB | 598/676 kB
Progress (5): 9.2/12 MB | 1.1/3.1 MB | 0.9/1.9 MB | 560/777 kB | 598/676 kB
Progress (5): 9.2/12 MB | 1.1/3.1 MB | 0.9/1.9 MB | 560/777 kB | 598/676 kB
Progress (5): 9.2/12 MB | 1.1/3.1 MB | 0.9/1.9 MB | 568/777 kB | 598/676 kB
Progress (5): 9.2/12 MB | 1.1/3.1 MB | 0.9/1.9 MB | 568/777 kB | 614/676 kB
Progress (5): 9.2/12 MB | 1.1/3.1 MB | 0.9/1.9 MB | 568/777 kB | 614/676 kB
Progress (5): 9.2/12 MB | 1.1/3.1 MB | 0.9/1.9 MB | 568/777 kB | 614/676 kB
Progress (5): 9.2/12 MB | 1.1/3.1 MB | 0.9/1.9 MB | 568/777 kB | 614/676 kB
Progress (5): 9.2/12 MB | 1.1/3.1 MB | 0.9/1.9 MB | 568/777 kB | 614/676 kB
Progress (5): 9.2/12 MB | 1.1/3.1 MB | 0.9/1.9 MB | 568/777 kB | 614/676 kB
Progress (5): 9.2/12 MB | 1.1/3.1 MB | 0.9/1.9 MB | 568/777 kB | 631/676 kB
Progress (5): 9.2/12 MB | 1.1/3.1 MB | 0.9/1.9 MB | 585/777 kB | 631/676 kB
Progress (5): 9.2/12 MB | 1.2/3.1 MB | 0.9/1.9 MB | 585/777 kB | 631/676 kB
Progress (5): 9.3/12 MB | 1.2/3.1 MB | 0.9/1.9 MB | 585/777 kB | 631/676 kB
Progress (5): 9.3/12 MB | 1.2/3.1 MB | 0.9/1.9 MB | 585/777 kB | 647/676 kB
Progress (5): 9.3/12 MB | 1.2/3.1 MB | 0.9/1.9 MB | 601/777 kB | 647/676 kB
Progress (5): 9.3/12 MB | 1.2/3.1 MB | 0.9/1.9 MB | 601/777 kB | 647/676 kB
Progress (5): 9.3/12 MB | 1.2/3.1 MB | 0.9/1.9 MB | 601/777 kB | 647/676 kB
Progress (5): 9.3/12 MB | 1.2/3.1 MB | 0.9/1.9 MB | 601/777 kB | 647/676 kB
Progress (5): 9.3/12 MB | 1.2/3.1 MB | 0.9/1.9 MB | 601/777 kB | 647/676 kB
Progress (5): 9.3/12 MB | 1.2/3.1 MB | 0.9/1.9 MB | 618/777 kB | 647/676 kB
Progress (5): 9.3/12 MB | 1.2/3.1 MB | 0.9/1.9 MB | 618/777 kB | 647/676 kB
Progress (5): 9.3/12 MB | 1.2/3.1 MB | 0.9/1.9 MB | 618/777 kB | 664/676 kB
Progress (5): 9.3/12 MB | 1.2/3.1 MB | 0.9/1.9 MB | 618/777 kB | 664/676 kB
Progress (5): 9.3/12 MB | 1.2/3.1 MB | 0.9/1.9 MB | 618/777 kB | 664/676 kB
Progress (5): 9.3/12 MB | 1.2/3.1 MB | 0.9/1.9 MB | 634/777 kB | 664/676 kB
Progress (5): 9.3/12 MB | 1.2/3.1 MB | 0.9/1.9 MB | 634/777 kB | 676 kB    
Progress (5): 9.3/12 MB | 1.2/3.1 MB | 0.9/1.9 MB | 634/777 kB | 676 kB
Progress (5): 9.3/12 MB | 1.2/3.1 MB | 1.0/1.9 MB | 634/777 kB | 676 kB
                                                                       
Downloaded from central: https://repo.maven.apache.org/maven2/org/springframework/boot/spring-boot-actuator/3.3.3/spring-boot-actuator-3.3.3.jar (676 kB at 470 kB/s)
Downloading from central: https://repo.maven.apache.org/maven2/io/micrometer/micrometer-observation/1.13.3/micrometer-observation-1.13.3.jar
Progress (4): 9.3/12 MB | 1.2/3.1 MB | 1.0/1.9 MB | 650/777 kB
Progress (4): 9.3/12 MB | 1.2/3.1 MB | 1.0/1.9 MB | 650/777 kB
Progress (4): 9.3/12 MB | 1.2/3.1 MB | 1.0/1.9 MB | 650/777 kB
Progress (4): 9.3/12 MB | 1.2/3.1 MB | 1.0/1.9 MB | 650/777 kB
Progress (4): 9.3/12 MB | 1.2/3.1 MB | 1.0/1.9 MB | 667/777 kB
Progress (4): 9.3/12 MB | 1.2/3.1 MB | 1.0/1.9 MB | 667/777 kB
Progress (4): 9.3/12 MB | 1.2/3.1 MB | 1.0/1.9 MB | 667/777 kB
Progress (4): 9.3/12 MB | 1.2/3.1 MB | 1.0/1.9 MB | 667/777 kB
Progress (4): 9.3/12 MB | 1.2/3.1 MB | 1.0/1.9 MB | 667/777 kB
Progress (4): 9.3/12 MB | 1.2/3.1 MB | 1.0/1.9 MB | 683/777 kB
Progress (4): 9.4/12 MB | 1.2/3.1 MB | 1.0/1.9 MB | 683/777 kB
Progress (4): 9.4/12 MB | 1.2/3.1 MB | 1.0/1.9 MB | 683/777 kB
Progress (4): 9.4/12 MB | 1.3/3.1 MB | 1.0/1.9 MB | 683/777 kB
Progress (4): 9.4/12 MB | 1.3/3.1 MB | 1.0/1.9 MB | 700/777 kB
Progress (4): 9.4/12 MB | 1.3/3.1 MB | 1.0/1.9 MB | 700/777 kB
Progress (4): 9.4/12 MB | 1.3/3.1 MB | 1.0/1.9 MB | 700/777 kB
Progress (4): 9.4/12 MB | 1.3/3.1 MB | 1.0/1.9 MB | 700/777 kB
Progress (4): 9.4/12 MB | 1.3/3.1 MB | 1.0/1.9 MB | 716/777 kB
Progress (4): 9.4/12 MB | 1.3/3.1 MB | 1.0/1.9 MB | 716/777 kB
Progress (4): 9.4/12 MB | 1.3/3.1 MB | 1.0/1.9 MB | 716/777 kB
Progress (4): 9.4/12 MB | 1.3/3.1 MB | 1.0/1.9 MB | 716/777 kB
Progress (4): 9.4/12 MB | 1.3/3.1 MB | 1.0/1.9 MB | 732/777 kB
Progress (4): 9.4/12 MB | 1.3/3.1 MB | 1.0/1.9 MB | 732/777 kB
Progress (4): 9.4/12 MB | 1.3/3.1 MB | 1.1/1.9 MB | 732/777 kB
Progress (4): 9.4/12 MB | 1.3/3.1 MB | 1.1/1.9 MB | 732/777 kB
Progress (4): 9.4/12 MB | 1.3/3.1 MB | 1.1/1.9 MB | 732/777 kB
Progress (4): 9.4/12 MB | 1.3/3.1 MB | 1.1/1.9 MB | 749/777 kB
Progress (4): 9.4/12 MB | 1.3/3.1 MB | 1.1/1.9 MB | 749/777 kB
Progress (4): 9.4/12 MB | 1.3/3.1 MB | 1.1/1.9 MB | 749/777 kB
Progress (4): 9.4/12 MB | 1.3/3.1 MB | 1.1/1.9 MB | 749/777 kB
Progress (4): 9.4/12 MB | 1.3/3.1 MB | 1.1/1.9 MB | 749/777 kB
Progress (4): 9.4/12 MB | 1.3/3.1 MB | 1.1/1.9 MB | 749/777 kB
Progress (4): 9.4/12 MB | 1.3/3.1 MB | 1.1/1.9 MB | 765/777 kB
Progress (4): 9.4/12 MB | 1.3/3.1 MB | 1.1/1.9 MB | 765/777 kB
Progress (4): 9.4/12 MB | 1.3/3.1 MB | 1.1/1.9 MB | 777 kB    
Progress (4): 9.4/12 MB | 1.4/3.1 MB | 1.1/1.9 MB | 777 kB
Progress (4): 9.4/12 MB | 1.4/3.1 MB | 1.1/1.9 MB | 777 kB
Progress (4): 9.4/12 MB | 1.4/3.1 MB | 1.1/1.9 MB | 777 kB
                                                          
Downloaded from central: https://repo.maven.apache.org/maven2/org/springframework/boot/spring-boot-actuator-autoconfigure/3.3.3/spring-boot-actuator-autoconfigure-3.3.3.jar (777 kB at 534 kB/s)
Downloading from central: https://repo.maven.apache.org/maven2/io/micrometer/micrometer-commons/1.13.3/micrometer-commons-1.13.3.jar
Progress (3): 9.5/12 MB | 1.4/3.1 MB | 1.1/1.9 MB
Progress (3): 9.5/12 MB | 1.4/3.1 MB | 1.1/1.9 MB
Progress (3): 9.5/12 MB | 1.4/3.1 MB | 1.1/1.9 MB
Progress (3): 9.5/12 MB | 1.4/3.1 MB | 1.1/1.9 MB
Progress (3): 9.5/12 MB | 1.4/3.1 MB | 1.2/1.9 MB
Progress (3): 9.5/12 MB | 1.4/3.1 MB | 1.2/1.9 MB
Progress (3): 9.5/12 MB | 1.4/3.1 MB | 1.2/1.9 MB
Progress (3): 9.5/12 MB | 1.4/3.1 MB | 1.2/1.9 MB
Progress (3): 9.5/12 MB | 1.4/3.1 MB | 1.2/1.9 MB
Progress (3): 9.5/12 MB | 1.4/3.1 MB | 1.2/1.9 MB
Progress (3): 9.5/12 MB | 1.4/3.1 MB | 1.2/1.9 MB
Progress (3): 9.5/12 MB | 1.4/3.1 MB | 1.2/1.9 MB
Progress (3): 9.5/12 MB | 1.4/3.1 MB | 1.2/1.9 MB
Progress (3): 9.5/12 MB | 1.4/3.1 MB | 1.2/1.9 MB
Progress (3): 9.5/12 MB | 1.4/3.1 MB | 1.2/1.9 MB
Progress (3): 9.5/12 MB | 1.4/3.1 MB | 1.2/1.9 MB
Progress (3): 9.5/12 MB | 1.4/3.1 MB | 1.2/1.9 MB
Progress (3): 9.5/12 MB | 1.4/3.1 MB | 1.2/1.9 MB
Progress (4): 9.5/12 MB | 1.4/3.1 MB | 1.2/1.9 MB | 7.7/72 kB
Progress (4): 9.5/12 MB | 1.4/3.1 MB | 1.2/1.9 MB | 16/72 kB 
Progress (4): 9.5/12 MB | 1.4/3.1 MB | 1.2/1.9 MB | 20/72 kB
Progress (4): 9.5/12 MB | 1.4/3.1 MB | 1.3/1.9 MB | 20/72 kB
Progress (4): 9.5/12 MB | 1.4/3.1 MB | 1.3/1.9 MB | 20/72 kB
Progress (4): 9.6/12 MB | 1.4/3.1 MB | 1.3/1.9 MB | 20/72 kB
Progress (4): 9.6/12 MB | 1.4/3.1 MB | 1.3/1.9 MB | 36/72 kB
Progress (4): 9.6/12 MB | 1.5/3.1 MB | 1.3/1.9 MB | 36/72 kB
Progress (4): 9.6/12 MB | 1.5/3.1 MB | 1.3/1.9 MB | 36/72 kB
Progress (4): 9.6/12 MB | 1.5/3.1 MB | 1.3/1.9 MB | 36/72 kB
Progress (4): 9.6/12 MB | 1.5/3.1 MB | 1.3/1.9 MB | 36/72 kB
Progress (4): 9.6/12 MB | 1.5/3.1 MB | 1.3/1.9 MB | 53/72 kB
Progress (4): 9.6/12 MB | 1.5/3.1 MB | 1.3/1.9 MB | 53/72 kB
Progress (4): 9.6/12 MB | 1.5/3.1 MB | 1.3/1.9 MB | 53/72 kB
Progress (4): 9.6/12 MB | 1.5/3.1 MB | 1.3/1.9 MB | 53/72 kB
Progress (4): 9.6/12 MB | 1.5/3.1 MB | 1.3/1.9 MB | 69/72 kB
Progress (4): 9.6/12 MB | 1.5/3.1 MB | 1.3/1.9 MB | 72 kB   
Progress (4): 9.6/12 MB | 1.5/3.1 MB | 1.3/1.9 MB | 72 kB
                                                         
Downloaded from central: https://repo.maven.apache.org/maven2/io/micrometer/micrometer-observation/1.13.3/micrometer-observation-1.13.3.jar (72 kB at 49 kB/s)
Progress (3): 9.6/12 MB | 1.5/3.1 MB | 1.3/1.9 MB
Progress (3): 9.6/12 MB | 1.5/3.1 MB | 1.3/1.9 MB
                                                 
Downloading from central: https://repo.maven.apache.org/maven2/io/micrometer/micrometer-jakarta9/1.13.3/micrometer-jakarta9-1.13.3.jar
Progress (3): 9.6/12 MB | 1.5/3.1 MB | 1.3/1.9 MB
Progress (3): 9.6/12 MB | 1.5/3.1 MB | 1.3/1.9 MB
Progress (3): 9.6/12 MB | 1.5/3.1 MB | 1.3/1.9 MB
Progress (3): 9.6/12 MB | 1.5/3.1 MB | 1.3/1.9 MB
Progress (3): 9.6/12 MB | 1.5/3.1 MB | 1.3/1.9 MB
Progress (3): 9.7/12 MB | 1.5/3.1 MB | 1.3/1.9 MB
Progress (3): 9.7/12 MB | 1.6/3.1 MB | 1.3/1.9 MB
Progress (3): 9.7/12 MB | 1.6/3.1 MB | 1.3/1.9 MB
Progress (3): 9.7/12 MB | 1.6/3.1 MB | 1.4/1.9 MB
Progress (3): 9.7/12 MB | 1.6/3.1 MB | 1.4/1.9 MB
Progress (3): 9.7/12 MB | 1.6/3.1 MB | 1.4/1.9 MB
Progress (3): 9.7/12 MB | 1.6/3.1 MB | 1.4/1.9 MB
Progress (3): 9.7/12 MB | 1.6/3.1 MB | 1.4/1.9 MB
Progress (3): 9.7/12 MB | 1.6/3.1 MB | 1.4/1.9 MB
Progress (3): 9.7/12 MB | 1.6/3.1 MB | 1.4/1.9 MB
Progress (3): 9.7/12 MB | 1.6/3.1 MB | 1.4/1.9 MB
Progress (3): 9.7/12 MB | 1.6/3.1 MB | 1.4/1.9 MB
Progress (3): 9.7/12 MB | 1.6/3.1 MB | 1.4/1.9 MB
Progress (3): 9.7/12 MB | 1.6/3.1 MB | 1.4/1.9 MB
Progress (3): 9.7/12 MB | 1.6/3.1 MB | 1.4/1.9 MB
Progress (3): 9.7/12 MB | 1.6/3.1 MB | 1.4/1.9 MB
Progress (3): 9.7/12 MB | 1.6/3.1 MB | 1.4/1.9 MB
Progress (3): 9.8/12 MB | 1.6/3.1 MB | 1.4/1.9 MB
Progress (3): 9.8/12 MB | 1.6/3.1 MB | 1.4/1.9 MB
Progress (3): 9.8/12 MB | 1.6/3.1 MB | 1.4/1.9 MB
Progress (3): 9.8/12 MB | 1.6/3.1 MB | 1.4/1.9 MB
Progress (3): 9.8/12 MB | 1.7/3.1 MB | 1.4/1.9 MB
Progress (3): 9.8/12 MB | 1.7/3.1 MB | 1.5/1.9 MB
Progress (3): 9.8/12 MB | 1.7/3.1 MB | 1.5/1.9 MB
Progress (3): 9.8/12 MB | 1.7/3.1 MB | 1.5/1.9 MB
Progress (3): 9.8/12 MB | 1.7/3.1 MB | 1.5/1.9 MB
Progress (3): 9.8/12 MB | 1.7/3.1 MB | 1.5/1.9 MB
Progress (3): 9.8/12 MB | 1.7/3.1 MB | 1.5/1.9 MB
Progress (3): 9.8/12 MB | 1.7/3.1 MB | 1.5/1.9 MB
Progress (3): 9.8/12 MB | 1.7/3.1 MB | 1.5/1.9 MB
Progress (3): 9.8/12 MB | 1.7/3.1 MB | 1.5/1.9 MB
Progress (3): 9.8/12 MB | 1.7/3.1 MB | 1.5/1.9 MB
Progress (3): 9.8/12 MB | 1.7/3.1 MB | 1.5/1.9 MB
Progress (3): 9.8/12 MB | 1.7/3.1 MB | 1.5/1.9 MB
Progress (3): 9.8/12 MB | 1.7/3.1 MB | 1.5/1.9 MB
Progress (4): 9.8/12 MB | 1.7/3.1 MB | 1.5/1.9 MB | 3.7/48 kB
Progress (4): 9.8/12 MB | 1.7/3.1 MB | 1.6/1.9 MB | 3.7/48 kB
Progress (4): 9.8/12 MB | 1.7/3.1 MB | 1.6/1.9 MB | 3.7/48 kB
Progress (4): 9.9/12 MB | 1.7/3.1 MB | 1.6/1.9 MB | 3.7/48 kB
Progress (4): 9.9/12 MB | 1.7/3.1 MB | 1.6/1.9 MB | 20/48 kB 
Progress (4): 9.9/12 MB | 1.7/3.1 MB | 1.6/1.9 MB | 20/48 kB
Progress (4): 9.9/12 MB | 1.7/3.1 MB | 1.6/1.9 MB | 20/48 kB
Progress (4): 9.9/12 MB | 1.7/3.1 MB | 1.6/1.9 MB | 20/48 kB
Progress (4): 9.9/12 MB | 1.8/3.1 MB | 1.6/1.9 MB | 20/48 kB
Progress (4): 9.9/12 MB | 1.8/3.1 MB | 1.6/1.9 MB | 20/48 kB
Progress (4): 9.9/12 MB | 1.8/3.1 MB | 1.6/1.9 MB | 20/48 kB
Progress (4): 9.9/12 MB | 1.8/3.1 MB | 1.6/1.9 MB | 36/48 kB
Progress (4): 9.9/12 MB | 1.8/3.1 MB | 1.6/1.9 MB | 36/48 kB
Progress (4): 9.9/12 MB | 1.8/3.1 MB | 1.6/1.9 MB | 36/48 kB
Progress (4): 9.9/12 MB | 1.8/3.1 MB | 1.6/1.9 MB | 48 kB   
                                                         
Downloaded from central: https://repo.maven.apache.org/maven2/io/micrometer/micrometer-commons/1.13.3/micrometer-commons-1.13.3.jar (48 kB at 32 kB/s)
Progress (4): 9.9/12 MB | 1.8/3.1 MB | 1.6/1.9 MB | 7.7/32 kB
Progress (4): 9.9/12 MB | 1.8/3.1 MB | 1.6/1.9 MB | 16/32 kB 
Progress (4): 9.9/12 MB | 1.8/3.1 MB | 1.6/1.9 MB | 25/32 kB
                                                            
Downloading from central: https://repo.maven.apache.org/maven2/io/micrometer/micrometer-registry-prometheus/1.13.3/micrometer-registry-prometheus-1.13.3.jar
Progress (4): 9.9/12 MB | 1.8/3.1 MB | 1.6/1.9 MB | 25/32 kB
Progress (4): 9.9/12 MB | 1.8/3.1 MB | 1.6/1.9 MB | 32 kB   
Progress (4): 9.9/12 MB | 1.8/3.1 MB | 1.6/1.9 MB | 32 kB
                                                         
Downloaded from central: https://repo.maven.apache.org/maven2/io/micrometer/micrometer-jakarta9/1.13.3/micrometer-jakarta9-1.13.3.jar (32 kB at 22 kB/s)
Downloading from central: https://repo.maven.apache.org/maven2/io/micrometer/micrometer-core/1.13.3/micrometer-core-1.13.3.jar
Progress (3): 9.9/12 MB | 1.8/3.1 MB | 1.6/1.9 MB
Progress (3): 9.9/12 MB | 1.8/3.1 MB | 1.6/1.9 MB
Progress (3): 9.9/12 MB | 1.8/3.1 MB | 1.6/1.9 MB
Progress (3): 9.9/12 MB | 1.8/3.1 MB | 1.6/1.9 MB
Progress (3): 9.9/12 MB | 1.8/3.1 MB | 1.6/1.9 MB
Progress (3): 9.9/12 MB | 1.8/3.1 MB | 1.6/1.9 MB
Progress (3): 9.9/12 MB | 1.9/3.1 MB | 1.6/1.9 MB
Progress (3): 9.9/12 MB | 1.9/3.1 MB | 1.6/1.9 MB
Progress (3): 9.9/12 MB | 1.9/3.1 MB | 1.6/1.9 MB
Progress (3): 9.9/12 MB | 1.9/3.1 MB | 1.6/1.9 MB
Progress (3): 9.9/12 MB | 1.9/3.1 MB | 1.7/1.9 MB
Progress (3): 10.0/12 MB | 1.9/3.1 MB | 1.7/1.9 MB
Progress (3): 10.0/12 MB | 1.9/3.1 MB | 1.7/1.9 MB
Progress (3): 10.0/12 MB | 1.9/3.1 MB | 1.7/1.9 MB
Progress (3): 10.0/12 MB | 1.9/3.1 MB | 1.7/1.9 MB
Progress (3): 10.0/12 MB | 1.9/3.1 MB | 1.7/1.9 MB
Progress (3): 10.0/12 MB | 1.9/3.1 MB | 1.7/1.9 MB
Progress (3): 10.0/12 MB | 1.9/3.1 MB | 1.7/1.9 MB
Progress (3): 10.0/12 MB | 1.9/3.1 MB | 1.7/1.9 MB
Progress (3): 10.0/12 MB | 1.9/3.1 MB | 1.7/1.9 MB
Progress (3): 10.0/12 MB | 1.9/3.1 MB | 1.7/1.9 MB
Progress (3): 10.0/12 MB | 1.9/3.1 MB | 1.7/1.9 MB
Progress (3): 10.0/12 MB | 1.9/3.1 MB | 1.8/1.9 MB
Progress (3): 10/12 MB | 1.9/3.1 MB | 1.8/1.9 MB  
Progress (3): 10/12 MB | 1.9/3.1 MB | 1.8/1.9 MB
Progress (3): 10/12 MB | 1.9/3.1 MB | 1.8/1.9 MB
Progress (3): 10/12 MB | 1.9/3.1 MB | 1.8/1.9 MB
Progress (3): 10/12 MB | 1.9/3.1 MB | 1.8/1.9 MB
Progress (3): 10/12 MB | 2.0/3.1 MB | 1.8/1.9 MB
Progress (3): 10/12 MB | 2.0/3.1 MB | 1.8/1.9 MB
Progress (3): 10/12 MB | 2.0/3.1 MB | 1.8/1.9 MB
Progress (3): 10/12 MB | 2.0/3.1 MB | 1.8/1.9 MB
Progress (3): 10/12 MB | 2.0/3.1 MB | 1.8/1.9 MB
Progress (3): 10/12 MB | 2.0/3.1 MB | 1.8/1.9 MB
Progress (3): 10/12 MB | 2.0/3.1 MB | 1.8/1.9 MB
Progress (3): 10/12 MB | 2.0/3.1 MB | 1.8/1.9 MB
Progress (3): 10/12 MB | 2.0/3.1 MB | 1.8/1.9 MB
Progress (3): 10/12 MB | 2.0/3.1 MB | 1.8/1.9 MB
Progress (3): 10/12 MB | 2.0/3.1 MB | 1.8/1.9 MB
Progress (3): 10/12 MB | 2.0/3.1 MB | 1.8/1.9 MB
Progress (3): 10/12 MB | 2.0/3.1 MB | 1.8/1.9 MB
Progress (3): 10/12 MB | 2.0/3.1 MB | 1.8/1.9 MB
Progress (3): 10/12 MB | 2.1/3.1 MB | 1.8/1.9 MB
Progress (3): 10/12 MB | 2.1/3.1 MB | 1.8/1.9 MB
Progress (3): 10/12 MB | 2.1/3.1 MB | 1.8/1.9 MB
Progress (3): 10/12 MB | 2.1/3.1 MB | 1.8/1.9 MB
Progress (3): 10/12 MB | 2.1/3.1 MB | 1.8/1.9 MB
Progress (3): 10/12 MB | 2.1/3.1 MB | 1.8/1.9 MB
Progress (3): 10/12 MB | 2.1/3.1 MB | 1.8/1.9 MB
Progress (3): 10/12 MB | 2.1/3.1 MB | 1.8/1.9 MB
Progress (3): 10/12 MB | 2.1/3.1 MB | 1.8/1.9 MB
Progress (3): 10/12 MB | 2.1/3.1 MB | 1.8/1.9 MB
Progress (3): 10/12 MB | 2.1/3.1 MB | 1.8/1.9 MB
Progress (3): 10/12 MB | 2.1/3.1 MB | 1.9/1.9 MB
Progress (3): 10/12 MB | 2.1/3.1 MB | 1.9/1.9 MB
Progress (3): 10/12 MB | 2.1/3.1 MB | 1.9/1.9 MB
Progress (3): 10/12 MB | 2.1/3.1 MB | 1.9/1.9 MB
Progress (3): 10/12 MB | 2.1/3.1 MB | 1.9/1.9 MB
Progress (3): 10/12 MB | 2.1/3.1 MB | 1.9/1.9 MB
Progress (3): 10/12 MB | 2.1/3.1 MB | 1.9/1.9 MB
Progress (3): 10/12 MB | 2.1/3.1 MB | 1.9/1.9 MB
Progress (4): 10/12 MB | 2.1/3.1 MB | 1.9/1.9 MB | 7.7/41 kB
Progress (4): 10/12 MB | 2.1/3.1 MB | 1.9/1.9 MB | 16/41 kB 
Progress (4): 10/12 MB | 2.1/3.1 MB | 1.9/1.9 MB | 20/41 kB
Progress (4): 10/12 MB | 2.2/3.1 MB | 1.9/1.9 MB | 20/41 kB
Progress (4): 10/12 MB | 2.2/3.1 MB | 1.9/1.9 MB | 20/41 kB
Progress (4): 10/12 MB | 2.2/3.1 MB | 1.9/1.9 MB | 20/41 kB
Progress (5): 10/12 MB | 2.2/3.1 MB | 1.9/1.9 MB | 20/41 kB | 7.7/862 kB
Progress (5): 10/12 MB | 2.2/3.1 MB | 1.9/1.9 MB | 20/41 kB | 16/862 kB 
Progress (5): 10/12 MB | 2.2/3.1 MB | 1.9/1.9 MB | 20/41 kB | 20/862 kB
Progress (5): 10/12 MB | 2.2/3.1 MB | 1.9/1.9 MB | 36/41 kB | 20/862 kB
Progress (5): 10/12 MB | 2.2/3.1 MB | 1.9/1.9 MB | 36/41 kB | 20/862 kB
Progress (5): 10/12 MB | 2.2/3.1 MB | 1.9/1.9 MB | 36/41 kB | 20/862 kB
Progress (5): 10/12 MB | 2.2/3.1 MB | 1.9/1.9 MB | 41 kB | 20/862 kB   
Progress (5): 10/12 MB | 2.2/3.1 MB | 1.9/1.9 MB | 41 kB | 20/862 kB
                                                                    
Downloaded from central: https://repo.maven.apache.org/maven2/io/micrometer/micrometer-registry-prometheus/1.13.3/micrometer-registry-prometheus-1.13.3.jar (41 kB at 27 kB/s)
Downloading from central: https://repo.maven.apache.org/maven2/org/hdrhistogram/HdrHistogram/2.2.2/HdrHistogram-2.2.2.jar
Progress (4): 10/12 MB | 2.2/3.1 MB | 1.9 MB | 20/862 kB
Progress (4): 10/12 MB | 2.2/3.1 MB | 1.9 MB | 36/862 kB
                                                        
Downloaded from central: https://repo.maven.apache.org/maven2/org/mapstruct/mapstruct-processor/1.5.5.Final/mapstruct-processor-1.5.5.Final.jar (1.9 MB at 1.3 MB/s)
Downloading from central: https://repo.maven.apache.org/maven2/org/latencyutils/LatencyUtils/2.0.3/LatencyUtils-2.0.3.jar
Progress (3): 10/12 MB | 2.2/3.1 MB | 36/862 kB
Progress (3): 10/12 MB | 2.2/3.1 MB | 36/862 kB
Progress (3): 10/12 MB | 2.2/3.1 MB | 36/862 kB
Progress (3): 10/12 MB | 2.2/3.1 MB | 36/862 kB
Progress (3): 10/12 MB | 2.2/3.1 MB | 53/862 kB
Progress (3): 10/12 MB | 2.2/3.1 MB | 53/862 kB
Progress (3): 10/12 MB | 2.2/3.1 MB | 53/862 kB
Progress (3): 10/12 MB | 2.2/3.1 MB | 69/862 kB
Progress (3): 10/12 MB | 2.2/3.1 MB | 69/862 kB
Progress (3): 10/12 MB | 2.3/3.1 MB | 69/862 kB
Progress (3): 10/12 MB | 2.3/3.1 MB | 69/862 kB
Progress (3): 10/12 MB | 2.3/3.1 MB | 69/862 kB
Progress (3): 10/12 MB | 2.3/3.1 MB | 86/862 kB
Progress (3): 10/12 MB | 2.3/3.1 MB | 86/862 kB
Progress (3): 10/12 MB | 2.3/3.1 MB | 86/862 kB
Progress (3): 10/12 MB | 2.3/3.1 MB | 86/862 kB
Progress (3): 10/12 MB | 2.3/3.1 MB | 86/862 kB
Progress (3): 10/12 MB | 2.3/3.1 MB | 102/862 kB
Progress (3): 10/12 MB | 2.3/3.1 MB | 102/862 kB
Progress (3): 10/12 MB | 2.3/3.1 MB | 102/862 kB
Progress (3): 10/12 MB | 2.3/3.1 MB | 118/862 kB
Progress (3): 10/12 MB | 2.3/3.1 MB | 118/862 kB
Progress (3): 10/12 MB | 2.3/3.1 MB | 135/862 kB
Progress (3): 10/12 MB | 2.3/3.1 MB | 135/862 kB
Progress (3): 10/12 MB | 2.3/3.1 MB | 135/862 kB
Progress (3): 10/12 MB | 2.3/3.1 MB | 135/862 kB
Progress (3): 10/12 MB | 2.3/3.1 MB | 151/862 kB
Progress (3): 10/12 MB | 2.4/3.1 MB | 151/862 kB
Progress (3): 10/12 MB | 2.4/3.1 MB | 168/862 kB
Progress (3): 10/12 MB | 2.4/3.1 MB | 168/862 kB
Progress (3): 10/12 MB | 2.4/3.1 MB | 168/862 kB
Progress (3): 10/12 MB | 2.4/3.1 MB | 168/862 kB
Progress (3): 10/12 MB | 2.4/3.1 MB | 184/862 kB
Progress (3): 10/12 MB | 2.4/3.1 MB | 184/862 kB
Progress (3): 11/12 MB | 2.4/3.1 MB | 184/862 kB
Progress (3): 11/12 MB | 2.4/3.1 MB | 184/862 kB
Progress (3): 11/12 MB | 2.4/3.1 MB | 200/862 kB
Progress (3): 11/12 MB | 2.4/3.1 MB | 217/862 kB
Progress (3): 11/12 MB | 2.4/3.1 MB | 217/862 kB
Progress (3): 11/12 MB | 2.4/3.1 MB | 217/862 kB
Progress (3): 11/12 MB | 2.4/3.1 MB | 217/862 kB
Progress (3): 11/12 MB | 2.4/3.1 MB | 233/862 kB
Progress (3): 11/12 MB | 2.4/3.1 MB | 233/862 kB
Progress (3): 11/12 MB | 2.4/3.1 MB | 233/862 kB
Progress (3): 11/12 MB | 2.4/3.1 MB | 233/862 kB
Progress (3): 11/12 MB | 2.4/3.1 MB | 249/862 kB
Progress (3): 11/12 MB | 2.5/3.1 MB | 249/862 kB
Progress (3): 11/12 MB | 2.5/3.1 MB | 249/862 kB
Progress (3): 11/12 MB | 2.5/3.1 MB | 266/862 kB
Progress (4): 11/12 MB | 2.5/3.1 MB | 266/862 kB | 3.7/30 kB
Progress (4): 11/12 MB | 2.5/3.1 MB | 281/862 kB | 3.7/30 kB
Progress (4): 11/12 MB | 2.5/3.1 MB | 298/862 kB | 3.7/30 kB
Progress (4): 11/12 MB | 2.5/3.1 MB | 298/862 kB | 3.7/30 kB
Progress (4): 11/12 MB | 2.5/3.1 MB | 298/862 kB | 3.7/30 kB
Progress (4): 11/12 MB | 2.5/3.1 MB | 298/862 kB | 3.7/30 kB
Progress (4): 11/12 MB | 2.5/3.1 MB | 298/862 kB | 3.7/30 kB
Progress (4): 11/12 MB | 2.5/3.1 MB | 298/862 kB | 20/30 kB 
Progress (4): 11/12 MB | 2.5/3.1 MB | 314/862 kB | 20/30 kB
Progress (4): 11/12 MB | 2.5/3.1 MB | 314/862 kB | 20/30 kB
Progress (4): 11/12 MB | 2.5/3.1 MB | 314/862 kB | 30 kB   
Progress (5): 11/12 MB | 2.5/3.1 MB | 314/862 kB | 30 kB | 7.7/177 kB
Progress (5): 11/12 MB | 2.5/3.1 MB | 314/862 kB | 30 kB | 16/177 kB 
Progress (5): 11/12 MB | 2.5/3.1 MB | 314/862 kB | 30 kB | 25/177 kB
Progress (5): 11/12 MB | 2.5/3.1 MB | 331/862 kB | 30 kB | 25/177 kB
                                                                    
Downloaded from central: https://repo.maven.apache.org/maven2/org/latencyutils/LatencyUtils/2.0.3/LatencyUtils-2.0.3.jar (30 kB at 19 kB/s)
Downloading from central: https://repo.maven.apache.org/maven2/io/prometheus/prometheus-metrics-core/1.2.1/prometheus-metrics-core-1.2.1.jar
Progress (4): 11/12 MB | 2.5/3.1 MB | 331/862 kB | 25/177 kB
Progress (4): 11/12 MB | 2.5/3.1 MB | 331/862 kB | 25/177 kB
Progress (4): 11/12 MB | 2.5/3.1 MB | 331/862 kB | 25/177 kB
Progress (4): 11/12 MB | 2.5/3.1 MB | 347/862 kB | 25/177 kB
Progress (4): 11/12 MB | 2.5/3.1 MB | 347/862 kB | 41/177 kB
Progress (4): 11/12 MB | 2.5/3.1 MB | 347/862 kB | 41/177 kB
Progress (4): 11/12 MB | 2.5/3.1 MB | 347/862 kB | 57/177 kB
Progress (4): 11/12 MB | 2.5/3.1 MB | 347/862 kB | 57/177 kB
Progress (4): 11/12 MB | 2.5/3.1 MB | 363/862 kB | 57/177 kB
Progress (4): 11/12 MB | 2.5/3.1 MB | 363/862 kB | 57/177 kB
Progress (4): 11/12 MB | 2.5/3.1 MB | 363/862 kB | 57/177 kB
Progress (4): 11/12 MB | 2.5/3.1 MB | 380/862 kB | 57/177 kB
Progress (4): 11/12 MB | 2.5/3.1 MB | 380/862 kB | 74/177 kB
Progress (4): 11/12 MB | 2.5/3.1 MB | 380/862 kB | 74/177 kB
Progress (4): 11/12 MB | 2.5/3.1 MB | 380/862 kB | 90/177 kB
Progress (4): 11/12 MB | 2.5/3.1 MB | 396/862 kB | 90/177 kB
Progress (4): 11/12 MB | 2.6/3.1 MB | 396/862 kB | 90/177 kB
Progress (4): 11/12 MB | 2.6/3.1 MB | 396/862 kB | 106/177 kB
Progress (4): 11/12 MB | 2.6/3.1 MB | 396/862 kB | 123/177 kB
Progress (4): 11/12 MB | 2.6/3.1 MB | 396/862 kB | 123/177 kB
Progress (4): 11/12 MB | 2.6/3.1 MB | 396/862 kB | 123/177 kB
Progress (4): 11/12 MB | 2.6/3.1 MB | 412/862 kB | 123/177 kB
Progress (4): 11/12 MB | 2.6/3.1 MB | 412/862 kB | 123/177 kB
Progress (4): 11/12 MB | 2.6/3.1 MB | 412/862 kB | 139/177 kB
Progress (4): 11/12 MB | 2.6/3.1 MB | 412/862 kB | 156/177 kB
Progress (4): 11/12 MB | 2.6/3.1 MB | 412/862 kB | 156/177 kB
Progress (4): 11/12 MB | 2.6/3.1 MB | 429/862 kB | 156/177 kB
Progress (4): 11/12 MB | 2.6/3.1 MB | 429/862 kB | 156/177 kB
Progress (4): 11/12 MB | 2.6/3.1 MB | 429/862 kB | 172/177 kB
Progress (4): 11/12 MB | 2.6/3.1 MB | 429/862 kB | 177 kB    
Progress (4): 11/12 MB | 2.6/3.1 MB | 429/862 kB | 177 kB
                                                         
Downloaded from central: https://repo.maven.apache.org/maven2/org/hdrhistogram/HdrHistogram/2.2.2/HdrHistogram-2.2.2.jar (177 kB at 113 kB/s)
Downloading from central: https://repo.maven.apache.org/maven2/io/prometheus/prometheus-metrics-model/1.2.1/prometheus-metrics-model-1.2.1.jar
Progress (3): 11/12 MB | 2.6/3.1 MB | 429/862 kB
Progress (3): 11/12 MB | 2.6/3.1 MB | 445/862 kB
Progress (3): 11/12 MB | 2.6/3.1 MB | 445/862 kB
Progress (3): 11/12 MB | 2.6/3.1 MB | 445/862 kB
Progress (3): 11/12 MB | 2.6/3.1 MB | 462/862 kB
Progress (3): 11/12 MB | 2.6/3.1 MB | 462/862 kB
Progress (3): 11/12 MB | 2.6/3.1 MB | 462/862 kB
Progress (3): 11/12 MB | 2.6/3.1 MB | 478/862 kB
Progress (3): 11/12 MB | 2.7/3.1 MB | 478/862 kB
Progress (3): 11/12 MB | 2.7/3.1 MB | 478/862 kB
Progress (3): 11/12 MB | 2.7/3.1 MB | 494/862 kB
Progress (3): 11/12 MB | 2.7/3.1 MB | 494/862 kB
Progress (3): 11/12 MB | 2.7/3.1 MB | 494/862 kB
Progress (3): 11/12 MB | 2.7/3.1 MB | 511/862 kB
Progress (3): 11/12 MB | 2.7/3.1 MB | 511/862 kB
Progress (3): 11/12 MB | 2.7/3.1 MB | 511/862 kB
Progress (3): 11/12 MB | 2.7/3.1 MB | 527/862 kB
Progress (3): 11/12 MB | 2.7/3.1 MB | 527/862 kB
Progress (3): 11/12 MB | 2.7/3.1 MB | 527/862 kB
Progress (3): 11/12 MB | 2.7/3.1 MB | 527/862 kB
Progress (3): 11/12 MB | 2.7/3.1 MB | 544/862 kB
Progress (3): 11/12 MB | 2.7/3.1 MB | 544/862 kB
Progress (3): 11/12 MB | 2.7/3.1 MB | 544/862 kB
Progress (3): 11/12 MB | 2.7/3.1 MB | 560/862 kB
Progress (3): 11/12 MB | 2.7/3.1 MB | 560/862 kB
Progress (3): 11/12 MB | 2.7/3.1 MB | 576/862 kB
Progress (3): 11/12 MB | 2.7/3.1 MB | 576/862 kB
Progress (3): 11/12 MB | 2.7/3.1 MB | 593/862 kB
Progress (3): 11/12 MB | 2.8/3.1 MB | 593/862 kB
Progress (3): 11/12 MB | 2.8/3.1 MB | 593/862 kB
Progress (3): 11/12 MB | 2.8/3.1 MB | 593/862 kB
Progress (3): 11/12 MB | 2.8/3.1 MB | 593/862 kB
Progress (3): 11/12 MB | 2.8/3.1 MB | 593/862 kB
Progress (3): 11/12 MB | 2.8/3.1 MB | 609/862 kB
Progress (3): 11/12 MB | 2.8/3.1 MB | 609/862 kB
Progress (3): 11/12 MB | 2.8/3.1 MB | 609/862 kB
Progress (3): 11/12 MB | 2.8/3.1 MB | 625/862 kB
Progress (3): 11/12 MB | 2.8/3.1 MB | 625/862 kB
Progress (3): 11/12 MB | 2.8/3.1 MB | 625/862 kB
Progress (3): 11/12 MB | 2.8/3.1 MB | 625/862 kB
Progress (3): 11/12 MB | 2.8/3.1 MB | 642/862 kB
Progress (4): 11/12 MB | 2.8/3.1 MB | 642/862 kB | 3.7/95 kB
Progress (4): 11/12 MB | 2.8/3.1 MB | 642/862 kB | 3.7/95 kB
Progress (4): 11/12 MB | 2.8/3.1 MB | 642/862 kB | 3.7/95 kB
Progress (4): 11/12 MB | 2.8/3.1 MB | 642/862 kB | 3.7/95 kB
Progress (4): 11/12 MB | 2.8/3.1 MB | 658/862 kB | 3.7/95 kB
Progress (4): 11/12 MB | 2.8/3.1 MB | 658/862 kB | 20/95 kB 
Progress (4): 11/12 MB | 2.8/3.1 MB | 658/862 kB | 20/95 kB
Progress (4): 11/12 MB | 2.8/3.1 MB | 675/862 kB | 20/95 kB
Progress (4): 11/12 MB | 2.9/3.1 MB | 675/862 kB | 20/95 kB
Progress (4): 11/12 MB | 2.9/3.1 MB | 675/862 kB | 20/95 kB
Progress (4): 11/12 MB | 2.9/3.1 MB | 675/862 kB | 36/95 kB
Progress (4): 11/12 MB | 2.9/3.1 MB | 691/862 kB | 36/95 kB
Progress (4): 11/12 MB | 2.9/3.1 MB | 691/862 kB | 36/95 kB
Progress (4): 11/12 MB | 2.9/3.1 MB | 691/862 kB | 53/95 kB
Progress (4): 11/12 MB | 2.9/3.1 MB | 691/862 kB | 53/95 kB
Progress (4): 11/12 MB | 2.9/3.1 MB | 707/862 kB | 53/95 kB
Progress (4): 11/12 MB | 2.9/3.1 MB | 707/862 kB | 53/95 kB
Progress (4): 11/12 MB | 2.9/3.1 MB | 707/862 kB | 69/95 kB
Progress (4): 11/12 MB | 2.9/3.1 MB | 707/862 kB | 69/95 kB
Progress (4): 11/12 MB | 2.9/3.1 MB | 707/862 kB | 69/95 kB
Progress (4): 11/12 MB | 2.9/3.1 MB | 707/862 kB | 69/95 kB
Progress (4): 11/12 MB | 2.9/3.1 MB | 707/862 kB | 69/95 kB
Progress (4): 11/12 MB | 2.9/3.1 MB | 707/862 kB | 86/95 kB
Progress (4): 11/12 MB | 2.9/3.1 MB | 724/862 kB | 86/95 kB
Progress (5): 11/12 MB | 2.9/3.1 MB | 724/862 kB | 86/95 kB | 7.7/89 kB
Progress (5): 11/12 MB | 2.9/3.1 MB | 724/862 kB | 86/95 kB | 16/89 kB 
Progress (5): 11/12 MB | 2.9/3.1 MB | 724/862 kB | 86/95 kB | 20/89 kB
Progress (5): 11/12 MB | 2.9/3.1 MB | 724/862 kB | 86/95 kB | 20/89 kB
Progress (5): 11/12 MB | 2.9/3.1 MB | 724/862 kB | 86/95 kB | 20/89 kB
Progress (5): 11/12 MB | 2.9/3.1 MB | 740/862 kB | 86/95 kB | 20/89 kB
Progress (5): 11/12 MB | 2.9/3.1 MB | 740/862 kB | 95 kB | 20/89 kB   
Progress (5): 11/12 MB | 3.0/3.1 MB | 740/862 kB | 95 kB | 20/89 kB
                                                                   
Downloaded from central: https://repo.maven.apache.org/maven2/io/prometheus/prometheus-metrics-core/1.2.1/prometheus-metrics-core-1.2.1.jar (95 kB at 60 kB/s)
Progress (4): 11/12 MB | 3.0/3.1 MB | 740/862 kB | 36/89 kB
                                                           
Downloading from central: https://repo.maven.apache.org/maven2/io/prometheus/prometheus-metrics-config/1.2.1/prometheus-metrics-config-1.2.1.jar
Progress (4): 11/12 MB | 3.0/3.1 MB | 757/862 kB | 36/89 kB
Progress (4): 11/12 MB | 3.0/3.1 MB | 757/862 kB | 36/89 kB
Progress (4): 11/12 MB | 3.0/3.1 MB | 773/862 kB | 36/89 kB
Progress (4): 11/12 MB | 3.0/3.1 MB | 773/862 kB | 36/89 kB
Progress (4): 11/12 MB | 3.0/3.1 MB | 773/862 kB | 53/89 kB
Progress (4): 11/12 MB | 3.0/3.1 MB | 773/862 kB | 53/89 kB
Progress (4): 11/12 MB | 3.0/3.1 MB | 773/862 kB | 53/89 kB
Progress (4): 11/12 MB | 3.0/3.1 MB | 789/862 kB | 53/89 kB
Progress (4): 11/12 MB | 3.0/3.1 MB | 789/862 kB | 53/89 kB
Progress (4): 11/12 MB | 3.0/3.1 MB | 789/862 kB | 53/89 kB
Progress (4): 11/12 MB | 3.0/3.1 MB | 789/862 kB | 69/89 kB
Progress (4): 11/12 MB | 3.0/3.1 MB | 789/862 kB | 69/89 kB
Progress (4): 11/12 MB | 3.0/3.1 MB | 789/862 kB | 69/89 kB
Progress (4): 11/12 MB | 3.0/3.1 MB | 789/862 kB | 69/89 kB
Progress (4): 11/12 MB | 3.0/3.1 MB | 806/862 kB | 69/89 kB
Progress (4): 11/12 MB | 3.0/3.1 MB | 806/862 kB | 69/89 kB
Progress (4): 11/12 MB | 3.0/3.1 MB | 806/862 kB | 86/89 kB
Progress (4): 11/12 MB | 3.0/3.1 MB | 806/862 kB | 89 kB   
Progress (4): 11/12 MB | 3.0/3.1 MB | 822/862 kB | 89 kB
                                                        
Downloaded from central: https://repo.maven.apache.org/maven2/io/prometheus/prometheus-metrics-model/1.2.1/prometheus-metrics-model-1.2.1.jar (89 kB at 55 kB/s)
Downloading from central: https://repo.maven.apache.org/maven2/io/prometheus/prometheus-metrics-tracer-common/1.2.1/prometheus-metrics-tracer-common-1.2.1.jar
Progress (3): 11/12 MB | 3.0/3.1 MB | 838/862 kB
Progress (3): 11/12 MB | 3.0/3.1 MB | 838/862 kB
Progress (3): 11/12 MB | 3.0/3.1 MB | 838/862 kB
Progress (3): 11/12 MB | 3.0/3.1 MB | 838/862 kB
Progress (3): 11/12 MB | 3.0/3.1 MB | 855/862 kB
Progress (3): 11/12 MB | 3.1/3.1 MB | 855/862 kB
Progress (3): 11/12 MB | 3.1/3.1 MB | 855/862 kB
Progress (3): 11/12 MB | 3.1/3.1 MB | 855/862 kB
Progress (3): 11/12 MB | 3.1/3.1 MB | 862 kB    
Progress (3): 11/12 MB | 3.1/3.1 MB | 862 kB
Progress (3): 11/12 MB | 3.1/3.1 MB | 862 kB
                                            
Downloaded from central: https://repo.maven.apache.org/maven2/io/micrometer/micrometer-core/1.13.3/micrometer-core-1.13.3.jar (862 kB at 537 kB/s)
Downloading from central: https://repo.maven.apache.org/maven2/io/prometheus/prometheus-metrics-exposition-formats/1.2.1/prometheus-metrics-exposition-formats-1.2.1.jar
Progress (2): 11/12 MB | 3.1/3.1 MB
Progress (2): 11/12 MB | 3.1/3.1 MB
Progress (2): 11/12 MB | 3.1/3.1 MB
Progress (2): 11/12 MB | 3.1 MB    
Progress (2): 11/12 MB | 3.1 MB
                               
Downloaded from central: https://repo.maven.apache.org/maven2/org/webjars/swagger-ui/5.17.14/swagger-ui-5.17.14.jar (3.1 MB at 1.9 MB/s)
Downloading from central: https://repo.maven.apache.org/maven2/io/prometheus/prometheus-metrics-shaded-protobuf/1.2.1/prometheus-metrics-shaded-protobuf-1.2.1.jar
Progress (1): 11/12 MB
Progress (1): 11/12 MB
Progress (1): 11/12 MB
Progress (1): 11/12 MB
Progress (1): 11/12 MB
Progress (1): 11/12 MB
Progress (1): 11/12 MB
Progress (1): 11/12 MB
Progress (1): 11/12 MB
Progress (1): 11/12 MB
Progress (1): 11/12 MB
Progress (1): 11/12 MB
Progress (1): 11/12 MB
Progress (2): 11/12 MB | 3.8/32 kB
Progress (2): 11/12 MB | 20/32 kB 
Progress (2): 11/12 MB | 32 kB   
Progress (2): 12/12 MB | 32 kB
Progress (2): 12/12 MB | 32 kB
                              
Downloaded from central: https://repo.maven.apache.org/maven2/io/prometheus/prometheus-metrics-config/1.2.1/prometheus-metrics-config-1.2.1.jar (32 kB at 20 kB/s)
Downloading from central: https://repo.maven.apache.org/maven2/org/springframework/boot/spring-boot-starter-validation/3.3.3/spring-boot-starter-validation-3.3.3.jar
Progress (1): 12/12 MB
Progress (1): 12/12 MB
Progress (1): 12/12 MB
Progress (1): 12/12 MB
Progress (1): 12/12 MB
Progress (1): 12/12 MB
Progress (1): 12/12 MB
Progress (1): 12/12 MB
Progress (1): 12/12 MB
Progress (1): 12/12 MB
Progress (1): 12/12 MB
Progress (1): 12/12 MB
Progress (1): 12/12 MB
Progress (1): 12/12 MB
Progress (1): 12/12 MB
Progress (1): 12 MB   
                   
Downloaded from central: https://repo.maven.apache.org/maven2/org/hibernate/orm/hibernate-core/6.5.2.Final/hibernate-core-6.5.2.Final.jar (12 MB at 7.2 MB/s)
Downloading from central: https://repo.maven.apache.org/maven2/org/apache/tomcat/embed/tomcat-embed-el/10.1.28/tomcat-embed-el-10.1.28.jar
Progress (1): 3.4 kB
                    
Downloaded from central: https://repo.maven.apache.org/maven2/io/prometheus/prometheus-metrics-tracer-common/1.2.1/prometheus-metrics-tracer-common-1.2.1.jar (3.4 kB at 2.1 kB/s)
Downloading from central: https://repo.maven.apache.org/maven2/org/hibernate/validator/hibernate-validator/8.0.1.Final/hibernate-validator-8.0.1.Final.jar
Progress (1): 0/2.0 MB
Progress (1): 0/2.0 MB
Progress (2): 0/2.0 MB | 3.7/202 kB
Progress (2): 0/2.0 MB | 3.7/202 kB
Progress (2): 0/2.0 MB | 3.7/202 kB
Progress (2): 0/2.0 MB | 20/202 kB 
Progress (2): 0/2.0 MB | 36/202 kB
Progress (2): 0.1/2.0 MB | 36/202 kB
Progress (2): 0.1/2.0 MB | 53/202 kB
Progress (2): 0.1/2.0 MB | 69/202 kB
Progress (2): 0.1/2.0 MB | 69/202 kB
Progress (2): 0.1/2.0 MB | 86/202 kB
Progress (2): 0.1/2.0 MB | 86/202 kB
Progress (2): 0.1/2.0 MB | 102/202 kB
Progress (2): 0.1/2.0 MB | 118/202 kB
Progress (2): 0.1/2.0 MB | 135/202 kB
Progress (2): 0.1/2.0 MB | 135/202 kB
Progress (3): 0.1/2.0 MB | 135/202 kB | 3.7/4.8 kB
Progress (3): 0.1/2.0 MB | 135/202 kB | 4.8 kB    
Progress (3): 0.1/2.0 MB | 151/202 kB | 4.8 kB
Progress (3): 0.1/2.0 MB | 151/202 kB | 4.8 kB
                                              
Downloaded from central: https://repo.maven.apache.org/maven2/org/springframework/boot/spring-boot-starter-validation/3.3.3/spring-boot-starter-validation-3.3.3.jar (4.8 kB at 2.9 kB/s)
Downloading from central: https://repo.maven.apache.org/maven2/jakarta/validation/jakarta.validation-api/3.0.2/jakarta.validation-api-3.0.2.jar
Progress (2): 0.1/2.0 MB | 168/202 kB
Progress (2): 0.1/2.0 MB | 184/202 kB
Progress (2): 0.1/2.0 MB | 184/202 kB
Progress (2): 0.1/2.0 MB | 200/202 kB
Progress (2): 0.1/2.0 MB | 202 kB    
                                 
Downloaded from central: https://repo.maven.apache.org/maven2/io/prometheus/prometheus-metrics-exposition-formats/1.2.1/prometheus-metrics-exposition-formats-1.2.1.jar (202 kB at 123 kB/s)
Downloading from central: https://repo.maven.apache.org/maven2/org/springframework/boot/spring-boot-starter-test/3.3.3/spring-boot-starter-test-3.3.3.jar
Progress (1): 0.2/2.0 MB
Progress (1): 0.2/2.0 MB
Progress (1): 0.2/2.0 MB
Progress (1): 0.2/2.0 MB
Progress (1): 0.2/2.0 MB
Progress (1): 0.2/2.0 MB
Progress (1): 0.2/2.0 MB
Progress (1): 0.3/2.0 MB
Progress (1): 0.3/2.0 MB
Progress (1): 0.3/2.0 MB
Progress (1): 0.3/2.0 MB
Progress (1): 0.3/2.0 MB
Progress (2): 0.3/2.0 MB | 7.7/261 kB
Progress (2): 0.3/2.0 MB | 16/261 kB 
Progress (2): 0.3/2.0 MB | 25/261 kB
Progress (2): 0.3/2.0 MB | 25/261 kB
Progress (2): 0.4/2.0 MB | 25/261 kB
Progress (2): 0.4/2.0 MB | 41/261 kB
Progress (2): 0.4/2.0 MB | 41/261 kB
Progress (2): 0.4/2.0 MB | 57/261 kB
Progress (2): 0.4/2.0 MB | 57/261 kB
Progress (2): 0.4/2.0 MB | 57/261 kB
Progress (2): 0.4/2.0 MB | 74/261 kB
Progress (2): 0.4/2.0 MB | 90/261 kB
Progress (2): 0.4/2.0 MB | 90/261 kB
Progress (2): 0.4/2.0 MB | 90/261 kB
Progress (2): 0.4/2.0 MB | 106/261 kB
Progress (2): 0.5/2.0 MB | 106/261 kB
Progress (2): 0.5/2.0 MB | 123/261 kB
Progress (2): 0.5/2.0 MB | 123/261 kB
Progress (3): 0.5/2.0 MB | 123/261 kB | 0/1.3 MB
Progress (3): 0.5/2.0 MB | 139/261 kB | 0/1.3 MB
Progress (3): 0.5/2.0 MB | 139/261 kB | 0/1.3 MB
Progress (3): 0.5/2.0 MB | 139/261 kB | 0/1.3 MB
Progress (3): 0.5/2.0 MB | 139/261 kB | 0/1.3 MB
Progress (3): 0.5/2.0 MB | 156/261 kB | 0/1.3 MB
Progress (3): 0.5/2.0 MB | 156/261 kB | 0/1.3 MB
Progress (3): 0.5/2.0 MB | 156/261 kB | 0/1.3 MB
Progress (3): 0.5/2.0 MB | 172/261 kB | 0/1.3 MB
Progress (3): 0.5/2.0 MB | 172/261 kB | 0/1.3 MB
Progress (3): 0.5/2.0 MB | 172/261 kB | 0.1/1.3 MB
Progress (3): 0.5/2.0 MB | 188/261 kB | 0.1/1.3 MB
Progress (3): 0.6/2.0 MB | 188/261 kB | 0.1/1.3 MB
Progress (3): 0.6/2.0 MB | 205/261 kB | 0.1/1.3 MB
Progress (3): 0.6/2.0 MB | 205/261 kB | 0.1/1.3 MB
Progress (3): 0.6/2.0 MB | 205/261 kB | 0.1/1.3 MB
Progress (3): 0.6/2.0 MB | 221/261 kB | 0.1/1.3 MB
Progress (3): 0.6/2.0 MB | 221/261 kB | 0.1/1.3 MB
Progress (3): 0.6/2.0 MB | 221/261 kB | 0.1/1.3 MB
Progress (3): 0.6/2.0 MB | 221/261 kB | 0.1/1.3 MB
Progress (3): 0.6/2.0 MB | 221/261 kB | 0.1/1.3 MB
Progress (3): 0.6/2.0 MB | 238/261 kB | 0.1/1.3 MB
Progress (3): 0.6/2.0 MB | 238/261 kB | 0.1/1.3 MB
Progress (3): 0.6/2.0 MB | 238/261 kB | 0.1/1.3 MB
Progress (3): 0.6/2.0 MB | 238/261 kB | 0.1/1.3 MB
Progress (3): 0.6/2.0 MB | 254/261 kB | 0.1/1.3 MB
Progress (3): 0.6/2.0 MB | 261 kB | 0.1/1.3 MB    
Progress (3): 0.6/2.0 MB | 261 kB | 0.1/1.3 MB
Progress (3): 0.6/2.0 MB | 261 kB | 0.2/1.3 MB
Progress (3): 0.6/2.0 MB | 261 kB | 0.2/1.3 MB
                                              
Downloaded from central: https://repo.maven.apache.org/maven2/org/apache/tomcat/embed/tomcat-embed-el/10.1.28/tomcat-embed-el-10.1.28.jar (261 kB at 156 kB/s)
Downloading from central: https://repo.maven.apache.org/maven2/org/springframework/boot/spring-boot-test/3.3.3/spring-boot-test-3.3.3.jar
Progress (2): 0.6/2.0 MB | 0.2/1.3 MB
Progress (2): 0.6/2.0 MB | 0.2/1.3 MB
Progress (3): 0.6/2.0 MB | 0.2/1.3 MB | 3.7/4.8 kB
Progress (3): 0.6/2.0 MB | 0.2/1.3 MB | 4.8 kB    
Progress (3): 0.7/2.0 MB | 0.2/1.3 MB | 4.8 kB
                                              
Downloaded from central: https://repo.maven.apache.org/maven2/org/springframework/boot/spring-boot-starter-test/3.3.3/spring-boot-starter-test-3.3.3.jar (4.8 kB at 2.8 kB/s)
Progress (2): 0.7/2.0 MB | 0.2/1.3 MB
                                     
Downloading from central: https://repo.maven.apache.org/maven2/org/springframework/boot/spring-boot-test-autoconfigure/3.3.3/spring-boot-test-autoconfigure-3.3.3.jar
Progress (3): 0.7/2.0 MB | 0.2/1.3 MB | 7.7/93 kB
Progress (3): 0.7/2.0 MB | 0.2/1.3 MB | 7.7/93 kB
Progress (3): 0.7/2.0 MB | 0.2/1.3 MB | 16/93 kB 
Progress (3): 0.7/2.0 MB | 0.2/1.3 MB | 20/93 kB
Progress (3): 0.7/2.0 MB | 0.2/1.3 MB | 20/93 kB
Progress (3): 0.7/2.0 MB | 0.2/1.3 MB | 20/93 kB
Progress (3): 0.7/2.0 MB | 0.2/1.3 MB | 20/93 kB
Progress (3): 0.7/2.0 MB | 0.2/1.3 MB | 20/93 kB
Progress (3): 0.7/2.0 MB | 0.2/1.3 MB | 36/93 kB
Progress (3): 0.7/2.0 MB | 0.2/1.3 MB | 53/93 kB
Progress (3): 0.7/2.0 MB | 0.2/1.3 MB | 53/93 kB
Progress (3): 0.7/2.0 MB | 0.2/1.3 MB | 53/93 kB
Progress (3): 0.7/2.0 MB | 0.2/1.3 MB | 69/93 kB
Progress (3): 0.7/2.0 MB | 0.2/1.3 MB | 69/93 kB
Progress (3): 0.7/2.0 MB | 0.2/1.3 MB | 86/93 kB
Progress (3): 0.7/2.0 MB | 0.3/1.3 MB | 86/93 kB
Progress (3): 0.7/2.0 MB | 0.3/1.3 MB | 93 kB   
Progress (3): 0.8/2.0 MB | 0.3/1.3 MB | 93 kB
Progress (3): 0.8/2.0 MB | 0.3/1.3 MB | 93 kB
                                             
Downloaded from central: https://repo.maven.apache.org/maven2/jakarta/validation/jakarta.validation-api/3.0.2/jakarta.validation-api-3.0.2.jar (93 kB at 55 kB/s)
Downloading from central: https://repo.maven.apache.org/maven2/com/jayway/jsonpath/json-path/2.9.0/json-path-2.9.0.jar
Progress (2): 0.8/2.0 MB | 0.3/1.3 MB
Progress (2): 0.8/2.0 MB | 0.3/1.3 MB
Progress (2): 0.8/2.0 MB | 0.3/1.3 MB
Progress (2): 0.8/2.0 MB | 0.3/1.3 MB
Progress (2): 0.8/2.0 MB | 0.3/1.3 MB
Progress (2): 0.8/2.0 MB | 0.3/1.3 MB
Progress (2): 0.8/2.0 MB | 0.3/1.3 MB
Progress (2): 0.8/2.0 MB | 0.4/1.3 MB
Progress (2): 0.8/2.0 MB | 0.4/1.3 MB
Progress (2): 0.8/2.0 MB | 0.4/1.3 MB
Progress (2): 0.8/2.0 MB | 0.4/1.3 MB
Progress (2): 0.8/2.0 MB | 0.4/1.3 MB
Progress (2): 0.9/2.0 MB | 0.4/1.3 MB
Progress (2): 0.9/2.0 MB | 0.4/1.3 MB
Progress (2): 0.9/2.0 MB | 0.4/1.3 MB
Progress (2): 0.9/2.0 MB | 0.4/1.3 MB
Progress (2): 0.9/2.0 MB | 0.4/1.3 MB
Progress (2): 0.9/2.0 MB | 0.5/1.3 MB
Progress (2): 0.9/2.0 MB | 0.5/1.3 MB
Progress (2): 0.9/2.0 MB | 0.5/1.3 MB
Progress (2): 0.9/2.0 MB | 0.5/1.3 MB
Progress (2): 0.9/2.0 MB | 0.5/1.3 MB
Progress (2): 0.9/2.0 MB | 0.5/1.3 MB
Progress (2): 0.9/2.0 MB | 0.5/1.3 MB
Progress (2): 0.9/2.0 MB | 0.5/1.3 MB
Progress (2): 0.9/2.0 MB | 0.5/1.3 MB
Progress (2): 1.0/2.0 MB | 0.5/1.3 MB
Progress (2): 1.0/2.0 MB | 0.5/1.3 MB
Progress (2): 1.0/2.0 MB | 0.5/1.3 MB
Progress (2): 1.0/2.0 MB | 0.5/1.3 MB
Progress (2): 1.0/2.0 MB | 0.6/1.3 MB
Progress (2): 1.0/2.0 MB | 0.6/1.3 MB
Progress (2): 1.0/2.0 MB | 0.6/1.3 MB
Progress (3): 1.0/2.0 MB | 0.6/1.3 MB | 7.7/249 kB
Progress (3): 1.0/2.0 MB | 0.6/1.3 MB | 16/249 kB 
Progress (3): 1.0/2.0 MB | 0.6/1.3 MB | 16/249 kB
Progress (3): 1.0/2.0 MB | 0.6/1.3 MB | 16/249 kB
Progress (3): 1.0/2.0 MB | 0.6/1.3 MB | 32/249 kB
Progress (4): 1.0/2.0 MB | 0.6/1.3 MB | 32/249 kB | 7.7/219 kB
Progress (4): 1.0/2.0 MB | 0.6/1.3 MB | 32/249 kB | 8.2/219 kB
Progress (4): 1.0/2.0 MB | 0.6/1.3 MB | 32/249 kB | 8.2/219 kB
Progress (4): 1.0/2.0 MB | 0.6/1.3 MB | 32/249 kB | 8.2/219 kB
Progress (4): 1.0/2.0 MB | 0.6/1.3 MB | 32/249 kB | 8.2/219 kB
Progress (4): 1.0/2.0 MB | 0.6/1.3 MB | 49/249 kB | 8.2/219 kB
Progress (4): 1.0/2.0 MB | 0.6/1.3 MB | 49/249 kB | 8.2/219 kB
Progress (4): 1.0/2.0 MB | 0.6/1.3 MB | 49/249 kB | 8.2/219 kB
Progress (4): 1.0/2.0 MB | 0.6/1.3 MB | 49/249 kB | 25/219 kB 
Progress (4): 1.0/2.0 MB | 0.6/1.3 MB | 49/249 kB | 25/219 kB
Progress (4): 1.1/2.0 MB | 0.6/1.3 MB | 49/249 kB | 25/219 kB
Progress (4): 1.1/2.0 MB | 0.6/1.3 MB | 65/249 kB | 25/219 kB
Progress (4): 1.1/2.0 MB | 0.6/1.3 MB | 65/249 kB | 25/219 kB
Progress (4): 1.1/2.0 MB | 0.7/1.3 MB | 65/249 kB | 25/219 kB
Progress (4): 1.1/2.0 MB | 0.7/1.3 MB | 81/249 kB | 25/219 kB
Progress (4): 1.1/2.0 MB | 0.7/1.3 MB | 81/249 kB | 25/219 kB
Progress (4): 1.1/2.0 MB | 0.7/1.3 MB | 81/249 kB | 25/219 kB
Progress (4): 1.1/2.0 MB | 0.7/1.3 MB | 98/249 kB | 25/219 kB
Progress (4): 1.1/2.0 MB | 0.7/1.3 MB | 114/249 kB | 25/219 kB
Progress (4): 1.1/2.0 MB | 0.7/1.3 MB | 114/249 kB | 41/219 kB
Progress (4): 1.1/2.0 MB | 0.7/1.3 MB | 114/249 kB | 41/219 kB
Progress (4): 1.1/2.0 MB | 0.7/1.3 MB | 114/249 kB | 57/219 kB
Progress (4): 1.1/2.0 MB | 0.7/1.3 MB | 114/249 kB | 57/219 kB
Progress (5): 1.1/2.0 MB | 0.7/1.3 MB | 114/249 kB | 57/219 kB | 7.7/277 kB
Progress (5): 1.1/2.0 MB | 0.7/1.3 MB | 114/249 kB | 57/219 kB | 16/277 kB 
Progress (5): 1.1/2.0 MB | 0.7/1.3 MB | 131/249 kB | 57/219 kB | 16/277 kB
Progress (5): 1.1/2.0 MB | 0.7/1.3 MB | 131/249 kB | 57/219 kB | 16/277 kB
Progress (5): 1.1/2.0 MB | 0.7/1.3 MB | 131/249 kB | 57/219 kB | 25/277 kB
Progress (5): 1.1/2.0 MB | 0.7/1.3 MB | 131/249 kB | 57/219 kB | 25/277 kB
Progress (5): 1.1/2.0 MB | 0.7/1.3 MB | 131/249 kB | 57/219 kB | 41/277 kB
Progress (5): 1.1/2.0 MB | 0.7/1.3 MB | 147/249 kB | 57/219 kB | 41/277 kB
Progress (5): 1.1/2.0 MB | 0.7/1.3 MB | 147/249 kB | 57/219 kB | 41/277 kB
Progress (5): 1.1/2.0 MB | 0.7/1.3 MB | 147/249 kB | 74/219 kB | 41/277 kB
Progress (5): 1.1/2.0 MB | 0.7/1.3 MB | 147/249 kB | 74/219 kB | 41/277 kB
Progress (5): 1.1/2.0 MB | 0.7/1.3 MB | 147/249 kB | 74/219 kB | 57/277 kB
Progress (5): 1.1/2.0 MB | 0.8/1.3 MB | 147/249 kB | 74/219 kB | 57/277 kB
Progress (5): 1.1/2.0 MB | 0.8/1.3 MB | 163/249 kB | 74/219 kB | 57/277 kB
Progress (5): 1.1/2.0 MB | 0.8/1.3 MB | 163/249 kB | 90/219 kB | 57/277 kB
Progress (5): 1.1/2.0 MB | 0.8/1.3 MB | 163/249 kB | 90/219 kB | 57/277 kB
Progress (5): 1.1/2.0 MB | 0.8/1.3 MB | 163/249 kB | 90/219 kB | 57/277 kB
Progress (5): 1.1/2.0 MB | 0.8/1.3 MB | 163/249 kB | 106/219 kB | 57/277 kB
Progress (5): 1.1/2.0 MB | 0.8/1.3 MB | 163/249 kB | 106/219 kB | 74/277 kB
Progress (5): 1.1/2.0 MB | 0.8/1.3 MB | 180/249 kB | 106/219 kB | 74/277 kB
Progress (5): 1.2/2.0 MB | 0.8/1.3 MB | 180/249 kB | 106/219 kB | 74/277 kB
Progress (5): 1.2/2.0 MB | 0.8/1.3 MB | 180/249 kB | 106/219 kB | 74/277 kB
Progress (5): 1.2/2.0 MB | 0.8/1.3 MB | 180/249 kB | 106/219 kB | 74/277 kB
Progress (5): 1.2/2.0 MB | 0.8/1.3 MB | 180/249 kB | 106/219 kB | 90/277 kB
Progress (5): 1.2/2.0 MB | 0.8/1.3 MB | 196/249 kB | 106/219 kB | 90/277 kB
Progress (5): 1.2/2.0 MB | 0.8/1.3 MB | 196/249 kB | 106/219 kB | 90/277 kB
Progress (5): 1.2/2.0 MB | 0.8/1.3 MB | 196/249 kB | 123/219 kB | 90/277 kB
Progress (5): 1.2/2.0 MB | 0.8/1.3 MB | 196/249 kB | 123/219 kB | 90/277 kB
Progress (5): 1.2/2.0 MB | 0.8/1.3 MB | 196/249 kB | 123/219 kB | 90/277 kB
Progress (5): 1.2/2.0 MB | 0.8/1.3 MB | 196/249 kB | 123/219 kB | 106/277 kB
Progress (5): 1.2/2.0 MB | 0.8/1.3 MB | 196/249 kB | 123/219 kB | 106/277 kB
Progress (5): 1.2/2.0 MB | 0.8/1.3 MB | 196/249 kB | 123/219 kB | 106/277 kB
Progress (5): 1.2/2.0 MB | 0.9/1.3 MB | 196/249 kB | 123/219 kB | 106/277 kB
Progress (5): 1.2/2.0 MB | 0.9/1.3 MB | 196/249 kB | 123/219 kB | 106/277 kB
Progress (5): 1.2/2.0 MB | 0.9/1.3 MB | 196/249 kB | 123/219 kB | 106/277 kB
Progress (5): 1.2/2.0 MB | 0.9/1.3 MB | 212/249 kB | 123/219 kB | 106/277 kB
Progress (5): 1.2/2.0 MB | 0.9/1.3 MB | 212/249 kB | 139/219 kB | 106/277 kB
Progress (5): 1.2/2.0 MB | 0.9/1.3 MB | 212/249 kB | 139/219 kB | 123/277 kB
Progress (5): 1.2/2.0 MB | 0.9/1.3 MB | 212/249 kB | 139/219 kB | 123/277 kB
Progress (5): 1.2/2.0 MB | 0.9/1.3 MB | 229/249 kB | 139/219 kB | 123/277 kB
Progress (5): 1.2/2.0 MB | 0.9/1.3 MB | 235/249 kB | 139/219 kB | 123/277 kB
Progress (5): 1.2/2.0 MB | 0.9/1.3 MB | 235/249 kB | 139/219 kB | 123/277 kB
Progress (5): 1.2/2.0 MB | 0.9/1.3 MB | 235/249 kB | 139/219 kB | 123/277 kB
Progress (5): 1.2/2.0 MB | 0.9/1.3 MB | 235/249 kB | 139/219 kB | 139/277 kB
Progress (5): 1.2/2.0 MB | 0.9/1.3 MB | 235/249 kB | 139/219 kB | 139/277 kB
Progress (5): 1.3/2.0 MB | 0.9/1.3 MB | 235/249 kB | 139/219 kB | 139/277 kB
Progress (5): 1.3/2.0 MB | 0.9/1.3 MB | 235/249 kB | 156/219 kB | 139/277 kB
Progress (5): 1.3/2.0 MB | 0.9/1.3 MB | 249 kB | 156/219 kB | 139/277 kB    
Progress (5): 1.3/2.0 MB | 0.9/1.3 MB | 249 kB | 156/219 kB | 156/277 kB
                                                                        
Downloaded from central: https://repo.maven.apache.org/maven2/org/springframework/boot/spring-boot-test/3.3.3/spring-boot-test-3.3.3.jar (249 kB at 143 kB/s)
Downloading from central: https://repo.maven.apache.org/maven2/jakarta/xml/bind/jakarta.xml.bind-api/4.0.2/jakarta.xml.bind-api-4.0.2.jar
Progress (4): 1.3/2.0 MB | 0.9/1.3 MB | 156/219 kB | 156/277 kB
Progress (4): 1.3/2.0 MB | 0.9/1.3 MB | 156/219 kB | 156/277 kB
Progress (4): 1.3/2.0 MB | 0.9/1.3 MB | 172/219 kB | 156/277 kB
Progress (4): 1.3/2.0 MB | 0.9/1.3 MB | 172/219 kB | 172/277 kB
Progress (4): 1.3/2.0 MB | 0.9/1.3 MB | 172/219 kB | 172/277 kB
Progress (4): 1.3/2.0 MB | 0.9/1.3 MB | 188/219 kB | 172/277 kB
Progress (4): 1.3/2.0 MB | 0.9/1.3 MB | 188/219 kB | 172/277 kB
Progress (4): 1.3/2.0 MB | 0.9/1.3 MB | 188/219 kB | 188/277 kB
Progress (4): 1.3/2.0 MB | 0.9/1.3 MB | 205/219 kB | 188/277 kB
Progress (4): 1.3/2.0 MB | 0.9/1.3 MB | 205/219 kB | 188/277 kB
Progress (4): 1.3/2.0 MB | 0.9/1.3 MB | 205/219 kB | 205/277 kB
Progress (4): 1.3/2.0 MB | 1.0/1.3 MB | 205/219 kB | 205/277 kB
Progress (4): 1.3/2.0 MB | 1.0/1.3 MB | 205/219 kB | 205/277 kB
Progress (4): 1.3/2.0 MB | 1.0/1.3 MB | 205/219 kB | 221/277 kB
Progress (4): 1.3/2.0 MB | 1.0/1.3 MB | 219 kB | 221/277 kB    
Progress (4): 1.3/2.0 MB | 1.0/1.3 MB | 219 kB | 221/277 kB
Progress (4): 1.3/2.0 MB | 1.0/1.3 MB | 219 kB | 238/277 kB
Progress (4): 1.3/2.0 MB | 1.0/1.3 MB | 219 kB | 238/277 kB
                                                           
Downloaded from central: https://repo.maven.apache.org/maven2/org/springframework/boot/spring-boot-test-autoconfigure/3.3.3/spring-boot-test-autoconfigure-3.3.3.jar (219 kB at 126 kB/s)
Downloading from central: https://repo.maven.apache.org/maven2/jakarta/activation/jakarta.activation-api/2.1.3/jakarta.activation-api-2.1.3.jar
Progress (3): 1.4/2.0 MB | 1.0/1.3 MB | 238/277 kB
Progress (3): 1.4/2.0 MB | 1.0/1.3 MB | 238/277 kB
Progress (3): 1.4/2.0 MB | 1.0/1.3 MB | 238/277 kB
Progress (3): 1.4/2.0 MB | 1.0/1.3 MB | 254/277 kB
Progress (3): 1.4/2.0 MB | 1.0/1.3 MB | 254/277 kB
Progress (3): 1.4/2.0 MB | 1.0/1.3 MB | 270/277 kB
Progress (3): 1.4/2.0 MB | 1.0/1.3 MB | 277 kB    
Progress (3): 1.4/2.0 MB | 1.0/1.3 MB | 277 kB
                                              
Downloaded from central: https://repo.maven.apache.org/maven2/com/jayway/jsonpath/json-path/2.9.0/json-path-2.9.0.jar (277 kB at 158 kB/s)
Progress (2): 1.4/2.0 MB | 1.0/1.3 MB
                                     
Downloading from central: https://repo.maven.apache.org/maven2/net/minidev/json-smart/2.5.1/json-smart-2.5.1.jar
Progress (2): 1.4/2.0 MB | 1.0/1.3 MB
Progress (2): 1.4/2.0 MB | 1.0/1.3 MB
Progress (2): 1.4/2.0 MB | 1.0/1.3 MB
Progress (2): 1.4/2.0 MB | 1.1/1.3 MB
Progress (2): 1.4/2.0 MB | 1.1/1.3 MB
Progress (2): 1.5/2.0 MB | 1.1/1.3 MB
Progress (2): 1.5/2.0 MB | 1.1/1.3 MB
Progress (2): 1.5/2.0 MB | 1.1/1.3 MB
Progress (2): 1.5/2.0 MB | 1.1/1.3 MB
Progress (2): 1.5/2.0 MB | 1.1/1.3 MB
Progress (2): 1.5/2.0 MB | 1.1/1.3 MB
Progress (2): 1.5/2.0 MB | 1.1/1.3 MB
Progress (2): 1.5/2.0 MB | 1.1/1.3 MB
Progress (2): 1.5/2.0 MB | 1.1/1.3 MB
Progress (2): 1.5/2.0 MB | 1.1/1.3 MB
Progress (2): 1.5/2.0 MB | 1.1/1.3 MB
Progress (2): 1.6/2.0 MB | 1.1/1.3 MB
Progress (2): 1.6/2.0 MB | 1.2/1.3 MB
Progress (2): 1.6/2.0 MB | 1.2/1.3 MB
Progress (2): 1.6/2.0 MB | 1.2/1.3 MB
Progress (2): 1.6/2.0 MB | 1.2/1.3 MB
Progress (2): 1.6/2.0 MB | 1.2/1.3 MB
Progress (2): 1.6/2.0 MB | 1.2/1.3 MB
Progress (2): 1.6/2.0 MB | 1.2/1.3 MB
Progress (2): 1.6/2.0 MB | 1.2/1.3 MB
Progress (2): 1.6/2.0 MB | 1.2/1.3 MB
Progress (2): 1.6/2.0 MB | 1.2/1.3 MB
Progress (2): 1.6/2.0 MB | 1.2/1.3 MB
Progress (2): 1.6/2.0 MB | 1.2/1.3 MB
Progress (2): 1.6/2.0 MB | 1.3/1.3 MB
Progress (2): 1.7/2.0 MB | 1.3/1.3 MB
Progress (2): 1.7/2.0 MB | 1.3/1.3 MB
Progress (2): 1.7/2.0 MB | 1.3/1.3 MB
Progress (2): 1.7/2.0 MB | 1.3/1.3 MB
Progress (2): 1.7/2.0 MB | 1.3/1.3 MB
Progress (2): 1.7/2.0 MB | 1.3/1.3 MB
Progress (2): 1.7/2.0 MB | 1.3/1.3 MB
Progress (2): 1.7/2.0 MB | 1.3/1.3 MB
Progress (2): 1.7/2.0 MB | 1.3/1.3 MB
Progress (2): 1.7/2.0 MB | 1.3/1.3 MB
Progress (2): 1.7/2.0 MB | 1.3 MB    
                                 
Downloaded from central: https://repo.maven.apache.org/maven2/org/hibernate/validator/hibernate-validator/8.0.1.Final/hibernate-validator-8.0.1.Final.jar (1.3 MB at 751 kB/s)
Downloading from central: https://repo.maven.apache.org/maven2/net/minidev/accessors-smart/2.5.1/accessors-smart-2.5.1.jar
Progress (1): 1.7/2.0 MB
Progress (1): 1.7/2.0 MB
Progress (1): 1.8/2.0 MB
Progress (1): 1.8/2.0 MB
Progress (1): 1.8/2.0 MB
Progress (1): 1.8/2.0 MB
Progress (1): 1.8/2.0 MB
Progress (1): 1.8/2.0 MB
Progress (1): 1.9/2.0 MB
Progress (1): 1.9/2.0 MB
Progress (1): 1.9/2.0 MB
Progress (1): 1.9/2.0 MB
Progress (1): 1.9/2.0 MB
Progress (1): 1.9/2.0 MB
Progress (1): 2.0 MB    
                    
Downloaded from central: https://repo.maven.apache.org/maven2/io/prometheus/prometheus-metrics-shaded-protobuf/1.2.1/prometheus-metrics-shaded-protobuf-1.2.1.jar (2.0 MB at 1.1 MB/s)
Downloading from central: https://repo.maven.apache.org/maven2/org/ow2/asm/asm/9.6/asm-9.6.jar
Progress (1): 3.8/131 kB
Progress (1): 20/131 kB 
Progress (1): 37/131 kB
Progress (1): 53/131 kB
Progress (1): 69/131 kB
Progress (2): 69/131 kB | 3.7/67 kB
Progress (2): 69/131 kB | 20/67 kB 
Progress (2): 86/131 kB | 20/67 kB
Progress (3): 86/131 kB | 20/67 kB | 7.7/122 kB
Progress (3): 86/131 kB | 20/67 kB | 16/122 kB 
Progress (3): 102/131 kB | 20/67 kB | 16/122 kB
Progress (3): 102/131 kB | 36/67 kB | 16/122 kB
Progress (3): 102/131 kB | 36/67 kB | 25/122 kB
Progress (3): 102/131 kB | 53/67 kB | 25/122 kB
Progress (3): 118/131 kB | 53/67 kB | 25/122 kB
Progress (3): 118/131 kB | 53/67 kB | 41/122 kB
Progress (3): 118/131 kB | 67 kB | 41/122 kB   
Progress (3): 131 kB | 67 kB | 41/122 kB    
Progress (3): 131 kB | 67 kB | 57/122 kB
                                        
Downloaded from central: https://repo.maven.apache.org/maven2/jakarta/xml/bind/jakarta.xml.bind-api/4.0.2/jakarta.xml.bind-api-4.0.2.jar (131 kB at 73 kB/s)
Downloaded from central: https://repo.maven.apache.org/maven2/jakarta/activation/jakarta.activation-api/2.1.3/jakarta.activation-api-2.1.3.jar (67 kB at 37 kB/s)
Downloading from central: https://repo.maven.apache.org/maven2/org/awaitility/awaitility/4.2.2/awaitility-4.2.2.jar
Downloading from central: https://repo.maven.apache.org/maven2/org/hamcrest/hamcrest/2.2/hamcrest-2.2.jar
Progress (1): 74/122 kB
Progress (1): 90/122 kB
Progress (1): 106/122 kB
Progress (1): 122 kB    
                    
Downloaded from central: https://repo.maven.apache.org/maven2/net/minidev/json-smart/2.5.1/json-smart-2.5.1.jar (122 kB at 68 kB/s)
Downloading from central: https://repo.maven.apache.org/maven2/org/junit/jupiter/junit-jupiter/5.10.3/junit-jupiter-5.10.3.jar
Progress (1): 3.7/30 kB
Progress (1): 20/30 kB 
Progress (1): 30 kB   
                   
Downloaded from central: https://repo.maven.apache.org/maven2/net/minidev/accessors-smart/2.5.1/accessors-smart-2.5.1.jar (30 kB at 17 kB/s)
Downloading from central: https://repo.maven.apache.org/maven2/org/junit/jupiter/junit-jupiter-api/5.10.3/junit-jupiter-api-5.10.3.jar
Progress (1): 7.7/124 kB
Progress (1): 16/124 kB 
Progress (1): 20/124 kB
Progress (1): 36/124 kB
Progress (1): 53/124 kB
Progress (1): 69/124 kB
Progress (1): 86/124 kB
Progress (1): 102/124 kB
Progress (1): 118/124 kB
Progress (1): 124 kB    
                    
Downloaded from central: https://repo.maven.apache.org/maven2/org/ow2/asm/asm/9.6/asm-9.6.jar (124 kB at 68 kB/s)
Downloading from central: https://repo.maven.apache.org/maven2/org/opentest4j/opentest4j/1.3.0/opentest4j-1.3.0.jar
Progress (1): 7.7/123 kB
Progress (1): 16/123 kB 
Progress (2): 16/123 kB | 6.4 kB
Progress (2): 32/123 kB | 6.4 kB
                                
Downloaded from central: https://repo.maven.apache.org/maven2/org/junit/jupiter/junit-jupiter/5.10.3/junit-jupiter-5.10.3.jar (6.4 kB at 3.5 kB/s)
Downloading from central: https://repo.maven.apache.org/maven2/org/junit/platform/junit-platform-commons/1.10.3/junit-platform-commons-1.10.3.jar
Progress (1): 49/123 kB
Progress (1): 65/123 kB
Progress (1): 81/123 kB
Progress (1): 98/123 kB
Progress (1): 114/123 kB
Progress (1): 123 kB    
                    
Downloaded from central: https://repo.maven.apache.org/maven2/org/hamcrest/hamcrest/2.2/hamcrest-2.2.jar (123 kB at 68 kB/s)
Downloading from central: https://repo.maven.apache.org/maven2/org/apiguardian/apiguardian-api/1.1.2/apiguardian-api-1.1.2.jar
Progress (1): 7.7/97 kB
Progress (1): 16/97 kB 
Progress (1): 20/97 kB
Progress (1): 36/97 kB
Progress (1): 53/97 kB
Progress (1): 69/97 kB
Progress (1): 86/97 kB
Progress (1): 97 kB   
                   
Downloaded from central: https://repo.maven.apache.org/maven2/org/awaitility/awaitility/4.2.2/awaitility-4.2.2.jar (97 kB at 54 kB/s)
Downloading from central: https://repo.maven.apache.org/maven2/org/junit/jupiter/junit-jupiter-params/5.10.3/junit-jupiter-params-5.10.3.jar
Progress (1): 7.7/211 kB
Progress (1): 16/211 kB 
Progress (1): 20/211 kB
Progress (2): 20/211 kB | 7.7/14 kB
Progress (2): 20/211 kB | 8.2/14 kB
Progress (2): 20/211 kB | 14 kB    
Progress (2): 36/211 kB | 14 kB
                               
Downloaded from central: https://repo.maven.apache.org/maven2/org/opentest4j/opentest4j/1.3.0/opentest4j-1.3.0.jar (14 kB at 7.8 kB/s)
Downloading from central: https://repo.maven.apache.org/maven2/org/junit/jupiter/junit-jupiter-engine/5.10.3/junit-jupiter-engine-5.10.3.jar
Progress (1): 53/211 kB
Progress (1): 69/211 kB
Progress (1): 86/211 kB
Progress (1): 102/211 kB
Progress (1): 118/211 kB
Progress (1): 135/211 kB
Progress (1): 151/211 kB
Progress (2): 151/211 kB | 7.7/106 kB
Progress (2): 151/211 kB | 16/106 kB 
Progress (2): 151/211 kB | 20/106 kB
Progress (2): 168/211 kB | 20/106 kB
Progress (2): 168/211 kB | 36/106 kB
Progress (2): 184/211 kB | 36/106 kB
Progress (2): 200/211 kB | 36/106 kB
Progress (2): 200/211 kB | 53/106 kB
Progress (2): 211 kB | 53/106 kB    
Progress (2): 211 kB | 69/106 kB
                                
Downloaded from central: https://repo.maven.apache.org/maven2/org/junit/jupiter/junit-jupiter-api/5.10.3/junit-jupiter-api-5.10.3.jar (211 kB at 115 kB/s)
Downloading from central: https://repo.maven.apache.org/maven2/org/junit/platform/junit-platform-engine/1.10.3/junit-platform-engine-1.10.3.jar
Progress (1): 86/106 kB
Progress (1): 102/106 kB
Progress (1): 106 kB    
                    
Downloaded from central: https://repo.maven.apache.org/maven2/org/junit/platform/junit-platform-commons/1.10.3/junit-platform-commons-1.10.3.jar (106 kB at 58 kB/s)
Downloading from central: https://repo.maven.apache.org/maven2/org/mockito/mockito-core/5.11.0/mockito-core-5.11.0.jar
Progress (1): 3.7/586 kB
Progress (1): 20/586 kB 
Progress (1): 36/586 kB
Progress (1): 53/586 kB
Progress (1): 69/586 kB
Progress (1): 86/586 kB
Progress (1): 102/586 kB
Progress (1): 118/586 kB
Progress (1): 135/586 kB
Progress (1): 151/586 kB
Progress (1): 168/586 kB
Progress (1): 183/586 kB
Progress (1): 200/586 kB
Progress (1): 216/586 kB
Progress (1): 233/586 kB
Progress (1): 249/586 kB
Progress (1): 265/586 kB
Progress (1): 282/586 kB
Progress (1): 298/586 kB
Progress (1): 315/586 kB
Progress (1): 331/586 kB
Progress (1): 347/586 kB
Progress (1): 364/586 kB
Progress (1): 368/586 kB
Progress (1): 384/586 kB
Progress (1): 401/586 kB
Progress (1): 417/586 kB
Progress (1): 433/586 kB
Progress (1): 450/586 kB
Progress (2): 450/586 kB | 7.7/704 kB
Progress (2): 450/586 kB | 16/704 kB 
Progress (2): 450/586 kB | 20/704 kB
Progress (2): 466/586 kB | 20/704 kB
Progress (2): 466/586 kB | 37/704 kB
Progress (2): 482/586 kB | 37/704 kB
Progress (3): 482/586 kB | 37/704 kB | 3.7/6.8 kB
Progress (3): 482/586 kB | 37/704 kB | 6.8 kB    
                                             
Downloaded from central: https://repo.maven.apache.org/maven2/org/apiguardian/apiguardian-api/1.1.2/apiguardian-api-1.1.2.jar (6.8 kB at 3.7 kB/s)
Downloading from central: https://repo.maven.apache.org/maven2/net/bytebuddy/byte-buddy-agent/1.14.19/byte-buddy-agent-1.14.19.jar
Progress (2): 499/586 kB | 37/704 kB
Progress (2): 499/586 kB | 53/704 kB
Progress (2): 515/586 kB | 53/704 kB
Progress (2): 515/586 kB | 69/704 kB
Progress (2): 532/586 kB | 69/704 kB
Progress (2): 532/586 kB | 86/704 kB
Progress (2): 548/586 kB | 86/704 kB
Progress (2): 548/586 kB | 102/704 kB
Progress (3): 548/586 kB | 102/704 kB | 7.7/205 kB
Progress (3): 548/586 kB | 102/704 kB | 16/205 kB 
Progress (3): 548/586 kB | 118/704 kB | 16/205 kB
Progress (3): 548/586 kB | 118/704 kB | 20/205 kB
Progress (3): 564/586 kB | 118/704 kB | 20/205 kB
Progress (3): 564/586 kB | 135/704 kB | 20/205 kB
Progress (3): 581/586 kB | 135/704 kB | 20/205 kB
Progress (3): 586 kB | 135/704 kB | 20/205 kB    
                                             
Downloaded from central: https://repo.maven.apache.org/maven2/org/junit/jupiter/junit-jupiter-params/5.10.3/junit-jupiter-params-5.10.3.jar (586 kB at 314 kB/s)
Progress (2): 151/704 kB | 20/205 kB
                                    
Downloading from central: https://repo.maven.apache.org/maven2/org/objenesis/objenesis/3.3/objenesis-3.3.jar
Progress (2): 168/704 kB | 20/205 kB
Progress (2): 168/704 kB | 36/205 kB
Progress (2): 184/704 kB | 36/205 kB
Progress (2): 200/704 kB | 36/205 kB
Progress (2): 200/704 kB | 53/205 kB
Progress (3): 200/704 kB | 53/205 kB | 7.7/245 kB
Progress (3): 200/704 kB | 53/205 kB | 16/245 kB 
Progress (3): 217/704 kB | 53/205 kB | 16/245 kB
Progress (3): 217/704 kB | 53/205 kB | 25/245 kB
Progress (3): 217/704 kB | 69/205 kB | 25/245 kB
Progress (3): 233/704 kB | 69/205 kB | 25/245 kB
Progress (3): 233/704 kB | 86/205 kB | 25/245 kB
Progress (3): 250/704 kB | 86/205 kB | 25/245 kB
Progress (3): 250/704 kB | 86/205 kB | 41/245 kB
Progress (3): 250/704 kB | 102/205 kB | 41/245 kB
Progress (3): 250/704 kB | 102/205 kB | 57/245 kB
Progress (3): 250/704 kB | 102/205 kB | 74/245 kB
Progress (3): 266/704 kB | 102/205 kB | 74/245 kB
Progress (3): 266/704 kB | 118/205 kB | 74/245 kB
Progress (3): 266/704 kB | 118/205 kB | 90/245 kB
Progress (3): 278/704 kB | 118/205 kB | 90/245 kB
Progress (3): 278/704 kB | 135/205 kB | 90/245 kB
Progress (3): 278/704 kB | 135/205 kB | 106/245 kB
Progress (3): 295/704 kB | 135/205 kB | 106/245 kB
Progress (3): 295/704 kB | 151/205 kB | 106/245 kB
Progress (3): 311/704 kB | 151/205 kB | 106/245 kB
Progress (3): 311/704 kB | 151/205 kB | 123/245 kB
Progress (3): 327/704 kB | 151/205 kB | 123/245 kB
Progress (3): 327/704 kB | 151/205 kB | 139/245 kB
Progress (3): 344/704 kB | 151/205 kB | 139/245 kB
Progress (3): 344/704 kB | 168/205 kB | 139/245 kB
Progress (3): 344/704 kB | 168/205 kB | 156/245 kB
Progress (3): 360/704 kB | 168/205 kB | 156/245 kB
Progress (3): 360/704 kB | 168/205 kB | 172/245 kB
Progress (3): 360/704 kB | 184/205 kB | 172/245 kB
Progress (3): 377/704 kB | 184/205 kB | 172/245 kB
Progress (3): 377/704 kB | 184/205 kB | 188/245 kB
Progress (3): 377/704 kB | 200/205 kB | 188/245 kB
Progress (3): 377/704 kB | 204/205 kB | 188/245 kB
Progress (3): 377/704 kB | 205 kB | 188/245 kB    
                                              
Downloaded from central: https://repo.maven.apache.org/maven2/org/junit/platform/junit-platform-engine/1.10.3/junit-platform-engine-1.10.3.jar (205 kB at 109 kB/s)
Downloading from central: https://repo.maven.apache.org/maven2/org/mockito/mockito-junit-jupiter/5.11.0/mockito-junit-jupiter-5.11.0.jar
Progress (2): 393/704 kB | 188/245 kB
Progress (2): 393/704 kB | 205/245 kB
Progress (2): 393/704 kB | 221/245 kB
Progress (2): 409/704 kB | 221/245 kB
Progress (2): 409/704 kB | 227/245 kB
Progress (2): 409/704 kB | 244/245 kB
Progress (2): 409/704 kB | 245 kB    
Progress (2): 422/704 kB | 245 kB
                                 
Downloaded from central: https://repo.maven.apache.org/maven2/org/junit/jupiter/junit-jupiter-engine/5.10.3/junit-jupiter-engine-5.10.3.jar (245 kB at 129 kB/s)
Downloading from central: https://repo.maven.apache.org/maven2/org/skyscreamer/jsonassert/1.5.3/jsonassert-1.5.3.jar
Progress (1): 438/704 kB
Progress (1): 455/704 kB
Progress (1): 471/704 kB
Progress (1): 487/704 kB
Progress (1): 504/704 kB
Progress (2): 504/704 kB | 7.7/263 kB
Progress (3): 504/704 kB | 7.7/263 kB | 7.7/49 kB
Progress (3): 504/704 kB | 16/263 kB | 7.7/49 kB 
Progress (3): 504/704 kB | 16/263 kB | 16/49 kB 
Progress (3): 504/704 kB | 16/263 kB | 25/49 kB
Progress (3): 504/704 kB | 20/263 kB | 25/49 kB
Progress (3): 520/704 kB | 20/263 kB | 25/49 kB
Progress (3): 537/704 kB | 20/263 kB | 25/49 kB
Progress (3): 537/704 kB | 36/263 kB | 25/49 kB
Progress (3): 553/704 kB | 36/263 kB | 25/49 kB
Progress (3): 553/704 kB | 36/263 kB | 41/49 kB
Progress (3): 553/704 kB | 36/263 kB | 49 kB   
Progress (3): 553/704 kB | 53/263 kB | 49 kB
Progress (3): 569/704 kB | 53/263 kB | 49 kB
                                            
Downloaded from central: https://repo.maven.apache.org/maven2/org/objenesis/objenesis/3.3/objenesis-3.3.jar (49 kB at 26 kB/s)
Downloading from central: https://repo.maven.apache.org/maven2/com/vaadin/external/google/android-json/0.0.20131108.vaadin1/android-json-0.0.20131108.vaadin1.jar
Progress (2): 586/704 kB | 53/263 kB
Progress (2): 586/704 kB | 69/263 kB
Progress (2): 602/704 kB | 69/263 kB
Progress (2): 618/704 kB | 69/263 kB
Progress (2): 618/704 kB | 86/263 kB
Progress (2): 618/704 kB | 102/263 kB
Progress (2): 635/704 kB | 102/263 kB
Progress (2): 651/704 kB | 102/263 kB
Progress (2): 651/704 kB | 118/263 kB
Progress (2): 651/704 kB | 135/263 kB
Progress (2): 651/704 kB | 151/263 kB
Progress (2): 668/704 kB | 151/263 kB
Progress (2): 668/704 kB | 168/263 kB
Progress (2): 684/704 kB | 168/263 kB
Progress (2): 700/704 kB | 168/263 kB
Progress (2): 704 kB | 168/263 kB    
                                 
Downloaded from central: https://repo.maven.apache.org/maven2/org/mockito/mockito-core/5.11.0/mockito-core-5.11.0.jar (704 kB at 369 kB/s)
Downloading from central: https://repo.maven.apache.org/maven2/org/springframework/spring-core/6.1.12/spring-core-6.1.12.jar
Progress (1): 184/263 kB
Progress (2): 184/263 kB | 3.7/31 kB
Progress (3): 184/263 kB | 3.7/31 kB | 3.7/8.9 kB
Progress (3): 184/263 kB | 3.7/31 kB | 8.9 kB    
                                             
Downloaded from central: https://repo.maven.apache.org/maven2/org/mockito/mockito-junit-jupiter/5.11.0/mockito-junit-jupiter-5.11.0.jar (8.9 kB at 4.6 kB/s)
Downloading from central: https://repo.maven.apache.org/maven2/org/springframework/spring-jcl/6.1.12/spring-jcl-6.1.12.jar
Progress (2): 184/263 kB | 20/31 kB
Progress (2): 184/263 kB | 31 kB   
Progress (2): 200/263 kB | 31 kB
                                
Downloaded from central: https://repo.maven.apache.org/maven2/org/skyscreamer/jsonassert/1.5.3/jsonassert-1.5.3.jar (31 kB at 16 kB/s)
Downloading from central: https://repo.maven.apache.org/maven2/org/springframework/spring-test/6.1.12/spring-test-6.1.12.jar
Progress (1): 217/263 kB
Progress (1): 233/263 kB
Progress (1): 249/263 kB
Progress (1): 263 kB    
                    
Downloaded from central: https://repo.maven.apache.org/maven2/net/bytebuddy/byte-buddy-agent/1.14.19/byte-buddy-agent-1.14.19.jar (263 kB at 135 kB/s)
Downloading from central: https://repo.maven.apache.org/maven2/org/xmlunit/xmlunit-core/2.9.1/xmlunit-core-2.9.1.jar
Progress (1): 0/1.9 MB
Progress (1): 0/1.9 MB
Progress (1): 0/1.9 MB
Progress (2): 0/1.9 MB | 7.7/18 kB
Progress (2): 0/1.9 MB | 7.7/18 kB
Progress (2): 0/1.9 MB | 8.2/18 kB
Progress (2): 0/1.9 MB | 18 kB    
Progress (2): 0.1/1.9 MB | 18 kB
                                
Downloaded from central: https://repo.maven.apache.org/maven2/com/vaadin/external/google/android-json/0.0.20131108.vaadin1/android-json-0.0.20131108.vaadin1.jar (18 kB at 9.3 kB/s)
Downloading from central: https://repo.maven.apache.org/maven2/org/assertj/assertj-core/3.25.3/assertj-core-3.25.3.jar
Progress (1): 0.1/1.9 MB
Progress (1): 0.1/1.9 MB
Progress (1): 0.1/1.9 MB
Progress (1): 0.1/1.9 MB
Progress (1): 0.1/1.9 MB
Progress (1): 0.2/1.9 MB
Progress (1): 0.2/1.9 MB
Progress (1): 0.2/1.9 MB
Progress (1): 0.2/1.9 MB
Progress (1): 0.2/1.9 MB
Progress (1): 0.2/1.9 MB
Progress (1): 0.3/1.9 MB
Progress (1): 0.3/1.9 MB
Progress (1): 0.3/1.9 MB
Progress (1): 0.3/1.9 MB
Progress (1): 0.3/1.9 MB
Progress (2): 0.3/1.9 MB | 7.7/856 kB
Progress (3): 0.3/1.9 MB | 7.7/856 kB | 7.7/25 kB
Progress (3): 0.3/1.9 MB | 7.7/856 kB | 8.2/25 kB
Progress (3): 0.3/1.9 MB | 16/856 kB | 8.2/25 kB 
Progress (3): 0.3/1.9 MB | 25/856 kB | 8.2/25 kB
Progress (3): 0.3/1.9 MB | 25/856 kB | 25 kB    
Progress (3): 0.3/1.9 MB | 25/856 kB | 25 kB
                                            
Downloaded from central: https://repo.maven.apache.org/maven2/org/springframework/spring-jcl/6.1.12/spring-jcl-6.1.12.jar (25 kB at 12 kB/s)
Downloading from central: https://repo.maven.apache.org/maven2/net/bytebuddy/byte-buddy/1.14.19/byte-buddy-1.14.19.jar
Progress (3): 0.3/1.9 MB | 25/856 kB | 3.7/175 kB
Progress (3): 0.3/1.9 MB | 25/856 kB | 3.7/175 kB
Progress (3): 0.3/1.9 MB | 41/856 kB | 3.7/175 kB
Progress (3): 0.4/1.9 MB | 41/856 kB | 3.7/175 kB
Progress (3): 0.4/1.9 MB | 57/856 kB | 3.7/175 kB
Progress (3): 0.4/1.9 MB | 57/856 kB | 20/175 kB 
Progress (3): 0.4/1.9 MB | 57/856 kB | 20/175 kB
Progress (3): 0.4/1.9 MB | 74/856 kB | 20/175 kB
Progress (3): 0.4/1.9 MB | 74/856 kB | 36/175 kB
Progress (3): 0.4/1.9 MB | 90/856 kB | 36/175 kB
Progress (3): 0.4/1.9 MB | 90/856 kB | 36/175 kB
Progress (3): 0.4/1.9 MB | 90/856 kB | 53/175 kB
Progress (3): 0.4/1.9 MB | 90/856 kB | 69/175 kB
Progress (3): 0.4/1.9 MB | 90/856 kB | 86/175 kB
Progress (3): 0.4/1.9 MB | 90/856 kB | 86/175 kB
Progress (3): 0.4/1.9 MB | 90/856 kB | 102/175 kB
Progress (3): 0.4/1.9 MB | 106/856 kB | 102/175 kB
Progress (3): 0.4/1.9 MB | 106/856 kB | 102/175 kB
Progress (3): 0.4/1.9 MB | 106/856 kB | 118/175 kB
Progress (3): 0.4/1.9 MB | 123/856 kB | 118/175 kB
Progress (3): 0.4/1.9 MB | 139/856 kB | 118/175 kB
Progress (4): 0.4/1.9 MB | 139/856 kB | 118/175 kB | 0/1.4 MB
Progress (4): 0.4/1.9 MB | 139/856 kB | 118/175 kB | 0/1.4 MB
Progress (4): 0.4/1.9 MB | 139/856 kB | 118/175 kB | 0/1.4 MB
Progress (4): 0.4/1.9 MB | 156/856 kB | 118/175 kB | 0/1.4 MB
Progress (4): 0.4/1.9 MB | 156/856 kB | 135/175 kB | 0/1.4 MB
Progress (4): 0.4/1.9 MB | 156/856 kB | 135/175 kB | 0/1.4 MB
Progress (4): 0.5/1.9 MB | 156/856 kB | 135/175 kB | 0/1.4 MB
Progress (4): 0.5/1.9 MB | 172/856 kB | 135/175 kB | 0/1.4 MB
Progress (4): 0.5/1.9 MB | 172/856 kB | 151/175 kB | 0/1.4 MB
Progress (4): 0.5/1.9 MB | 172/856 kB | 151/175 kB | 0/1.4 MB
Progress (4): 0.5/1.9 MB | 172/856 kB | 151/175 kB | 0/1.4 MB
Progress (4): 0.5/1.9 MB | 188/856 kB | 151/175 kB | 0/1.4 MB
Progress (4): 0.5/1.9 MB | 188/856 kB | 151/175 kB | 0/1.4 MB
Progress (4): 0.5/1.9 MB | 188/856 kB | 168/175 kB | 0/1.4 MB
Progress (4): 0.5/1.9 MB | 188/856 kB | 175 kB | 0/1.4 MB    
Progress (4): 0.5/1.9 MB | 188/856 kB | 175 kB | 0.1/1.4 MB
Progress (4): 0.5/1.9 MB | 205/856 kB | 175 kB | 0.1/1.4 MB
                                                           
Downloaded from central: https://repo.maven.apache.org/maven2/org/xmlunit/xmlunit-core/2.9.1/xmlunit-core-2.9.1.jar (175 kB at 86 kB/s)
Downloading from central: https://repo.maven.apache.org/maven2/io/rest-assured/rest-assured/5.5.0/rest-assured-5.5.0.jar
Progress (3): 0.5/1.9 MB | 205/856 kB | 0.1/1.4 MB
Progress (3): 0.5/1.9 MB | 205/856 kB | 0.1/1.4 MB
Progress (3): 0.5/1.9 MB | 205/856 kB | 0.1/1.4 MB
Progress (3): 0.5/1.9 MB | 205/856 kB | 0.1/1.4 MB
Progress (3): 0.5/1.9 MB | 221/856 kB | 0.1/1.4 MB
Progress (3): 0.5/1.9 MB | 221/856 kB | 0.1/1.4 MB
Progress (3): 0.5/1.9 MB | 238/856 kB | 0.1/1.4 MB
Progress (3): 0.5/1.9 MB | 238/856 kB | 0.1/1.4 MB
Progress (3): 0.5/1.9 MB | 254/856 kB | 0.1/1.4 MB
Progress (3): 0.5/1.9 MB | 254/856 kB | 0.1/1.4 MB
Progress (3): 0.5/1.9 MB | 254/856 kB | 0.1/1.4 MB
Progress (3): 0.5/1.9 MB | 270/856 kB | 0.1/1.4 MB
Progress (3): 0.6/1.9 MB | 270/856 kB | 0.1/1.4 MB
Progress (3): 0.6/1.9 MB | 270/856 kB | 0.2/1.4 MB
Progress (3): 0.6/1.9 MB | 270/856 kB | 0.2/1.4 MB
Progress (3): 0.6/1.9 MB | 287/856 kB | 0.2/1.4 MB
Progress (3): 0.6/1.9 MB | 287/856 kB | 0.2/1.4 MB
Progress (3): 0.6/1.9 MB | 287/856 kB | 0.2/1.4 MB
Progress (3): 0.6/1.9 MB | 287/856 kB | 0.2/1.4 MB
Progress (3): 0.6/1.9 MB | 287/856 kB | 0.2/1.4 MB
Progress (3): 0.6/1.9 MB | 303/856 kB | 0.2/1.4 MB
Progress (3): 0.6/1.9 MB | 303/856 kB | 0.2/1.4 MB
Progress (3): 0.6/1.9 MB | 303/856 kB | 0.2/1.4 MB
Progress (3): 0.6/1.9 MB | 319/856 kB | 0.2/1.4 MB
Progress (3): 0.6/1.9 MB | 319/856 kB | 0.2/1.4 MB
Progress (3): 0.6/1.9 MB | 319/856 kB | 0.2/1.4 MB
Progress (3): 0.6/1.9 MB | 336/856 kB | 0.2/1.4 MB
Progress (3): 0.6/1.9 MB | 336/856 kB | 0.2/1.4 MB
Progress (3): 0.6/1.9 MB | 352/856 kB | 0.2/1.4 MB
Progress (3): 0.6/1.9 MB | 352/856 kB | 0.2/1.4 MB
Progress (3): 0.6/1.9 MB | 352/856 kB | 0.3/1.4 MB
Progress (3): 0.7/1.9 MB | 352/856 kB | 0.3/1.4 MB
Progress (3): 0.7/1.9 MB | 352/856 kB | 0.3/1.4 MB
Progress (3): 0.7/1.9 MB | 352/856 kB | 0.3/1.4 MB
Progress (3): 0.7/1.9 MB | 369/856 kB | 0.3/1.4 MB
Progress (3): 0.7/1.9 MB | 369/856 kB | 0.3/1.4 MB
Progress (3): 0.7/1.9 MB | 369/856 kB | 0.3/1.4 MB
Progress (3): 0.7/1.9 MB | 385/856 kB | 0.3/1.4 MB
Progress (3): 0.7/1.9 MB | 401/856 kB | 0.3/1.4 MB
Progress (3): 0.7/1.9 MB | 401/856 kB | 0.3/1.4 MB
Progress (3): 0.7/1.9 MB | 401/856 kB | 0.3/1.4 MB
Progress (3): 0.7/1.9 MB | 418/856 kB | 0.3/1.4 MB
Progress (3): 0.7/1.9 MB | 418/856 kB | 0.3/1.4 MB
Progress (3): 0.7/1.9 MB | 418/856 kB | 0.3/1.4 MB
Progress (3): 0.7/1.9 MB | 418/856 kB | 0.3/1.4 MB
Progress (3): 0.7/1.9 MB | 434/856 kB | 0.3/1.4 MB
Progress (3): 0.7/1.9 MB | 434/856 kB | 0.4/1.4 MB
Progress (3): 0.7/1.9 MB | 434/856 kB | 0.4/1.4 MB
Progress (3): 0.7/1.9 MB | 451/856 kB | 0.4/1.4 MB
Progress (3): 0.7/1.9 MB | 458/856 kB | 0.4/1.4 MB
Progress (3): 0.7/1.9 MB | 458/856 kB | 0.4/1.4 MB
Progress (3): 0.7/1.9 MB | 458/856 kB | 0.4/1.4 MB
Progress (3): 0.7/1.9 MB | 458/856 kB | 0.4/1.4 MB
Progress (3): 0.7/1.9 MB | 474/856 kB | 0.4/1.4 MB
Progress (3): 0.7/1.9 MB | 474/856 kB | 0.4/1.4 MB
Progress (3): 0.7/1.9 MB | 491/856 kB | 0.4/1.4 MB
Progress (3): 0.8/1.9 MB | 491/856 kB | 0.4/1.4 MB
Progress (3): 0.8/1.9 MB | 507/856 kB | 0.4/1.4 MB
Progress (3): 0.8/1.9 MB | 523/856 kB | 0.4/1.4 MB
Progress (3): 0.8/1.9 MB | 523/856 kB | 0.4/1.4 MB
Progress (3): 0.8/1.9 MB | 540/856 kB | 0.4/1.4 MB
Progress (3): 0.8/1.9 MB | 540/856 kB | 0.4/1.4 MB
Progress (3): 0.8/1.9 MB | 556/856 kB | 0.4/1.4 MB
Progress (3): 0.8/1.9 MB | 573/856 kB | 0.4/1.4 MB
Progress (3): 0.8/1.9 MB | 573/856 kB | 0.4/1.4 MB
Progress (3): 0.8/1.9 MB | 589/856 kB | 0.4/1.4 MB
Progress (3): 0.8/1.9 MB | 605/856 kB | 0.4/1.4 MB
Progress (3): 0.8/1.9 MB | 605/856 kB | 0.4/1.4 MB
Progress (3): 0.8/1.9 MB | 622/856 kB | 0.4/1.4 MB
Progress (3): 0.8/1.9 MB | 638/856 kB | 0.4/1.4 MB
Progress (3): 0.8/1.9 MB | 638/856 kB | 0.4/1.4 MB
Progress (3): 0.8/1.9 MB | 654/856 kB | 0.4/1.4 MB
Progress (3): 0.9/1.9 MB | 654/856 kB | 0.4/1.4 MB
Progress (3): 0.9/1.9 MB | 671/856 kB | 0.4/1.4 MB
Progress (3): 0.9/1.9 MB | 687/856 kB | 0.4/1.4 MB
Progress (3): 0.9/1.9 MB | 687/856 kB | 0.4/1.4 MB
Progress (3): 0.9/1.9 MB | 687/856 kB | 0.4/1.4 MB
Progress (3): 0.9/1.9 MB | 704/856 kB | 0.4/1.4 MB
Progress (3): 0.9/1.9 MB | 704/856 kB | 0.4/1.4 MB
Progress (3): 0.9/1.9 MB | 704/856 kB | 0.4/1.4 MB
Progress (3): 0.9/1.9 MB | 720/856 kB | 0.4/1.4 MB
Progress (3): 0.9/1.9 MB | 720/856 kB | 0.4/1.4 MB
Progress (3): 0.9/1.9 MB | 736/856 kB | 0.4/1.4 MB
Progress (3): 1.0/1.9 MB | 736/856 kB | 0.4/1.4 MB
Progress (3): 1.0/1.9 MB | 736/856 kB | 0.4/1.4 MB
Progress (3): 1.0/1.9 MB | 753/856 kB | 0.4/1.4 MB
Progress (3): 1.0/1.9 MB | 769/856 kB | 0.4/1.4 MB
Progress (3): 1.0/1.9 MB | 769/856 kB | 0.4/1.4 MB
Progress (3): 1.0/1.9 MB | 769/856 kB | 0.4/1.4 MB
Progress (3): 1.0/1.9 MB | 786/856 kB | 0.4/1.4 MB
Progress (3): 1.0/1.9 MB | 786/856 kB | 0.4/1.4 MB
Progress (3): 1.0/1.9 MB | 802/856 kB | 0.4/1.4 MB
Progress (3): 1.0/1.9 MB | 802/856 kB | 0.4/1.4 MB
Progress (3): 1.0/1.9 MB | 802/856 kB | 0.4/1.4 MB
Progress (3): 1.0/1.9 MB | 802/856 kB | 0.5/1.4 MB
Progress (3): 1.0/1.9 MB | 818/856 kB | 0.5/1.4 MB
Progress (4): 1.0/1.9 MB | 818/856 kB | 0.5/1.4 MB | 0/4.2 MB
Progress (4): 1.0/1.9 MB | 818/856 kB | 0.5/1.4 MB | 0/4.2 MB
Progress (4): 1.0/1.9 MB | 835/856 kB | 0.5/1.4 MB | 0/4.2 MB
Progress (4): 1.0/1.9 MB | 835/856 kB | 0.5/1.4 MB | 0/4.2 MB
Progress (4): 1.0/1.9 MB | 835/856 kB | 0.5/1.4 MB | 0/4.2 MB
Progress (4): 1.0/1.9 MB | 851/856 kB | 0.5/1.4 MB | 0/4.2 MB
Progress (4): 1.1/1.9 MB | 851/856 kB | 0.5/1.4 MB | 0/4.2 MB
Progress (4): 1.1/1.9 MB | 856 kB | 0.5/1.4 MB | 0/4.2 MB    
Progress (4): 1.1/1.9 MB | 856 kB | 0.5/1.4 MB | 0/4.2 MB
Progress (4): 1.1/1.9 MB | 856 kB | 0.5/1.4 MB | 0/4.2 MB
Progress (4): 1.1/1.9 MB | 856 kB | 0.5/1.4 MB | 0/4.2 MB
Progress (4): 1.1/1.9 MB | 856 kB | 0.5/1.4 MB | 0/4.2 MB
                                                         
Downloaded from central: https://repo.maven.apache.org/maven2/org/springframework/spring-test/6.1.12/spring-test-6.1.12.jar (856 kB at 412 kB/s)
Downloading from central: https://repo.maven.apache.org/maven2/org/apache/groovy/groovy/4.0.22/groovy-4.0.22.jar
Progress (3): 1.1/1.9 MB | 0.5/1.4 MB | 0.1/4.2 MB
Progress (3): 1.1/1.9 MB | 0.5/1.4 MB | 0.1/4.2 MB
Progress (3): 1.1/1.9 MB | 0.5/1.4 MB | 0.1/4.2 MB
Progress (3): 1.1/1.9 MB | 0.5/1.4 MB | 0.1/4.2 MB
Progress (3): 1.1/1.9 MB | 0.5/1.4 MB | 0.1/4.2 MB
Progress (3): 1.1/1.9 MB | 0.5/1.4 MB | 0.1/4.2 MB
Progress (3): 1.1/1.9 MB | 0.5/1.4 MB | 0.1/4.2 MB
Progress (3): 1.1/1.9 MB | 0.5/1.4 MB | 0.1/4.2 MB
Progress (3): 1.1/1.9 MB | 0.5/1.4 MB | 0.1/4.2 MB
Progress (3): 1.1/1.9 MB | 0.5/1.4 MB | 0.1/4.2 MB
Progress (3): 1.2/1.9 MB | 0.5/1.4 MB | 0.1/4.2 MB
Progress (3): 1.2/1.9 MB | 0.6/1.4 MB | 0.1/4.2 MB
Progress (3): 1.2/1.9 MB | 0.6/1.4 MB | 0.1/4.2 MB
Progress (3): 1.2/1.9 MB | 0.6/1.4 MB | 0.1/4.2 MB
Progress (3): 1.2/1.9 MB | 0.6/1.4 MB | 0.1/4.2 MB
Progress (3): 1.2/1.9 MB | 0.6/1.4 MB | 0.1/4.2 MB
Progress (3): 1.2/1.9 MB | 0.6/1.4 MB | 0.1/4.2 MB
Progress (3): 1.2/1.9 MB | 0.6/1.4 MB | 0.1/4.2 MB
Progress (3): 1.2/1.9 MB | 0.6/1.4 MB | 0.1/4.2 MB
Progress (3): 1.2/1.9 MB | 0.6/1.4 MB | 0.1/4.2 MB
Progress (3): 1.2/1.9 MB | 0.6/1.4 MB | 0.1/4.2 MB
Progress (3): 1.2/1.9 MB | 0.6/1.4 MB | 0.1/4.2 MB
Progress (3): 1.2/1.9 MB | 0.6/1.4 MB | 0.2/4.2 MB
Progress (4): 1.2/1.9 MB | 0.6/1.4 MB | 0.2/4.2 MB | 7.7/747 kB
Progress (4): 1.2/1.9 MB | 0.6/1.4 MB | 0.2/4.2 MB | 16/747 kB 
Progress (4): 1.2/1.9 MB | 0.6/1.4 MB | 0.2/4.2 MB | 16/747 kB
Progress (4): 1.2/1.9 MB | 0.6/1.4 MB | 0.2/4.2 MB | 16/747 kB
Progress (4): 1.2/1.9 MB | 0.6/1.4 MB | 0.2/4.2 MB | 16/747 kB
Progress (4): 1.2/1.9 MB | 0.6/1.4 MB | 0.2/4.2 MB | 32/747 kB
Progress (4): 1.2/1.9 MB | 0.6/1.4 MB | 0.2/4.2 MB | 32/747 kB
Progress (4): 1.3/1.9 MB | 0.6/1.4 MB | 0.2/4.2 MB | 32/747 kB
Progress (4): 1.3/1.9 MB | 0.6/1.4 MB | 0.2/4.2 MB | 32/747 kB
Progress (4): 1.3/1.9 MB | 0.6/1.4 MB | 0.2/4.2 MB | 32/747 kB
Progress (4): 1.3/1.9 MB | 0.6/1.4 MB | 0.2/4.2 MB | 32/747 kB
Progress (4): 1.3/1.9 MB | 0.6/1.4 MB | 0.2/4.2 MB | 32/747 kB
Progress (4): 1.3/1.9 MB | 0.7/1.4 MB | 0.2/4.2 MB | 32/747 kB
Progress (4): 1.3/1.9 MB | 0.7/1.4 MB | 0.2/4.2 MB | 49/747 kB
Progress (4): 1.3/1.9 MB | 0.7/1.4 MB | 0.2/4.2 MB | 49/747 kB
Progress (4): 1.3/1.9 MB | 0.7/1.4 MB | 0.2/4.2 MB | 65/747 kB
Progress (4): 1.3/1.9 MB | 0.7/1.4 MB | 0.2/4.2 MB | 65/747 kB
Progress (4): 1.3/1.9 MB | 0.7/1.4 MB | 0.2/4.2 MB | 65/747 kB
Progress (4): 1.3/1.9 MB | 0.7/1.4 MB | 0.2/4.2 MB | 65/747 kB
Progress (4): 1.3/1.9 MB | 0.7/1.4 MB | 0.2/4.2 MB | 65/747 kB
Progress (4): 1.3/1.9 MB | 0.7/1.4 MB | 0.2/4.2 MB | 81/747 kB
Progress (4): 1.3/1.9 MB | 0.7/1.4 MB | 0.2/4.2 MB | 81/747 kB
Progress (4): 1.3/1.9 MB | 0.7/1.4 MB | 0.2/4.2 MB | 81/747 kB
Progress (4): 1.3/1.9 MB | 0.7/1.4 MB | 0.3/4.2 MB | 81/747 kB
Progress (4): 1.3/1.9 MB | 0.7/1.4 MB | 0.3/4.2 MB | 98/747 kB
Progress (4): 1.3/1.9 MB | 0.7/1.4 MB | 0.3/4.2 MB | 114/747 kB
Progress (4): 1.3/1.9 MB | 0.7/1.4 MB | 0.3/4.2 MB | 114/747 kB
Progress (4): 1.3/1.9 MB | 0.7/1.4 MB | 0.3/4.2 MB | 114/747 kB
Progress (4): 1.3/1.9 MB | 0.7/1.4 MB | 0.3/4.2 MB | 114/747 kB
Progress (4): 1.3/1.9 MB | 0.7/1.4 MB | 0.3/4.2 MB | 131/747 kB
Progress (4): 1.3/1.9 MB | 0.7/1.4 MB | 0.3/4.2 MB | 131/747 kB
Progress (4): 1.4/1.9 MB | 0.7/1.4 MB | 0.3/4.2 MB | 131/747 kB
Progress (4): 1.4/1.9 MB | 0.7/1.4 MB | 0.3/4.2 MB | 131/747 kB
Progress (4): 1.4/1.9 MB | 0.7/1.4 MB | 0.3/4.2 MB | 131/747 kB
Progress (4): 1.4/1.9 MB | 0.7/1.4 MB | 0.3/4.2 MB | 147/747 kB
Progress (4): 1.4/1.9 MB | 0.7/1.4 MB | 0.3/4.2 MB | 147/747 kB
Progress (4): 1.4/1.9 MB | 0.7/1.4 MB | 0.3/4.2 MB | 147/747 kB
Progress (4): 1.4/1.9 MB | 0.7/1.4 MB | 0.3/4.2 MB | 147/747 kB
Progress (4): 1.4/1.9 MB | 0.7/1.4 MB | 0.3/4.2 MB | 163/747 kB
Progress (4): 1.4/1.9 MB | 0.7/1.4 MB | 0.3/4.2 MB | 163/747 kB
Progress (4): 1.4/1.9 MB | 0.8/1.4 MB | 0.3/4.2 MB | 163/747 kB
Progress (4): 1.4/1.9 MB | 0.8/1.4 MB | 0.3/4.2 MB | 163/747 kB
Progress (4): 1.4/1.9 MB | 0.8/1.4 MB | 0.3/4.2 MB | 180/747 kB
Progress (4): 1.4/1.9 MB | 0.8/1.4 MB | 0.3/4.2 MB | 180/747 kB
Progress (4): 1.4/1.9 MB | 0.8/1.4 MB | 0.3/4.2 MB | 196/747 kB
Progress (4): 1.4/1.9 MB | 0.8/1.4 MB | 0.3/4.2 MB | 196/747 kB
Progress (4): 1.4/1.9 MB | 0.8/1.4 MB | 0.4/4.2 MB | 196/747 kB
Progress (4): 1.4/1.9 MB | 0.8/1.4 MB | 0.4/4.2 MB | 212/747 kB
Progress (4): 1.4/1.9 MB | 0.8/1.4 MB | 0.4/4.2 MB | 212/747 kB
Progress (4): 1.4/1.9 MB | 0.8/1.4 MB | 0.4/4.2 MB | 212/747 kB
Progress (4): 1.4/1.9 MB | 0.8/1.4 MB | 0.4/4.2 MB | 212/747 kB
Progress (4): 1.4/1.9 MB | 0.8/1.4 MB | 0.4/4.2 MB | 229/747 kB
Progress (4): 1.4/1.9 MB | 0.8/1.4 MB | 0.4/4.2 MB | 229/747 kB
Progress (4): 1.4/1.9 MB | 0.8/1.4 MB | 0.4/4.2 MB | 229/747 kB
Progress (4): 1.4/1.9 MB | 0.8/1.4 MB | 0.4/4.2 MB | 229/747 kB
Progress (4): 1.4/1.9 MB | 0.8/1.4 MB | 0.4/4.2 MB | 229/747 kB
Progress (4): 1.4/1.9 MB | 0.8/1.4 MB | 0.4/4.2 MB | 229/747 kB
Progress (4): 1.4/1.9 MB | 0.8/1.4 MB | 0.4/4.2 MB | 245/747 kB
Progress (4): 1.4/1.9 MB | 0.8/1.4 MB | 0.4/4.2 MB | 245/747 kB
Progress (4): 1.4/1.9 MB | 0.8/1.4 MB | 0.4/4.2 MB | 245/747 kB
Progress (4): 1.4/1.9 MB | 0.8/1.4 MB | 0.4/4.2 MB | 245/747 kB
Progress (4): 1.5/1.9 MB | 0.8/1.4 MB | 0.4/4.2 MB | 245/747 kB
Progress (4): 1.5/1.9 MB | 0.8/1.4 MB | 0.4/4.2 MB | 262/747 kB
Progress (4): 1.5/1.9 MB | 0.8/1.4 MB | 0.4/4.2 MB | 262/747 kB
Progress (4): 1.5/1.9 MB | 0.8/1.4 MB | 0.4/4.2 MB | 262/747 kB
Progress (4): 1.5/1.9 MB | 0.8/1.4 MB | 0.5/4.2 MB | 262/747 kB
Progress (4): 1.5/1.9 MB | 0.8/1.4 MB | 0.5/4.2 MB | 278/747 kB
Progress (4): 1.5/1.9 MB | 0.9/1.4 MB | 0.5/4.2 MB | 278/747 kB
Progress (4): 1.5/1.9 MB | 0.9/1.4 MB | 0.5/4.2 MB | 278/747 kB
Progress (4): 1.5/1.9 MB | 0.9/1.4 MB | 0.5/4.2 MB | 294/747 kB
Progress (4): 1.5/1.9 MB | 0.9/1.4 MB | 0.5/4.2 MB | 294/747 kB
Progress (4): 1.5/1.9 MB | 0.9/1.4 MB | 0.5/4.2 MB | 294/747 kB
Progress (4): 1.5/1.9 MB | 0.9/1.4 MB | 0.5/4.2 MB | 294/747 kB
Progress (4): 1.5/1.9 MB | 0.9/1.4 MB | 0.5/4.2 MB | 294/747 kB
Progress (4): 1.5/1.9 MB | 0.9/1.4 MB | 0.5/4.2 MB | 294/747 kB
Progress (4): 1.5/1.9 MB | 0.9/1.4 MB | 0.5/4.2 MB | 311/747 kB
Progress (4): 1.5/1.9 MB | 0.9/1.4 MB | 0.5/4.2 MB | 327/747 kB
Progress (4): 1.5/1.9 MB | 0.9/1.4 MB | 0.5/4.2 MB | 327/747 kB
Progress (4): 1.5/1.9 MB | 0.9/1.4 MB | 0.5/4.2 MB | 327/747 kB
Progress (4): 1.5/1.9 MB | 0.9/1.4 MB | 0.5/4.2 MB | 327/747 kB
Progress (4): 1.5/1.9 MB | 0.9/1.4 MB | 0.5/4.2 MB | 327/747 kB
Progress (4): 1.5/1.9 MB | 0.9/1.4 MB | 0.5/4.2 MB | 344/747 kB
Progress (4): 1.5/1.9 MB | 0.9/1.4 MB | 0.5/4.2 MB | 344/747 kB
Progress (4): 1.5/1.9 MB | 0.9/1.4 MB | 0.5/4.2 MB | 360/747 kB
Progress (4): 1.5/1.9 MB | 0.9/1.4 MB | 0.5/4.2 MB | 360/747 kB
Progress (4): 1.5/1.9 MB | 0.9/1.4 MB | 0.5/4.2 MB | 360/747 kB
Progress (4): 1.5/1.9 MB | 0.9/1.4 MB | 0.5/4.2 MB | 360/747 kB
Progress (4): 1.6/1.9 MB | 0.9/1.4 MB | 0.5/4.2 MB | 360/747 kB
Progress (4): 1.6/1.9 MB | 0.9/1.4 MB | 0.5/4.2 MB | 360/747 kB
Progress (4): 1.6/1.9 MB | 0.9/1.4 MB | 0.5/4.2 MB | 376/747 kB
Progress (4): 1.6/1.9 MB | 1.0/1.4 MB | 0.5/4.2 MB | 376/747 kB
Progress (4): 1.6/1.9 MB | 1.0/1.4 MB | 0.5/4.2 MB | 376/747 kB
Progress (4): 1.6/1.9 MB | 1.0/1.4 MB | 0.6/4.2 MB | 376/747 kB
Progress (4): 1.6/1.9 MB | 1.0/1.4 MB | 0.6/4.2 MB | 393/747 kB
Progress (4): 1.6/1.9 MB | 1.0/1.4 MB | 0.6/4.2 MB | 393/747 kB
Progress (4): 1.6/1.9 MB | 1.0/1.4 MB | 0.6/4.2 MB | 393/747 kB
Progress (4): 1.6/1.9 MB | 1.0/1.4 MB | 0.6/4.2 MB | 393/747 kB
Progress (4): 1.6/1.9 MB | 1.0/1.4 MB | 0.6/4.2 MB | 409/747 kB
Progress (4): 1.6/1.9 MB | 1.0/1.4 MB | 0.6/4.2 MB | 409/747 kB
Progress (4): 1.6/1.9 MB | 1.0/1.4 MB | 0.6/4.2 MB | 409/747 kB
Progress (4): 1.6/1.9 MB | 1.0/1.4 MB | 0.6/4.2 MB | 409/747 kB
Progress (4): 1.6/1.9 MB | 1.0/1.4 MB | 0.6/4.2 MB | 409/747 kB
Progress (4): 1.6/1.9 MB | 1.0/1.4 MB | 0.6/4.2 MB | 409/747 kB
Progress (4): 1.6/1.9 MB | 1.0/1.4 MB | 0.6/4.2 MB | 425/747 kB
Progress (4): 1.6/1.9 MB | 1.0/1.4 MB | 0.6/4.2 MB | 425/747 kB
Progress (4): 1.6/1.9 MB | 1.0/1.4 MB | 0.6/4.2 MB | 425/747 kB
Progress (4): 1.6/1.9 MB | 1.0/1.4 MB | 0.6/4.2 MB | 425/747 kB
Progress (4): 1.6/1.9 MB | 1.0/1.4 MB | 0.6/4.2 MB | 425/747 kB
Progress (4): 1.6/1.9 MB | 1.0/1.4 MB | 0.6/4.2 MB | 425/747 kB
Progress (4): 1.6/1.9 MB | 1.0/1.4 MB | 0.6/4.2 MB | 442/747 kB
Progress (4): 1.7/1.9 MB | 1.0/1.4 MB | 0.6/4.2 MB | 442/747 kB
Progress (4): 1.7/1.9 MB | 1.0/1.4 MB | 0.6/4.2 MB | 458/747 kB
Progress (4): 1.7/1.9 MB | 1.0/1.4 MB | 0.7/4.2 MB | 458/747 kB
Progress (4): 1.7/1.9 MB | 1.0/1.4 MB | 0.7/4.2 MB | 458/747 kB
Progress (4): 1.7/1.9 MB | 1.0/1.4 MB | 0.7/4.2 MB | 458/747 kB
Progress (4): 1.7/1.9 MB | 1.1/1.4 MB | 0.7/4.2 MB | 458/747 kB
Progress (4): 1.7/1.9 MB | 1.1/1.4 MB | 0.7/4.2 MB | 458/747 kB
Progress (4): 1.7/1.9 MB | 1.1/1.4 MB | 0.7/4.2 MB | 475/747 kB
Progress (4): 1.7/1.9 MB | 1.1/1.4 MB | 0.7/4.2 MB | 475/747 kB
Progress (4): 1.7/1.9 MB | 1.1/1.4 MB | 0.7/4.2 MB | 475/747 kB
Progress (4): 1.7/1.9 MB | 1.1/1.4 MB | 0.7/4.2 MB | 475/747 kB
Progress (4): 1.7/1.9 MB | 1.1/1.4 MB | 0.7/4.2 MB | 491/747 kB
Progress (4): 1.7/1.9 MB | 1.1/1.4 MB | 0.7/4.2 MB | 491/747 kB
Progress (4): 1.7/1.9 MB | 1.1/1.4 MB | 0.7/4.2 MB | 507/747 kB
Progress (4): 1.7/1.9 MB | 1.1/1.4 MB | 0.7/4.2 MB | 507/747 kB
Progress (4): 1.7/1.9 MB | 1.1/1.4 MB | 0.7/4.2 MB | 507/747 kB
Progress (4): 1.7/1.9 MB | 1.1/1.4 MB | 0.7/4.2 MB | 507/747 kB
Progress (4): 1.7/1.9 MB | 1.1/1.4 MB | 0.7/4.2 MB | 507/747 kB
Progress (4): 1.7/1.9 MB | 1.1/1.4 MB | 0.7/4.2 MB | 507/747 kB
Progress (4): 1.7/1.9 MB | 1.1/1.4 MB | 0.7/4.2 MB | 524/747 kB
Progress (4): 1.7/1.9 MB | 1.1/1.4 MB | 0.7/4.2 MB | 524/747 kB
Progress (5): 1.7/1.9 MB | 1.1/1.4 MB | 0.7/4.2 MB | 524/747 kB | 0/7.6 MB
Progress (5): 1.7/1.9 MB | 1.1/1.4 MB | 0.7/4.2 MB | 524/747 kB | 0/7.6 MB
Progress (5): 1.7/1.9 MB | 1.1/1.4 MB | 0.7/4.2 MB | 524/747 kB | 0/7.6 MB
Progress (5): 1.7/1.9 MB | 1.1/1.4 MB | 0.7/4.2 MB | 524/747 kB | 0/7.6 MB
Progress (5): 1.7/1.9 MB | 1.1/1.4 MB | 0.7/4.2 MB | 524/747 kB | 0/7.6 MB
Progress (5): 1.7/1.9 MB | 1.1/1.4 MB | 0.7/4.2 MB | 540/747 kB | 0/7.6 MB
Progress (5): 1.8/1.9 MB | 1.1/1.4 MB | 0.7/4.2 MB | 540/747 kB | 0/7.6 MB
Progress (5): 1.8/1.9 MB | 1.1/1.4 MB | 0.7/4.2 MB | 540/747 kB | 0/7.6 MB
Progress (5): 1.8/1.9 MB | 1.1/1.4 MB | 0.8/4.2 MB | 540/747 kB | 0/7.6 MB
Progress (5): 1.8/1.9 MB | 1.1/1.4 MB | 0.8/4.2 MB | 540/747 kB | 0/7.6 MB
Progress (5): 1.8/1.9 MB | 1.1/1.4 MB | 0.8/4.2 MB | 557/747 kB | 0/7.6 MB
Progress (5): 1.8/1.9 MB | 1.1/1.4 MB | 0.8/4.2 MB | 557/747 kB | 0/7.6 MB
Progress (5): 1.8/1.9 MB | 1.1/1.4 MB | 0.8/4.2 MB | 557/747 kB | 0/7.6 MB
Progress (5): 1.8/1.9 MB | 1.1/1.4 MB | 0.8/4.2 MB | 557/747 kB | 0.1/7.6 MB
Progress (5): 1.8/1.9 MB | 1.2/1.4 MB | 0.8/4.2 MB | 557/747 kB | 0.1/7.6 MB
Progress (5): 1.8/1.9 MB | 1.2/1.4 MB | 0.8/4.2 MB | 573/747 kB | 0.1/7.6 MB
Progress (5): 1.8/1.9 MB | 1.2/1.4 MB | 0.8/4.2 MB | 573/747 kB | 0.1/7.6 MB
Progress (5): 1.8/1.9 MB | 1.2/1.4 MB | 0.8/4.2 MB | 573/747 kB | 0.1/7.6 MB
Progress (5): 1.8/1.9 MB | 1.2/1.4 MB | 0.8/4.2 MB | 573/747 kB | 0.1/7.6 MB
Progress (5): 1.8/1.9 MB | 1.2/1.4 MB | 0.8/4.2 MB | 589/747 kB | 0.1/7.6 MB
Progress (5): 1.8/1.9 MB | 1.2/1.4 MB | 0.8/4.2 MB | 589/747 kB | 0.1/7.6 MB
Progress (5): 1.8/1.9 MB | 1.2/1.4 MB | 0.8/4.2 MB | 589/747 kB | 0.1/7.6 MB
Progress (5): 1.8/1.9 MB | 1.2/1.4 MB | 0.8/4.2 MB | 589/747 kB | 0.1/7.6 MB
Progress (5): 1.8/1.9 MB | 1.2/1.4 MB | 0.8/4.2 MB | 589/747 kB | 0.1/7.6 MB
Progress (5): 1.8/1.9 MB | 1.2/1.4 MB | 0.8/4.2 MB | 589/747 kB | 0.1/7.6 MB
Progress (5): 1.8/1.9 MB | 1.2/1.4 MB | 0.8/4.2 MB | 589/747 kB | 0.1/7.6 MB
Progress (5): 1.8/1.9 MB | 1.2/1.4 MB | 0.8/4.2 MB | 606/747 kB | 0.1/7.6 MB
Progress (5): 1.8/1.9 MB | 1.2/1.4 MB | 0.8/4.2 MB | 606/747 kB | 0.1/7.6 MB
Progress (5): 1.8/1.9 MB | 1.2/1.4 MB | 0.8/4.2 MB | 606/747 kB | 0.1/7.6 MB
Progress (5): 1.8/1.9 MB | 1.2/1.4 MB | 0.8/4.2 MB | 622/747 kB | 0.1/7.6 MB
Progress (5): 1.8/1.9 MB | 1.2/1.4 MB | 0.8/4.2 MB | 622/747 kB | 0.1/7.6 MB
Progress (5): 1.8/1.9 MB | 1.2/1.4 MB | 0.8/4.2 MB | 622/747 kB | 0.1/7.6 MB
Progress (5): 1.8/1.9 MB | 1.2/1.4 MB | 0.8/4.2 MB | 622/747 kB | 0.1/7.6 MB
Progress (5): 1.8/1.9 MB | 1.2/1.4 MB | 0.8/4.2 MB | 622/747 kB | 0.1/7.6 MB
Progress (5): 1.8/1.9 MB | 1.2/1.4 MB | 0.8/4.2 MB | 622/747 kB | 0.1/7.6 MB
Progress (5): 1.8/1.9 MB | 1.2/1.4 MB | 0.8/4.2 MB | 638/747 kB | 0.1/7.6 MB
Progress (5): 1.8/1.9 MB | 1.2/1.4 MB | 0.9/4.2 MB | 638/747 kB | 0.1/7.6 MB
Progress (5): 1.9/1.9 MB | 1.2/1.4 MB | 0.9/4.2 MB | 638/747 kB | 0.1/7.6 MB
Progress (5): 1.9/1.9 MB | 1.2/1.4 MB | 0.9/4.2 MB | 638/747 kB | 0.1/7.6 MB
Progress (5): 1.9/1.9 MB | 1.2/1.4 MB | 0.9/4.2 MB | 655/747 kB | 0.1/7.6 MB
Progress (5): 1.9/1.9 MB | 1.2/1.4 MB | 0.9/4.2 MB | 655/747 kB | 0.1/7.6 MB
Progress (5): 1.9/1.9 MB | 1.2/1.4 MB | 0.9/4.2 MB | 671/747 kB | 0.1/7.6 MB
Progress (5): 1.9/1.9 MB | 1.2/1.4 MB | 0.9/4.2 MB | 671/747 kB | 0.1/7.6 MB
Progress (5): 1.9/1.9 MB | 1.2/1.4 MB | 0.9/4.2 MB | 671/747 kB | 0.1/7.6 MB
Progress (5): 1.9/1.9 MB | 1.2/1.4 MB | 0.9/4.2 MB | 671/747 kB | 0.1/7.6 MB
Progress (5): 1.9/1.9 MB | 1.2/1.4 MB | 0.9/4.2 MB | 671/747 kB | 0.2/7.6 MB
Progress (5): 1.9/1.9 MB | 1.2/1.4 MB | 0.9/4.2 MB | 671/747 kB | 0.2/7.6 MB
Progress (5): 1.9/1.9 MB | 1.2/1.4 MB | 0.9/4.2 MB | 688/747 kB | 0.2/7.6 MB
Progress (5): 1.9 MB | 1.2/1.4 MB | 0.9/4.2 MB | 688/747 kB | 0.2/7.6 MB    
Progress (5): 1.9 MB | 1.3/1.4 MB | 0.9/4.2 MB | 688/747 kB | 0.2/7.6 MB
Progress (5): 1.9 MB | 1.3/1.4 MB | 0.9/4.2 MB | 704/747 kB | 0.2/7.6 MB
                                                                        
Downloaded from central: https://repo.maven.apache.org/maven2/org/springframework/spring-core/6.1.12/spring-core-6.1.12.jar (1.9 MB at 869 kB/s)
Downloading from central: https://repo.maven.apache.org/maven2/org/apache/groovy/groovy-xml/4.0.22/groovy-xml-4.0.22.jar
Progress (4): 1.3/1.4 MB | 0.9/4.2 MB | 704/747 kB | 0.2/7.6 MB
Progress (4): 1.3/1.4 MB | 0.9/4.2 MB | 720/747 kB | 0.2/7.6 MB
Progress (4): 1.3/1.4 MB | 0.9/4.2 MB | 720/747 kB | 0.2/7.6 MB
Progress (4): 1.3/1.4 MB | 0.9/4.2 MB | 720/747 kB | 0.2/7.6 MB
Progress (4): 1.3/1.4 MB | 0.9/4.2 MB | 720/747 kB | 0.2/7.6 MB
Progress (4): 1.3/1.4 MB | 0.9/4.2 MB | 737/747 kB | 0.2/7.6 MB
Progress (4): 1.3/1.4 MB | 0.9/4.2 MB | 737/747 kB | 0.2/7.6 MB
Progress (4): 1.3/1.4 MB | 0.9/4.2 MB | 737/747 kB | 0.2/7.6 MB
Progress (4): 1.3/1.4 MB | 0.9/4.2 MB | 747 kB | 0.2/7.6 MB    
Progress (4): 1.3/1.4 MB | 0.9/4.2 MB | 747 kB | 0.2/7.6 MB
                                                           
Downloaded from central: https://repo.maven.apache.org/maven2/io/rest-assured/rest-assured/5.5.0/rest-assured-5.5.0.jar (747 kB at 344 kB/s)
Downloading from central: https://repo.maven.apache.org/maven2/org/apache/httpcomponents/httpclient/4.5.13/httpclient-4.5.13.jar
Progress (3): 1.3/1.4 MB | 0.9/4.2 MB | 0.2/7.6 MB
Progress (3): 1.3/1.4 MB | 1.0/4.2 MB | 0.2/7.6 MB
Progress (3): 1.3/1.4 MB | 1.0/4.2 MB | 0.2/7.6 MB
Progress (3): 1.3/1.4 MB | 1.0/4.2 MB | 0.2/7.6 MB
Progress (3): 1.3/1.4 MB | 1.0/4.2 MB | 0.2/7.6 MB
Progress (3): 1.3/1.4 MB | 1.0/4.2 MB | 0.2/7.6 MB
Progress (3): 1.3/1.4 MB | 1.0/4.2 MB | 0.2/7.6 MB
Progress (3): 1.3/1.4 MB | 1.0/4.2 MB | 0.2/7.6 MB
Progress (3): 1.3/1.4 MB | 1.0/4.2 MB | 0.2/7.6 MB
Progress (3): 1.3/1.4 MB | 1.0/4.2 MB | 0.2/7.6 MB
Progress (3): 1.3/1.4 MB | 1.0/4.2 MB | 0.2/7.6 MB
Progress (3): 1.4/1.4 MB | 1.0/4.2 MB | 0.2/7.6 MB
Progress (3): 1.4 MB | 1.0/4.2 MB | 0.2/7.6 MB    
Progress (3): 1.4 MB | 1.0/4.2 MB | 0.3/7.6 MB
                                              
Downloaded from central: https://repo.maven.apache.org/maven2/org/assertj/assertj-core/3.25.3/assertj-core-3.25.3.jar (1.4 MB at 630 kB/s)
Downloading from central: https://repo.maven.apache.org/maven2/org/apache/httpcomponents/httpcore/4.4.16/httpcore-4.4.16.jar
Progress (2): 1.0/4.2 MB | 0.3/7.6 MB
Progress (2): 1.0/4.2 MB | 0.3/7.6 MB
Progress (2): 1.0/4.2 MB | 0.3/7.6 MB
Progress (2): 1.0/4.2 MB | 0.3/7.6 MB
Progress (2): 1.0/4.2 MB | 0.3/7.6 MB
Progress (2): 1.0/4.2 MB | 0.3/7.6 MB
Progress (2): 1.0/4.2 MB | 0.3/7.6 MB
Progress (2): 1.1/4.2 MB | 0.3/7.6 MB
Progress (2): 1.1/4.2 MB | 0.3/7.6 MB
Progress (2): 1.1/4.2 MB | 0.4/7.6 MB
Progress (2): 1.1/4.2 MB | 0.4/7.6 MB
Progress (2): 1.1/4.2 MB | 0.4/7.6 MB
Progress (2): 1.1/4.2 MB | 0.4/7.6 MB
Progress (2): 1.1/4.2 MB | 0.4/7.6 MB
Progress (2): 1.1/4.2 MB | 0.4/7.6 MB
Progress (2): 1.1/4.2 MB | 0.4/7.6 MB
Progress (2): 1.1/4.2 MB | 0.4/7.6 MB
Progress (2): 1.1/4.2 MB | 0.4/7.6 MB
Progress (2): 1.1/4.2 MB | 0.4/7.6 MB
Progress (2): 1.1/4.2 MB | 0.4/7.6 MB
Progress (2): 1.2/4.2 MB | 0.4/7.6 MB
Progress (2): 1.2/4.2 MB | 0.4/7.6 MB
Progress (2): 1.2/4.2 MB | 0.5/7.6 MB
Progress (2): 1.2/4.2 MB | 0.5/7.6 MB
Progress (2): 1.2/4.2 MB | 0.5/7.6 MB
Progress (2): 1.2/4.2 MB | 0.5/7.6 MB
Progress (2): 1.2/4.2 MB | 0.5/7.6 MB
Progress (2): 1.2/4.2 MB | 0.5/7.6 MB
Progress (2): 1.2/4.2 MB | 0.5/7.6 MB
Progress (2): 1.2/4.2 MB | 0.5/7.6 MB
Progress (2): 1.3/4.2 MB | 0.5/7.6 MB
Progress (2): 1.3/4.2 MB | 0.5/7.6 MB
Progress (2): 1.3/4.2 MB | 0.5/7.6 MB
Progress (2): 1.3/4.2 MB | 0.5/7.6 MB
Progress (2): 1.3/4.2 MB | 0.5/7.6 MB
Progress (2): 1.3/4.2 MB | 0.5/7.6 MB
Progress (2): 1.3/4.2 MB | 0.6/7.6 MB
Progress (2): 1.3/4.2 MB | 0.6/7.6 MB
Progress (2): 1.3/4.2 MB | 0.6/7.6 MB
Progress (2): 1.3/4.2 MB | 0.6/7.6 MB
Progress (2): 1.3/4.2 MB | 0.6/7.6 MB
Progress (2): 1.3/4.2 MB | 0.6/7.6 MB
Progress (2): 1.3/4.2 MB | 0.6/7.6 MB
Progress (2): 1.3/4.2 MB | 0.6/7.6 MB
Progress (2): 1.3/4.2 MB | 0.6/7.6 MB
Progress (2): 1.4/4.2 MB | 0.6/7.6 MB
Progress (2): 1.4/4.2 MB | 0.6/7.6 MB
Progress (2): 1.4/4.2 MB | 0.6/7.6 MB
Progress (2): 1.4/4.2 MB | 0.7/7.6 MB
Progress (2): 1.4/4.2 MB | 0.7/7.6 MB
Progress (2): 1.4/4.2 MB | 0.7/7.6 MB
Progress (2): 1.4/4.2 MB | 0.7/7.6 MB
Progress (2): 1.4/4.2 MB | 0.7/7.6 MB
Progress (2): 1.4/4.2 MB | 0.7/7.6 MB
Progress (2): 1.4/4.2 MB | 0.7/7.6 MB
Progress (2): 1.4/4.2 MB | 0.7/7.6 MB
Progress (2): 1.4/4.2 MB | 0.7/7.6 MB
Progress (2): 1.4/4.2 MB | 0.7/7.6 MB
Progress (2): 1.4/4.2 MB | 0.8/7.6 MB
Progress (2): 1.4/4.2 MB | 0.8/7.6 MB
Progress (2): 1.5/4.2 MB | 0.8/7.6 MB
Progress (2): 1.5/4.2 MB | 0.8/7.6 MB
Progress (2): 1.5/4.2 MB | 0.8/7.6 MB
Progress (2): 1.5/4.2 MB | 0.8/7.6 MB
Progress (2): 1.5/4.2 MB | 0.8/7.6 MB
Progress (2): 1.5/4.2 MB | 0.8/7.6 MB
Progress (2): 1.5/4.2 MB | 0.8/7.6 MB
Progress (2): 1.5/4.2 MB | 0.8/7.6 MB
Progress (2): 1.5/4.2 MB | 0.8/7.6 MB
Progress (2): 1.5/4.2 MB | 0.8/7.6 MB
Progress (2): 1.5/4.2 MB | 0.8/7.6 MB
Progress (2): 1.6/4.2 MB | 0.8/7.6 MB
Progress (2): 1.6/4.2 MB | 0.9/7.6 MB
Progress (2): 1.6/4.2 MB | 0.9/7.6 MB
Progress (2): 1.6/4.2 MB | 0.9/7.6 MB
Progress (2): 1.6/4.2 MB | 0.9/7.6 MB
Progress (2): 1.6/4.2 MB | 0.9/7.6 MB
Progress (2): 1.6/4.2 MB | 0.9/7.6 MB
Progress (2): 1.6/4.2 MB | 0.9/7.6 MB
Progress (2): 1.6/4.2 MB | 0.9/7.6 MB
Progress (2): 1.6/4.2 MB | 0.9/7.6 MB
Progress (2): 1.6/4.2 MB | 0.9/7.6 MB
Progress (2): 1.6/4.2 MB | 0.9/7.6 MB
Progress (2): 1.7/4.2 MB | 0.9/7.6 MB
Progress (2): 1.7/4.2 MB | 0.9/7.6 MB
Progress (3): 1.7/4.2 MB | 0.9/7.6 MB | 7.7/213 kB
Progress (3): 1.7/4.2 MB | 0.9/7.6 MB | 16/213 kB 
Progress (3): 1.7/4.2 MB | 0.9/7.6 MB | 25/213 kB
Progress (3): 1.7/4.2 MB | 0.9/7.6 MB | 25/213 kB
Progress (3): 1.7/4.2 MB | 1.0/7.6 MB | 25/213 kB
Progress (3): 1.7/4.2 MB | 1.0/7.6 MB | 25/213 kB
Progress (3): 1.7/4.2 MB | 1.0/7.6 MB | 41/213 kB
Progress (3): 1.7/4.2 MB | 1.0/7.6 MB | 57/213 kB
Progress (3): 1.7/4.2 MB | 1.0/7.6 MB | 57/213 kB
Progress (3): 1.7/4.2 MB | 1.0/7.6 MB | 74/213 kB
Progress (3): 1.7/4.2 MB | 1.0/7.6 MB | 74/213 kB
Progress (3): 1.7/4.2 MB | 1.0/7.6 MB | 74/213 kB
Progress (3): 1.7/4.2 MB | 1.0/7.6 MB | 90/213 kB
Progress (3): 1.7/4.2 MB | 1.0/7.6 MB | 90/213 kB
Progress (3): 1.7/4.2 MB | 1.0/7.6 MB | 106/213 kB
Progress (4): 1.7/4.2 MB | 1.0/7.6 MB | 106/213 kB | 3.7/328 kB
Progress (5): 1.7/4.2 MB | 1.0/7.6 MB | 106/213 kB | 3.7/328 kB | 3.7/780 kB
Progress (5): 1.7/4.2 MB | 1.0/7.6 MB | 106/213 kB | 3.7/328 kB | 3.7/780 kB
Progress (5): 1.7/4.2 MB | 1.0/7.6 MB | 106/213 kB | 3.7/328 kB | 3.7/780 kB
Progress (5): 1.7/4.2 MB | 1.0/7.6 MB | 106/213 kB | 20/328 kB | 3.7/780 kB 
Progress (5): 1.7/4.2 MB | 1.0/7.6 MB | 123/213 kB | 20/328 kB | 3.7/780 kB
Progress (5): 1.7/4.2 MB | 1.0/7.6 MB | 123/213 kB | 20/328 kB | 20/780 kB 
Progress (5): 1.7/4.2 MB | 1.0/7.6 MB | 123/213 kB | 20/328 kB | 20/780 kB
Progress (5): 1.7/4.2 MB | 1.0/7.6 MB | 123/213 kB | 36/328 kB | 20/780 kB
Progress (5): 1.7/4.2 MB | 1.0/7.6 MB | 123/213 kB | 36/328 kB | 20/780 kB
Progress (5): 1.7/4.2 MB | 1.0/7.6 MB | 139/213 kB | 36/328 kB | 20/780 kB
Progress (5): 1.8/4.2 MB | 1.0/7.6 MB | 139/213 kB | 36/328 kB | 20/780 kB
Progress (5): 1.8/4.2 MB | 1.1/7.6 MB | 139/213 kB | 36/328 kB | 20/780 kB
Progress (5): 1.8/4.2 MB | 1.1/7.6 MB | 156/213 kB | 36/328 kB | 20/780 kB
Progress (5): 1.8/4.2 MB | 1.1/7.6 MB | 156/213 kB | 36/328 kB | 20/780 kB
Progress (5): 1.8/4.2 MB | 1.1/7.6 MB | 172/213 kB | 36/328 kB | 20/780 kB
Progress (5): 1.8/4.2 MB | 1.1/7.6 MB | 172/213 kB | 53/328 kB | 20/780 kB
Progress (5): 1.8/4.2 MB | 1.1/7.6 MB | 172/213 kB | 53/328 kB | 20/780 kB
Progress (5): 1.8/4.2 MB | 1.1/7.6 MB | 172/213 kB | 53/328 kB | 20/780 kB
Progress (5): 1.8/4.2 MB | 1.1/7.6 MB | 172/213 kB | 69/328 kB | 20/780 kB
Progress (5): 1.8/4.2 MB | 1.1/7.6 MB | 188/213 kB | 69/328 kB | 20/780 kB
Progress (5): 1.8/4.2 MB | 1.1/7.6 MB | 188/213 kB | 69/328 kB | 20/780 kB
Progress (5): 1.8/4.2 MB | 1.1/7.6 MB | 188/213 kB | 86/328 kB | 20/780 kB
Progress (5): 1.8/4.2 MB | 1.1/7.6 MB | 188/213 kB | 86/328 kB | 20/780 kB
Progress (5): 1.8/4.2 MB | 1.1/7.6 MB | 188/213 kB | 86/328 kB | 20/780 kB
Progress (5): 1.8/4.2 MB | 1.1/7.6 MB | 205/213 kB | 86/328 kB | 20/780 kB
Progress (5): 1.8/4.2 MB | 1.1/7.6 MB | 213 kB | 86/328 kB | 20/780 kB    
Progress (5): 1.8/4.2 MB | 1.1/7.6 MB | 213 kB | 102/328 kB | 20/780 kB
Progress (5): 1.8/4.2 MB | 1.1/7.6 MB | 213 kB | 102/328 kB | 20/780 kB
                                                                       
Downloaded from central: https://repo.maven.apache.org/maven2/org/apache/groovy/groovy-xml/4.0.22/groovy-xml-4.0.22.jar (213 kB at 95 kB/s)
Downloading from central: https://repo.maven.apache.org/maven2/commons-logging/commons-logging/1.2/commons-logging-1.2.jar
Progress (4): 1.8/4.2 MB | 1.1/7.6 MB | 118/328 kB | 20/780 kB
Progress (4): 1.8/4.2 MB | 1.1/7.6 MB | 118/328 kB | 20/780 kB
Progress (4): 1.8/4.2 MB | 1.1/7.6 MB | 118/328 kB | 20/780 kB
Progress (4): 1.9/4.2 MB | 1.1/7.6 MB | 118/328 kB | 20/780 kB
Progress (4): 1.9/4.2 MB | 1.1/7.6 MB | 118/328 kB | 20/780 kB
Progress (4): 1.9/4.2 MB | 1.1/7.6 MB | 135/328 kB | 20/780 kB
Progress (4): 1.9/4.2 MB | 1.1/7.6 MB | 135/328 kB | 20/780 kB
Progress (4): 1.9/4.2 MB | 1.1/7.6 MB | 135/328 kB | 20/780 kB
Progress (4): 1.9/4.2 MB | 1.1/7.6 MB | 135/328 kB | 20/780 kB
Progress (4): 1.9/4.2 MB | 1.2/7.6 MB | 135/328 kB | 20/780 kB
Progress (4): 1.9/4.2 MB | 1.2/7.6 MB | 135/328 kB | 20/780 kB
Progress (4): 1.9/4.2 MB | 1.2/7.6 MB | 151/328 kB | 20/780 kB
Progress (4): 1.9/4.2 MB | 1.2/7.6 MB | 151/328 kB | 20/780 kB
Progress (4): 1.9/4.2 MB | 1.2/7.6 MB | 151/328 kB | 20/780 kB
Progress (4): 1.9/4.2 MB | 1.2/7.6 MB | 168/328 kB | 20/780 kB
Progress (4): 1.9/4.2 MB | 1.2/7.6 MB | 168/328 kB | 20/780 kB
Progress (4): 1.9/4.2 MB | 1.2/7.6 MB | 184/328 kB | 20/780 kB
Progress (4): 1.9/4.2 MB | 1.2/7.6 MB | 184/328 kB | 20/780 kB
Progress (4): 2.0/4.2 MB | 1.2/7.6 MB | 184/328 kB | 20/780 kB
Progress (4): 2.0/4.2 MB | 1.2/7.6 MB | 200/328 kB | 20/780 kB
Progress (4): 2.0/4.2 MB | 1.2/7.6 MB | 200/328 kB | 20/780 kB
Progress (4): 2.0/4.2 MB | 1.2/7.6 MB | 200/328 kB | 20/780 kB
Progress (4): 2.0/4.2 MB | 1.2/7.6 MB | 217/328 kB | 20/780 kB
Progress (4): 2.0/4.2 MB | 1.2/7.6 MB | 217/328 kB | 20/780 kB
Progress (4): 2.0/4.2 MB | 1.2/7.6 MB | 217/328 kB | 20/780 kB
Progress (4): 2.0/4.2 MB | 1.2/7.6 MB | 217/328 kB | 20/780 kB
Progress (4): 2.0/4.2 MB | 1.2/7.6 MB | 233/328 kB | 20/780 kB
Progress (4): 2.0/4.2 MB | 1.3/7.6 MB | 233/328 kB | 20/780 kB
Progress (4): 2.0/4.2 MB | 1.3/7.6 MB | 233/328 kB | 20/780 kB
Progress (4): 2.0/4.2 MB | 1.3/7.6 MB | 233/328 kB | 20/780 kB
Progress (4): 2.0/4.2 MB | 1.3/7.6 MB | 233/328 kB | 20/780 kB
Progress (4): 2.0/4.2 MB | 1.3/7.6 MB | 233/328 kB | 20/780 kB
Progress (4): 2.0/4.2 MB | 1.3/7.6 MB | 233/328 kB | 20/780 kB
Progress (4): 2.0/4.2 MB | 1.3/7.6 MB | 233/328 kB | 20/780 kB
Progress (4): 2.0/4.2 MB | 1.3/7.6 MB | 233/328 kB | 20/780 kB
Progress (4): 2.1/4.2 MB | 1.3/7.6 MB | 233/328 kB | 20/780 kB
Progress (4): 2.1/4.2 MB | 1.3/7.6 MB | 233/328 kB | 20/780 kB
Progress (4): 2.1/4.2 MB | 1.3/7.6 MB | 233/328 kB | 20/780 kB
Progress (4): 2.1/4.2 MB | 1.3/7.6 MB | 233/328 kB | 20/780 kB
Progress (4): 2.1/4.2 MB | 1.4/7.6 MB | 233/328 kB | 20/780 kB
Progress (4): 2.1/4.2 MB | 1.4/7.6 MB | 233/328 kB | 20/780 kB
Progress (4): 2.1/4.2 MB | 1.4/7.6 MB | 233/328 kB | 20/780 kB
Progress (4): 2.1/4.2 MB | 1.4/7.6 MB | 233/328 kB | 20/780 kB
Progress (4): 2.1/4.2 MB | 1.4/7.6 MB | 233/328 kB | 20/780 kB
Progress (4): 2.1/4.2 MB | 1.4/7.6 MB | 233/328 kB | 20/780 kB
Progress (4): 2.1/4.2 MB | 1.4/7.6 MB | 233/328 kB | 20/780 kB
Progress (4): 2.2/4.2 MB | 1.4/7.6 MB | 233/328 kB | 20/780 kB
Progress (4): 2.2/4.2 MB | 1.4/7.6 MB | 233/328 kB | 20/780 kB
Progress (4): 2.2/4.2 MB | 1.4/7.6 MB | 233/328 kB | 20/780 kB
Progress (4): 2.2/4.2 MB | 1.4/7.6 MB | 233/328 kB | 20/780 kB
Progress (4): 2.2/4.2 MB | 1.4/7.6 MB | 233/328 kB | 20/780 kB
Progress (4): 2.2/4.2 MB | 1.4/7.6 MB | 233/328 kB | 20/780 kB
Progress (4): 2.2/4.2 MB | 1.4/7.6 MB | 233/328 kB | 20/780 kB
Progress (4): 2.2/4.2 MB | 1.4/7.6 MB | 233/328 kB | 20/780 kB
Progress (4): 2.2/4.2 MB | 1.4/7.6 MB | 233/328 kB | 20/780 kB
Progress (4): 2.2/4.2 MB | 1.5/7.6 MB | 233/328 kB | 20/780 kB
Progress (4): 2.2/4.2 MB | 1.5/7.6 MB | 233/328 kB | 20/780 kB
Progress (4): 2.3/4.2 MB | 1.5/7.6 MB | 233/328 kB | 20/780 kB
Progress (4): 2.3/4.2 MB | 1.5/7.6 MB | 233/328 kB | 20/780 kB
Progress (4): 2.3/4.2 MB | 1.5/7.6 MB | 233/328 kB | 20/780 kB
Progress (4): 2.3/4.2 MB | 1.5/7.6 MB | 233/328 kB | 20/780 kB
Progress (4): 2.3/4.2 MB | 1.5/7.6 MB | 233/328 kB | 20/780 kB
Progress (4): 2.3/4.2 MB | 1.5/7.6 MB | 233/328 kB | 20/780 kB
Progress (4): 2.3/4.2 MB | 1.5/7.6 MB | 233/328 kB | 20/780 kB
Progress (4): 2.3/4.2 MB | 1.5/7.6 MB | 233/328 kB | 20/780 kB
Progress (4): 2.3/4.2 MB | 1.5/7.6 MB | 249/328 kB | 20/780 kB
Progress (4): 2.3/4.2 MB | 1.5/7.6 MB | 249/328 kB | 20/780 kB
Progress (4): 2.3/4.2 MB | 1.5/7.6 MB | 249/328 kB | 20/780 kB
Progress (4): 2.4/4.2 MB | 1.5/7.6 MB | 249/328 kB | 20/780 kB
Progress (4): 2.4/4.2 MB | 1.5/7.6 MB | 266/328 kB | 20/780 kB
Progress (4): 2.4/4.2 MB | 1.6/7.6 MB | 266/328 kB | 20/780 kB
Progress (4): 2.4/4.2 MB | 1.6/7.6 MB | 266/328 kB | 36/780 kB
Progress (4): 2.4/4.2 MB | 1.6/7.6 MB | 282/328 kB | 36/780 kB
Progress (4): 2.4/4.2 MB | 1.6/7.6 MB | 282/328 kB | 36/780 kB
Progress (4): 2.4/4.2 MB | 1.6/7.6 MB | 282/328 kB | 36/780 kB
Progress (4): 2.4/4.2 MB | 1.6/7.6 MB | 282/328 kB | 53/780 kB
Progress (4): 2.4/4.2 MB | 1.6/7.6 MB | 282/328 kB | 53/780 kB
Progress (4): 2.4/4.2 MB | 1.6/7.6 MB | 282/328 kB | 53/780 kB
Progress (4): 2.4/4.2 MB | 1.6/7.6 MB | 282/328 kB | 53/780 kB
Progress (4): 2.4/4.2 MB | 1.6/7.6 MB | 282/328 kB | 69/780 kB
Progress (4): 2.4/4.2 MB | 1.6/7.6 MB | 282/328 kB | 69/780 kB
Progress (4): 2.4/4.2 MB | 1.6/7.6 MB | 299/328 kB | 69/780 kB
Progress (4): 2.4/4.2 MB | 1.6/7.6 MB | 299/328 kB | 86/780 kB
Progress (4): 2.4/4.2 MB | 1.6/7.6 MB | 299/328 kB | 86/780 kB
Progress (4): 2.4/4.2 MB | 1.6/7.6 MB | 299/328 kB | 86/780 kB
Progress (4): 2.4/4.2 MB | 1.6/7.6 MB | 315/328 kB | 86/780 kB
Progress (4): 2.4/4.2 MB | 1.6/7.6 MB | 315/328 kB | 86/780 kB
Progress (4): 2.4/4.2 MB | 1.6/7.6 MB | 328 kB | 86/780 kB    
Progress (4): 2.4/4.2 MB | 1.6/7.6 MB | 328 kB | 86/780 kB
Progress (4): 2.4/4.2 MB | 1.6/7.6 MB | 328 kB | 86/780 kB
                                                          
Downloaded from central: https://repo.maven.apache.org/maven2/org/apache/httpcomponents/httpcore/4.4.16/httpcore-4.4.16.jar (328 kB at 144 kB/s)
Downloading from central: https://repo.maven.apache.org/maven2/commons-codec/commons-codec/1.16.1/commons-codec-1.16.1.jar
Progress (3): 2.5/4.2 MB | 1.6/7.6 MB | 86/780 kB
Progress (3): 2.5/4.2 MB | 1.6/7.6 MB | 102/780 kB
Progress (3): 2.5/4.2 MB | 1.6/7.6 MB | 118/780 kB
Progress (3): 2.5/4.2 MB | 1.7/7.6 MB | 118/780 kB
Progress (3): 2.5/4.2 MB | 1.7/7.6 MB | 135/780 kB
Progress (3): 2.5/4.2 MB | 1.7/7.6 MB | 135/780 kB
Progress (3): 2.5/4.2 MB | 1.7/7.6 MB | 135/780 kB
Progress (3): 2.5/4.2 MB | 1.7/7.6 MB | 135/780 kB
Progress (3): 2.5/4.2 MB | 1.7/7.6 MB | 135/780 kB
Progress (3): 2.5/4.2 MB | 1.7/7.6 MB | 151/780 kB
Progress (3): 2.5/4.2 MB | 1.7/7.6 MB | 151/780 kB
Progress (3): 2.5/4.2 MB | 1.7/7.6 MB | 151/780 kB
Progress (3): 2.5/4.2 MB | 1.7/7.6 MB | 164/780 kB
Progress (3): 2.5/4.2 MB | 1.7/7.6 MB | 164/780 kB
Progress (4): 2.5/4.2 MB | 1.7/7.6 MB | 164/780 kB | 7.7/62 kB
Progress (4): 2.5/4.2 MB | 1.7/7.6 MB | 164/780 kB | 16/62 kB 
Progress (4): 2.5/4.2 MB | 1.7/7.6 MB | 164/780 kB | 25/62 kB
Progress (4): 2.5/4.2 MB | 1.7/7.6 MB | 176/780 kB | 25/62 kB
Progress (4): 2.5/4.2 MB | 1.7/7.6 MB | 176/780 kB | 25/62 kB
Progress (4): 2.5/4.2 MB | 1.7/7.6 MB | 176/780 kB | 25/62 kB
Progress (4): 2.5/4.2 MB | 1.7/7.6 MB | 180/780 kB | 25/62 kB
Progress (4): 2.5/4.2 MB | 1.7/7.6 MB | 180/780 kB | 41/62 kB
Progress (4): 2.5/4.2 MB | 1.7/7.6 MB | 180/780 kB | 57/62 kB
Progress (4): 2.5/4.2 MB | 1.7/7.6 MB | 193/780 kB | 57/62 kB
Progress (4): 2.5/4.2 MB | 1.7/7.6 MB | 193/780 kB | 62 kB   
Progress (4): 2.6/4.2 MB | 1.7/7.6 MB | 193/780 kB | 62 kB
Progress (4): 2.6/4.2 MB | 1.7/7.6 MB | 193/780 kB | 62 kB
                                                          
Downloaded from central: https://repo.maven.apache.org/maven2/commons-logging/commons-logging/1.2/commons-logging-1.2.jar (62 kB at 27 kB/s)
Downloading from central: https://repo.maven.apache.org/maven2/org/apache/httpcomponents/httpmime/4.5.13/httpmime-4.5.13.jar
Progress (3): 2.6/4.2 MB | 1.7/7.6 MB | 209/780 kB
Progress (3): 2.6/4.2 MB | 1.7/7.6 MB | 209/780 kB
Progress (3): 2.6/4.2 MB | 1.7/7.6 MB | 209/780 kB
Progress (3): 2.6/4.2 MB | 1.7/7.6 MB | 213/780 kB
Progress (3): 2.6/4.2 MB | 1.7/7.6 MB | 213/780 kB
Progress (3): 2.6/4.2 MB | 1.8/7.6 MB | 213/780 kB
Progress (3): 2.6/4.2 MB | 1.8/7.6 MB | 229/780 kB
Progress (3): 2.6/4.2 MB | 1.8/7.6 MB | 229/780 kB
Progress (3): 2.6/4.2 MB | 1.8/7.6 MB | 229/780 kB
Progress (3): 2.6/4.2 MB | 1.8/7.6 MB | 229/780 kB
Progress (3): 2.6/4.2 MB | 1.8/7.6 MB | 246/780 kB
Progress (3): 2.6/4.2 MB | 1.8/7.6 MB | 246/780 kB
Progress (3): 2.6/4.2 MB | 1.8/7.6 MB | 246/780 kB
Progress (3): 2.6/4.2 MB | 1.8/7.6 MB | 246/780 kB
Progress (3): 2.6/4.2 MB | 1.8/7.6 MB | 262/780 kB
Progress (3): 2.7/4.2 MB | 1.8/7.6 MB | 262/780 kB
Progress (3): 2.7/4.2 MB | 1.8/7.6 MB | 262/780 kB
Progress (3): 2.7/4.2 MB | 1.8/7.6 MB | 279/780 kB
Progress (3): 2.7/4.2 MB | 1.8/7.6 MB | 279/780 kB
Progress (3): 2.7/4.2 MB | 1.8/7.6 MB | 279/780 kB
Progress (3): 2.7/4.2 MB | 1.8/7.6 MB | 279/780 kB
Progress (3): 2.7/4.2 MB | 1.8/7.6 MB | 295/780 kB
Progress (3): 2.7/4.2 MB | 1.8/7.6 MB | 295/780 kB
Progress (3): 2.7/4.2 MB | 1.8/7.6 MB | 295/780 kB
Progress (3): 2.7/4.2 MB | 1.9/7.6 MB | 295/780 kB
Progress (3): 2.7/4.2 MB | 1.9/7.6 MB | 311/780 kB
Progress (3): 2.7/4.2 MB | 1.9/7.6 MB | 311/780 kB
Progress (3): 2.7/4.2 MB | 1.9/7.6 MB | 328/780 kB
Progress (3): 2.7/4.2 MB | 1.9/7.6 MB | 328/780 kB
Progress (3): 2.7/4.2 MB | 1.9/7.6 MB | 328/780 kB
Progress (3): 2.7/4.2 MB | 1.9/7.6 MB | 344/780 kB
Progress (3): 2.7/4.2 MB | 1.9/7.6 MB | 344/780 kB
Progress (3): 2.7/4.2 MB | 1.9/7.6 MB | 344/780 kB
Progress (3): 2.8/4.2 MB | 1.9/7.6 MB | 344/780 kB
Progress (3): 2.8/4.2 MB | 1.9/7.6 MB | 344/780 kB
Progress (3): 2.8/4.2 MB | 1.9/7.6 MB | 360/780 kB
Progress (3): 2.8/4.2 MB | 1.9/7.6 MB | 360/780 kB
Progress (3): 2.8/4.2 MB | 1.9/7.6 MB | 360/780 kB
Progress (3): 2.8/4.2 MB | 1.9/7.6 MB | 360/780 kB
Progress (3): 2.8/4.2 MB | 2.0/7.6 MB | 360/780 kB
Progress (3): 2.8/4.2 MB | 2.0/7.6 MB | 377/780 kB
Progress (3): 2.8/4.2 MB | 2.0/7.6 MB | 377/780 kB
Progress (3): 2.8/4.2 MB | 2.0/7.6 MB | 393/780 kB
Progress (3): 2.8/4.2 MB | 2.0/7.6 MB | 393/780 kB
Progress (3): 2.8/4.2 MB | 2.0/7.6 MB | 393/780 kB
Progress (3): 2.8/4.2 MB | 2.0/7.6 MB | 393/780 kB
Progress (3): 2.8/4.2 MB | 2.0/7.6 MB | 410/780 kB
Progress (3): 2.8/4.2 MB | 2.0/7.6 MB | 426/780 kB
Progress (3): 2.8/4.2 MB | 2.0/7.6 MB | 426/780 kB
Progress (3): 2.8/4.2 MB | 2.0/7.6 MB | 426/780 kB
Progress (3): 2.8/4.2 MB | 2.0/7.6 MB | 426/780 kB
Progress (3): 2.8/4.2 MB | 2.0/7.6 MB | 442/780 kB
Progress (3): 2.9/4.2 MB | 2.0/7.6 MB | 442/780 kB
Progress (3): 2.9/4.2 MB | 2.0/7.6 MB | 442/780 kB
Progress (3): 2.9/4.2 MB | 2.0/7.6 MB | 459/780 kB
Progress (3): 2.9/4.2 MB | 2.0/7.6 MB | 459/780 kB
Progress (3): 2.9/4.2 MB | 2.0/7.6 MB | 459/780 kB
Progress (3): 2.9/4.2 MB | 2.0/7.6 MB | 475/780 kB
Progress (3): 2.9/4.2 MB | 2.1/7.6 MB | 475/780 kB
Progress (3): 2.9/4.2 MB | 2.1/7.6 MB | 491/780 kB
Progress (3): 2.9/4.2 MB | 2.1/7.6 MB | 491/780 kB
Progress (3): 2.9/4.2 MB | 2.1/7.6 MB | 491/780 kB
Progress (3): 2.9/4.2 MB | 2.1/7.6 MB | 508/780 kB
Progress (3): 2.9/4.2 MB | 2.1/7.6 MB | 508/780 kB
Progress (3): 2.9/4.2 MB | 2.1/7.6 MB | 508/780 kB
Progress (3): 2.9/4.2 MB | 2.1/7.6 MB | 508/780 kB
Progress (3): 2.9/4.2 MB | 2.1/7.6 MB | 508/780 kB
Progress (3): 2.9/4.2 MB | 2.1/7.6 MB | 524/780 kB
Progress (3): 2.9/4.2 MB | 2.1/7.6 MB | 524/780 kB
Progress (3): 2.9/4.2 MB | 2.1/7.6 MB | 524/780 kB
Progress (3): 2.9/4.2 MB | 2.1/7.6 MB | 540/780 kB
Progress (3): 3.0/4.2 MB | 2.1/7.6 MB | 540/780 kB
Progress (3): 3.0/4.2 MB | 2.1/7.6 MB | 540/780 kB
Progress (3): 3.0/4.2 MB | 2.1/7.6 MB | 557/780 kB
Progress (3): 3.0/4.2 MB | 2.2/7.6 MB | 557/780 kB
Progress (3): 3.0/4.2 MB | 2.2/7.6 MB | 557/780 kB
Progress (3): 3.0/4.2 MB | 2.2/7.6 MB | 557/780 kB
Progress (3): 3.0/4.2 MB | 2.2/7.6 MB | 573/780 kB
Progress (3): 3.0/4.2 MB | 2.2/7.6 MB | 573/780 kB
Progress (4): 3.0/4.2 MB | 2.2/7.6 MB | 573/780 kB | 7.7/365 kB
Progress (4): 3.0/4.2 MB | 2.2/7.6 MB | 573/780 kB | 16/365 kB 
Progress (4): 3.0/4.2 MB | 2.2/7.6 MB | 573/780 kB | 16/365 kB
Progress (4): 3.0/4.2 MB | 2.2/7.6 MB | 573/780 kB | 20/365 kB
Progress (4): 3.0/4.2 MB | 2.2/7.6 MB | 590/780 kB | 20/365 kB
Progress (4): 3.0/4.2 MB | 2.2/7.6 MB | 590/780 kB | 37/365 kB
Progress (4): 3.0/4.2 MB | 2.2/7.6 MB | 590/780 kB | 37/365 kB
Progress (4): 3.0/4.2 MB | 2.2/7.6 MB | 590/780 kB | 37/365 kB
Progress (4): 3.0/4.2 MB | 2.2/7.6 MB | 606/780 kB | 37/365 kB
Progress (4): 3.0/4.2 MB | 2.2/7.6 MB | 606/780 kB | 53/365 kB
Progress (4): 3.0/4.2 MB | 2.2/7.6 MB | 606/780 kB | 53/365 kB
Progress (4): 3.0/4.2 MB | 2.2/7.6 MB | 606/780 kB | 53/365 kB
Progress (4): 3.0/4.2 MB | 2.2/7.6 MB | 606/780 kB | 69/365 kB
Progress (4): 3.0/4.2 MB | 2.2/7.6 MB | 622/780 kB | 69/365 kB
Progress (4): 3.0/4.2 MB | 2.2/7.6 MB | 622/780 kB | 69/365 kB
Progress (4): 3.0/4.2 MB | 2.2/7.6 MB | 622/780 kB | 86/365 kB
Progress (4): 3.0/4.2 MB | 2.2/7.6 MB | 622/780 kB | 86/365 kB
Progress (4): 3.0/4.2 MB | 2.2/7.6 MB | 639/780 kB | 86/365 kB
Progress (4): 3.0/4.2 MB | 2.3/7.6 MB | 639/780 kB | 86/365 kB
Progress (4): 3.1/4.2 MB | 2.3/7.6 MB | 639/780 kB | 86/365 kB
Progress (4): 3.1/4.2 MB | 2.3/7.6 MB | 639/780 kB | 102/365 kB
Progress (4): 3.1/4.2 MB | 2.3/7.6 MB | 639/780 kB | 102/365 kB
Progress (4): 3.1/4.2 MB | 2.3/7.6 MB | 639/780 kB | 102/365 kB
Progress (4): 3.1/4.2 MB | 2.3/7.6 MB | 639/780 kB | 118/365 kB
Progress (4): 3.1/4.2 MB | 2.3/7.6 MB | 655/780 kB | 118/365 kB
Progress (4): 3.1/4.2 MB | 2.3/7.6 MB | 655/780 kB | 118/365 kB
Progress (4): 3.1/4.2 MB | 2.3/7.6 MB | 671/780 kB | 118/365 kB
Progress (4): 3.1/4.2 MB | 2.3/7.6 MB | 671/780 kB | 118/365 kB
Progress (4): 3.1/4.2 MB | 2.3/7.6 MB | 671/780 kB | 135/365 kB
Progress (4): 3.1/4.2 MB | 2.3/7.6 MB | 671/780 kB | 135/365 kB
Progress (4): 3.1/4.2 MB | 2.3/7.6 MB | 671/780 kB | 135/365 kB
Progress (4): 3.1/4.2 MB | 2.3/7.6 MB | 688/780 kB | 135/365 kB
Progress (4): 3.1/4.2 MB | 2.3/7.6 MB | 688/780 kB | 151/365 kB
Progress (4): 3.1/4.2 MB | 2.3/7.6 MB | 704/780 kB | 151/365 kB
Progress (4): 3.1/4.2 MB | 2.3/7.6 MB | 709/780 kB | 151/365 kB
Progress (4): 3.1/4.2 MB | 2.3/7.6 MB | 709/780 kB | 151/365 kB
Progress (4): 3.1/4.2 MB | 2.3/7.6 MB | 709/780 kB | 168/365 kB
Progress (4): 3.1/4.2 MB | 2.3/7.6 MB | 709/780 kB | 168/365 kB
Progress (5): 3.1/4.2 MB | 2.3/7.6 MB | 709/780 kB | 168/365 kB | 7.7/42 kB
Progress (5): 3.1/4.2 MB | 2.3/7.6 MB | 709/780 kB | 168/365 kB | 16/42 kB 
Progress (5): 3.1/4.2 MB | 2.3/7.6 MB | 709/780 kB | 168/365 kB | 16/42 kB
Progress (5): 3.1/4.2 MB | 2.3/7.6 MB | 709/780 kB | 168/365 kB | 20/42 kB
Progress (5): 3.1/4.2 MB | 2.3/7.6 MB | 725/780 kB | 168/365 kB | 20/42 kB
Progress (5): 3.1/4.2 MB | 2.3/7.6 MB | 725/780 kB | 168/365 kB | 20/42 kB
Progress (5): 3.1/4.2 MB | 2.3/7.6 MB | 725/780 kB | 184/365 kB | 20/42 kB
Progress (5): 3.1/4.2 MB | 2.3/7.6 MB | 725/780 kB | 184/365 kB | 36/42 kB
Progress (5): 3.1/4.2 MB | 2.3/7.6 MB | 725/780 kB | 184/365 kB | 42 kB   
Progress (5): 3.1/4.2 MB | 2.3/7.6 MB | 725/780 kB | 184/365 kB | 42 kB
                                                                       
Downloaded from central: https://repo.maven.apache.org/maven2/org/apache/httpcomponents/httpmime/4.5.13/httpmime-4.5.13.jar (42 kB at 18 kB/s)
Downloading from central: https://repo.maven.apache.org/maven2/org/ccil/cowan/tagsoup/tagsoup/1.2.1/tagsoup-1.2.1.jar
Progress (4): 3.2/4.2 MB | 2.3/7.6 MB | 725/780 kB | 184/365 kB
Progress (4): 3.2/4.2 MB | 2.3/7.6 MB | 725/780 kB | 184/365 kB
Progress (4): 3.2/4.2 MB | 2.3/7.6 MB | 741/780 kB | 184/365 kB
Progress (4): 3.2/4.2 MB | 2.3/7.6 MB | 741/780 kB | 200/365 kB
Progress (4): 3.2/4.2 MB | 2.4/7.6 MB | 741/780 kB | 200/365 kB
Progress (4): 3.2/4.2 MB | 2.4/7.6 MB | 741/780 kB | 217/365 kB
Progress (4): 3.2/4.2 MB | 2.4/7.6 MB | 741/780 kB | 217/365 kB
Progress (4): 3.2/4.2 MB | 2.4/7.6 MB | 758/780 kB | 217/365 kB
Progress (4): 3.2/4.2 MB | 2.4/7.6 MB | 758/780 kB | 217/365 kB
Progress (4): 3.2/4.2 MB | 2.4/7.6 MB | 758/780 kB | 233/365 kB
Progress (4): 3.2/4.2 MB | 2.4/7.6 MB | 774/780 kB | 233/365 kB
Progress (4): 3.2/4.2 MB | 2.4/7.6 MB | 780 kB | 233/365 kB    
Progress (4): 3.2/4.2 MB | 2.4/7.6 MB | 780 kB | 250/365 kB
Progress (4): 3.2/4.2 MB | 2.4/7.6 MB | 780 kB | 250/365 kB
Progress (4): 3.2/4.2 MB | 2.4/7.6 MB | 780 kB | 250/365 kB
                                                           
Downloaded from central: https://repo.maven.apache.org/maven2/org/apache/httpcomponents/httpclient/4.5.13/httpclient-4.5.13.jar (780 kB at 332 kB/s)
Downloading from central: https://repo.maven.apache.org/maven2/io/rest-assured/json-path/5.4.0/json-path-5.4.0.jar
Progress (3): 3.2/4.2 MB | 2.4/7.6 MB | 250/365 kB
Progress (3): 3.2/4.2 MB | 2.4/7.6 MB | 250/365 kB
Progress (3): 3.2/4.2 MB | 2.4/7.6 MB | 250/365 kB
Progress (3): 3.2/4.2 MB | 2.4/7.6 MB | 266/365 kB
Progress (3): 3.2/4.2 MB | 2.4/7.6 MB | 266/365 kB
Progress (3): 3.2/4.2 MB | 2.4/7.6 MB | 266/365 kB
Progress (3): 3.2/4.2 MB | 2.4/7.6 MB | 282/365 kB
Progress (3): 3.2/4.2 MB | 2.5/7.6 MB | 282/365 kB
Progress (3): 3.2/4.2 MB | 2.5/7.6 MB | 299/365 kB
Progress (3): 3.2/4.2 MB | 2.5/7.6 MB | 299/365 kB
Progress (3): 3.2/4.2 MB | 2.5/7.6 MB | 299/365 kB
Progress (3): 3.2/4.2 MB | 2.5/7.6 MB | 315/365 kB
Progress (3): 3.3/4.2 MB | 2.5/7.6 MB | 315/365 kB
Progress (3): 3.3/4.2 MB | 2.5/7.6 MB | 315/365 kB
Progress (3): 3.3/4.2 MB | 2.5/7.6 MB | 331/365 kB
Progress (3): 3.3/4.2 MB | 2.5/7.6 MB | 331/365 kB
Progress (3): 3.3/4.2 MB | 2.5/7.6 MB | 331/365 kB
Progress (3): 3.3/4.2 MB | 2.5/7.6 MB | 331/365 kB
Progress (3): 3.3/4.2 MB | 2.5/7.6 MB | 331/365 kB
Progress (3): 3.3/4.2 MB | 2.5/7.6 MB | 348/365 kB
Progress (3): 3.3/4.2 MB | 2.5/7.6 MB | 348/365 kB
Progress (3): 3.3/4.2 MB | 2.5/7.6 MB | 364/365 kB
Progress (3): 3.3/4.2 MB | 2.5/7.6 MB | 365 kB    
Progress (3): 3.3/4.2 MB | 2.5/7.6 MB | 365 kB
                                              
Downloaded from central: https://repo.maven.apache.org/maven2/commons-codec/commons-codec/1.16.1/commons-codec-1.16.1.jar (365 kB at 155 kB/s)
Downloading from central: https://repo.maven.apache.org/maven2/org/apache/groovy/groovy-json/4.0.22/groovy-json-4.0.22.jar
Progress (2): 3.3/4.2 MB | 2.6/7.6 MB
Progress (2): 3.3/4.2 MB | 2.6/7.6 MB
Progress (2): 3.3/4.2 MB | 2.6/7.6 MB
Progress (2): 3.3/4.2 MB | 2.6/7.6 MB
Progress (2): 3.3/4.2 MB | 2.6/7.6 MB
Progress (2): 3.4/4.2 MB | 2.6/7.6 MB
Progress (2): 3.4/4.2 MB | 2.6/7.6 MB
Progress (2): 3.4/4.2 MB | 2.6/7.6 MB
Progress (2): 3.4/4.2 MB | 2.6/7.6 MB
Progress (2): 3.4/4.2 MB | 2.6/7.6 MB
Progress (2): 3.4/4.2 MB | 2.6/7.6 MB
Progress (2): 3.4/4.2 MB | 2.7/7.6 MB
Progress (2): 3.4/4.2 MB | 2.7/7.6 MB
Progress (2): 3.4/4.2 MB | 2.7/7.6 MB
Progress (2): 3.4/4.2 MB | 2.7/7.6 MB
Progress (2): 3.4/4.2 MB | 2.7/7.6 MB
Progress (2): 3.4/4.2 MB | 2.7/7.6 MB
Progress (2): 3.4/4.2 MB | 2.7/7.6 MB
Progress (2): 3.4/4.2 MB | 2.7/7.6 MB
Progress (2): 3.4/4.2 MB | 2.7/7.6 MB
Progress (2): 3.4/4.2 MB | 2.7/7.6 MB
Progress (2): 3.4/4.2 MB | 2.8/7.6 MB
Progress (2): 3.4/4.2 MB | 2.8/7.6 MB
Progress (2): 3.5/4.2 MB | 2.8/7.6 MB
Progress (2): 3.5/4.2 MB | 2.8/7.6 MB
Progress (2): 3.5/4.2 MB | 2.8/7.6 MB
Progress (2): 3.5/4.2 MB | 2.8/7.6 MB
Progress (2): 3.5/4.2 MB | 2.8/7.6 MB
Progress (2): 3.5/4.2 MB | 2.8/7.6 MB
Progress (2): 3.5/4.2 MB | 2.8/7.6 MB
Progress (2): 3.5/4.2 MB | 2.8/7.6 MB
Progress (2): 3.5/4.2 MB | 2.8/7.6 MB
Progress (2): 3.5/4.2 MB | 2.8/7.6 MB
Progress (2): 3.5/4.2 MB | 2.8/7.6 MB
Progress (2): 3.5/4.2 MB | 2.9/7.6 MB
Progress (2): 3.6/4.2 MB | 2.9/7.6 MB
Progress (2): 3.6/4.2 MB | 2.9/7.6 MB
Progress (2): 3.6/4.2 MB | 2.9/7.6 MB
Progress (2): 3.6/4.2 MB | 2.9/7.6 MB
Progress (2): 3.6/4.2 MB | 2.9/7.6 MB
Progress (2): 3.6/4.2 MB | 2.9/7.6 MB
Progress (2): 3.6/4.2 MB | 2.9/7.6 MB
Progress (2): 3.6/4.2 MB | 2.9/7.6 MB
Progress (2): 3.6/4.2 MB | 2.9/7.6 MB
Progress (2): 3.6/4.2 MB | 2.9/7.6 MB
Progress (2): 3.6/4.2 MB | 3.0/7.6 MB
Progress (2): 3.6/4.2 MB | 3.0/7.6 MB
Progress (2): 3.7/4.2 MB | 3.0/7.6 MB
Progress (2): 3.7/4.2 MB | 3.0/7.6 MB
Progress (2): 3.7/4.2 MB | 3.0/7.6 MB
Progress (2): 3.7/4.2 MB | 3.0/7.6 MB
Progress (2): 3.7/4.2 MB | 3.0/7.6 MB
Progress (2): 3.7/4.2 MB | 3.0/7.6 MB
Progress (2): 3.7/4.2 MB | 3.0/7.6 MB
Progress (2): 3.7/4.2 MB | 3.0/7.6 MB
Progress (2): 3.7/4.2 MB | 3.0/7.6 MB
Progress (2): 3.7/4.2 MB | 3.0/7.6 MB
Progress (2): 3.7/4.2 MB | 3.0/7.6 MB
Progress (2): 3.8/4.2 MB | 3.0/7.6 MB
Progress (2): 3.8/4.2 MB | 3.1/7.6 MB
Progress (2): 3.8/4.2 MB | 3.1/7.6 MB
Progress (2): 3.8/4.2 MB | 3.1/7.6 MB
Progress (2): 3.8/4.2 MB | 3.1/7.6 MB
Progress (2): 3.8/4.2 MB | 3.1/7.6 MB
Progress (2): 3.8/4.2 MB | 3.1/7.6 MB
Progress (2): 3.8/4.2 MB | 3.1/7.6 MB
Progress (2): 3.8/4.2 MB | 3.1/7.6 MB
Progress (2): 3.8/4.2 MB | 3.1/7.6 MB
Progress (2): 3.9/4.2 MB | 3.1/7.6 MB
Progress (2): 3.9/4.2 MB | 3.1/7.6 MB
Progress (2): 3.9/4.2 MB | 3.1/7.6 MB
Progress (2): 3.9/4.2 MB | 3.1/7.6 MB
Progress (2): 3.9/4.2 MB | 3.1/7.6 MB
Progress (2): 3.9/4.2 MB | 3.1/7.6 MB
Progress (2): 3.9/4.2 MB | 3.2/7.6 MB
Progress (2): 3.9/4.2 MB | 3.2/7.6 MB
Progress (2): 3.9/4.2 MB | 3.2/7.6 MB
Progress (2): 3.9/4.2 MB | 3.2/7.6 MB
Progress (2): 3.9/4.2 MB | 3.2/7.6 MB
Progress (2): 3.9/4.2 MB | 3.2/7.6 MB
Progress (2): 3.9/4.2 MB | 3.2/7.6 MB
Progress (2): 3.9/4.2 MB | 3.2/7.6 MB
Progress (2): 3.9/4.2 MB | 3.2/7.6 MB
Progress (2): 4.0/4.2 MB | 3.2/7.6 MB
Progress (2): 4.0/4.2 MB | 3.2/7.6 MB
Progress (2): 4.0/4.2 MB | 3.2/7.6 MB
Progress (2): 4.0/4.2 MB | 3.3/7.6 MB
Progress (2): 4.0/4.2 MB | 3.3/7.6 MB
Progress (2): 4.0/4.2 MB | 3.3/7.6 MB
Progress (2): 4.0/4.2 MB | 3.3/7.6 MB
Progress (2): 4.0/4.2 MB | 3.3/7.6 MB
Progress (3): 4.0/4.2 MB | 3.3/7.6 MB | 7.7/91 kB
Progress (3): 4.0/4.2 MB | 3.3/7.6 MB | 11/91 kB 
Progress (3): 4.0/4.2 MB | 3.3/7.6 MB | 11/91 kB
Progress (4): 4.0/4.2 MB | 3.3/7.6 MB | 11/91 kB | 7.7/60 kB
Progress (4): 4.0/4.2 MB | 3.3/7.6 MB | 11/91 kB | 16/60 kB 
Progress (4): 4.0/4.2 MB | 3.3/7.6 MB | 11/91 kB | 16/60 kB
Progress (4): 4.0/4.2 MB | 3.3/7.6 MB | 11/91 kB | 20/60 kB
Progress (4): 4.0/4.2 MB | 3.3/7.6 MB | 11/91 kB | 36/60 kB
Progress (4): 4.0/4.2 MB | 3.3/7.6 MB | 11/91 kB | 36/60 kB
Progress (4): 4.0/4.2 MB | 3.3/7.6 MB | 11/91 kB | 36/60 kB
Progress (4): 4.0/4.2 MB | 3.3/7.6 MB | 28/91 kB | 36/60 kB
Progress (4): 4.0/4.2 MB | 3.3/7.6 MB | 28/91 kB | 53/60 kB
Progress (4): 4.1/4.2 MB | 3.3/7.6 MB | 28/91 kB | 53/60 kB
Progress (4): 4.1/4.2 MB | 3.3/7.6 MB | 28/91 kB | 60 kB   
Progress (4): 4.1/4.2 MB | 3.3/7.6 MB | 44/91 kB | 60 kB
Progress (4): 4.1/4.2 MB | 3.3/7.6 MB | 44/91 kB | 60 kB
                                                        
Downloaded from central: https://repo.maven.apache.org/maven2/io/rest-assured/json-path/5.4.0/json-path-5.4.0.jar (60 kB at 25 kB/s)
Downloading from central: https://repo.maven.apache.org/maven2/io/rest-assured/rest-assured-common/5.4.0/rest-assured-common-5.4.0.jar
Progress (3): 4.1/4.2 MB | 3.3/7.6 MB | 44/91 kB
Progress (3): 4.1/4.2 MB | 3.4/7.6 MB | 44/91 kB
Progress (3): 4.1/4.2 MB | 3.4/7.6 MB | 44/91 kB
Progress (3): 4.1/4.2 MB | 3.4/7.6 MB | 61/91 kB
Progress (3): 4.1/4.2 MB | 3.4/7.6 MB | 61/91 kB
Progress (3): 4.1/4.2 MB | 3.4/7.6 MB | 61/91 kB
Progress (3): 4.1/4.2 MB | 3.4/7.6 MB | 77/91 kB
Progress (3): 4.1/4.2 MB | 3.4/7.6 MB | 77/91 kB
Progress (3): 4.1/4.2 MB | 3.4/7.6 MB | 77/91 kB
Progress (3): 4.1/4.2 MB | 3.4/7.6 MB | 77/91 kB
Progress (3): 4.1/4.2 MB | 3.4/7.6 MB | 77/91 kB
Progress (3): 4.1/4.2 MB | 3.4/7.6 MB | 77/91 kB
Progress (3): 4.1/4.2 MB | 3.4/7.6 MB | 91 kB   
Progress (3): 4.1/4.2 MB | 3.4/7.6 MB | 91 kB
Progress (3): 4.1/4.2 MB | 3.4/7.6 MB | 91 kB
                                             
Downloaded from central: https://repo.maven.apache.org/maven2/org/ccil/cowan/tagsoup/tagsoup/1.2.1/tagsoup-1.2.1.jar (91 kB at 38 kB/s)
Downloading from central: https://repo.maven.apache.org/maven2/io/rest-assured/xml-path/5.4.0/xml-path-5.4.0.jar
Progress (2): 4.1/4.2 MB | 3.5/7.6 MB
Progress (2): 4.2/4.2 MB | 3.5/7.6 MB
Progress (2): 4.2/4.2 MB | 3.5/7.6 MB
Progress (2): 4.2/4.2 MB | 3.5/7.6 MB
Progress (2): 4.2/4.2 MB | 3.5/7.6 MB
Progress (2): 4.2/4.2 MB | 3.5/7.6 MB
Progress (2): 4.2/4.2 MB | 3.5/7.6 MB
Progress (2): 4.2/4.2 MB | 3.5/7.6 MB
Progress (2): 4.2 MB | 3.5/7.6 MB    
                                 
Downloaded from central: https://repo.maven.apache.org/maven2/net/bytebuddy/byte-buddy/1.14.19/byte-buddy-1.14.19.jar (4.2 MB at 1.8 MB/s)
Progress (1): 3.5/7.6 MB
                        
Downloading from central: https://repo.maven.apache.org/maven2/org/apache/commons/commons-lang3/3.14.0/commons-lang3-3.14.0.jar
Progress (1): 3.5/7.6 MB
Progress (1): 3.6/7.6 MB
Progress (1): 3.6/7.6 MB
Progress (1): 3.6/7.6 MB
Progress (1): 3.6/7.6 MB
Progress (1): 3.6/7.6 MB
Progress (1): 3.6/7.6 MB
Progress (1): 3.7/7.6 MB
Progress (1): 3.7/7.6 MB
Progress (1): 3.7/7.6 MB
Progress (1): 3.7/7.6 MB
Progress (1): 3.7/7.6 MB
Progress (1): 3.7/7.6 MB
Progress (1): 3.8/7.6 MB
Progress (1): 3.8/7.6 MB
Progress (1): 3.8/7.6 MB
Progress (1): 3.8/7.6 MB
Progress (1): 3.8/7.6 MB
Progress (1): 3.8/7.6 MB
Progress (1): 3.8/7.6 MB
Progress (1): 3.9/7.6 MB
Progress (1): 3.9/7.6 MB
Progress (1): 3.9/7.6 MB
Progress (1): 3.9/7.6 MB
Progress (1): 3.9/7.6 MB
Progress (1): 3.9/7.6 MB
Progress (1): 4.0/7.6 MB
Progress (1): 4.0/7.6 MB
Progress (1): 4.0/7.6 MB
Progress (1): 4.0/7.6 MB
Progress (1): 4.0/7.6 MB
Progress (1): 4.0/7.6 MB
Progress (1): 4.1/7.6 MB
Progress (1): 4.1/7.6 MB
Progress (1): 4.1/7.6 MB
Progress (1): 4.1/7.6 MB
Progress (1): 4.1/7.6 MB
Progress (1): 4.1/7.6 MB
Progress (1): 4.2/7.6 MB
Progress (1): 4.2/7.6 MB
Progress (1): 4.2/7.6 MB
Progress (1): 4.2/7.6 MB
Progress (1): 4.2/7.6 MB
Progress (1): 4.2/7.6 MB
Progress (1): 4.3/7.6 MB
Progress (1): 4.3/7.6 MB
Progress (1): 4.3/7.6 MB
Progress (1): 4.3/7.6 MB
Progress (1): 4.3/7.6 MB
Progress (1): 4.3/7.6 MB
Progress (1): 4.3/7.6 MB
Progress (1): 4.4/7.6 MB
Progress (1): 4.4/7.6 MB
Progress (1): 4.4/7.6 MB
Progress (1): 4.4/7.6 MB
Progress (1): 4.4/7.6 MB
Progress (1): 4.4/7.6 MB
Progress (1): 4.5/7.6 MB
Progress (1): 4.5/7.6 MB
Progress (1): 4.5/7.6 MB
Progress (1): 4.5/7.6 MB
Progress (1): 4.5/7.6 MB
Progress (1): 4.5/7.6 MB
Progress (1): 4.6/7.6 MB
Progress (1): 4.6/7.6 MB
Progress (1): 4.6/7.6 MB
Progress (1): 4.6/7.6 MB
Progress (1): 4.6/7.6 MB
Progress (1): 4.6/7.6 MB
Progress (1): 4.7/7.6 MB
Progress (1): 4.7/7.6 MB
Progress (1): 4.7/7.6 MB
Progress (1): 4.7/7.6 MB
Progress (1): 4.7/7.6 MB
Progress (1): 4.7/7.6 MB
Progress (1): 4.8/7.6 MB
Progress (1): 4.8/7.6 MB
Progress (1): 4.8/7.6 MB
Progress (1): 4.8/7.6 MB
Progress (1): 4.8/7.6 MB
Progress (1): 4.8/7.6 MB
Progress (2): 4.8/7.6 MB | 7.7/52 kB
Progress (2): 4.8/7.6 MB | 16/52 kB 
Progress (3): 4.8/7.6 MB | 16/52 kB | 7.7/130 kB
Progress (3): 4.8/7.6 MB | 16/52 kB | 16/130 kB 
Progress (3): 4.8/7.6 MB | 20/52 kB | 16/130 kB
Progress (4): 4.8/7.6 MB | 20/52 kB | 16/130 kB | 7.7/81 kB
Progress (4): 4.8/7.6 MB | 20/52 kB | 16/130 kB | 16/81 kB 
Progress (4): 4.8/7.6 MB | 20/52 kB | 16/130 kB | 25/81 kB
Progress (4): 4.8/7.6 MB | 20/52 kB | 32/130 kB | 25/81 kB
Progress (5): 4.8/7.6 MB | 20/52 kB | 32/130 kB | 25/81 kB | 7.7/658 kB
Progress (5): 4.8/7.6 MB | 20/52 kB | 32/130 kB | 25/81 kB | 16/658 kB 
Progress (5): 4.8/7.6 MB | 36/52 kB | 32/130 kB | 25/81 kB | 16/658 kB
Progress (5): 4.8/7.6 MB | 36/52 kB | 32/130 kB | 25/81 kB | 20/658 kB
Progress (5): 4.9/7.6 MB | 36/52 kB | 32/130 kB | 25/81 kB | 20/658 kB
Progress (5): 4.9/7.6 MB | 36/52 kB | 49/130 kB | 25/81 kB | 20/658 kB
Progress (5): 4.9/7.6 MB | 36/52 kB | 49/130 kB | 41/81 kB | 20/658 kB
Progress (5): 4.9/7.6 MB | 52 kB | 49/130 kB | 41/81 kB | 20/658 kB   
Progress (5): 4.9/7.6 MB | 52 kB | 49/130 kB | 41/81 kB | 20/658 kB
                                                                   
Downloaded from central: https://repo.maven.apache.org/maven2/io/rest-assured/rest-assured-common/5.4.0/rest-assured-common-5.4.0.jar (52 kB at 21 kB/s)
Progress (4): 4.9/7.6 MB | 49/130 kB | 41/81 kB | 36/658 kB
Progress (4): 4.9/7.6 MB | 65/130 kB | 41/81 kB | 36/658 kB
Progress (4): 4.9/7.6 MB | 65/130 kB | 41/81 kB | 36/658 kB
Progress (4): 4.9/7.6 MB | 65/130 kB | 57/81 kB | 36/658 kB
Progress (4): 4.9/7.6 MB | 65/130 kB | 57/81 kB | 53/658 kB
Progress (4): 4.9/7.6 MB | 65/130 kB | 74/81 kB | 53/658 kB
Progress (4): 4.9/7.6 MB | 65/130 kB | 81 kB | 53/658 kB   
Progress (4): 4.9/7.6 MB | 65/130 kB | 81 kB | 53/658 kB
Progress (4): 4.9/7.6 MB | 81/130 kB | 81 kB | 53/658 kB
                                                        
Downloaded from central: https://repo.maven.apache.org/maven2/io/rest-assured/xml-path/5.4.0/xml-path-5.4.0.jar (81 kB at 33 kB/s)
Progress (3): 4.9/7.6 MB | 81/130 kB | 69/658 kB
Progress (3): 4.9/7.6 MB | 81/130 kB | 69/658 kB
Progress (3): 4.9/7.6 MB | 98/130 kB | 69/658 kB
Progress (3): 4.9/7.6 MB | 98/130 kB | 69/658 kB
Progress (3): 4.9/7.6 MB | 114/130 kB | 69/658 kB
Progress (3): 4.9/7.6 MB | 114/130 kB | 86/658 kB
Progress (3): 4.9/7.6 MB | 130 kB | 86/658 kB    
Progress (3): 5.0/7.6 MB | 130 kB | 86/658 kB
                                             
Downloaded from central: https://repo.maven.apache.org/maven2/org/apache/groovy/groovy-json/4.0.22/groovy-json-4.0.22.jar (130 kB at 53 kB/s)
Progress (2): 5.0/7.6 MB | 102/658 kB
Progress (2): 5.0/7.6 MB | 102/658 kB
Progress (2): 5.0/7.6 MB | 118/658 kB
Progress (2): 5.0/7.6 MB | 118/658 kB
Progress (2): 5.0/7.6 MB | 135/658 kB
Progress (2): 5.0/7.6 MB | 135/658 kB
Progress (2): 5.0/7.6 MB | 135/658 kB
Progress (2): 5.0/7.6 MB | 151/658 kB
Progress (2): 5.0/7.6 MB | 151/658 kB
Progress (2): 5.0/7.6 MB | 168/658 kB
Progress (2): 5.1/7.6 MB | 168/658 kB
Progress (2): 5.1/7.6 MB | 184/658 kB
Progress (2): 5.1/7.6 MB | 184/658 kB
Progress (2): 5.1/7.6 MB | 200/658 kB
Progress (2): 5.1/7.6 MB | 200/658 kB
Progress (2): 5.1/7.6 MB | 217/658 kB
Progress (2): 5.1/7.6 MB | 217/658 kB
Progress (2): 5.1/7.6 MB | 233/658 kB
Progress (2): 5.1/7.6 MB | 233/658 kB
Progress (2): 5.1/7.6 MB | 249/658 kB
Progress (2): 5.1/7.6 MB | 266/658 kB
Progress (2): 5.1/7.6 MB | 266/658 kB
Progress (2): 5.1/7.6 MB | 282/658 kB
Progress (2): 5.2/7.6 MB | 282/658 kB
Progress (2): 5.2/7.6 MB | 299/658 kB
Progress (2): 5.2/7.6 MB | 299/658 kB
Progress (2): 5.2/7.6 MB | 315/658 kB
Progress (2): 5.2/7.6 MB | 315/658 kB
Progress (2): 5.2/7.6 MB | 315/658 kB
Progress (2): 5.2/7.6 MB | 331/658 kB
Progress (2): 5.2/7.6 MB | 331/658 kB
Progress (2): 5.2/7.6 MB | 331/658 kB
Progress (2): 5.2/7.6 MB | 348/658 kB
Progress (2): 5.2/7.6 MB | 364/658 kB
Progress (2): 5.3/7.6 MB | 364/658 kB
Progress (2): 5.3/7.6 MB | 381/658 kB
Progress (2): 5.3/7.6 MB | 381/658 kB
Progress (2): 5.3/7.6 MB | 397/658 kB
Progress (2): 5.3/7.6 MB | 397/658 kB
Progress (2): 5.3/7.6 MB | 397/658 kB
Progress (2): 5.3/7.6 MB | 397/658 kB
Progress (2): 5.3/7.6 MB | 397/658 kB
Progress (2): 5.3/7.6 MB | 413/658 kB
Progress (2): 5.3/7.6 MB | 413/658 kB
Progress (2): 5.3/7.6 MB | 430/658 kB
Progress (2): 5.3/7.6 MB | 430/658 kB
Progress (2): 5.3/7.6 MB | 446/658 kB
Progress (2): 5.4/7.6 MB | 446/658 kB
Progress (2): 5.4/7.6 MB | 462/658 kB
Progress (2): 5.4/7.6 MB | 479/658 kB
Progress (2): 5.4/7.6 MB | 479/658 kB
Progress (2): 5.4/7.6 MB | 495/658 kB
Progress (2): 5.4/7.6 MB | 512/658 kB
Progress (2): 5.4/7.6 MB | 512/658 kB
Progress (2): 5.4/7.6 MB | 528/658 kB
Progress (2): 5.4/7.6 MB | 528/658 kB
Progress (2): 5.4/7.6 MB | 528/658 kB
Progress (2): 5.4/7.6 MB | 544/658 kB
Progress (2): 5.4/7.6 MB | 561/658 kB
Progress (2): 5.4/7.6 MB | 561/658 kB
Progress (2): 5.4/7.6 MB | 577/658 kB
Progress (2): 5.5/7.6 MB | 577/658 kB
Progress (2): 5.5/7.6 MB | 594/658 kB
Progress (2): 5.5/7.6 MB | 594/658 kB
Progress (2): 5.5/7.6 MB | 610/658 kB
Progress (2): 5.5/7.6 MB | 610/658 kB
Progress (2): 5.5/7.6 MB | 626/658 kB
Progress (2): 5.5/7.6 MB | 643/658 kB
Progress (2): 5.5/7.6 MB | 643/658 kB
Progress (2): 5.5/7.6 MB | 643/658 kB
Progress (2): 5.5/7.6 MB | 658 kB    
Progress (2): 5.5/7.6 MB | 658 kB
                                 
Downloaded from central: https://repo.maven.apache.org/maven2/org/apache/commons/commons-lang3/3.14.0/commons-lang3-3.14.0.jar (658 kB at 264 kB/s)
Progress (1): 5.6/7.6 MB
Progress (1): 5.6/7.6 MB
Progress (1): 5.6/7.6 MB
Progress (1): 5.6/7.6 MB
Progress (1): 5.6/7.6 MB
Progress (1): 5.6/7.6 MB
Progress (1): 5.7/7.6 MB
Progress (1): 5.7/7.6 MB
Progress (1): 5.7/7.6 MB
Progress (1): 5.7/7.6 MB
Progress (1): 5.7/7.6 MB
Progress (1): 5.7/7.6 MB
Progress (1): 5.7/7.6 MB
Progress (1): 5.8/7.6 MB
Progress (1): 5.8/7.6 MB
Progress (1): 5.8/7.6 MB
Progress (1): 5.8/7.6 MB
Progress (1): 5.8/7.6 MB
Progress (1): 5.8/7.6 MB
Progress (1): 5.9/7.6 MB
Progress (1): 5.9/7.6 MB
Progress (1): 5.9/7.6 MB
Progress (1): 5.9/7.6 MB
Progress (1): 5.9/7.6 MB
Progress (1): 5.9/7.6 MB
Progress (1): 6.0/7.6 MB
Progress (1): 6.0/7.6 MB
Progress (1): 6.0/7.6 MB
Progress (1): 6.0/7.6 MB
Progress (1): 6.0/7.6 MB
Progress (1): 6.0/7.6 MB
Progress (1): 6.0/7.6 MB
Progress (1): 6.1/7.6 MB
Progress (1): 6.1/7.6 MB
Progress (1): 6.1/7.6 MB
Progress (1): 6.1/7.6 MB
Progress (1): 6.1/7.6 MB
Progress (1): 6.1/7.6 MB
Progress (1): 6.2/7.6 MB
Progress (1): 6.2/7.6 MB
Progress (1): 6.2/7.6 MB
Progress (1): 6.2/7.6 MB
Progress (1): 6.2/7.6 MB
Progress (1): 6.2/7.6 MB
Progress (1): 6.2/7.6 MB
Progress (1): 6.3/7.6 MB
Progress (1): 6.3/7.6 MB
Progress (1): 6.3/7.6 MB
Progress (1): 6.3/7.6 MB
Progress (1): 6.3/7.6 MB
Progress (1): 6.3/7.6 MB
Progress (1): 6.4/7.6 MB
Progress (1): 6.4/7.6 MB
Progress (1): 6.4/7.6 MB
Progress (1): 6.4/7.6 MB
Progress (1): 6.4/7.6 MB
Progress (1): 6.4/7.6 MB
Progress (1): 6.5/7.6 MB
Progress (1): 6.5/7.6 MB
Progress (1): 6.5/7.6 MB
Progress (1): 6.5/7.6 MB
Progress (1): 6.5/7.6 MB
Progress (1): 6.5/7.6 MB
Progress (1): 6.5/7.6 MB
Progress (1): 6.6/7.6 MB
Progress (1): 6.6/7.6 MB
Progress (1): 6.6/7.6 MB
Progress (1): 6.6/7.6 MB
Progress (1): 6.6/7.6 MB
Progress (1): 6.6/7.6 MB
Progress (1): 6.6/7.6 MB
Progress (1): 6.7/7.6 MB
Progress (1): 6.7/7.6 MB
Progress (1): 6.7/7.6 MB
Progress (1): 6.7/7.6 MB
Progress (1): 6.7/7.6 MB
Progress (1): 6.7/7.6 MB
Progress (1): 6.8/7.6 MB
Progress (1): 6.8/7.6 MB
Progress (1): 6.8/7.6 MB
Progress (1): 6.8/7.6 MB
Progress (1): 6.8/7.6 MB
Progress (1): 6.8/7.6 MB
Progress (1): 6.9/7.6 MB
Progress (1): 6.9/7.6 MB
Progress (1): 6.9/7.6 MB
Progress (1): 6.9/7.6 MB
Progress (1): 6.9/7.6 MB
Progress (1): 6.9/7.6 MB
Progress (1): 7.0/7.6 MB
Progress (1): 7.0/7.6 MB
Progress (1): 7.0/7.6 MB
Progress (1): 7.0/7.6 MB
Progress (1): 7.0/7.6 MB
Progress (1): 7.0/7.6 MB
Progress (1): 7.1/7.6 MB
Progress (1): 7.1/7.6 MB
Progress (1): 7.1/7.6 MB
Progress (1): 7.1/7.6 MB
Progress (1): 7.1/7.6 MB
Progress (1): 7.1/7.6 MB
Progress (1): 7.2/7.6 MB
Progress (1): 7.2/7.6 MB
Progress (1): 7.2/7.6 MB
Progress (1): 7.2/7.6 MB
Progress (1): 7.2/7.6 MB
Progress (1): 7.2/7.6 MB
Progress (1): 7.3/7.6 MB
Progress (1): 7.3/7.6 MB
Progress (1): 7.3/7.6 MB
Progress (1): 7.3/7.6 MB
Progress (1): 7.3/7.6 MB
Progress (1): 7.3/7.6 MB
Progress (1): 7.4/7.6 MB
Progress (1): 7.4/7.6 MB
Progress (1): 7.4/7.6 MB
Progress (1): 7.4/7.6 MB
Progress (1): 7.4/7.6 MB
Progress (1): 7.4/7.6 MB
Progress (1): 7.5/7.6 MB
Progress (1): 7.5/7.6 MB
Progress (1): 7.5/7.6 MB
Progress (1): 7.5/7.6 MB
Progress (1): 7.5/7.6 MB
Progress (1): 7.5/7.6 MB
Progress (1): 7.5/7.6 MB
Progress (1): 7.6/7.6 MB
Progress (1): 7.6/7.6 MB
Progress (1): 7.6/7.6 MB
Progress (1): 7.6 MB    
                    
Downloaded from central: https://repo.maven.apache.org/maven2/org/apache/groovy/groovy/4.0.22/groovy-4.0.22.jar (7.6 MB at 3.0 MB/s)
[INFO] 
[INFO] --- resources:3.3.1:resources (default-resources) @ medication-api ---
Downloading from central: https://repo.maven.apache.org/maven2/org/codehaus/plexus/plexus-interpolation/1.26/plexus-interpolation-1.26.pom
Progress (1): 1.4 kB
Progress (1): 2.7 kB
                    
Downloaded from central: https://repo.maven.apache.org/maven2/org/codehaus/plexus/plexus-interpolation/1.26/plexus-interpolation-1.26.pom (2.7 kB at 76 kB/s)
Downloading from central: https://repo.maven.apache.org/maven2/org/codehaus/plexus/plexus/5.1/plexus-5.1.pom
Progress (1): 696 B
Progress (1): 2.7 kB
Progress (1): 6.5 kB
Progress (1): 9.1 kB
Progress (1): 12 kB 
Progress (1): 16 kB
Progress (1): 21 kB
Progress (1): 23 kB
                   
Downloaded from central: https://repo.maven.apache.org/maven2/org/codehaus/plexus/plexus/5.1/plexus-5.1.pom (23 kB at 500 kB/s)
Downloading from central: https://repo.maven.apache.org/maven2/org/codehaus/plexus/plexus-utils/3.5.1/plexus-utils-3.5.1.pom
Progress (1): 714 B
Progress (1): 2.4 kB
Progress (1): 4.4 kB
Progress (1): 8.6 kB
Progress (1): 8.8 kB
                    
Downloaded from central: https://repo.maven.apache.org/maven2/org/codehaus/plexus/plexus-utils/3.5.1/plexus-utils-3.5.1.pom (8.8 kB at 438 kB/s)
Downloading from central: https://repo.maven.apache.org/maven2/org/codehaus/plexus/plexus/10/plexus-10.pom
Progress (1): 695 B
Progress (1): 2.7 kB
Progress (1): 6.4 kB
Progress (1): 9.2 kB
Progress (1): 11 kB 
Progress (1): 16 kB
Progress (1): 20 kB
Progress (1): 24 kB
Progress (1): 25 kB
                   
Downloaded from central: https://repo.maven.apache.org/maven2/org/codehaus/plexus/plexus/10/plexus-10.pom (25 kB at 651 kB/s)
Downloading from central: https://repo.maven.apache.org/maven2/org/apache/maven/shared/maven-filtering/3.3.1/maven-filtering-3.3.1.pom
Progress (1): 778 B
Progress (1): 2.2 kB
Progress (1): 5.6 kB
Progress (1): 6.0 kB
                    
Downloaded from central: https://repo.maven.apache.org/maven2/org/apache/maven/shared/maven-filtering/3.3.1/maven-filtering-3.3.1.pom (6.0 kB at 262 kB/s)
Downloading from central: https://repo.maven.apache.org/maven2/org/apache/maven/shared/maven-shared-components/39/maven-shared-components-39.pom
Progress (1): 807 B
Progress (1): 2.2 kB
Progress (1): 3.2 kB
                    
Downloaded from central: https://repo.maven.apache.org/maven2/org/apache/maven/shared/maven-shared-components/39/maven-shared-components-39.pom (3.2 kB at 53 kB/s)
Downloading from central: https://repo.maven.apache.org/maven2/javax/inject/javax.inject/1/javax.inject-1.pom
Progress (1): 612 B
                   
Downloaded from central: https://repo.maven.apache.org/maven2/javax/inject/javax.inject/1/javax.inject-1.pom (612 B at 9.9 kB/s)
Downloading from central: https://repo.maven.apache.org/maven2/org/slf4j/slf4j-api/1.7.36/slf4j-api-1.7.36.pom
Progress (1): 1.0 kB
Progress (1): 2.7 kB
                    
Downloaded from central: https://repo.maven.apache.org/maven2/org/slf4j/slf4j-api/1.7.36/slf4j-api-1.7.36.pom (2.7 kB at 45 kB/s)
Downloading from central: https://repo.maven.apache.org/maven2/org/slf4j/slf4j-parent/1.7.36/slf4j-parent-1.7.36.pom
Progress (1): 1.0 kB
Progress (1): 3.0 kB
Progress (1): 5.9 kB
Progress (1): 8.7 kB
Progress (1): 12 kB 
Progress (1): 14 kB
                   
Downloaded from central: https://repo.maven.apache.org/maven2/org/slf4j/slf4j-parent/1.7.36/slf4j-parent-1.7.36.pom (14 kB at 220 kB/s)
Downloading from central: https://repo.maven.apache.org/maven2/org/sonatype/plexus/plexus-build-api/0.0.7/plexus-build-api-0.0.7.pom
Progress (1): 895 B
Progress (1): 3.2 kB
                    
Downloaded from central: https://repo.maven.apache.org/maven2/org/sonatype/plexus/plexus-build-api/0.0.7/plexus-build-api-0.0.7.pom (3.2 kB at 53 kB/s)
Downloading from central: https://repo.maven.apache.org/maven2/org/sonatype/spice/spice-parent/15/spice-parent-15.pom
Progress (1): 1.2 kB
Progress (1): 3.7 kB
Progress (1): 7.3 kB
Progress (1): 8.4 kB
                    
Downloaded from central: https://repo.maven.apache.org/maven2/org/sonatype/spice/spice-parent/15/spice-parent-15.pom (8.4 kB at 131 kB/s)
Downloading from central: https://repo.maven.apache.org/maven2/org/sonatype/forge/forge-parent/5/forge-parent-5.pom
Progress (1): 1.3 kB
Progress (1): 5.6 kB
Progress (1): 8.4 kB
                    
Downloaded from central: https://repo.maven.apache.org/maven2/org/sonatype/forge/forge-parent/5/forge-parent-5.pom (8.4 kB at 131 kB/s)
Downloading from central: https://repo.maven.apache.org/maven2/org/codehaus/plexus/plexus-utils/3.5.0/plexus-utils-3.5.0.pom
Progress (1): 721 B
Progress (1): 2.3 kB
Progress (1): 4.5 kB
Progress (1): 8.0 kB
                    
Downloaded from central: https://repo.maven.apache.org/maven2/org/codehaus/plexus/plexus-utils/3.5.0/plexus-utils-3.5.0.pom (8.0 kB at 136 kB/s)
Downloading from central: https://repo.maven.apache.org/maven2/commons-io/commons-io/2.11.0/commons-io-2.11.0.pom
Progress (1): 770 B
Progress (1): 2.1 kB
Progress (1): 5.2 kB
Progress (1): 7.8 kB
Progress (1): 10 kB 
Progress (1): 12 kB
Progress (1): 15 kB
Progress (1): 18 kB
Progress (1): 20 kB
                   
Downloaded from central: https://repo.maven.apache.org/maven2/commons-io/commons-io/2.11.0/commons-io-2.11.0.pom (20 kB at 318 kB/s)
Downloading from central: https://repo.maven.apache.org/maven2/org/apache/commons/commons-parent/52/commons-parent-52.pom
Progress (1): 739 B
Progress (1): 1.9 kB
Progress (1): 3.2 kB
Progress (1): 4.8 kB
Progress (1): 6.9 kB
Progress (1): 8.3 kB
Progress (1): 11 kB 
Progress (1): 13 kB
Progress (1): 15 kB
Progress (1): 17 kB
Progress (1): 20 kB
Progress (1): 23 kB
Progress (1): 26 kB
Progress (1): 29 kB
Progress (1): 33 kB
Progress (1): 33 kB
Progress (1): 36 kB
Progress (1): 40 kB
Progress (1): 42 kB
Progress (1): 44 kB
Progress (1): 47 kB
Progress (1): 51 kB
Progress (1): 54 kB
Progress (1): 56 kB
Progress (1): 61 kB
Progress (1): 66 kB
Progress (1): 73 kB
Progress (1): 76 kB
Progress (1): 79 kB
                   
Downloaded from central: https://repo.maven.apache.org/maven2/org/apache/commons/commons-parent/52/commons-parent-52.pom (79 kB at 1.4 MB/s)
Downloading from central: https://repo.maven.apache.org/maven2/org/apache/apache/23/apache-23.pom
Progress (1): 753 B
Progress (1): 2.1 kB
Progress (1): 3.9 kB
Progress (1): 8.0 kB
Progress (1): 13 kB 
Progress (1): 16 kB
Progress (1): 18 kB
                   
Downloaded from central: https://repo.maven.apache.org/maven2/org/apache/apache/23/apache-23.pom (18 kB at 512 kB/s)
Downloading from central: https://repo.maven.apache.org/maven2/org/junit/junit-bom/5.7.2/junit-bom-5.7.2.pom
Progress (1): 912 B
Progress (1): 4.3 kB
Progress (1): 5.1 kB
                    
Downloaded from central: https://repo.maven.apache.org/maven2/org/junit/junit-bom/5.7.2/junit-bom-5.7.2.pom (5.1 kB at 189 kB/s)
Downloading from central: https://repo.maven.apache.org/maven2/org/apache/commons/commons-lang3/3.12.0/commons-lang3-3.12.0.pom
Progress (1): 751 B
Progress (1): 2.1 kB
Progress (1): 5.4 kB
Progress (1): 9.0 kB
Progress (1): 13 kB 
Progress (1): 15 kB
Progress (1): 17 kB
Progress (1): 19 kB
Progress (1): 21 kB
Progress (1): 25 kB
Progress (1): 28 kB
Progress (1): 30 kB
Progress (1): 31 kB
                   
Downloaded from central: https://repo.maven.apache.org/maven2/org/apache/commons/commons-lang3/3.12.0/commons-lang3-3.12.0.pom (31 kB at 495 kB/s)
Downloading from central: https://repo.maven.apache.org/maven2/org/junit/junit-bom/5.7.1/junit-bom-5.7.1.pom
Progress (1): 925 B
Progress (1): 3.4 kB
Progress (1): 5.1 kB
                    
Downloaded from central: https://repo.maven.apache.org/maven2/org/junit/junit-bom/5.7.1/junit-bom-5.7.1.pom (5.1 kB at 116 kB/s)
Downloading from central: https://repo.maven.apache.org/maven2/org/codehaus/plexus/plexus-interpolation/1.26/plexus-interpolation-1.26.jar
Progress (1): 7.7/85 kB
Progress (1): 16/85 kB 
Progress (1): 20/85 kB
Progress (1): 36/85 kB
Progress (1): 53/85 kB
Progress (1): 69/85 kB
Progress (1): 85 kB   
                   
Downloaded from central: https://repo.maven.apache.org/maven2/org/codehaus/plexus/plexus-interpolation/1.26/plexus-interpolation-1.26.jar (85 kB at 2.8 MB/s)
Downloading from central: https://repo.maven.apache.org/maven2/org/codehaus/plexus/plexus-utils/3.5.1/plexus-utils-3.5.1.jar
Downloading from central: https://repo.maven.apache.org/maven2/org/apache/maven/shared/maven-filtering/3.3.1/maven-filtering-3.3.1.jar
Downloading from central: https://repo.maven.apache.org/maven2/javax/inject/javax.inject/1/javax.inject-1.jar
Downloading from central: https://repo.maven.apache.org/maven2/org/slf4j/slf4j-api/1.7.36/slf4j-api-1.7.36.jar
Downloading from central: https://repo.maven.apache.org/maven2/org/sonatype/plexus/plexus-build-api/0.0.7/plexus-build-api-0.0.7.jar
Progress (1): 7.7/8.5 kB
Progress (1): 8.5 kB    
                    
Downloaded from central: https://repo.maven.apache.org/maven2/org/sonatype/plexus/plexus-build-api/0.0.7/plexus-build-api-0.0.7.jar (8.5 kB at 180 kB/s)
Downloading from central: https://repo.maven.apache.org/maven2/commons-io/commons-io/2.11.0/commons-io-2.11.0.jar
Progress (1): 2.5 kB
                    
Downloaded from central: https://repo.maven.apache.org/maven2/javax/inject/javax.inject/1/javax.inject-1.jar (2.5 kB at 51 kB/s)
Downloading from central: https://repo.maven.apache.org/maven2/org/apache/commons/commons-lang3/3.12.0/commons-lang3-3.12.0.jar
Progress (1): 7.7/55 kB
Progress (1): 16/55 kB 
Progress (1): 20/55 kB
Progress (1): 36/55 kB
Progress (1): 53/55 kB
Progress (1): 55 kB   
                   
Downloaded from central: https://repo.maven.apache.org/maven2/org/apache/maven/shared/maven-filtering/3.3.1/maven-filtering-3.3.1.jar (55 kB at 1.1 MB/s)
Progress (1): 3.7/41 kB
Progress (1): 20/41 kB 
Progress (1): 36/41 kB
Progress (1): 41 kB   
                   
Downloaded from central: https://repo.maven.apache.org/maven2/org/slf4j/slf4j-api/1.7.36/slf4j-api-1.7.36.jar (41 kB at 721 kB/s)
Progress (1): 3.7/269 kB
Progress (1): 20/269 kB 
Progress (1): 36/269 kB
Progress (1): 53/269 kB
Progress (1): 69/269 kB
Progress (1): 86/269 kB
Progress (1): 102/269 kB
Progress (1): 118/269 kB
Progress (1): 135/269 kB
Progress (1): 151/269 kB
Progress (1): 168/269 kB
Progress (1): 184/269 kB
Progress (1): 200/269 kB
Progress (1): 217/269 kB
Progress (1): 233/269 kB
Progress (2): 233/269 kB | 7.7/587 kB
Progress (2): 233/269 kB | 16/587 kB 
Progress (2): 233/269 kB | 25/587 kB
Progress (3): 233/269 kB | 25/587 kB | 7.7/327 kB
Progress (3): 233/269 kB | 25/587 kB | 16/327 kB 
Progress (3): 233/269 kB | 25/587 kB | 20/327 kB
Progress (3): 249/269 kB | 25/587 kB | 20/327 kB
Progress (3): 249/269 kB | 25/587 kB | 36/327 kB
Progress (3): 249/269 kB | 41/587 kB | 36/327 kB
Progress (3): 266/269 kB | 41/587 kB | 36/327 kB
Progress (3): 269 kB | 41/587 kB | 36/327 kB    
                                            
Downloaded from central: https://repo.maven.apache.org/maven2/org/codehaus/plexus/plexus-utils/3.5.1/plexus-utils-3.5.1.jar (269 kB at 2.6 MB/s)
Progress (2): 57/587 kB | 36/327 kB
Progress (2): 74/587 kB | 36/327 kB
Progress (2): 74/587 kB | 53/327 kB
Progress (2): 74/587 kB | 69/327 kB
Progress (2): 90/587 kB | 69/327 kB
Progress (2): 90/587 kB | 86/327 kB
Progress (2): 106/587 kB | 86/327 kB
Progress (2): 106/587 kB | 102/327 kB
Progress (2): 123/587 kB | 102/327 kB
Progress (2): 123/587 kB | 118/327 kB
Progress (2): 139/587 kB | 118/327 kB
Progress (2): 139/587 kB | 135/327 kB
Progress (2): 139/587 kB | 151/327 kB
Progress (2): 156/587 kB | 151/327 kB
Progress (2): 172/587 kB | 151/327 kB
Progress (2): 172/587 kB | 168/327 kB
Progress (2): 172/587 kB | 184/327 kB
Progress (2): 188/587 kB | 184/327 kB
Progress (2): 188/587 kB | 200/327 kB
Progress (2): 188/587 kB | 217/327 kB
Progress (2): 205/587 kB | 217/327 kB
Progress (2): 221/587 kB | 217/327 kB
Progress (2): 221/587 kB | 233/327 kB
Progress (2): 238/587 kB | 233/327 kB
Progress (2): 238/587 kB | 249/327 kB
Progress (2): 254/587 kB | 249/327 kB
Progress (2): 254/587 kB | 266/327 kB
Progress (2): 270/587 kB | 266/327 kB
Progress (2): 270/587 kB | 282/327 kB
Progress (2): 281/587 kB | 282/327 kB
Progress (2): 281/587 kB | 299/327 kB
Progress (2): 298/587 kB | 299/327 kB
Progress (2): 298/587 kB | 315/327 kB
Progress (2): 314/587 kB | 315/327 kB
Progress (2): 314/587 kB | 327 kB    
Progress (2): 331/587 kB | 327 kB
                                 
Downloaded from central: https://repo.maven.apache.org/maven2/commons-io/commons-io/2.11.0/commons-io-2.11.0.jar (327 kB at 2.7 MB/s)
Progress (1): 347/587 kB
Progress (1): 363/587 kB
Progress (1): 380/587 kB
Progress (1): 396/587 kB
Progress (1): 413/587 kB
Progress (1): 429/587 kB
Progress (1): 445/587 kB
Progress (1): 462/587 kB
Progress (1): 478/587 kB
Progress (1): 494/587 kB
Progress (1): 511/587 kB
Progress (1): 527/587 kB
Progress (1): 544/587 kB
Progress (1): 560/587 kB
Progress (1): 576/587 kB
Progress (1): 587 kB    
                    
Downloaded from central: https://repo.maven.apache.org/maven2/org/apache/commons/commons-lang3/3.12.0/commons-lang3-3.12.0.jar (587 kB at 4.5 MB/s)
[WARNING] Using platform encoding (UTF-8 actually) to copy filtered resources, i.e. build is platform dependent!
[INFO] Copying 10 resources from src/main/resources to target/classes
[INFO] 
[INFO] --- compiler:3.13.0:compile (default-compile) @ medication-api ---
Downloading from central: https://repo.maven.apache.org/maven2/org/apache/maven/shared/maven-shared-utils/3.4.2/maven-shared-utils-3.4.2.pom
Progress (1): 783 B
Progress (1): 2.3 kB
Progress (1): 4.3 kB
Progress (1): 5.9 kB
                    
Downloaded from central: https://repo.maven.apache.org/maven2/org/apache/maven/shared/maven-shared-utils/3.4.2/maven-shared-utils-3.4.2.pom (5.9 kB at 203 kB/s)
Downloading from central: https://repo.maven.apache.org/maven2/org/apache/maven/shared/maven-shared-incremental/1.1/maven-shared-incremental-1.1.pom
Progress (1): 793 B
Progress (1): 2.3 kB
Progress (1): 4.7 kB
                    
Downloaded from central: https://repo.maven.apache.org/maven2/org/apache/maven/shared/maven-shared-incremental/1.1/maven-shared-incremental-1.1.pom (4.7 kB at 158 kB/s)
Downloading from central: https://repo.maven.apache.org/maven2/org/apache/maven/shared/maven-shared-components/19/maven-shared-components-19.pom
Progress (1): 770 B
Progress (1): 2.4 kB
Progress (1): 4.2 kB
Progress (1): 6.4 kB
                    
Downloaded from central: https://repo.maven.apache.org/maven2/org/apache/maven/shared/maven-shared-components/19/maven-shared-components-19.pom (6.4 kB at 254 kB/s)
Downloading from central: https://repo.maven.apache.org/maven2/org/apache/maven/maven-parent/23/maven-parent-23.pom
Progress (1): 737 B
Progress (1): 2.0 kB
Progress (1): 6.0 kB
Progress (1): 11 kB 
Progress (1): 15 kB
Progress (1): 19 kB
Progress (1): 22 kB
Progress (1): 25 kB
Progress (1): 27 kB
Progress (1): 31 kB
Progress (1): 33 kB
                   
Downloaded from central: https://repo.maven.apache.org/maven2/org/apache/maven/maven-parent/23/maven-parent-23.pom (33 kB at 1.1 MB/s)
Downloading from central: https://repo.maven.apache.org/maven2/org/codehaus/plexus/plexus-java/1.2.0/plexus-java-1.2.0.pom
Progress (1): 1.9 kB
Progress (1): 4.3 kB
                    
Downloaded from central: https://repo.maven.apache.org/maven2/org/codehaus/plexus/plexus-java/1.2.0/plexus-java-1.2.0.pom (4.3 kB at 186 kB/s)
Downloading from central: https://repo.maven.apache.org/maven2/org/codehaus/plexus/plexus-languages/1.2.0/plexus-languages-1.2.0.pom
Progress (1): 1.3 kB
Progress (1): 3.2 kB
                    
Downloaded from central: https://repo.maven.apache.org/maven2/org/codehaus/plexus/plexus-languages/1.2.0/plexus-languages-1.2.0.pom (3.2 kB at 84 kB/s)
Downloading from central: https://repo.maven.apache.org/maven2/org/codehaus/plexus/plexus/15/plexus-15.pom
Progress (1): 693 B
Progress (1): 2.5 kB
Progress (1): 6.4 kB
Progress (1): 8.9 kB
Progress (1): 11 kB 
Progress (1): 14 kB
Progress (1): 19 kB
Progress (1): 21 kB
Progress (1): 25 kB
Progress (1): 28 kB
                   
Downloaded from central: https://repo.maven.apache.org/maven2/org/codehaus/plexus/plexus/15/plexus-15.pom (28 kB at 958 kB/s)
Downloading from central: https://repo.maven.apache.org/maven2/com/thoughtworks/qdox/qdox/2.0.3/qdox-2.0.3.pom
Progress (1): 887 B
Progress (1): 3.4 kB
Progress (1): 6.6 kB
Progress (1): 11 kB 
Progress (1): 13 kB
Progress (1): 17 kB
                   
Downloaded from central: https://repo.maven.apache.org/maven2/com/thoughtworks/qdox/qdox/2.0.3/qdox-2.0.3.pom (17 kB at 556 kB/s)
Downloading from central: https://repo.maven.apache.org/maven2/org/codehaus/plexus/plexus-compiler-api/2.15.0/plexus-compiler-api-2.15.0.pom
Progress (1): 1.4 kB
                    
Downloaded from central: https://repo.maven.apache.org/maven2/org/codehaus/plexus/plexus-compiler-api/2.15.0/plexus-compiler-api-2.15.0.pom (1.4 kB at 49 kB/s)
Downloading from central: https://repo.maven.apache.org/maven2/org/codehaus/plexus/plexus-compiler/2.15.0/plexus-compiler-2.15.0.pom
Progress (1): 1.2 kB
Progress (1): 4.5 kB
Progress (1): 7.6 kB
                    
Downloaded from central: https://repo.maven.apache.org/maven2/org/codehaus/plexus/plexus-compiler/2.15.0/plexus-compiler-2.15.0.pom (7.6 kB at 262 kB/s)
Downloading from central: https://repo.maven.apache.org/maven2/org/codehaus/plexus/plexus/17/plexus-17.pom
Progress (1): 693 B
Progress (1): 2.5 kB
Progress (1): 6.4 kB
Progress (1): 8.9 kB
Progress (1): 11 kB 
Progress (1): 15 kB
Progress (1): 19 kB
Progress (1): 21 kB
Progress (1): 25 kB
Progress (1): 28 kB
                   
Downloaded from central: https://repo.maven.apache.org/maven2/org/codehaus/plexus/plexus/17/plexus-17.pom (28 kB at 1.1 MB/s)
Downloading from central: https://repo.maven.apache.org/maven2/org/codehaus/plexus/plexus-utils/4.0.0/plexus-utils-4.0.0.pom
Progress (1): 721 B
Progress (1): 2.3 kB
Progress (1): 4.5 kB
Progress (1): 8.7 kB
                    
Downloaded from central: https://repo.maven.apache.org/maven2/org/codehaus/plexus/plexus-utils/4.0.0/plexus-utils-4.0.0.pom (8.7 kB at 346 kB/s)
Downloading from central: https://repo.maven.apache.org/maven2/org/codehaus/plexus/plexus/13/plexus-13.pom
Progress (1): 693 B
Progress (1): 2.5 kB
Progress (1): 6.4 kB
Progress (1): 8.9 kB
Progress (1): 11 kB 
Progress (1): 14 kB
Progress (1): 18 kB
Progress (1): 21 kB
Progress (1): 26 kB
Progress (1): 27 kB
                   
Downloaded from central: https://repo.maven.apache.org/maven2/org/codehaus/plexus/plexus/13/plexus-13.pom (27 kB at 883 kB/s)
Downloading from central: https://repo.maven.apache.org/maven2/org/codehaus/plexus/plexus-compiler-manager/2.15.0/plexus-compiler-manager-2.15.0.pom
Progress (1): 1.3 kB
                    
Downloaded from central: https://repo.maven.apache.org/maven2/org/codehaus/plexus/plexus-compiler-manager/2.15.0/plexus-compiler-manager-2.15.0.pom (1.3 kB at 48 kB/s)
Downloading from central: https://repo.maven.apache.org/maven2/org/codehaus/plexus/plexus-xml/3.0.0/plexus-xml-3.0.0.pom
Progress (1): 809 B
Progress (1): 2.7 kB
Progress (1): 3.7 kB
                    
Downloaded from central: https://repo.maven.apache.org/maven2/org/codehaus/plexus/plexus-xml/3.0.0/plexus-xml-3.0.0.pom (3.7 kB at 150 kB/s)
Downloading from central: https://repo.maven.apache.org/maven2/org/codehaus/plexus/plexus-compiler-javac/2.15.0/plexus-compiler-javac-2.15.0.pom
Progress (1): 1.3 kB
                    
Downloaded from central: https://repo.maven.apache.org/maven2/org/codehaus/plexus/plexus-compiler-javac/2.15.0/plexus-compiler-javac-2.15.0.pom (1.3 kB at 52 kB/s)
Downloading from central: https://repo.maven.apache.org/maven2/org/codehaus/plexus/plexus-compilers/2.15.0/plexus-compilers-2.15.0.pom
Progress (1): 1.6 kB
Progress (1): 1.6 kB
                    
Downloaded from central: https://repo.maven.apache.org/maven2/org/codehaus/plexus/plexus-compilers/2.15.0/plexus-compilers-2.15.0.pom (1.6 kB at 63 kB/s)
Downloading from central: https://repo.maven.apache.org/maven2/org/apache/maven/shared/maven-shared-utils/3.4.2/maven-shared-utils-3.4.2.jar
Progress (1): 7.7/151 kB
Progress (1): 16/151 kB 
Progress (1): 25/151 kB
Progress (1): 41/151 kB
Progress (1): 57/151 kB
Progress (1): 74/151 kB
Progress (1): 90/151 kB
Progress (1): 106/151 kB
Progress (1): 123/151 kB
Progress (1): 139/151 kB
Progress (1): 151 kB    
                    
Downloaded from central: https://repo.maven.apache.org/maven2/org/apache/maven/shared/maven-shared-utils/3.4.2/maven-shared-utils-3.4.2.jar (151 kB at 4.9 MB/s)
Downloading from central: https://repo.maven.apache.org/maven2/org/apache/maven/shared/maven-shared-incremental/1.1/maven-shared-incremental-1.1.jar
Downloading from central: https://repo.maven.apache.org/maven2/org/codehaus/plexus/plexus-java/1.2.0/plexus-java-1.2.0.jar
Downloading from central: https://repo.maven.apache.org/maven2/com/thoughtworks/qdox/qdox/2.0.3/qdox-2.0.3.jar
Downloading from central: https://repo.maven.apache.org/maven2/org/codehaus/plexus/plexus-compiler-api/2.15.0/plexus-compiler-api-2.15.0.jar
Downloading from central: https://repo.maven.apache.org/maven2/org/codehaus/plexus/plexus-compiler-manager/2.15.0/plexus-compiler-manager-2.15.0.jar
Progress (1): 7.7/334 kB
Progress (1): 16/334 kB 
Progress (2): 16/334 kB | 3.7/29 kB
Progress (2): 25/334 kB | 3.7/29 kB
Progress (2): 25/334 kB | 20/29 kB 
Progress (3): 25/334 kB | 20/29 kB | 3.7/5.2 kB
Progress (3): 25/334 kB | 20/29 kB | 5.2 kB    
Progress (3): 41/334 kB | 20/29 kB | 5.2 kB
Progress (3): 41/334 kB | 29 kB | 5.2 kB   
                                        
Downloaded from central: https://repo.maven.apache.org/maven2/org/codehaus/plexus/plexus-compiler-manager/2.15.0/plexus-compiler-manager-2.15.0.jar (5.2 kB at 218 kB/s)
Downloading from central: https://repo.maven.apache.org/maven2/org/codehaus/plexus/plexus-xml/3.0.0/plexus-xml-3.0.0.jar
Downloaded from central: https://repo.maven.apache.org/maven2/org/codehaus/plexus/plexus-compiler-api/2.15.0/plexus-compiler-api-2.15.0.jar (29 kB at 1.2 MB/s)
Downloading from central: https://repo.maven.apache.org/maven2/org/codehaus/plexus/plexus-compiler-javac/2.15.0/plexus-compiler-javac-2.15.0.jar
Progress (1): 57/334 kB
Progress (2): 57/334 kB | 7.7/58 kB
Progress (2): 57/334 kB | 16/58 kB 
Progress (2): 57/334 kB | 20/58 kB
Progress (2): 74/334 kB | 20/58 kB
Progress (2): 90/334 kB | 20/58 kB
Progress (2): 90/334 kB | 36/58 kB
Progress (2): 106/334 kB | 36/58 kB
Progress (2): 123/334 kB | 36/58 kB
Progress (2): 123/334 kB | 53/58 kB
Progress (2): 139/334 kB | 53/58 kB
Progress (2): 139/334 kB | 58 kB   
Progress (2): 156/334 kB | 58 kB
Progress (2): 172/334 kB | 58 kB
                                
Downloaded from central: https://repo.maven.apache.org/maven2/org/codehaus/plexus/plexus-java/1.2.0/plexus-java-1.2.0.jar (58 kB at 1.7 MB/s)
Downloading from central: https://repo.maven.apache.org/maven2/org/codehaus/plexus/plexus-utils/4.0.0/plexus-utils-4.0.0.jar
Progress (1): 188/334 kB
Progress (1): 205/334 kB
Progress (1): 221/334 kB
Progress (1): 238/334 kB
Progress (1): 254/334 kB
Progress (1): 270/334 kB
Progress (1): 287/334 kB
Progress (2): 287/334 kB | 7.7/14 kB
Progress (2): 287/334 kB | 14 kB    
                                
Downloaded from central: https://repo.maven.apache.org/maven2/org/apache/maven/shared/maven-shared-incremental/1.1/maven-shared-incremental-1.1.jar (14 kB at 308 kB/s)
Progress (1): 303/334 kB
Progress (1): 319/334 kB
Progress (1): 334 kB    
                    
Downloaded from central: https://repo.maven.apache.org/maven2/com/thoughtworks/qdox/qdox/2.0.3/qdox-2.0.3.jar (334 kB at 7.4 MB/s)
Progress (1): 3.7/93 kB
Progress (1): 20/93 kB 
Progress (1): 36/93 kB
Progress (1): 53/93 kB
Progress (1): 69/93 kB
Progress (1): 86/93 kB
Progress (1): 93 kB   
Progress (2): 93 kB | 3.7/26 kB
                               
Downloaded from central: https://repo.maven.apache.org/maven2/org/codehaus/plexus/plexus-xml/3.0.0/plexus-xml-3.0.0.jar (93 kB at 1.8 MB/s)
Progress (1): 20/26 kB
Progress (1): 26 kB   
                   
Downloaded from central: https://repo.maven.apache.org/maven2/org/codehaus/plexus/plexus-compiler-javac/2.15.0/plexus-compiler-javac-2.15.0.jar (26 kB at 494 kB/s)
Progress (1): 7.7/192 kB
Progress (1): 16/192 kB 
Progress (1): 20/192 kB
Progress (1): 36/192 kB
Progress (1): 53/192 kB
Progress (1): 69/192 kB
Progress (1): 86/192 kB
Progress (1): 102/192 kB
Progress (1): 118/192 kB
Progress (1): 135/192 kB
Progress (1): 151/192 kB
Progress (1): 168/192 kB
Progress (1): 184/192 kB
Progress (1): 192 kB    
                    
Downloaded from central: https://repo.maven.apache.org/maven2/org/codehaus/plexus/plexus-utils/4.0.0/plexus-utils-4.0.0.jar (192 kB at 2.5 MB/s)
[INFO] Recompiling the module because of changed source code.
[WARNING] File encoding has not been set, using platform encoding UTF-8, i.e. build is platform dependent!
[INFO] Compiling 28 source files with javac [debug parameters target 21] to target/classes
[INFO] Annotation processing is enabled because one or more processors were found
  on the class path. A future release of javac may disable annotation processing
  unless at least one processor is specified by name (-processor), or a search
  path is specified (--processor-path, --processor-module-path), or annotation
  processing is enabled explicitly (-proc:only, -proc:full).
  Use -Xlint:-options to suppress this message.
  Use -proc:none to disable annotation processing.
[INFO] 
[INFO] --- resources:3.3.1:testResources (default-testResources) @ medication-api ---
[WARNING] Using platform encoding (UTF-8 actually) to copy filtered resources, i.e. build is platform dependent!
[INFO] Copying 2 resources from src/test/resources to target/test-classes
[INFO] 
[INFO] --- compiler:3.13.0:testCompile (default-testCompile) @ medication-api ---
[INFO] Recompiling the module because of changed dependency.
[WARNING] File encoding has not been set, using platform encoding UTF-8, i.e. build is platform dependent!
[INFO] Compiling 8 source files with javac [debug parameters target 21] to target/test-classes
[INFO] Annotation processing is enabled because one or more processors were found
  on the class path. A future release of javac may disable annotation processing
  unless at least one processor is specified by name (-processor), or a search
  path is specified (--processor-path, --processor-module-path), or annotation
  processing is enabled explicitly (-proc:only, -proc:full).
  Use -Xlint:-options to suppress this message.
  Use -proc:none to disable annotation processing.
[INFO] 
[INFO] --- surefire:3.2.5:test (default-test) @ medication-api ---
Downloading from central: https://repo.maven.apache.org/maven2/org/apache/maven/surefire/maven-surefire-common/3.2.5/maven-surefire-common-3.2.5.pom
Progress (1): 824 B
Progress (1): 3.3 kB
Progress (1): 6.2 kB
Progress (1): 6.2 kB
                    
Downloaded from central: https://repo.maven.apache.org/maven2/org/apache/maven/surefire/maven-surefire-common/3.2.5/maven-surefire-common-3.2.5.pom (6.2 kB at 231 kB/s)
Downloading from central: https://repo.maven.apache.org/maven2/org/apache/maven/surefire/surefire-api/3.2.5/surefire-api-3.2.5.pom
Progress (1): 847 B
Progress (1): 2.7 kB
Progress (1): 3.5 kB
                    
Downloaded from central: https://repo.maven.apache.org/maven2/org/apache/maven/surefire/surefire-api/3.2.5/surefire-api-3.2.5.pom (3.5 kB at 101 kB/s)
Downloading from central: https://repo.maven.apache.org/maven2/org/apache/maven/surefire/surefire-logger-api/3.2.5/surefire-logger-api-3.2.5.pom
Progress (1): 834 B
Progress (1): 2.3 kB
Progress (1): 3.3 kB
                    
Downloaded from central: https://repo.maven.apache.org/maven2/org/apache/maven/surefire/surefire-logger-api/3.2.5/surefire-logger-api-3.2.5.pom (3.3 kB at 130 kB/s)
Downloading from central: https://repo.maven.apache.org/maven2/org/apache/maven/surefire/surefire-shared-utils/3.2.5/surefire-shared-utils-3.2.5.pom
Progress (1): 1.1 kB
Progress (1): 4.1 kB
                    
Downloaded from central: https://repo.maven.apache.org/maven2/org/apache/maven/surefire/surefire-shared-utils/3.2.5/surefire-shared-utils-3.2.5.pom (4.1 kB at 85 kB/s)
Downloading from central: https://repo.maven.apache.org/maven2/org/apache/maven/surefire/surefire-extensions-api/3.2.5/surefire-extensions-api-3.2.5.pom
Progress (1): 841 B
Progress (1): 2.8 kB
Progress (1): 3.3 kB
                    
Downloaded from central: https://repo.maven.apache.org/maven2/org/apache/maven/surefire/surefire-extensions-api/3.2.5/surefire-extensions-api-3.2.5.pom (3.3 kB at 60 kB/s)
Downloading from central: https://repo.maven.apache.org/maven2/org/apache/maven/surefire/surefire-booter/3.2.5/surefire-booter-3.2.5.pom
Progress (1): 839 B
Progress (1): 3.0 kB
Progress (1): 4.5 kB
                    
Downloaded from central: https://repo.maven.apache.org/maven2/org/apache/maven/surefire/surefire-booter/3.2.5/surefire-booter-3.2.5.pom (4.5 kB at 82 kB/s)
Downloading from central: https://repo.maven.apache.org/maven2/org/apache/maven/surefire/surefire-extensions-spi/3.2.5/surefire-extensions-spi-3.2.5.pom
Progress (1): 854 B
Progress (1): 1.8 kB
                    
Downloaded from central: https://repo.maven.apache.org/maven2/org/apache/maven/surefire/surefire-extensions-spi/3.2.5/surefire-extensions-spi-3.2.5.pom (1.8 kB at 41 kB/s)
Downloading from central: https://repo.maven.apache.org/maven2/org/eclipse/aether/aether-util/1.0.0.v20140518/aether-util-1.0.0.v20140518.pom
Progress (1): 927 B
Progress (1): 2.2 kB
                    
Downloaded from central: https://repo.maven.apache.org/maven2/org/eclipse/aether/aether-util/1.0.0.v20140518/aether-util-1.0.0.v20140518.pom (2.2 kB at 66 kB/s)
Downloading from central: https://repo.maven.apache.org/maven2/org/eclipse/aether/aether/1.0.0.v20140518/aether-1.0.0.v20140518.pom
Progress (1): 814 B
Progress (1): 3.3 kB
Progress (1): 5.2 kB
Progress (1): 9.1 kB
Progress (1): 12 kB 
Progress (1): 17 kB
Progress (1): 20 kB
Progress (1): 23 kB
Progress (1): 28 kB
Progress (1): 30 kB
                   
Downloaded from central: https://repo.maven.apache.org/maven2/org/eclipse/aether/aether/1.0.0.v20140518/aether-1.0.0.v20140518.pom (30 kB at 735 kB/s)
Downloading from central: https://repo.maven.apache.org/maven2/org/eclipse/aether/aether-api/1.0.0.v20140518/aether-api-1.0.0.v20140518.pom
Progress (1): 945 B
Progress (1): 1.9 kB
                    
Downloaded from central: https://repo.maven.apache.org/maven2/org/eclipse/aether/aether-api/1.0.0.v20140518/aether-api-1.0.0.v20140518.pom (1.9 kB at 63 kB/s)
Downloading from central: https://repo.maven.apache.org/maven2/org/apache/maven/shared/maven-common-artifact-filters/3.1.1/maven-common-artifact-filters-3.1.1.pom
Progress (1): 803 B
Progress (1): 2.3 kB
Progress (1): 5.7 kB
Progress (1): 5.8 kB
                    
Downloaded from central: https://repo.maven.apache.org/maven2/org/apache/maven/shared/maven-common-artifact-filters/3.1.1/maven-common-artifact-filters-3.1.1.pom (5.8 kB at 171 kB/s)
Downloading from central: https://repo.maven.apache.org/maven2/org/apache/maven/shared/maven-shared-components/34/maven-shared-components-34.pom
Progress (1): 781 B
Progress (1): 2.3 kB
Progress (1): 4.6 kB
Progress (1): 5.1 kB
                    
Downloaded from central: https://repo.maven.apache.org/maven2/org/apache/maven/shared/maven-shared-components/34/maven-shared-components-34.pom (5.1 kB at 154 kB/s)
Downloading from central: https://repo.maven.apache.org/maven2/org/apache/maven/maven-parent/34/maven-parent-34.pom
Progress (1): 737 B
Progress (1): 1.9 kB
Progress (1): 5.6 kB
Progress (1): 10 kB 
Progress (1): 15 kB
Progress (1): 19 kB
Progress (1): 23 kB
Progress (1): 26 kB
Progress (1): 28 kB
Progress (1): 31 kB
Progress (1): 33 kB
Progress (1): 36 kB
Progress (1): 39 kB
Progress (1): 43 kB
                   
Downloaded from central: https://repo.maven.apache.org/maven2/org/apache/maven/maven-parent/34/maven-parent-34.pom (43 kB at 1.3 MB/s)
Downloading from central: https://repo.maven.apache.org/maven2/org/apache/maven/maven-artifact/3.2.5/maven-artifact-3.2.5.pom
Progress (1): 834 B
Progress (1): 2.3 kB
                    
Downloaded from central: https://repo.maven.apache.org/maven2/org/apache/maven/maven-artifact/3.2.5/maven-artifact-3.2.5.pom (2.3 kB at 65 kB/s)
Downloading from central: https://repo.maven.apache.org/maven2/org/apache/maven/maven/3.2.5/maven-3.2.5.pom
Progress (1): 764 B
Progress (1): 1.9 kB
Progress (1): 3.4 kB
Progress (1): 5.3 kB
Progress (1): 11 kB 
Progress (1): 15 kB
Progress (1): 18 kB
Progress (1): 21 kB
Progress (1): 22 kB
                   
Downloaded from central: https://repo.maven.apache.org/maven2/org/apache/maven/maven/3.2.5/maven-3.2.5.pom (22 kB at 895 kB/s)
Downloading from central: https://repo.maven.apache.org/maven2/org/apache/maven/maven-parent/25/maven-parent-25.pom
Progress (1): 743 B
Progress (1): 2.0 kB
Progress (1): 6.1 kB
Progress (1): 11 kB 
Progress (1): 15 kB
Progress (1): 19 kB
Progress (1): 23 kB
Progress (1): 24 kB
Progress (1): 27 kB
Progress (1): 30 kB
Progress (1): 33 kB
Progress (1): 37 kB
Progress (1): 37 kB
                   
Downloaded from central: https://repo.maven.apache.org/maven2/org/apache/maven/maven-parent/25/maven-parent-25.pom (37 kB at 1.4 MB/s)
Downloading from central: https://repo.maven.apache.org/maven2/org/apache/apache/15/apache-15.pom
Progress (1): 771 B
Progress (1): 2.2 kB
Progress (1): 4.0 kB
Progress (1): 8.0 kB
Progress (1): 11 kB 
Progress (1): 14 kB
Progress (1): 15 kB
                   
Downloaded from central: https://repo.maven.apache.org/maven2/org/apache/apache/15/apache-15.pom (15 kB at 635 kB/s)
Downloading from central: https://repo.maven.apache.org/maven2/org/apache/maven/maven-core/3.2.5/maven-core-3.2.5.pom
Progress (1): 796 B
Progress (1): 2.3 kB
Progress (1): 5.4 kB
Progress (1): 8.1 kB
                    
Downloaded from central: https://repo.maven.apache.org/maven2/org/apache/maven/maven-core/3.2.5/maven-core-3.2.5.pom (8.1 kB at 237 kB/s)
Downloading from central: https://repo.maven.apache.org/maven2/org/apache/maven/maven-settings/3.2.5/maven-settings-3.2.5.pom
Progress (1): 822 B
Progress (1): 2.2 kB
                    
Downloaded from central: https://repo.maven.apache.org/maven2/org/apache/maven/maven-settings/3.2.5/maven-settings-3.2.5.pom (2.2 kB at 90 kB/s)
Downloading from central: https://repo.maven.apache.org/maven2/org/apache/maven/maven-settings-builder/3.2.5/maven-settings-builder-3.2.5.pom
Progress (1): 820 B
Progress (1): 2.6 kB
                    
Downloaded from central: https://repo.maven.apache.org/maven2/org/apache/maven/maven-settings-builder/3.2.5/maven-settings-builder-3.2.5.pom (2.6 kB at 87 kB/s)
Downloading from central: https://repo.maven.apache.org/maven2/org/codehaus/plexus/plexus-interpolation/1.21/plexus-interpolation-1.21.pom
Progress (1): 1.3 kB
Progress (1): 1.5 kB
                    
Downloaded from central: https://repo.maven.apache.org/maven2/org/codehaus/plexus/plexus-interpolation/1.21/plexus-interpolation-1.21.pom (1.5 kB at 44 kB/s)
Downloading from central: https://repo.maven.apache.org/maven2/org/codehaus/plexus/plexus-components/1.3.1/plexus-components-1.3.1.pom
Progress (1): 1.3 kB
Progress (1): 3.1 kB
                    
Downloaded from central: https://repo.maven.apache.org/maven2/org/codehaus/plexus/plexus-components/1.3.1/plexus-components-1.3.1.pom (3.1 kB at 128 kB/s)
Downloading from central: https://repo.maven.apache.org/maven2/org/codehaus/plexus/plexus/3.3.1/plexus-3.3.1.pom
Progress (1): 704 B
Progress (1): 2.6 kB
Progress (1): 6.1 kB
Progress (1): 8.6 kB
Progress (1): 11 kB 
Progress (1): 16 kB
Progress (1): 20 kB
Progress (1): 20 kB
                   
Downloaded from central: https://repo.maven.apache.org/maven2/org/codehaus/plexus/plexus/3.3.1/plexus-3.3.1.pom (20 kB at 974 kB/s)
Downloading from central: https://repo.maven.apache.org/maven2/org/sonatype/spice/spice-parent/17/spice-parent-17.pom
Progress (1): 1.1 kB
Progress (1): 3.4 kB
Progress (1): 6.7 kB
Progress (1): 6.8 kB
                    
Downloaded from central: https://repo.maven.apache.org/maven2/org/sonatype/spice/spice-parent/17/spice-parent-17.pom (6.8 kB at 250 kB/s)
Downloading from central: https://repo.maven.apache.org/maven2/org/sonatype/forge/forge-parent/10/forge-parent-10.pom
Progress (1): 743 B
Progress (1): 2.6 kB
Progress (1): 8.7 kB
Progress (1): 13 kB 
Progress (1): 14 kB
                   
Downloaded from central: https://repo.maven.apache.org/maven2/org/sonatype/forge/forge-parent/10/forge-parent-10.pom (14 kB at 399 kB/s)
Downloading from central: https://repo.maven.apache.org/maven2/org/codehaus/plexus/plexus-component-annotations/1.5.5/plexus-component-annotations-1.5.5.pom
Progress (1): 815 B
                   
Downloaded from central: https://repo.maven.apache.org/maven2/org/codehaus/plexus/plexus-component-annotations/1.5.5/plexus-component-annotations-1.5.5.pom (815 B at 41 kB/s)
Downloading from central: https://repo.maven.apache.org/maven2/org/codehaus/plexus/plexus-containers/1.5.5/plexus-containers-1.5.5.pom
Progress (1): 1.3 kB
Progress (1): 4.2 kB
                    
Downloaded from central: https://repo.maven.apache.org/maven2/org/codehaus/plexus/plexus-containers/1.5.5/plexus-containers-1.5.5.pom (4.2 kB at 163 kB/s)
Downloading from central: https://repo.maven.apache.org/maven2/org/codehaus/plexus/plexus/2.0.7/plexus-2.0.7.pom
Progress (1): 707 B
Progress (1): 2.7 kB
Progress (1): 6.4 kB
Progress (1): 9.1 kB
Progress (1): 13 kB 
Progress (1): 17 kB
                   
Downloaded from central: https://repo.maven.apache.org/maven2/org/codehaus/plexus/plexus/2.0.7/plexus-2.0.7.pom (17 kB at 692 kB/s)
Downloading from central: https://repo.maven.apache.org/maven2/org/sonatype/plexus/plexus-sec-dispatcher/1.3/plexus-sec-dispatcher-1.3.pom
Progress (1): 1.3 kB
Progress (1): 3.0 kB
                    
Downloaded from central: https://repo.maven.apache.org/maven2/org/sonatype/plexus/plexus-sec-dispatcher/1.3/plexus-sec-dispatcher-1.3.pom (3.0 kB at 114 kB/s)
Downloading from central: https://repo.maven.apache.org/maven2/org/sonatype/spice/spice-parent/12/spice-parent-12.pom
Progress (1): 1.2 kB
Progress (1): 4.2 kB
Progress (1): 6.8 kB
                    
Downloaded from central: https://repo.maven.apache.org/maven2/org/sonatype/spice/spice-parent/12/spice-parent-12.pom (6.8 kB at 309 kB/s)
Downloading from central: https://repo.maven.apache.org/maven2/org/sonatype/forge/forge-parent/4/forge-parent-4.pom
Progress (1): 1.4 kB
Progress (1): 5.8 kB
Progress (1): 8.4 kB
                    
Downloaded from central: https://repo.maven.apache.org/maven2/org/sonatype/forge/forge-parent/4/forge-parent-4.pom (8.4 kB at 311 kB/s)
Downloading from central: https://repo.maven.apache.org/maven2/org/sonatype/plexus/plexus-cipher/1.4/plexus-cipher-1.4.pom
Progress (1): 1.3 kB
Progress (1): 2.1 kB
                    
Downloaded from central: https://repo.maven.apache.org/maven2/org/sonatype/plexus/plexus-cipher/1.4/plexus-cipher-1.4.pom (2.1 kB at 90 kB/s)
Downloading from central: https://repo.maven.apache.org/maven2/org/apache/maven/maven-repository-metadata/3.2.5/maven-repository-metadata-3.2.5.pom
Progress (1): 821 B
Progress (1): 2.2 kB
                    
Downloaded from central: https://repo.maven.apache.org/maven2/org/apache/maven/maven-repository-metadata/3.2.5/maven-repository-metadata-3.2.5.pom (2.2 kB at 89 kB/s)
Downloading from central: https://repo.maven.apache.org/maven2/org/apache/maven/maven-plugin-api/3.2.5/maven-plugin-api-3.2.5.pom
Progress (1): 814 B
Progress (1): 2.5 kB
Progress (1): 3.0 kB
                    
Downloaded from central: https://repo.maven.apache.org/maven2/org/apache/maven/maven-plugin-api/3.2.5/maven-plugin-api-3.2.5.pom (3.0 kB at 108 kB/s)
Downloading from central: https://repo.maven.apache.org/maven2/org/eclipse/sisu/org.eclipse.sisu.plexus/0.9.0.M2/org.eclipse.sisu.plexus-0.9.0.M2.pom
Progress (1): 827 B
Progress (1): 3.5 kB
Progress (1): 8.8 kB
Progress (1): 15 kB 
Progress (1): 15 kB
                   
Downloaded from central: https://repo.maven.apache.org/maven2/org/eclipse/sisu/org.eclipse.sisu.plexus/0.9.0.M2/org.eclipse.sisu.plexus-0.9.0.M2.pom (15 kB at 599 kB/s)
Downloading from central: https://repo.maven.apache.org/maven2/org/eclipse/sisu/sisu-plexus/0.9.0.M2/sisu-plexus-0.9.0.M2.pom
Progress (1): 811 B
Progress (1): 2.8 kB
Progress (1): 4.9 kB
Progress (1): 8.8 kB
Progress (1): 12 kB 
Progress (1): 15 kB
                   
Downloaded from central: https://repo.maven.apache.org/maven2/org/eclipse/sisu/sisu-plexus/0.9.0.M2/sisu-plexus-0.9.0.M2.pom (15 kB at 518 kB/s)
Downloading from central: https://repo.maven.apache.org/maven2/javax/annotation/javax.annotation-api/1.2/javax.annotation-api-1.2.pom
Progress (1): 724 B
Progress (1): 2.0 kB
Progress (1): 3.5 kB
Progress (1): 5.6 kB
Progress (1): 8.8 kB
Progress (1): 13 kB 
Progress (1): 13 kB
                   
Downloaded from central: https://repo.maven.apache.org/maven2/javax/annotation/javax.annotation-api/1.2/javax.annotation-api-1.2.pom (13 kB at 584 kB/s)
Downloading from central: https://repo.maven.apache.org/maven2/net/java/jvnet-parent/3/jvnet-parent-3.pom
Progress (1): 836 B
Progress (1): 2.5 kB
Progress (1): 4.8 kB
                    
Downloaded from central: https://repo.maven.apache.org/maven2/net/java/jvnet-parent/3/jvnet-parent-3.pom (4.8 kB at 165 kB/s)
Downloading from central: https://repo.maven.apache.org/maven2/javax/enterprise/cdi-api/1.2/cdi-api-1.2.pom
Progress (1): 1.0 kB
Progress (1): 3.3 kB
Progress (1): 5.9 kB
Progress (1): 6.3 kB
                    
Downloaded from central: https://repo.maven.apache.org/maven2/javax/enterprise/cdi-api/1.2/cdi-api-1.2.pom (6.3 kB at 146 kB/s)
Downloading from central: https://repo.maven.apache.org/maven2/org/jboss/weld/weld-parent/26/weld-parent-26.pom
Progress (1): 1.0 kB
Progress (1): 2.9 kB
Progress (1): 6.3 kB
Progress (1): 12 kB 
Progress (1): 16 kB
Progress (1): 19 kB
Progress (1): 22 kB
Progress (1): 27 kB
Progress (1): 32 kB
Progress (1): 32 kB
                   
Downloaded from central: https://repo.maven.apache.org/maven2/org/jboss/weld/weld-parent/26/weld-parent-26.pom (32 kB at 1.2 MB/s)
Downloading from central: https://repo.maven.apache.org/maven2/org/eclipse/sisu/org.eclipse.sisu.inject/0.9.0.M2/org.eclipse.sisu.inject-0.9.0.M2.pom
Progress (1): 804 B
Progress (1): 4.1 kB
Progress (1): 10 kB 
Progress (1): 16 kB
Progress (1): 17 kB
                   
Downloaded from central: https://repo.maven.apache.org/maven2/org/eclipse/sisu/org.eclipse.sisu.inject/0.9.0.M2/org.eclipse.sisu.inject-0.9.0.M2.pom (17 kB at 619 kB/s)
Downloading from central: https://repo.maven.apache.org/maven2/org/eclipse/sisu/sisu-inject/0.9.0.M2/sisu-inject-0.9.0.M2.pom
Progress (1): 818 B
Progress (1): 2.8 kB
Progress (1): 4.9 kB
Progress (1): 8.5 kB
Progress (1): 12 kB 
Progress (1): 15 kB
                   
Downloaded from central: https://repo.maven.apache.org/maven2/org/eclipse/sisu/sisu-inject/0.9.0.M2/sisu-inject-0.9.0.M2.pom (15 kB at 389 kB/s)
Downloading from central: https://repo.maven.apache.org/maven2/org/codehaus/plexus/plexus-component-annotations/2.1.0/plexus-component-annotations-2.1.0.pom
Progress (1): 750 B
                   
Downloaded from central: https://repo.maven.apache.org/maven2/org/codehaus/plexus/plexus-component-annotations/2.1.0/plexus-component-annotations-2.1.0.pom (750 B at 25 kB/s)
Downloading from central: https://repo.maven.apache.org/maven2/org/codehaus/plexus/plexus-containers/2.1.0/plexus-containers-2.1.0.pom
Progress (1): 1.2 kB
Progress (1): 4.7 kB
Progress (1): 4.8 kB
                    
Downloaded from central: https://repo.maven.apache.org/maven2/org/codehaus/plexus/plexus-containers/2.1.0/plexus-containers-2.1.0.pom (4.8 kB at 172 kB/s)
Downloading from central: https://repo.maven.apache.org/maven2/org/codehaus/plexus/plexus-classworlds/2.6.0/plexus-classworlds-2.6.0.pom
Progress (1): 857 B
Progress (1): 2.6 kB
Progress (1): 5.5 kB
Progress (1): 7.9 kB
                    
Downloaded from central: https://repo.maven.apache.org/maven2/org/codehaus/plexus/plexus-classworlds/2.6.0/plexus-classworlds-2.6.0.pom (7.9 kB at 220 kB/s)
Downloading from central: https://repo.maven.apache.org/maven2/org/apache/maven/maven-model-builder/3.2.5/maven-model-builder-3.2.5.pom
Progress (1): 828 B
Progress (1): 2.7 kB
Progress (1): 3.0 kB
                    
Downloaded from central: https://repo.maven.apache.org/maven2/org/apache/maven/maven-model-builder/3.2.5/maven-model-builder-3.2.5.pom (3.0 kB at 100 kB/s)
Downloading from central: https://repo.maven.apache.org/maven2/org/apache/maven/maven-aether-provider/3.2.5/maven-aether-provider-3.2.5.pom
Progress (1): 811 B
Progress (1): 3.0 kB
Progress (1): 4.2 kB
                    
Downloaded from central: https://repo.maven.apache.org/maven2/org/apache/maven/maven-aether-provider/3.2.5/maven-aether-provider-3.2.5.pom (4.2 kB at 85 kB/s)
Downloading from central: https://repo.maven.apache.org/maven2/org/eclipse/aether/aether-spi/1.0.0.v20140518/aether-spi-1.0.0.v20140518.pom
Progress (1): 929 B
Progress (1): 2.1 kB
                    
Downloaded from central: https://repo.maven.apache.org/maven2/org/eclipse/aether/aether-spi/1.0.0.v20140518/aether-spi-1.0.0.v20140518.pom (2.1 kB at 86 kB/s)
Downloading from central: https://repo.maven.apache.org/maven2/org/eclipse/aether/aether-impl/1.0.0.v20140518/aether-impl-1.0.0.v20140518.pom
Progress (1): 937 B
Progress (1): 3.5 kB
                    
Downloaded from central: https://repo.maven.apache.org/maven2/org/eclipse/aether/aether-impl/1.0.0.v20140518/aether-impl-1.0.0.v20140518.pom (3.5 kB at 109 kB/s)
Downloading from central: https://repo.maven.apache.org/maven2/org/sonatype/sisu/sisu-guice/3.2.3/sisu-guice-3.2.3.pom
Progress (1): 1.3 kB
Progress (1): 3.8 kB
Progress (1): 5.9 kB
Progress (1): 9.7 kB
Progress (1): 11 kB 
                   
Downloaded from central: https://repo.maven.apache.org/maven2/org/sonatype/sisu/sisu-guice/3.2.3/sisu-guice-3.2.3.pom (11 kB at 475 kB/s)
Downloading from central: https://repo.maven.apache.org/maven2/org/sonatype/sisu/inject/guice-parent/3.2.3/guice-parent-3.2.3.pom
Progress (1): 802 B
Progress (1): 2.7 kB
Progress (1): 5.2 kB
Progress (1): 7.7 kB
Progress (1): 10 kB 
Progress (1): 13 kB
                   
Downloaded from central: https://repo.maven.apache.org/maven2/org/sonatype/sisu/inject/guice-parent/3.2.3/guice-parent-3.2.3.pom (13 kB at 421 kB/s)
Downloading from central: https://repo.maven.apache.org/maven2/org/sonatype/forge/forge-parent/38/forge-parent-38.pom
Progress (1): 803 B
Progress (1): 2.5 kB
Progress (1): 5.0 kB
Progress (1): 8.7 kB
Progress (1): 12 kB 
Progress (1): 16 kB
Progress (1): 19 kB
                   
Downloaded from central: https://repo.maven.apache.org/maven2/org/sonatype/forge/forge-parent/38/forge-parent-38.pom (19 kB at 721 kB/s)
Downloading from central: https://repo.maven.apache.org/maven2/aopalliance/aopalliance/1.0/aopalliance-1.0.pom
Progress (1): 363 B
                   
Downloaded from central: https://repo.maven.apache.org/maven2/aopalliance/aopalliance/1.0/aopalliance-1.0.pom (363 B at 8.2 kB/s)
Downloading from central: https://repo.maven.apache.org/maven2/com/google/guava/guava/16.0.1/guava-16.0.1.pom
Progress (1): 957 B
Progress (1): 2.8 kB
Progress (1): 5.3 kB
Progress (1): 6.1 kB
                    
Downloaded from central: https://repo.maven.apache.org/maven2/com/google/guava/guava/16.0.1/guava-16.0.1.pom (6.1 kB at 156 kB/s)
Downloading from central: https://repo.maven.apache.org/maven2/com/google/guava/guava-parent/16.0.1/guava-parent-16.0.1.pom
Progress (1): 1.0 kB
Progress (1): 2.9 kB
Progress (1): 6.3 kB
Progress (1): 7.3 kB
                    
Downloaded from central: https://repo.maven.apache.org/maven2/com/google/guava/guava-parent/16.0.1/guava-parent-16.0.1.pom (7.3 kB at 306 kB/s)
Downloading from central: https://repo.maven.apache.org/maven2/org/codehaus/plexus/plexus-classworlds/2.5.2/plexus-classworlds-2.5.2.pom
Progress (1): 915 B
Progress (1): 2.9 kB
Progress (1): 6.0 kB
Progress (1): 7.3 kB
                    
Downloaded from central: https://repo.maven.apache.org/maven2/org/codehaus/plexus/plexus-classworlds/2.5.2/plexus-classworlds-2.5.2.pom (7.3 kB at 146 kB/s)
Downloading from central: https://repo.maven.apache.org/maven2/commons-io/commons-io/2.15.1/commons-io-2.15.1.pom
Progress (1): 767 B
Progress (1): 2.1 kB
Progress (1): 5.2 kB
Progress (1): 7.6 kB
Progress (1): 10 kB 
Progress (1): 12 kB
Progress (1): 15 kB
Progress (1): 18 kB
Progress (1): 20 kB
                   
Downloaded from central: https://repo.maven.apache.org/maven2/commons-io/commons-io/2.15.1/commons-io-2.15.1.pom (20 kB at 713 kB/s)
Downloading from central: https://repo.maven.apache.org/maven2/org/apache/commons/commons-parent/65/commons-parent-65.pom
Progress (1): 734 B
Progress (1): 1.9 kB
Progress (1): 3.2 kB
Progress (1): 4.8 kB
Progress (1): 6.7 kB
Progress (1): 8.7 kB
Progress (1): 11 kB 
Progress (1): 13 kB
Progress (1): 16 kB
Progress (1): 18 kB
Progress (1): 20 kB
Progress (1): 23 kB
Progress (1): 26 kB
Progress (1): 29 kB
Progress (1): 32 kB
Progress (1): 32 kB
Progress (1): 35 kB
Progress (1): 41 kB
Progress (1): 43 kB
Progress (1): 46 kB
Progress (1): 49 kB
Progress (1): 51 kB
Progress (1): 54 kB
Progress (1): 58 kB
Progress (1): 60 kB
Progress (1): 64 kB
Progress (1): 65 kB
Progress (1): 69 kB
Progress (1): 71 kB
Progress (1): 75 kB
Progress (1): 77 kB
Progress (1): 78 kB
                   
Downloaded from central: https://repo.maven.apache.org/maven2/org/apache/commons/commons-parent/65/commons-parent-65.pom (78 kB at 1.7 MB/s)
Downloading from central: https://repo.maven.apache.org/maven2/org/apache/maven/surefire/maven-surefire-common/3.2.5/maven-surefire-common-3.2.5.jar
Progress (1): 7.7/308 kB
Progress (1): 16/308 kB 
Progress (1): 20/308 kB
Progress (1): 36/308 kB
Progress (1): 53/308 kB
Progress (1): 69/308 kB
Progress (1): 86/308 kB
Progress (1): 102/308 kB
Progress (1): 118/308 kB
Progress (1): 135/308 kB
Progress (1): 151/308 kB
Progress (1): 168/308 kB
Progress (1): 184/308 kB
Progress (1): 200/308 kB
Progress (1): 217/308 kB
Progress (1): 233/308 kB
Progress (1): 249/308 kB
Progress (1): 266/308 kB
Progress (1): 282/308 kB
Progress (1): 299/308 kB
Progress (1): 308 kB    
                    
Downloaded from central: https://repo.maven.apache.org/maven2/org/apache/maven/surefire/maven-surefire-common/3.2.5/maven-surefire-common-3.2.5.jar (308 kB at 5.9 MB/s)
Downloading from central: https://repo.maven.apache.org/maven2/org/apache/maven/surefire/surefire-api/3.2.5/surefire-api-3.2.5.jar
Downloading from central: https://repo.maven.apache.org/maven2/org/apache/maven/surefire/surefire-logger-api/3.2.5/surefire-logger-api-3.2.5.jar
Downloading from central: https://repo.maven.apache.org/maven2/org/apache/maven/surefire/surefire-extensions-api/3.2.5/surefire-extensions-api-3.2.5.jar
Downloading from central: https://repo.maven.apache.org/maven2/org/apache/maven/surefire/surefire-booter/3.2.5/surefire-booter-3.2.5.jar
Downloading from central: https://repo.maven.apache.org/maven2/org/apache/maven/surefire/surefire-extensions-spi/3.2.5/surefire-extensions-spi-3.2.5.jar
Progress (1): 7.7/171 kB
Progress (1): 16/171 kB 
Progress (1): 25/171 kB
Progress (1): 41/171 kB
Progress (1): 57/171 kB
Progress (1): 74/171 kB
Progress (2): 74/171 kB | 7.7/8.2 kB
Progress (2): 74/171 kB | 8.2 kB    
                                
Downloaded from central: https://repo.maven.apache.org/maven2/org/apache/maven/surefire/surefire-extensions-spi/3.2.5/surefire-extensions-spi-3.2.5.jar (8.2 kB at 314 kB/s)
Progress (2): 74/171 kB | 3.7/26 kB
                                   
Downloading from central: https://repo.maven.apache.org/maven2/org/eclipse/aether/aether-util/1.0.0.v20140518/aether-util-1.0.0.v20140518.jar
Progress (2): 74/171 kB | 20/26 kB
Progress (2): 90/171 kB | 20/26 kB
Progress (2): 90/171 kB | 26 kB   
                               
Downloaded from central: https://repo.maven.apache.org/maven2/org/apache/maven/surefire/surefire-extensions-api/3.2.5/surefire-extensions-api-3.2.5.jar (26 kB at 957 kB/s)
Downloading from central: https://repo.maven.apache.org/maven2/org/eclipse/aether/aether-api/1.0.0.v20140518/aether-api-1.0.0.v20140518.jar
Progress (2): 90/171 kB | 7.7/14 kB
Progress (2): 90/171 kB | 14 kB    
Progress (2): 106/171 kB | 14 kB
                                
Downloaded from central: https://repo.maven.apache.org/maven2/org/apache/maven/surefire/surefire-logger-api/3.2.5/surefire-logger-api-3.2.5.jar (14 kB at 469 kB/s)
Downloading from central: https://repo.maven.apache.org/maven2/org/apache/maven/shared/maven-common-artifact-filters/3.1.1/maven-common-artifact-filters-3.1.1.jar
Progress (1): 123/171 kB
Progress (1): 139/171 kB
Progress (1): 156/171 kB
Progress (1): 171 kB    
                    
Downloaded from central: https://repo.maven.apache.org/maven2/org/apache/maven/surefire/surefire-api/3.2.5/surefire-api-3.2.5.jar (171 kB at 5.2 MB/s)
Downloading from central: https://repo.maven.apache.org/maven2/commons-io/commons-io/2.15.1/commons-io-2.15.1.jar
Progress (1): 7.7/118 kB
Progress (1): 16/118 kB 
Progress (1): 32/118 kB
Progress (1): 49/118 kB
Progress (1): 65/118 kB
Progress (1): 81/118 kB
Progress (1): 98/118 kB
Progress (1): 114/118 kB
Progress (1): 118 kB    
                    
Downloaded from central: https://repo.maven.apache.org/maven2/org/apache/maven/surefire/surefire-booter/3.2.5/surefire-booter-3.2.5.jar (118 kB at 3.0 MB/s)
Downloading from central: https://repo.maven.apache.org/maven2/org/apache/maven/surefire/surefire-shared-utils/3.2.5/surefire-shared-utils-3.2.5.jar
Progress (1): 7.7/146 kB
Progress (2): 7.7/146 kB | 7.7/61 kB
Progress (2): 7.7/146 kB | 16/61 kB 
Progress (2): 16/146 kB | 16/61 kB 
Progress (2): 25/146 kB | 16/61 kB
Progress (2): 25/146 kB | 25/61 kB
Progress (2): 41/146 kB | 25/61 kB
Progress (2): 57/146 kB | 25/61 kB
Progress (3): 57/146 kB | 25/61 kB | 7.7/501 kB
Progress (3): 57/146 kB | 25/61 kB | 8.2/501 kB
Progress (3): 57/146 kB | 41/61 kB | 8.2/501 kB
Progress (3): 74/146 kB | 41/61 kB | 8.2/501 kB
Progress (3): 74/146 kB | 57/61 kB | 8.2/501 kB
Progress (3): 74/146 kB | 61 kB | 8.2/501 kB   
Progress (3): 74/146 kB | 61 kB | 25/501 kB 
                                           
Downloaded from central: https://repo.maven.apache.org/maven2/org/apache/maven/shared/maven-common-artifact-filters/3.1.1/maven-common-artifact-filters-3.1.1.jar (61 kB at 1.1 MB/s)
Progress (2): 90/146 kB | 25/501 kB
Progress (2): 106/146 kB | 25/501 kB
Progress (2): 106/146 kB | 41/501 kB
Progress (2): 123/146 kB | 41/501 kB
Progress (2): 139/146 kB | 41/501 kB
Progress (2): 146 kB | 41/501 kB    
Progress (2): 146 kB | 57/501 kB
                                
Downloaded from central: https://repo.maven.apache.org/maven2/org/eclipse/aether/aether-util/1.0.0.v20140518/aether-util-1.0.0.v20140518.jar (146 kB at 2.6 MB/s)
Progress (1): 74/501 kB
Progress (2): 74/501 kB | 7.7/136 kB
Progress (2): 74/501 kB | 16/136 kB 
Progress (2): 74/501 kB | 25/136 kB
Progress (2): 90/501 kB | 25/136 kB
Progress (2): 106/501 kB | 25/136 kB
Progress (3): 106/501 kB | 25/136 kB | 0/2.4 MB
Progress (3): 106/501 kB | 25/136 kB | 0/2.4 MB
Progress (3): 106/501 kB | 41/136 kB | 0/2.4 MB
Progress (3): 106/501 kB | 41/136 kB | 0/2.4 MB
Progress (3): 106/501 kB | 41/136 kB | 0/2.4 MB
Progress (3): 106/501 kB | 57/136 kB | 0/2.4 MB
Progress (3): 123/501 kB | 57/136 kB | 0/2.4 MB
Progress (3): 123/501 kB | 57/136 kB | 0.1/2.4 MB
Progress (3): 123/501 kB | 57/136 kB | 0.1/2.4 MB
Progress (3): 139/501 kB | 57/136 kB | 0.1/2.4 MB
Progress (3): 139/501 kB | 74/136 kB | 0.1/2.4 MB
Progress (3): 139/501 kB | 90/136 kB | 0.1/2.4 MB
Progress (3): 156/501 kB | 90/136 kB | 0.1/2.4 MB
Progress (3): 156/501 kB | 90/136 kB | 0.1/2.4 MB
Progress (3): 172/501 kB | 90/136 kB | 0.1/2.4 MB
Progress (3): 172/501 kB | 106/136 kB | 0.1/2.4 MB
Progress (3): 172/501 kB | 106/136 kB | 0.1/2.4 MB
Progress (3): 172/501 kB | 123/136 kB | 0.1/2.4 MB
Progress (3): 188/501 kB | 123/136 kB | 0.1/2.4 MB
Progress (3): 188/501 kB | 123/136 kB | 0.1/2.4 MB
Progress (3): 205/501 kB | 123/136 kB | 0.1/2.4 MB
Progress (3): 205/501 kB | 123/136 kB | 0.1/2.4 MB
Progress (3): 205/501 kB | 136 kB | 0.1/2.4 MB    
                                              
Downloaded from central: https://repo.maven.apache.org/maven2/org/eclipse/aether/aether-api/1.0.0.v20140518/aether-api-1.0.0.v20140518.jar (136 kB at 1.9 MB/s)
Progress (2): 221/501 kB | 0.1/2.4 MB
Progress (2): 221/501 kB | 0.2/2.4 MB
Progress (2): 221/501 kB | 0.2/2.4 MB
Progress (2): 238/501 kB | 0.2/2.4 MB
Progress (2): 238/501 kB | 0.2/2.4 MB
Progress (2): 238/501 kB | 0.2/2.4 MB
Progress (2): 238/501 kB | 0.2/2.4 MB
Progress (2): 254/501 kB | 0.2/2.4 MB
Progress (2): 254/501 kB | 0.2/2.4 MB
Progress (2): 270/501 kB | 0.2/2.4 MB
Progress (2): 270/501 kB | 0.3/2.4 MB
Progress (2): 287/501 kB | 0.3/2.4 MB
Progress (2): 287/501 kB | 0.3/2.4 MB
Progress (2): 303/501 kB | 0.3/2.4 MB
Progress (2): 303/501 kB | 0.3/2.4 MB
Progress (2): 319/501 kB | 0.3/2.4 MB
Progress (2): 319/501 kB | 0.3/2.4 MB
Progress (2): 336/501 kB | 0.3/2.4 MB
Progress (2): 352/501 kB | 0.3/2.4 MB
Progress (2): 352/501 kB | 0.3/2.4 MB
Progress (2): 369/501 kB | 0.3/2.4 MB
Progress (2): 369/501 kB | 0.3/2.4 MB
Progress (2): 385/501 kB | 0.3/2.4 MB
Progress (2): 385/501 kB | 0.4/2.4 MB
Progress (2): 401/501 kB | 0.4/2.4 MB
Progress (2): 401/501 kB | 0.4/2.4 MB
Progress (2): 418/501 kB | 0.4/2.4 MB
Progress (2): 418/501 kB | 0.4/2.4 MB
Progress (2): 434/501 kB | 0.4/2.4 MB
Progress (2): 434/501 kB | 0.4/2.4 MB
Progress (2): 451/501 kB | 0.4/2.4 MB
Progress (2): 467/501 kB | 0.4/2.4 MB
Progress (2): 467/501 kB | 0.4/2.4 MB
Progress (2): 467/501 kB | 0.4/2.4 MB
Progress (2): 483/501 kB | 0.4/2.4 MB
Progress (2): 483/501 kB | 0.5/2.4 MB
Progress (2): 500/501 kB | 0.5/2.4 MB
Progress (2): 501 kB | 0.5/2.4 MB    
Progress (2): 501 kB | 0.5/2.4 MB
                                 
Downloaded from central: https://repo.maven.apache.org/maven2/commons-io/commons-io/2.15.1/commons-io-2.15.1.jar (501 kB at 5.6 MB/s)
Progress (1): 0.5/2.4 MB
Progress (1): 0.5/2.4 MB
Progress (1): 0.5/2.4 MB
Progress (1): 0.5/2.4 MB
Progress (1): 0.6/2.4 MB
Progress (1): 0.6/2.4 MB
Progress (1): 0.6/2.4 MB
Progress (1): 0.6/2.4 MB
Progress (1): 0.6/2.4 MB
Progress (1): 0.6/2.4 MB
Progress (1): 0.7/2.4 MB
Progress (1): 0.7/2.4 MB
Progress (1): 0.7/2.4 MB
Progress (1): 0.7/2.4 MB
Progress (1): 0.7/2.4 MB
Progress (1): 0.7/2.4 MB
Progress (1): 0.8/2.4 MB
Progress (1): 0.8/2.4 MB
Progress (1): 0.8/2.4 MB
Progress (1): 0.8/2.4 MB
Progress (1): 0.8/2.4 MB
Progress (1): 0.8/2.4 MB
Progress (1): 0.9/2.4 MB
Progress (1): 0.9/2.4 MB
Progress (1): 0.9/2.4 MB
Progress (1): 0.9/2.4 MB
Progress (1): 0.9/2.4 MB
Progress (1): 0.9/2.4 MB
Progress (1): 0.9/2.4 MB
Progress (1): 1.0/2.4 MB
Progress (1): 1.0/2.4 MB
Progress (1): 1.0/2.4 MB
Progress (1): 1.0/2.4 MB
Progress (1): 1.0/2.4 MB
Progress (1): 1.0/2.4 MB
Progress (1): 1.1/2.4 MB
Progress (1): 1.1/2.4 MB
Progress (1): 1.1/2.4 MB
Progress (1): 1.1/2.4 MB
Progress (1): 1.1/2.4 MB
Progress (1): 1.1/2.4 MB
Progress (1): 1.2/2.4 MB
Progress (1): 1.2/2.4 MB
Progress (1): 1.2/2.4 MB
Progress (1): 1.2/2.4 MB
Progress (1): 1.2/2.4 MB
Progress (1): 1.2/2.4 MB
Progress (1): 1.3/2.4 MB
Progress (1): 1.3/2.4 MB
Progress (1): 1.3/2.4 MB
Progress (1): 1.3/2.4 MB
Progress (1): 1.3/2.4 MB
Progress (1): 1.3/2.4 MB
Progress (1): 1.3/2.4 MB
Progress (1): 1.4/2.4 MB
Progress (1): 1.4/2.4 MB
Progress (1): 1.4/2.4 MB
Progress (1): 1.4/2.4 MB
Progress (1): 1.4/2.4 MB
Progress (1): 1.4/2.4 MB
Progress (1): 1.5/2.4 MB
Progress (1): 1.5/2.4 MB
Progress (1): 1.5/2.4 MB
Progress (1): 1.5/2.4 MB
Progress (1): 1.5/2.4 MB
Progress (1): 1.5/2.4 MB
Progress (1): 1.6/2.4 MB
Progress (1): 1.6/2.4 MB
Progress (1): 1.6/2.4 MB
Progress (1): 1.6/2.4 MB
Progress (1): 1.6/2.4 MB
Progress (1): 1.6/2.4 MB
Progress (1): 1.7/2.4 MB
Progress (1): 1.7/2.4 MB
Progress (1): 1.7/2.4 MB
Progress (1): 1.7/2.4 MB
Progress (1): 1.7/2.4 MB
Progress (1): 1.7/2.4 MB
Progress (1): 1.8/2.4 MB
Progress (1): 1.8/2.4 MB
Progress (1): 1.8/2.4 MB
Progress (1): 1.8/2.4 MB
Progress (1): 1.8/2.4 MB
Progress (1): 1.8/2.4 MB
Progress (1): 1.9/2.4 MB
Progress (1): 1.9/2.4 MB
Progress (1): 1.9/2.4 MB
Progress (1): 1.9/2.4 MB
Progress (1): 1.9/2.4 MB
Progress (1): 1.9/2.4 MB
Progress (1): 2.0/2.4 MB
Progress (1): 2.0/2.4 MB
Progress (1): 2.0/2.4 MB
Progress (1): 2.0/2.4 MB
Progress (1): 2.0/2.4 MB
Progress (1): 2.0/2.4 MB
Progress (1): 2.1/2.4 MB
Progress (1): 2.1/2.4 MB
Progress (1): 2.1/2.4 MB
Progress (1): 2.1/2.4 MB
Progress (1): 2.1/2.4 MB
Progress (1): 2.1/2.4 MB
Progress (1): 2.1/2.4 MB
Progress (1): 2.2/2.4 MB
Progress (1): 2.2/2.4 MB
Progress (1): 2.2/2.4 MB
Progress (1): 2.2/2.4 MB
Progress (1): 2.2/2.4 MB
Progress (1): 2.2/2.4 MB
Progress (1): 2.3/2.4 MB
Progress (1): 2.3/2.4 MB
Progress (1): 2.3/2.4 MB
Progress (1): 2.3/2.4 MB
Progress (1): 2.3/2.4 MB
Progress (1): 2.3/2.4 MB
Progress (1): 2.4/2.4 MB
Progress (1): 2.4/2.4 MB
Progress (1): 2.4/2.4 MB
Progress (1): 2.4/2.4 MB
Progress (1): 2.4/2.4 MB
Progress (1): 2.4 MB    
                    
Downloaded from central: https://repo.maven.apache.org/maven2/org/apache/maven/surefire/surefire-shared-utils/3.2.5/surefire-shared-utils-3.2.5.jar (2.4 MB at 16 MB/s)
[INFO] Using auto detected provider org.apache.maven.surefire.junitplatform.JUnitPlatformProvider
Downloading from central: https://repo.maven.apache.org/maven2/org/apache/maven/surefire/surefire-junit-platform/3.2.5/surefire-junit-platform-3.2.5.pom
Progress (1): 833 B
Progress (1): 3.5 kB
Progress (1): 4.7 kB
                    
Downloaded from central: https://repo.maven.apache.org/maven2/org/apache/maven/surefire/surefire-junit-platform/3.2.5/surefire-junit-platform-3.2.5.pom (4.7 kB at 150 kB/s)
Downloading from central: https://repo.maven.apache.org/maven2/org/apache/maven/surefire/surefire-providers/3.2.5/surefire-providers-3.2.5.pom
Progress (1): 846 B
Progress (1): 2.6 kB
                    
Downloaded from central: https://repo.maven.apache.org/maven2/org/apache/maven/surefire/surefire-providers/3.2.5/surefire-providers-3.2.5.pom (2.6 kB at 104 kB/s)
Downloading from central: https://repo.maven.apache.org/maven2/org/apache/maven/surefire/common-java5/3.2.5/common-java5-3.2.5.pom
Progress (1): 848 B
Progress (1): 2.6 kB
Progress (1): 2.8 kB
                    
Downloaded from central: https://repo.maven.apache.org/maven2/org/apache/maven/surefire/common-java5/3.2.5/common-java5-3.2.5.pom (2.8 kB at 108 kB/s)
Downloading from central: https://repo.maven.apache.org/maven2/org/junit/platform/junit-platform-launcher/1.9.3/junit-platform-launcher-1.9.3.pom
Progress (1): 961 B
Progress (1): 3.0 kB
                    
Downloaded from central: https://repo.maven.apache.org/maven2/org/junit/platform/junit-platform-launcher/1.9.3/junit-platform-launcher-1.9.3.pom (3.0 kB at 98 kB/s)
Downloading from central: https://repo.maven.apache.org/maven2/org/junit/platform/junit-platform-engine/1.9.3/junit-platform-engine-1.9.3.pom
Progress (1): 953 B
Progress (1): 3.2 kB
                    
Downloaded from central: https://repo.maven.apache.org/maven2/org/junit/platform/junit-platform-engine/1.9.3/junit-platform-engine-1.9.3.pom (3.2 kB at 80 kB/s)
Downloading from central: https://repo.maven.apache.org/maven2/org/opentest4j/opentest4j/1.2.0/opentest4j-1.2.0.pom
Progress (1): 1.2 kB
Progress (1): 1.7 kB
                    
Downloaded from central: https://repo.maven.apache.org/maven2/org/opentest4j/opentest4j/1.2.0/opentest4j-1.2.0.pom (1.7 kB at 50 kB/s)
Downloading from central: https://repo.maven.apache.org/maven2/org/junit/platform/junit-platform-commons/1.9.3/junit-platform-commons-1.9.3.pom
Progress (1): 958 B
Progress (1): 2.8 kB
                    
Downloaded from central: https://repo.maven.apache.org/maven2/org/junit/platform/junit-platform-commons/1.9.3/junit-platform-commons-1.9.3.pom (2.8 kB at 123 kB/s)
Downloading from central: https://repo.maven.apache.org/maven2/org/apache/maven/surefire/surefire-junit-platform/3.2.5/surefire-junit-platform-3.2.5.jar
Progress (1): 7.7/27 kB
Progress (1): 8.2/27 kB
Progress (1): 25/27 kB 
Progress (1): 27 kB   
                   
Downloaded from central: https://repo.maven.apache.org/maven2/org/apache/maven/surefire/surefire-junit-platform/3.2.5/surefire-junit-platform-3.2.5.jar (27 kB at 734 kB/s)
Downloading from central: https://repo.maven.apache.org/maven2/org/apache/maven/surefire/common-java5/3.2.5/common-java5-3.2.5.jar
Downloading from central: https://repo.maven.apache.org/maven2/org/junit/platform/junit-platform-launcher/1.9.3/junit-platform-launcher-1.9.3.jar
Downloading from central: https://repo.maven.apache.org/maven2/org/junit/platform/junit-platform-engine/1.9.3/junit-platform-engine-1.9.3.jar
Downloading from central: https://repo.maven.apache.org/maven2/org/opentest4j/opentest4j/1.2.0/opentest4j-1.2.0.jar
Downloading from central: https://repo.maven.apache.org/maven2/org/junit/platform/junit-platform-commons/1.9.3/junit-platform-commons-1.9.3.jar
Progress (1): 7.7 kB
                    
Downloaded from central: https://repo.maven.apache.org/maven2/org/opentest4j/opentest4j/1.2.0/opentest4j-1.2.0.jar (7.7 kB at 333 kB/s)
Progress (1): 7.7/18 kB
Progress (1): 8.2/18 kB
Progress (1): 18 kB    
                   
Downloaded from central: https://repo.maven.apache.org/maven2/org/apache/maven/surefire/common-java5/3.2.5/common-java5-3.2.5.jar (18 kB at 702 kB/s)
Progress (1): 7.7/169 kB
Progress (1): 16/169 kB 
Progress (1): 32/169 kB
Progress (1): 49/169 kB
Progress (1): 65/169 kB
Progress (2): 65/169 kB | 7.7/103 kB
Progress (2): 65/169 kB | 16/103 kB 
Progress (2): 65/169 kB | 20/103 kB
Progress (2): 81/169 kB | 20/103 kB
Progress (2): 81/169 kB | 37/103 kB
Progress (2): 98/169 kB | 37/103 kB
Progress (2): 98/169 kB | 53/103 kB
Progress (2): 114/169 kB | 53/103 kB
Progress (2): 131/169 kB | 53/103 kB
Progress (2): 131/169 kB | 69/103 kB
Progress (2): 131/169 kB | 86/103 kB
Progress (2): 147/169 kB | 86/103 kB
Progress (2): 147/169 kB | 102/103 kB
Progress (2): 147/169 kB | 103 kB    
Progress (2): 163/169 kB | 103 kB
Progress (2): 169 kB | 103 kB    
                             
Downloaded from central: https://repo.maven.apache.org/maven2/org/junit/platform/junit-platform-commons/1.9.3/junit-platform-commons-1.9.3.jar (103 kB at 2.9 MB/s)
Downloaded from central: https://repo.maven.apache.org/maven2/org/junit/platform/junit-platform-launcher/1.9.3/junit-platform-launcher-1.9.3.jar (169 kB at 4.6 MB/s)
Progress (1): 7.7/189 kB
Progress (1): 16/189 kB 
Progress (1): 32/189 kB
Progress (1): 49/189 kB
Progress (1): 65/189 kB
Progress (1): 81/189 kB
Progress (1): 98/189 kB
Progress (1): 114/189 kB
Progress (1): 131/189 kB
Progress (1): 147/189 kB
Progress (1): 163/189 kB
Progress (1): 180/189 kB
Progress (1): 189 kB    
                    
Downloaded from central: https://repo.maven.apache.org/maven2/org/junit/platform/junit-platform-engine/1.9.3/junit-platform-engine-1.9.3.jar (189 kB at 4.2 MB/s)
Downloading from central: https://repo.maven.apache.org/maven2/org/junit/platform/junit-platform-launcher/1.10.3/junit-platform-launcher-1.10.3.pom
Progress (1): 966 B
Progress (1): 3.0 kB
                    
Downloaded from central: https://repo.maven.apache.org/maven2/org/junit/platform/junit-platform-launcher/1.10.3/junit-platform-launcher-1.10.3.pom (3.0 kB at 116 kB/s)
Downloading from central: https://repo.maven.apache.org/maven2/org/junit/platform/junit-platform-launcher/1.10.3/junit-platform-launcher-1.10.3.jar
Progress (1): 7.7/184 kB
Progress (1): 16/184 kB 
Progress (1): 25/184 kB
Progress (1): 41/184 kB
Progress (1): 57/184 kB
Progress (1): 74/184 kB
Progress (1): 90/184 kB
Progress (1): 106/184 kB
Progress (1): 123/184 kB
Progress (1): 139/184 kB
Progress (1): 156/184 kB
Progress (1): 172/184 kB
Progress (1): 184 kB    
                    
Downloaded from central: https://repo.maven.apache.org/maven2/org/junit/platform/junit-platform-launcher/1.10.3/junit-platform-launcher-1.10.3.jar (184 kB at 5.9 MB/s)
[INFO] 
[INFO] -------------------------------------------------------
[INFO]  T E S T S
[INFO] -------------------------------------------------------
[INFO] Running se.inera.nll.nlllight.api.controller.PatientControllerIntegrationTest
09:06:25.128 [main] INFO org.springframework.test.context.support.AnnotationConfigContextLoaderUtils -- Could not detect default configuration classes for test class [se.inera.nll.nlllight.api.controller.PatientControllerIntegrationTest]: PatientControllerIntegrationTest does not declare any static, non-private, non-final, nested classes annotated with @Configuration.
09:06:25.598 [main] INFO org.springframework.boot.test.context.SpringBootTestContextBootstrapper -- Found @SpringBootConfiguration se.inera.nll.nlllight.api.NllLightApiApplication for test class se.inera.nll.nlllight.api.controller.PatientControllerIntegrationTest

  .   ____          _            __ _ _
 /\\ / ___'_ __ _ _(_)_ __  __ _ \ \ \ \
( ( )\___ | '_ | '_| | '_ \/ _` | \ \ \ \
 \\/  ___)| |_)| | | | | || (_| |  ) ) ) )
  '  |____| .__|_| |_|_| |_\__, | / / / /
 =========|_|==============|___/=/_/_/_/

 :: Spring Boot ::                (v3.3.3)

2025-10-12T09:06:27.169Z  INFO 144 --- [nll-light-api-test] [           main] n.n.a.c.PatientControllerIntegrationTest : Starting PatientControllerIntegrationTest using Java 21.0.7 with PID 144 (started by root in /src/medication-api)
2025-10-12T09:06:27.171Z DEBUG 144 --- [nll-light-api-test] [           main] n.n.a.c.PatientControllerIntegrationTest : Running with Spring Boot v3.3.3, Spring v6.1.12
2025-10-12T09:06:27.172Z  INFO 144 --- [nll-light-api-test] [           main] n.n.a.c.PatientControllerIntegrationTest : The following 1 profile is active: "test"
2025-10-12T09:06:30.922Z  WARN 144 --- [nll-light-api-test] [           main] o.s.w.c.s.GenericWebApplicationContext   : Exception encountered during context initialization - cancelling refresh attempt: org.springframework.beans.factory.support.BeanDefinitionOverrideException: Invalid bean definition with name 'filterChain' defined in class path resource [se/inera/nll/nlllight/api/config/SecurityConfig.class]: Cannot register bean definition [Root bean: class [null]; scope=; abstract=false; lazyInit=null; autowireMode=3; dependencyCheck=0; autowireCandidate=true; primary=false; factoryBeanName=securityConfig; factoryMethodName=filterChain; initMethodNames=null; destroyMethodNames=[(inferred)]; defined in class path resource [se/inera/nll/nlllight/api/config/SecurityConfig.class]] for bean 'filterChain' since there is already [Root bean: class [null]; scope=; abstract=false; lazyInit=null; autowireMode=3; dependencyCheck=0; autowireCandidate=true; primary=false; factoryBeanName=se.inera.nll.nlllight.config.TestSecurityConfig; factoryMethodName=filterChain; initMethodNames=null; destroyMethodNames=[(inferred)]; defined in class path resource [se/inera/nll/nlllight/config/TestSecurityConfig.class]] bound.
2025-10-12T09:06:30.938Z  INFO 144 --- [nll-light-api-test] [           main] .s.b.a.l.ConditionEvaluationReportLogger : 

Error starting ApplicationContext. To display the condition evaluation report re-run your application with 'debug' enabled.
2025-10-12T09:06:31.065Z ERROR 144 --- [nll-light-api-test] [           main] o.s.b.d.LoggingFailureAnalysisReporter   : 

***************************
APPLICATION FAILED TO START
***************************

Description:

The bean 'filterChain', defined in class path resource [se/inera/nll/nlllight/api/config/SecurityConfig.class], could not be registered. A bean with that name has already been defined in class path resource [se/inera/nll/nlllight/config/TestSecurityConfig.class] and overriding is disabled.

Action:

Consider renaming one of the beans or enabling overriding by setting spring.main.allow-bean-definition-overriding=true

docker : 
At line:1 char:1
+ docker run --rm -v ${PWD}:/src -w /src maven:3.9.9-eclipse-temurin-21 ...
+ ~~~~~~~~~~~~~~~~~~~~~~~~~~~~~~~~~~~~~~~~~~~~~~~~~~~~~~~~~~~~~~~~~~~~~
    + CategoryInfo          : NotSpecified: (:String) [], RemoteException
    + FullyQualifiedErrorId : NativeCommandError
 


============================
CONDITIONS EVALUATION REPORT
============================


Positive matches:
-----------------

    None


Negative matches:
-----------------

    None


Exclusions:
-----------

    None


Unconditional classes:
----------------------

    None



2025-10-12T09:06:31.080Z  WARN 144 --- [nll-light-api-test] [           main] o.s.test.context.TestContextManager      : Caught exception while allowing TestExecutionListener [org.springframework.test.context.web.ServletTestExecutionListener] to prepare test instance [se.inera.nll.nlllight.api.controller.PatientControllerIntegrationTest@1cf336fd]

java.lang.IllegalStateException: Failed to load ApplicationContext for [WebMergedContextConfiguration@f0a66bd testClass = se.inera.nll.nlllight.api.controller.PatientControllerIntegrationTest, locations = [], classes = [se.inera.nll.nlllight.api.NllLightApiApplication], contextInitializerClasses = [], activeProfiles = ["test"], propertySourceDescriptors = [], propertySourceProperties = ["org.springframework.boot.test.context.SpringBootTestContextBootstrapper=true"], contextCustomizers = [[ImportsContextCustomizer@460b50df key = [org.springframework.boot.test.autoconfigure.web.servlet.MockMvcWebDriverAutoConfiguration, org.springframework.boot.test.autoconfigure.web.servlet.MockMvcAutoConfiguration, org.springframework.boot.autoconfigure.security.oauth2.client.servlet.OAuth2ClientAutoConfiguration, se.inera.nll.nlllight.config.TestSecurityConfig, org.springframework.boot.autoconfigure.security.servlet.SecurityAutoConfiguration, org.springframework.boot.autoconfigure.security.servlet.SecurityFilterAutoConfiguration, org.springframework.boot.autoconfigure.security.servlet.UserDetailsServiceAutoConfiguration, org.springframework.boot.autoconfigure.security.oauth2.resource.servlet.OAuth2ResourceServerAutoConfiguration, org.springframework.boot.test.autoconfigure.web.servlet.MockMvcSecurityConfiguration, org.springframework.boot.test.autoconfigure.web.servlet.MockMvcWebClientAutoConfiguration, org.springframework.boot.test.autoconfigure.web.reactive.WebTestClientAutoConfiguration]], org.springframework.boot.test.context.filter.ExcludeFilterContextCustomizer@1f75a668, org.springframework.boot.test.json.DuplicateJsonObjectContextCustomizerFactory$DuplicateJsonObjectContextCustomizer@2812b107, org.springframework.boot.test.mock.mockito.MockitoContextCustomizer@0, org.springframework.boot.test.web.client.TestRestTemplateContextCustomizer@4eaf3684, org.springframework.boot.test.web.reactor.netty.DisableReactorResourceFactoryGlobalResourcesContextCustomizerFactory$DisableReactorResourceFactoryGlobalResourcesContextCustomizerCustomizer@4416d64f, org.springframework.boot.test.autoconfigure.actuate.observability.ObservabilityContextCustomizerFactory$DisableObservabilityContextCustomizer@1f, org.springframework.boot.test.autoconfigure.properties.PropertyMappingContextCustomizer@4b3fa0b3, org.springframework.boot.test.autoconfigure.web.servlet.WebDriverContextCustomizer@3b8f0a79, org.springframework.boot.test.context.SpringBootTestAnnotation@d0f4dd2a], resourceBasePath = "src/main/webapp", contextLoader = org.springframework.boot.test.context.SpringBootContextLoader, parent = null]
	at org.springframework.test.context.cache.DefaultCacheAwareContextLoaderDelegate.loadContext(DefaultCacheAwareContextLoaderDelegate.java:180) ~[spring-test-6.1.12.jar:6.1.12]
	at org.springframework.test.context.support.DefaultTestContext.getApplicationContext(DefaultTestContext.java:130) ~[spring-test-6.1.12.jar:6.1.12]
	at org.springframework.test.context.web.ServletTestExecutionListener.setUpRequestContextIfNecessary(ServletTestExecutionListener.java:191) ~[spring-test-6.1.12.jar:6.1.12]
	at org.springframework.test.context.web.ServletTestExecutionListener.prepareTestInstance(ServletTestExecutionListener.java:130) ~[spring-test-6.1.12.jar:6.1.12]
	at org.springframework.test.context.TestContextManager.prepareTestInstance(TestContextManager.java:260) ~[spring-test-6.1.12.jar:6.1.12]
	at org.springframework.test.context.junit.jupiter.SpringExtension.postProcessTestInstance(SpringExtension.java:163) ~[spring-test-6.1.12.jar:6.1.12]
	at org.junit.jupiter.engine.descriptor.ClassBasedTestDescriptor.lambda$invokeTestInstancePostProcessors$10(ClassBasedTestDescriptor.java:378) ~[junit-jupiter-engine-5.10.3.jar:5.10.3]
	at org.junit.jupiter.engine.descriptor.ClassBasedTestDescriptor.executeAndMaskThrowable(ClassBasedTestDescriptor.java:383) ~[junit-jupiter-engine-5.10.3.jar:5.10.3]
	at org.junit.jupiter.engine.descriptor.ClassBasedTestDescriptor.lambda$invokeTestInstancePostProcessors$11(ClassBasedTestDescriptor.java:378) ~[junit-jupiter-engine-5.10.3.jar:5.10.3]
	at java.base/java.util.stream.ReferencePipeline$3$1.accept(ReferencePipeline.java:197) ~[na:na]
	at java.base/java.util.stream.ReferencePipeline$2$1.accept(ReferencePipeline.java:179) ~[na:na]
	at java.base/java.util.ArrayList$ArrayListSpliterator.forEachRemaining(ArrayList.java:1708) ~[na:na]
	at java.base/java.util.stream.AbstractPipeline.copyInto(AbstractPipeline.java:509) ~[na:na]
	at java.base/java.util.stream.AbstractPipeline.wrapAndCopyInto(AbstractPipeline.java:499) ~[na:na]
	at java.base/java.util.stream.StreamSpliterators$WrappingSpliterator.forEachRemaining(StreamSpliterators.java:310) ~[na:na]
	at java.base/java.util.stream.Streams$ConcatSpliterator.forEachRemaining(Streams.java:735) ~[na:na]
	at java.base/java.util.stream.Streams$ConcatSpliterator.forEachRemaining(Streams.java:734) ~[na:na]
	at java.base/java.util.stream.ReferencePipeline$Head.forEach(ReferencePipeline.java:762) ~[na:na]
	at org.junit.jupiter.engine.descriptor.ClassBasedTestDescriptor.invokeTestInstancePostProcessors(ClassBasedTestDescriptor.java:377) ~[junit-jupiter-engine-5.10.3.jar:5.10.3]
	at org.junit.jupiter.engine.descriptor.ClassBasedTestDescriptor.lambda$instantiateAndPostProcessTestInstance$6(ClassBasedTestDescriptor.java:290) ~[junit-jupiter-engine-5.10.3.jar:5.10.3]
	at org.junit.platform.engine.support.hierarchical.ThrowableCollector.execute(ThrowableCollector.java:73) ~[junit-platform-engine-1.10.3.jar:1.10.3]
	at org.junit.jupiter.engine.descriptor.ClassBasedTestDescriptor.instantiateAndPostProcessTestInstance(ClassBasedTestDescriptor.java:289) ~[junit-jupiter-engine-5.10.3.jar:5.10.3]
	at org.junit.jupiter.engine.descriptor.ClassBasedTestDescriptor.lambda$testInstancesProvider$4(ClassBasedTestDescriptor.java:279) ~[junit-jupiter-engine-5.10.3.jar:5.10.3]
	at java.base/java.util.Optional.orElseGet(Optional.java:364) ~[na:na]
	at org.junit.jupiter.engine.descriptor.ClassBasedTestDescriptor.lambda$testInstancesProvider$5(ClassBasedTestDescriptor.java:278) ~[junit-jupiter-engine-5.10.3.jar:5.10.3]
	at org.junit.jupiter.engine.execution.TestInstancesProvider.getTestInstances(TestInstancesProvider.java:31) ~[junit-jupiter-engine-5.10.3.jar:5.10.3]
	at org.junit.jupiter.engine.descriptor.TestMethodTestDescriptor.lambda$prepare$0(TestMethodTestDescriptor.java:106) ~[junit-jupiter-engine-5.10.3.jar:5.10.3]
	at org.junit.platform.engine.support.hierarchical.ThrowableCollector.execute(ThrowableCollector.java:73) ~[junit-platform-engine-1.10.3.jar:1.10.3]
	at org.junit.jupiter.engine.descriptor.TestMethodTestDescriptor.prepare(TestMethodTestDescriptor.java:105) ~[junit-jupiter-engine-5.10.3.jar:5.10.3]
	at org.junit.jupiter.engine.descriptor.TestMethodTestDescriptor.prepare(TestMethodTestDescriptor.java:69) ~[junit-jupiter-engine-5.10.3.jar:5.10.3]
	at org.junit.platform.engine.support.hierarchical.NodeTestTask.lambda$prepare$2(NodeTestTask.java:123) ~[junit-platform-engine-1.10.3.jar:1.10.3]
	at org.junit.platform.engine.support.hierarchical.ThrowableCollector.execute(ThrowableCollector.java:73) ~[junit-platform-engine-1.10.3.jar:1.10.3]
	at org.junit.platform.engine.support.hierarchical.NodeTestTask.prepare(NodeTestTask.java:123) ~[junit-platform-engine-1.10.3.jar:1.10.3]
	at org.junit.platform.engine.support.hierarchical.NodeTestTask.execute(NodeTestTask.java:90) ~[junit-platform-engine-1.10.3.jar:1.10.3]
	at java.base/java.util.ArrayList.forEach(ArrayList.java:1596) ~[na:na]
	at org.junit.platform.engine.support.hierarchical.SameThreadHierarchicalTestExecutorService.invokeAll(SameThreadHierarchicalTestExecutorService.java:41) ~[junit-platform-engine-1.10.3.jar:1.10.3]
	at org.junit.platform.engine.support.hierarchical.NodeTestTask.lambda$executeRecursively$6(NodeTestTask.java:155) ~[junit-platform-engine-1.10.3.jar:1.10.3]
	at org.junit.platform.engine.support.hierarchical.ThrowableCollector.execute(ThrowableCollector.java:73) ~[junit-platform-engine-1.10.3.jar:1.10.3]
	at org.junit.platform.engine.support.hierarchical.NodeTestTask.lambda$executeRecursively$8(NodeTestTask.java:141) ~[junit-platform-engine-1.10.3.jar:1.10.3]
	at org.junit.platform.engine.support.hierarchical.Node.around(Node.java:137) ~[junit-platform-engine-1.10.3.jar:1.10.3]
	at org.junit.platform.engine.support.hierarchical.NodeTestTask.lambda$executeRecursively$9(NodeTestTask.java:139) ~[junit-platform-engine-1.10.3.jar:1.10.3]
	at org.junit.platform.engine.support.hierarchical.ThrowableCollector.execute(ThrowableCollector.java:73) ~[junit-platform-engine-1.10.3.jar:1.10.3]
	at org.junit.platform.engine.support.hierarchical.NodeTestTask.executeRecursively(NodeTestTask.java:138) ~[junit-platform-engine-1.10.3.jar:1.10.3]
	at org.junit.platform.engine.support.hierarchical.NodeTestTask.execute(NodeTestTask.java:95) ~[junit-platform-engine-1.10.3.jar:1.10.3]
	at java.base/java.util.ArrayList.forEach(ArrayList.java:1596) ~[na:na]
	at org.junit.platform.engine.support.hierarchical.SameThreadHierarchicalTestExecutorService.invokeAll(SameThreadHierarchicalTestExecutorService.java:41) ~[junit-platform-engine-1.10.3.jar:1.10.3]
	at org.junit.platform.engine.support.hierarchical.NodeTestTask.lambda$executeRecursively$6(NodeTestTask.java:155) ~[junit-platform-engine-1.10.3.jar:1.10.3]
	at org.junit.platform.engine.support.hierarchical.ThrowableCollector.execute(ThrowableCollector.java:73) ~[junit-platform-engine-1.10.3.jar:1.10.3]
	at org.junit.platform.engine.support.hierarchical.NodeTestTask.lambda$executeRecursively$8(NodeTestTask.java:141) ~[junit-platform-engine-1.10.3.jar:1.10.3]
	at org.junit.platform.engine.support.hierarchical.Node.around(Node.java:137) ~[junit-platform-engine-1.10.3.jar:1.10.3]
	at org.junit.platform.engine.support.hierarchical.NodeTestTask.lambda$executeRecursively$9(NodeTestTask.java:139) ~[junit-platform-engine-1.10.3.jar:1.10.3]
	at org.junit.platform.engine.support.hierarchical.ThrowableCollector.execute(ThrowableCollector.java:73) ~[junit-platform-engine-1.10.3.jar:1.10.3]
	at org.junit.platform.engine.support.hierarchical.NodeTestTask.executeRecursively(NodeTestTask.java:138) ~[junit-platform-engine-1.10.3.jar:1.10.3]
	at org.junit.platform.engine.support.hierarchical.NodeTestTask.execute(NodeTestTask.java:95) ~[junit-platform-engine-1.10.3.jar:1.10.3]
	at org.junit.platform.engine.support.hierarchical.SameThreadHierarchicalTestExecutorService.submit(SameThreadHierarchicalTestExecutorService.java:35) ~[junit-platform-engine-1.10.3.jar:1.10.3]
	at org.junit.platform.engine.support.hierarchical.HierarchicalTestExecutor.execute(HierarchicalTestExecutor.java:57) ~[junit-platform-engine-1.10.3.jar:1.10.3]
	at org.junit.platform.engine.support.hierarchical.HierarchicalTestEngine.execute(HierarchicalTestEngine.java:54) ~[junit-platform-engine-1.10.3.jar:1.10.3]
	at org.junit.platform.launcher.core.EngineExecutionOrchestrator.execute(EngineExecutionOrchestrator.java:198) ~[junit-platform-launcher-1.10.3.jar:1.10.3]
	at org.junit.platform.launcher.core.EngineExecutionOrchestrator.execute(EngineExecutionOrchestrator.java:169) ~[junit-platform-launcher-1.10.3.jar:1.10.3]
	at org.junit.platform.launcher.core.EngineExecutionOrchestrator.execute(EngineExecutionOrchestrator.java:93) ~[junit-platform-launcher-1.10.3.jar:1.10.3]
	at org.junit.platform.launcher.core.EngineExecutionOrchestrator.lambda$execute$0(EngineExecutionOrchestrator.java:58) ~[junit-platform-launcher-1.10.3.jar:1.10.3]
	at org.junit.platform.launcher.core.EngineExecutionOrchestrator.withInterceptedStreams(EngineExecutionOrchestrator.java:141) ~[junit-platform-launcher-1.10.3.jar:1.10.3]
	at org.junit.platform.launcher.core.EngineExecutionOrchestrator.execute(EngineExecutionOrchestrator.java:57) ~[junit-platform-launcher-1.10.3.jar:1.10.3]
	at org.junit.platform.launcher.core.DefaultLauncher.execute(DefaultLauncher.java:103) ~[junit-platform-launcher-1.10.3.jar:1.10.3]
	at org.junit.platform.launcher.core.DefaultLauncher.execute(DefaultLauncher.java:85) ~[junit-platform-launcher-1.10.3.jar:1.10.3]
	at org.junit.platform.launcher.core.DelegatingLauncher.execute(DelegatingLauncher.java:47) ~[junit-platform-launcher-1.10.3.jar:1.10.3]
	at org.apache.maven.surefire.junitplatform.LazyLauncher.execute(LazyLauncher.java:56) ~[surefire-junit-platform-3.2.5.jar:3.2.5]
	at org.apache.maven.surefire.junitplatform.JUnitPlatformProvider.execute(JUnitPlatformProvider.java:184) ~[surefire-junit-platform-3.2.5.jar:3.2.5]
	at org.apache.maven.surefire.junitplatform.JUnitPlatformProvider.invokeAllTests(JUnitPlatformProvider.java:148) ~[surefire-junit-platform-3.2.5.jar:3.2.5]
	at org.apache.maven.surefire.junitplatform.JUnitPlatformProvider.invoke(JUnitPlatformProvider.java:122) ~[surefire-junit-platform-3.2.5.jar:3.2.5]
	at org.apache.maven.surefire.booter.ForkedBooter.runSuitesInProcess(ForkedBooter.java:385) ~[surefire-booter-3.2.5.jar:3.2.5]
	at org.apache.maven.surefire.booter.ForkedBooter.execute(ForkedBooter.java:162) ~[surefire-booter-3.2.5.jar:3.2.5]
	at org.apache.maven.surefire.booter.ForkedBooter.run(ForkedBooter.java:507) ~[surefire-booter-3.2.5.jar:3.2.5]
	at org.apache.maven.surefire.booter.ForkedBooter.main(ForkedBooter.java:495) ~[surefire-booter-3.2.5.jar:3.2.5]
Caused by: org.springframework.beans.factory.support.BeanDefinitionOverrideException: Invalid bean definition with name 'filterChain' defined in class path resource [se/inera/nll/nlllight/api/config/SecurityConfig.class]: Cannot register bean definition [Root bean: class [null]; scope=; abstract=false; lazyInit=null; autowireMode=3; dependencyCheck=0; autowireCandidate=true; primary=false; factoryBeanName=securityConfig; factoryMethodName=filterChain; initMethodNames=null; destroyMethodNames=[(inferred)]; defined in class path resource [se/inera/nll/nlllight/api/config/SecurityConfig.class]] for bean 'filterChain' since there is already [Root bean: class [null]; scope=; abstract=false; lazyInit=null; autowireMode=3; dependencyCheck=0; autowireCandidate=true; primary=false; factoryBeanName=se.inera.nll.nlllight.config.TestSecurityConfig; factoryMethodName=filterChain; initMethodNames=null; destroyMethodNames=[(inferred)]; defined in class path resource [se/inera/nll/nlllight/config/TestSecurityConfig.class]] bound.
	at org.springframework.beans.factory.support.DefaultListableBeanFactory.registerBeanDefinition(DefaultListableBeanFactory.java:1017) ~[spring-beans-6.1.12.jar:6.1.12]
	at org.springframework.context.annotation.ConfigurationClassBeanDefinitionReader.loadBeanDefinitionsForBeanMethod(ConfigurationClassBeanDefinitionReader.java:277) ~[spring-context-6.1.12.jar:6.1.12]
	at org.springframework.context.annotation.ConfigurationClassBeanDefinitionReader.loadBeanDefinitionsForConfigurationClass(ConfigurationClassBeanDefinitionReader.java:144) ~[spring-context-6.1.12.jar:6.1.12]
	at org.springframework.context.annotation.ConfigurationClassBeanDefinitionReader.loadBeanDefinitions(ConfigurationClassBeanDefinitionReader.java:120) ~[spring-context-6.1.12.jar:6.1.12]
	at org.springframework.context.annotation.ConfigurationClassPostProcessor.processConfigBeanDefinitions(ConfigurationClassPostProcessor.java:429) ~[spring-context-6.1.12.jar:6.1.12]
	at org.springframework.context.annotation.ConfigurationClassPostProcessor.postProcessBeanDefinitionRegistry(ConfigurationClassPostProcessor.java:290) ~[spring-context-6.1.12.jar:6.1.12]
	at org.springframework.context.support.PostProcessorRegistrationDelegate.invokeBeanDefinitionRegistryPostProcessors(PostProcessorRegistrationDelegate.java:349) ~[spring-context-6.1.12.jar:6.1.12]
	at org.springframework.context.support.PostProcessorRegistrationDelegate.invokeBeanFactoryPostProcessors(PostProcessorRegistrationDelegate.java:118) ~[spring-context-6.1.12.jar:6.1.12]
	at org.springframework.context.support.AbstractApplicationContext.invokeBeanFactoryPostProcessors(AbstractApplicationContext.java:789) ~[spring-context-6.1.12.jar:6.1.12]
	at org.springframework.context.support.AbstractApplicationContext.refresh(AbstractApplicationContext.java:607) ~[spring-context-6.1.12.jar:6.1.12]
	at org.springframework.boot.SpringApplication.refresh(SpringApplication.java:754) ~[spring-boot-3.3.3.jar:3.3.3]
	at org.springframework.boot.SpringApplication.refreshContext(SpringApplication.java:456) ~[spring-boot-3.3.3.jar:3.3.3]
	at org.springframework.boot.SpringApplication.run(SpringApplication.java:335) ~[spring-boot-3.3.3.jar:3.3.3]
	at org.springframework.boot.test.context.SpringBootContextLoader.lambda$loadContext$3(SpringBootContextLoader.java:137) ~[spring-boot-test-3.3.3.jar:3.3.3]
	at org.springframework.util.function.ThrowingSupplier.get(ThrowingSupplier.java:58) ~[spring-core-6.1.12.jar:6.1.12]
	at org.springframework.util.function.ThrowingSupplier.get(ThrowingSupplier.java:46) ~[spring-core-6.1.12.jar:6.1.12]
	at org.springframework.boot.SpringApplication.withHook(SpringApplication.java:1463) ~[spring-boot-3.3.3.jar:3.3.3]
	at org.springframework.boot.test.context.SpringBootContextLoader$ContextLoaderHook.run(SpringBootContextLoader.java:553) ~[spring-boot-test-3.3.3.jar:3.3.3]
	at org.springframework.boot.test.context.SpringBootContextLoader.loadContext(SpringBootContextLoader.java:137) ~[spring-boot-test-3.3.3.jar:3.3.3]
	at org.springframework.boot.test.context.SpringBootContextLoader.loadContext(SpringBootContextLoader.java:108) ~[spring-boot-test-3.3.3.jar:3.3.3]
	at org.springframework.test.context.cache.DefaultCacheAwareContextLoaderDelegate.loadContextInternal(DefaultCacheAwareContextLoaderDelegate.java:225) ~[spring-test-6.1.12.jar:6.1.12]
	at org.springframework.test.context.cache.DefaultCacheAwareContextLoaderDelegate.loadContext(DefaultCacheAwareContextLoaderDelegate.java:152) ~[spring-test-6.1.12.jar:6.1.12]
	... 73 common frames omitted

2025-10-12T09:06:31.117Z  WARN 144 --- [nll-light-api-test] [           main] o.s.test.context.TestContextManager      : Caught exception while allowing TestExecutionListener [org.springframework.test.context.web.ServletTestExecutionListener] to prepare test instance [se.inera.nll.nlllight.api.controller.PatientControllerIntegrationTest@3e3cd6fe]

java.lang.IllegalStateException: ApplicationContext failure threshold (1) exceeded: skipping repeated attempt to load context for [WebMergedContextConfiguration@f0a66bd testClass = se.inera.nll.nlllight.api.controller.PatientControllerIntegrationTest, locations = [], classes = [se.inera.nll.nlllight.api.NllLightApiApplication], contextInitializerClasses = [], activeProfiles = ["test"], propertySourceDescriptors = [], propertySourceProperties = ["org.springframework.boot.test.context.SpringBootTestContextBootstrapper=true"], contextCustomizers = [[ImportsContextCustomizer@460b50df key = [org.springframework.boot.test.autoconfigure.web.servlet.MockMvcWebDriverAutoConfiguration, org.springframework.boot.test.autoconfigure.web.servlet.MockMvcAutoConfiguration, org.springframework.boot.autoconfigure.security.oauth2.client.servlet.OAuth2ClientAutoConfiguration, se.inera.nll.nlllight.config.TestSecurityConfig, org.springframework.boot.autoconfigure.security.servlet.SecurityAutoConfiguration, org.springframework.boot.autoconfigure.security.servlet.SecurityFilterAutoConfiguration, org.springframework.boot.autoconfigure.security.servlet.UserDetailsServiceAutoConfiguration, org.springframework.boot.autoconfigure.security.oauth2.resource.servlet.OAuth2ResourceServerAutoConfiguration, org.springframework.boot.test.autoconfigure.web.servlet.MockMvcSecurityConfiguration, org.springframework.boot.test.autoconfigure.web.servlet.MockMvcWebClientAutoConfiguration, org.springframework.boot.test.autoconfigure.web.reactive.WebTestClientAutoConfiguration]], org.springframework.boot.test.context.filter.ExcludeFilterContextCustomizer@1f75a668, org.springframework.boot.test.json.DuplicateJsonObjectContextCustomizerFactory$DuplicateJsonObjectContextCustomizer@2812b107, org.springframework.boot.test.mock.mockito.MockitoContextCustomizer@0, org.springframework.boot.test.web.client.TestRestTemplateContextCustomizer@4eaf3684, org.springframework.boot.test.web.reactor.netty.DisableReactorResourceFactoryGlobalResourcesContextCustomizerFactory$DisableReactorResourceFactoryGlobalResourcesContextCustomizerCustomizer@4416d64f, org.springframework.boot.test.autoconfigure.actuate.observability.ObservabilityContextCustomizerFactory$DisableObservabilityContextCustomizer@1f, org.springframework.boot.test.autoconfigure.properties.PropertyMappingContextCustomizer@4b3fa0b3, org.springframework.boot.test.autoconfigure.web.servlet.WebDriverContextCustomizer@3b8f0a79, org.springframework.boot.test.context.SpringBootTestAnnotation@d0f4dd2a], resourceBasePath = "src/main/webapp", contextLoader = org.springframework.boot.test.context.SpringBootContextLoader, parent = null]
	at org.springframework.test.context.cache.DefaultCacheAwareContextLoaderDelegate.loadContext(DefaultCacheAwareContextLoaderDelegate.java:145) ~[spring-test-6.1.12.jar:6.1.12]
	at org.springframework.test.context.support.DefaultTestContext.getApplicationContext(DefaultTestContext.java:130) ~[spring-test-6.1.12.jar:6.1.12]
	at org.springframework.test.context.web.ServletTestExecutionListener.setUpRequestContextIfNecessary(ServletTestExecutionListener.java:191) ~[spring-test-6.1.12.jar:6.1.12]
	at org.springframework.test.context.web.ServletTestExecutionListener.prepareTestInstance(ServletTestExecutionListener.java:130) ~[spring-test-6.1.12.jar:6.1.12]
	at org.springframework.test.context.TestContextManager.prepareTestInstance(TestContextManager.java:260) ~[spring-test-6.1.12.jar:6.1.12]
	at org.springframework.test.context.junit.jupiter.SpringExtension.postProcessTestInstance(SpringExtension.java:163) ~[spring-test-6.1.12.jar:6.1.12]
	at org.junit.jupiter.engine.descriptor.ClassBasedTestDescriptor.lambda$invokeTestInstancePostProcessors$10(ClassBasedTestDescriptor.java:378) ~[junit-jupiter-engine-5.10.3.jar:5.10.3]
	at org.junit.jupiter.engine.descriptor.ClassBasedTestDescriptor.executeAndMaskThrowable(ClassBasedTestDescriptor.java:383) ~[junit-jupiter-engine-5.10.3.jar:5.10.3]
	at org.junit.jupiter.engine.descriptor.ClassBasedTestDescriptor.lambda$invokeTestInstancePostProcessors$11(ClassBasedTestDescriptor.java:378) ~[junit-jupiter-engine-5.10.3.jar:5.10.3]
	at java.base/java.util.stream.ReferencePipeline$3$1.accept(ReferencePipeline.java:197) ~[na:na]
	at java.base/java.util.stream.ReferencePipeline$2$1.accept(ReferencePipeline.java:179) ~[na:na]
	at java.base/java.util.ArrayList$ArrayListSpliterator.forEachRemaining(ArrayList.java:1708) ~[na:na]
	at java.base/java.util.stream.AbstractPipeline.copyInto(AbstractPipeline.java:509) ~[na:na]
	at java.base/java.util.stream.AbstractPipeline.wrapAndCopyInto(AbstractPipeline.java:499) ~[na:na]
	at java.base/java.util.stream.StreamSpliterators$WrappingSpliterator.forEachRemaining(StreamSpliterators.java:310) ~[na:na]
	at java.base/java.util.stream.Streams$ConcatSpliterator.forEachRemaining(Streams.java:735) ~[na:na]
	at java.base/java.util.stream.Streams$ConcatSpliterator.forEachRemaining(Streams.java:734) ~[na:na]
	at java.base/java.util.stream.ReferencePipeline$Head.forEach(ReferencePipeline.java:762) ~[na:na]
	at org.junit.jupiter.engine.descriptor.ClassBasedTestDescriptor.invokeTestInstancePostProcessors(ClassBasedTestDescriptor.java:377) ~[junit-jupiter-engine-5.10.3.jar:5.10.3]
	at org.junit.jupiter.engine.descriptor.ClassBasedTestDescriptor.lambda$instantiateAndPostProcessTestInstance$6(ClassBasedTestDescriptor.java:290) ~[junit-jupiter-engine-5.10.3.jar:5.10.3]
	at org.junit.platform.engine.support.hierarchical.ThrowableCollector.execute(ThrowableCollector.java:73) ~[junit-platform-engine-1.10.3.jar:1.10.3]
	at org.junit.jupiter.engine.descriptor.ClassBasedTestDescriptor.instantiateAndPostProcessTestInstance(ClassBasedTestDescriptor.java:289) ~[junit-jupiter-engine-5.10.3.jar:5.10.3]
	at org.junit.jupiter.engine.descriptor.ClassBasedTestDescriptor.lambda$testInstancesProvider$4(ClassBasedTestDescriptor.java:279) ~[junit-jupiter-engine-5.10.3.jar:5.10.3]
	at java.base/java.util.Optional.orElseGet(Optional.java:364) ~[na:na]
	at org.junit.jupiter.engine.descriptor.ClassBasedTestDescriptor.lambda$testInstancesProvider$5(ClassBasedTestDescriptor.java:278) ~[junit-jupiter-engine-5.10.3.jar:5.10.3]
	at org.junit.jupiter.engine.execution.TestInstancesProvider.getTestInstances(TestInstancesProvider.java:31) ~[junit-jupiter-engine-5.10.3.jar:5.10.3]
	at org.junit.jupiter.engine.descriptor.TestMethodTestDescriptor.lambda$prepare$0(TestMethodTestDescriptor.java:106) ~[junit-jupiter-engine-5.10.3.jar:5.10.3]
	at org.junit.platform.engine.support.hierarchical.ThrowableCollector.execute(ThrowableCollector.java:73) ~[junit-platform-engine-1.10.3.jar:1.10.3]
	at org.junit.jupiter.engine.descriptor.TestMethodTestDescriptor.prepare(TestMethodTestDescriptor.java:105) ~[junit-jupiter-engine-5.10.3.jar:5.10.3]
	at org.junit.jupiter.engine.descriptor.TestMethodTestDescriptor.prepare(TestMethodTestDescriptor.java:69) ~[junit-jupiter-engine-5.10.3.jar:5.10.3]
	at org.junit.platform.engine.support.hierarchical.NodeTestTask.lambda$prepare$2(NodeTestTask.java:123) ~[junit-platform-engine-1.10.3.jar:1.10.3]
	at org.junit.platform.engine.support.hierarchical.ThrowableCollector.execute(ThrowableCollector.java:73) ~[junit-platform-engine-1.10.3.jar:1.10.3]
	at org.junit.platform.engine.support.hierarchical.NodeTestTask.prepare(NodeTestTask.java:123) ~[junit-platform-engine-1.10.3.jar:1.10.3]
	at org.junit.platform.engine.support.hierarchical.NodeTestTask.execute(NodeTestTask.java:90) ~[junit-platform-engine-1.10.3.jar:1.10.3]
	at java.base/java.util.ArrayList.forEach(ArrayList.java:1596) ~[na:na]
	at org.junit.platform.engine.support.hierarchical.SameThreadHierarchicalTestExecutorService.invokeAll(SameThreadHierarchicalTestExecutorService.java:41) ~[junit-platform-engine-1.10.3.jar:1.10.3]
	at org.junit.platform.engine.support.hierarchical.NodeTestTask.lambda$executeRecursively$6(NodeTestTask.java:155) ~[junit-platform-engine-1.10.3.jar:1.10.3]
	at org.junit.platform.engine.support.hierarchical.ThrowableCollector.execute(ThrowableCollector.java:73) ~[junit-platform-engine-1.10.3.jar:1.10.3]
	at org.junit.platform.engine.support.hierarchical.NodeTestTask.lambda$executeRecursively$8(NodeTestTask.java:141) ~[junit-platform-engine-1.10.3.jar:1.10.3]
	at org.junit.platform.engine.support.hierarchical.Node.around(Node.java:137) ~[junit-platform-engine-1.10.3.jar:1.10.3]
	at org.junit.platform.engine.support.hierarchical.NodeTestTask.lambda$executeRecursively$9(NodeTestTask.java:139) ~[junit-platform-engine-1.10.3.jar:1.10.3]
	at org.junit.platform.engine.support.hierarchical.ThrowableCollector.execute(ThrowableCollector.java:73) ~[junit-platform-engine-1.10.3.jar:1.10.3]
	at org.junit.platform.engine.support.hierarchical.NodeTestTask.executeRecursively(NodeTestTask.java:138) ~[junit-platform-engine-1.10.3.jar:1.10.3]
	at org.junit.platform.engine.support.hierarchical.NodeTestTask.execute(NodeTestTask.java:95) ~[junit-platform-engine-1.10.3.jar:1.10.3]
	at java.base/java.util.ArrayList.forEach(ArrayList.java:1596) ~[na:na]
	at org.junit.platform.engine.support.hierarchical.SameThreadHierarchicalTestExecutorService.invokeAll(SameThreadHierarchicalTestExecutorService.java:41) ~[junit-platform-engine-1.10.3.jar:1.10.3]
	at org.junit.platform.engine.support.hierarchical.NodeTestTask.lambda$executeRecursively$6(NodeTestTask.java:155) ~[junit-platform-engine-1.10.3.jar:1.10.3]
	at org.junit.platform.engine.support.hierarchical.ThrowableCollector.execute(ThrowableCollector.java:73) ~[junit-platform-engine-1.10.3.jar:1.10.3]
	at org.junit.platform.engine.support.hierarchical.NodeTestTask.lambda$executeRecursively$8(NodeTestTask.java:141) ~[junit-platform-engine-1.10.3.jar:1.10.3]
	at org.junit.platform.engine.support.hierarchical.Node.around(Node.java:137) ~[junit-platform-engine-1.10.3.jar:1.10.3]
	at org.junit.platform.engine.support.hierarchical.NodeTestTask.lambda$executeRecursively$9(NodeTestTask.java:139) ~[junit-platform-engine-1.10.3.jar:1.10.3]
	at org.junit.platform.engine.support.hierarchical.ThrowableCollector.execute(ThrowableCollector.java:73) ~[junit-platform-engine-1.10.3.jar:1.10.3]
	at org.junit.platform.engine.support.hierarchical.NodeTestTask.executeRecursively(NodeTestTask.java:138) ~[junit-platform-engine-1.10.3.jar:1.10.3]
	at org.junit.platform.engine.support.hierarchical.NodeTestTask.execute(NodeTestTask.java:95) ~[junit-platform-engine-1.10.3.jar:1.10.3]
	at org.junit.platform.engine.support.hierarchical.SameThreadHierarchicalTestExecutorService.submit(SameThreadHierarchicalTestExecutorService.java:35) ~[junit-platform-engine-1.10.3.jar:1.10.3]
	at org.junit.platform.engine.support.hierarchical.HierarchicalTestExecutor.execute(HierarchicalTestExecutor.java:57) ~[junit-platform-engine-1.10.3.jar:1.10.3]
	at org.junit.platform.engine.support.hierarchical.HierarchicalTestEngine.execute(HierarchicalTestEngine.java:54) ~[junit-platform-engine-1.10.3.jar:1.10.3]
	at org.junit.platform.launcher.core.EngineExecutionOrchestrator.execute(EngineExecutionOrchestrator.java:198) ~[junit-platform-launcher-1.10.3.jar:1.10.3]
	at org.junit.platform.launcher.core.EngineExecutionOrchestrator.execute(EngineExecutionOrchestrator.java:169) ~[junit-platform-launcher-1.10.3.jar:1.10.3]
	at org.junit.platform.launcher.core.EngineExecutionOrchestrator.execute(EngineExecutionOrchestrator.java:93) ~[junit-platform-launcher-1.10.3.jar:1.10.3]
	at org.junit.platform.launcher.core.EngineExecutionOrchestrator.lambda$execute$0(EngineExecutionOrchestrator.java:58) ~[junit-platform-launcher-1.10.3.jar:1.10.3]
	at org.junit.platform.launcher.core.EngineExecutionOrchestrator.withInterceptedStreams(EngineExecutionOrchestrator.java:141) ~[junit-platform-launcher-1.10.3.jar:1.10.3]
	at org.junit.platform.launcher.core.EngineExecutionOrchestrator.execute(EngineExecutionOrchestrator.java:57) ~[junit-platform-launcher-1.10.3.jar:1.10.3]
	at org.junit.platform.launcher.core.DefaultLauncher.execute(DefaultLauncher.java:103) ~[junit-platform-launcher-1.10.3.jar:1.10.3]
	at org.junit.platform.launcher.core.DefaultLauncher.execute(DefaultLauncher.java:85) ~[junit-platform-launcher-1.10.3.jar:1.10.3]
	at org.junit.platform.launcher.core.DelegatingLauncher.execute(DelegatingLauncher.java:47) ~[junit-platform-launcher-1.10.3.jar:1.10.3]
	at org.apache.maven.surefire.junitplatform.LazyLauncher.execute(LazyLauncher.java:56) ~[surefire-junit-platform-3.2.5.jar:3.2.5]
	at org.apache.maven.surefire.junitplatform.JUnitPlatformProvider.execute(JUnitPlatformProvider.java:184) ~[surefire-junit-platform-3.2.5.jar:3.2.5]
	at org.apache.maven.surefire.junitplatform.JUnitPlatformProvider.invokeAllTests(JUnitPlatformProvider.java:148) ~[surefire-junit-platform-3.2.5.jar:3.2.5]
	at org.apache.maven.surefire.junitplatform.JUnitPlatformProvider.invoke(JUnitPlatformProvider.java:122) ~[surefire-junit-platform-3.2.5.jar:3.2.5]
	at org.apache.maven.surefire.booter.ForkedBooter.runSuitesInProcess(ForkedBooter.java:385) ~[surefire-booter-3.2.5.jar:3.2.5]
	at org.apache.maven.surefire.booter.ForkedBooter.execute(ForkedBooter.java:162) ~[surefire-booter-3.2.5.jar:3.2.5]
	at org.apache.maven.surefire.booter.ForkedBooter.run(ForkedBooter.java:507) ~[surefire-booter-3.2.5.jar:3.2.5]
	at org.apache.maven.surefire.booter.ForkedBooter.main(ForkedBooter.java:495) ~[surefire-booter-3.2.5.jar:3.2.5]

2025-10-12T09:06:31.121Z  WARN 144 --- [nll-light-api-test] [           main] o.s.test.context.TestContextManager      : Caught exception while allowing TestExecutionListener [org.springframework.test.context.web.ServletTestExecutionListener] to prepare test instance [se.inera.nll.nlllight.api.controller.PatientControllerIntegrationTest@68b734a8]

java.lang.IllegalStateException: ApplicationContext failure threshold (1) exceeded: skipping repeated attempt to load context for [WebMergedContextConfiguration@f0a66bd testClass = se.inera.nll.nlllight.api.controller.PatientControllerIntegrationTest, locations = [], classes = [se.inera.nll.nlllight.api.NllLightApiApplication], contextInitializerClasses = [], activeProfiles = ["test"], propertySourceDescriptors = [], propertySourceProperties = ["org.springframework.boot.test.context.SpringBootTestContextBootstrapper=true"], contextCustomizers = [[ImportsContextCustomizer@460b50df key = [org.springframework.boot.test.autoconfigure.web.servlet.MockMvcWebDriverAutoConfiguration, org.springframework.boot.test.autoconfigure.web.servlet.MockMvcAutoConfiguration, org.springframework.boot.autoconfigure.security.oauth2.client.servlet.OAuth2ClientAutoConfiguration, se.inera.nll.nlllight.config.TestSecurityConfig, org.springframework.boot.autoconfigure.security.servlet.SecurityAutoConfiguration, org.springframework.boot.autoconfigure.security.servlet.SecurityFilterAutoConfiguration, org.springframework.boot.autoconfigure.security.servlet.UserDetailsServiceAutoConfiguration, org.springframework.boot.autoconfigure.security.oauth2.resource.servlet.OAuth2ResourceServerAutoConfiguration, org.springframework.boot.test.autoconfigure.web.servlet.MockMvcSecurityConfiguration, org.springframework.boot.test.autoconfigure.web.servlet.MockMvcWebClientAutoConfiguration, org.springframework.boot.test.autoconfigure.web.reactive.WebTestClientAutoConfiguration]], org.springframework.boot.test.context.filter.ExcludeFilterContextCustomizer@1f75a668, org.springframework.boot.test.json.DuplicateJsonObjectContextCustomizerFactory$DuplicateJsonObjectContextCustomizer@2812b107, org.springframework.boot.test.mock.mockito.MockitoContextCustomizer@0, org.springframework.boot.test.web.client.TestRestTemplateContextCustomizer@4eaf3684, org.springframework.boot.test.web.reactor.netty.DisableReactorResourceFactoryGlobalResourcesContextCustomizerFactory$DisableReactorResourceFactoryGlobalResourcesContextCustomizerCustomizer@4416d64f, org.springframework.boot.test.autoconfigure.actuate.observability.ObservabilityContextCustomizerFactory$DisableObservabilityContextCustomizer@1f, org.springframework.boot.test.autoconfigure.properties.PropertyMappingContextCustomizer@4b3fa0b3, org.springframework.boot.test.autoconfigure.web.servlet.WebDriverContextCustomizer@3b8f0a79, org.springframework.boot.test.context.SpringBootTestAnnotation@d0f4dd2a], resourceBasePath = "src/main/webapp", contextLoader = org.springframework.boot.test.context.SpringBootContextLoader, parent = null]
	at org.springframework.test.context.cache.DefaultCacheAwareContextLoaderDelegate.loadContext(DefaultCacheAwareContextLoaderDelegate.java:145) ~[spring-test-6.1.12.jar:6.1.12]
	at org.springframework.test.context.support.DefaultTestContext.getApplicationContext(DefaultTestContext.java:130) ~[spring-test-6.1.12.jar:6.1.12]
	at org.springframework.test.context.web.ServletTestExecutionListener.setUpRequestContextIfNecessary(ServletTestExecutionListener.java:191) ~[spring-test-6.1.12.jar:6.1.12]
	at org.springframework.test.context.web.ServletTestExecutionListener.prepareTestInstance(ServletTestExecutionListener.java:130) ~[spring-test-6.1.12.jar:6.1.12]
	at org.springframework.test.context.TestContextManager.prepareTestInstance(TestContextManager.java:260) ~[spring-test-6.1.12.jar:6.1.12]
	at org.springframework.test.context.junit.jupiter.SpringExtension.postProcessTestInstance(SpringExtension.java:163) ~[spring-test-6.1.12.jar:6.1.12]
	at org.junit.jupiter.engine.descriptor.ClassBasedTestDescriptor.lambda$invokeTestInstancePostProcessors$10(ClassBasedTestDescriptor.java:378) ~[junit-jupiter-engine-5.10.3.jar:5.10.3]
	at org.junit.jupiter.engine.descriptor.ClassBasedTestDescriptor.executeAndMaskThrowable(ClassBasedTestDescriptor.java:383) ~[junit-jupiter-engine-5.10.3.jar:5.10.3]
	at org.junit.jupiter.engine.descriptor.ClassBasedTestDescriptor.lambda$invokeTestInstancePostProcessors$11(ClassBasedTestDescriptor.java:378) ~[junit-jupiter-engine-5.10.3.jar:5.10.3]
	at java.base/java.util.stream.ReferencePipeline$3$1.accept(ReferencePipeline.java:197) ~[na:na]
	at java.base/java.util.stream.ReferencePipeline$2$1.accept(ReferencePipeline.java:179) ~[na:na]
	at java.base/java.util.ArrayList$ArrayListSpliterator.forEachRemaining(ArrayList.java:1708) ~[na:na]
	at java.base/java.util.stream.AbstractPipeline.copyInto(AbstractPipeline.java:509) ~[na:na]
	at java.base/java.util.stream.AbstractPipeline.wrapAndCopyInto(AbstractPipeline.java:499) ~[na:na]
	at java.base/java.util.stream.StreamSpliterators$WrappingSpliterator.forEachRemaining(StreamSpliterators.java:310) ~[na:na]
	at java.base/java.util.stream.Streams$ConcatSpliterator.forEachRemaining(Streams.java:735) ~[na:na]
	at java.base/java.util.stream.Streams$ConcatSpliterator.forEachRemaining(Streams.java:734) ~[na:na]
	at java.base/java.util.stream.ReferencePipeline$Head.forEach(ReferencePipeline.java:762) ~[na:na]
	at org.junit.jupiter.engine.descriptor.ClassBasedTestDescriptor.invokeTestInstancePostProcessors(ClassBasedTestDescriptor.java:377) ~[junit-jupiter-engine-5.10.3.jar:5.10.3]
	at org.junit.jupiter.engine.descriptor.ClassBasedTestDescriptor.lambda$instantiateAndPostProcessTestInstance$6(ClassBasedTestDescriptor.java:290) ~[junit-jupiter-engine-5.10.3.jar:5.10.3]
	at org.junit.platform.engine.support.hierarchical.ThrowableCollector.execute(ThrowableCollector.java:73) ~[junit-platform-engine-1.10.3.jar:1.10.3]
	at org.junit.jupiter.engine.descriptor.ClassBasedTestDescriptor.instantiateAndPostProcessTestInstance(ClassBasedTestDescriptor.java:289) ~[junit-jupiter-engine-5.10.3.jar:5.10.3]
	at org.junit.jupiter.engine.descriptor.ClassBasedTestDescriptor.lambda$testInstancesProvider$4(ClassBasedTestDescriptor.java:279) ~[junit-jupiter-engine-5.10.3.jar:5.10.3]
	at java.base/java.util.Optional.orElseGet(Optional.java:364) ~[na:na]
	at org.junit.jupiter.engine.descriptor.ClassBasedTestDescriptor.lambda$testInstancesProvider$5(ClassBasedTestDescriptor.java:278) ~[junit-jupiter-engine-5.10.3.jar:5.10.3]
	at org.junit.jupiter.engine.execution.TestInstancesProvider.getTestInstances(TestInstancesProvider.java:31) ~[junit-jupiter-engine-5.10.3.jar:5.10.3]
	at org.junit.jupiter.engine.descriptor.TestMethodTestDescriptor.lambda$prepare$0(TestMethodTestDescriptor.java:106) ~[junit-jupiter-engine-5.10.3.jar:5.10.3]
	at org.junit.platform.engine.support.hierarchical.ThrowableCollector.execute(ThrowableCollector.java:73) ~[junit-platform-engine-1.10.3.jar:1.10.3]
	at org.junit.jupiter.engine.descriptor.TestMethodTestDescriptor.prepare(TestMethodTestDescriptor.java:105) ~[junit-jupiter-engine-5.10.3.jar:5.10.3]
	at org.junit.jupiter.engine.descriptor.TestMethodTestDescriptor.prepare(TestMethodTestDescriptor.java:69) ~[junit-jupiter-engine-5.10.3.jar:5.10.3]
	at org.junit.platform.engine.support.hierarchical.NodeTestTask.lambda$prepare$2(NodeTestTask.java:123) ~[junit-platform-engine-1.10.3.jar:1.10.3]
	at org.junit.platform.engine.support.hierarchical.ThrowableCollector.execute(ThrowableCollector.java:73) ~[junit-platform-engine-1.10.3.jar:1.10.3]
	at org.junit.platform.engine.support.hierarchical.NodeTestTask.prepare(NodeTestTask.java:123) ~[junit-platform-engine-1.10.3.jar:1.10.3]
	at org.junit.platform.engine.support.hierarchical.NodeTestTask.execute(NodeTestTask.java:90) ~[junit-platform-engine-1.10.3.jar:1.10.3]
	at java.base/java.util.ArrayList.forEach(ArrayList.java:1596) ~[na:na]
	at org.junit.platform.engine.support.hierarchical.SameThreadHierarchicalTestExecutorService.invokeAll(SameThreadHierarchicalTestExecutorService.java:41) ~[junit-platform-engine-1.10.3.jar:1.10.3]
	at org.junit.platform.engine.support.hierarchical.NodeTestTask.lambda$executeRecursively$6(NodeTestTask.java:155) ~[junit-platform-engine-1.10.3.jar:1.10.3]
	at org.junit.platform.engine.support.hierarchical.ThrowableCollector.execute(ThrowableCollector.java:73) ~[junit-platform-engine-1.10.3.jar:1.10.3]
	at org.junit.platform.engine.support.hierarchical.NodeTestTask.lambda$executeRecursively$8(NodeTestTask.java:141) ~[junit-platform-engine-1.10.3.jar:1.10.3]
	at org.junit.platform.engine.support.hierarchical.Node.around(Node.java:137) ~[junit-platform-engine-1.10.3.jar:1.10.3]
	at org.junit.platform.engine.support.hierarchical.NodeTestTask.lambda$executeRecursively$9(NodeTestTask.java:139) ~[junit-platform-engine-1.10.3.jar:1.10.3]
	at org.junit.platform.engine.support.hierarchical.ThrowableCollector.execute(ThrowableCollector.java:73) ~[junit-platform-engine-1.10.3.jar:1.10.3]
	at org.junit.platform.engine.support.hierarchical.NodeTestTask.executeRecursively(NodeTestTask.java:138) ~[junit-platform-engine-1.10.3.jar:1.10.3]
	at org.junit.platform.engine.support.hierarchical.NodeTestTask.execute(NodeTestTask.java:95) ~[junit-platform-engine-1.10.3.jar:1.10.3]
	at java.base/java.util.ArrayList.forEach(ArrayList.java:1596) ~[na:na]
	at org.junit.platform.engine.support.hierarchical.SameThreadHierarchicalTestExecutorService.invokeAll(SameThreadHierarchicalTestExecutorService.java:41) ~[junit-platform-engine-1.10.3.jar:1.10.3]
	at org.junit.platform.engine.support.hierarchical.NodeTestTask.lambda$executeRecursively$6(NodeTestTask.java:155) ~[junit-platform-engine-1.10.3.jar:1.10.3]
	at org.junit.platform.engine.support.hierarchical.ThrowableCollector.execute(ThrowableCollector.java:73) ~[junit-platform-engine-1.10.3.jar:1.10.3]
	at org.junit.platform.engine.support.hierarchical.NodeTestTask.lambda$executeRecursively$8(NodeTestTask.java:141) ~[junit-platform-engine-1.10.3.jar:1.10.3]
	at org.junit.platform.engine.support.hierarchical.Node.around(Node.java:137) ~[junit-platform-engine-1.10.3.jar:1.10.3]
	at org.junit.platform.engine.support.hierarchical.NodeTestTask.lambda$executeRecursively$9(NodeTestTask.java:139) ~[junit-platform-engine-1.10.3.jar:1.10.3]
	at org.junit.platform.engine.support.hierarchical.ThrowableCollector.execute(ThrowableCollector.java:73) ~[junit-platform-engine-1.10.3.jar:1.10.3]
	at org.junit.platform.engine.support.hierarchical.NodeTestTask.executeRecursively(NodeTestTask.java:138) ~[junit-platform-engine-1.10.3.jar:1.10.3]
	at org.junit.platform.engine.support.hierarchical.NodeTestTask.execute(NodeTestTask.java:95) ~[junit-platform-engine-1.10.3.jar:1.10.3]
	at org.junit.platform.engine.support.hierarchical.SameThreadHierarchicalTestExecutorService.submit(SameThreadHierarchicalTestExecutorService.java:35) ~[junit-platform-engine-1.10.3.jar:1.10.3]
	at org.junit.platform.engine.support.hierarchical.HierarchicalTestExecutor.execute(HierarchicalTestExecutor.java:57) ~[junit-platform-engine-1.10.3.jar:1.10.3]
	at org.junit.platform.engine.support.hierarchical.HierarchicalTestEngine.execute(HierarchicalTestEngine.java:54) ~[junit-platform-engine-1.10.3.jar:1.10.3]
	at org.junit.platform.launcher.core.EngineExecutionOrchestrator.execute(EngineExecutionOrchestrator.java:198) ~[junit-platform-launcher-1.10.3.jar:1.10.3]
	at org.junit.platform.launcher.core.EngineExecutionOrchestrator.execute(EngineExecutionOrchestrator.java:169) ~[junit-platform-launcher-1.10.3.jar:1.10.3]
	at org.junit.platform.launcher.core.EngineExecutionOrchestrator.execute(EngineExecutionOrchestrator.java:93) ~[junit-platform-launcher-1.10.3.jar:1.10.3]
	at org.junit.platform.launcher.core.EngineExecutionOrchestrator.lambda$execute$0(EngineExecutionOrchestrator.java:58) ~[junit-platform-launcher-1.10.3.jar:1.10.3]
	at org.junit.platform.launcher.core.EngineExecutionOrchestrator.withInterceptedStreams(EngineExecutionOrchestrator.java:141) ~[junit-platform-launcher-1.10.3.jar:1.10.3]
	at org.junit.platform.launcher.core.EngineExecutionOrchestrator.execute(EngineExecutionOrchestrator.java:57) ~[junit-platform-launcher-1.10.3.jar:1.10.3]
	at org.junit.platform.launcher.core.DefaultLauncher.execute(DefaultLauncher.java:103) ~[junit-platform-launcher-1.10.3.jar:1.10.3]
	at org.junit.platform.launcher.core.DefaultLauncher.execute(DefaultLauncher.java:85) ~[junit-platform-launcher-1.10.3.jar:1.10.3]
	at org.junit.platform.launcher.core.DelegatingLauncher.execute(DelegatingLauncher.java:47) ~[junit-platform-launcher-1.10.3.jar:1.10.3]
	at org.apache.maven.surefire.junitplatform.LazyLauncher.execute(LazyLauncher.java:56) ~[surefire-junit-platform-3.2.5.jar:3.2.5]
	at org.apache.maven.surefire.junitplatform.JUnitPlatformProvider.execute(JUnitPlatformProvider.java:184) ~[surefire-junit-platform-3.2.5.jar:3.2.5]
	at org.apache.maven.surefire.junitplatform.JUnitPlatformProvider.invokeAllTests(JUnitPlatformProvider.java:148) ~[surefire-junit-platform-3.2.5.jar:3.2.5]
	at org.apache.maven.surefire.junitplatform.JUnitPlatformProvider.invoke(JUnitPlatformProvider.java:122) ~[surefire-junit-platform-3.2.5.jar:3.2.5]
	at org.apache.maven.surefire.booter.ForkedBooter.runSuitesInProcess(ForkedBooter.java:385) ~[surefire-booter-3.2.5.jar:3.2.5]
	at org.apache.maven.surefire.booter.ForkedBooter.execute(ForkedBooter.java:162) ~[surefire-booter-3.2.5.jar:3.2.5]
	at org.apache.maven.surefire.booter.ForkedBooter.run(ForkedBooter.java:507) ~[surefire-booter-3.2.5.jar:3.2.5]
	at org.apache.maven.surefire.booter.ForkedBooter.main(ForkedBooter.java:495) ~[surefire-booter-3.2.5.jar:3.2.5]

2025-10-12T09:06:31.124Z  WARN 144 --- [nll-light-api-test] [           main] o.s.test.context.TestContextManager      : Caught exception while allowing TestExecutionListener [org.springframework.test.context.web.ServletTestExecutionListener] to prepare test instance [se.inera.nll.nlllight.api.controller.PatientControllerIntegrationTest@4215e133]

java.lang.IllegalStateException: ApplicationContext failure threshold (1) exceeded: skipping repeated attempt to load context for [WebMergedContextConfiguration@f0a66bd testClass = se.inera.nll.nlllight.api.controller.PatientControllerIntegrationTest, locations = [], classes = [se.inera.nll.nlllight.api.NllLightApiApplication], contextInitializerClasses = [], activeProfiles = ["test"], propertySourceDescriptors = [], propertySourceProperties = ["org.springframework.boot.test.context.SpringBootTestContextBootstrapper=true"], contextCustomizers = [[ImportsContextCustomizer@460b50df key = [org.springframework.boot.test.autoconfigure.web.servlet.MockMvcWebDriverAutoConfiguration, org.springframework.boot.test.autoconfigure.web.servlet.MockMvcAutoConfiguration, org.springframework.boot.autoconfigure.security.oauth2.client.servlet.OAuth2ClientAutoConfiguration, se.inera.nll.nlllight.config.TestSecurityConfig, org.springframework.boot.autoconfigure.security.servlet.SecurityAutoConfiguration, org.springframework.boot.autoconfigure.security.servlet.SecurityFilterAutoConfiguration, org.springframework.boot.autoconfigure.security.servlet.UserDetailsServiceAutoConfiguration, org.springframework.boot.autoconfigure.security.oauth2.resource.servlet.OAuth2ResourceServerAutoConfiguration, org.springframework.boot.test.autoconfigure.web.servlet.MockMvcSecurityConfiguration, org.springframework.boot.test.autoconfigure.web.servlet.MockMvcWebClientAutoConfiguration, org.springframework.boot.test.autoconfigure.web.reactive.WebTestClientAutoConfiguration]], org.springframework.boot.test.context.filter.ExcludeFilterContextCustomizer@1f75a668, org.springframework.boot.test.json.DuplicateJsonObjectContextCustomizerFactory$DuplicateJsonObjectContextCustomizer@2812b107, org.springframework.boot.test.mock.mockito.MockitoContextCustomizer@0, org.springframework.boot.test.web.client.TestRestTemplateContextCustomizer@4eaf3684, org.springframework.boot.test.web.reactor.netty.DisableReactorResourceFactoryGlobalResourcesContextCustomizerFactory$DisableReactorResourceFactoryGlobalResourcesContextCustomizerCustomizer@4416d64f, org.springframework.boot.test.autoconfigure.actuate.observability.ObservabilityContextCustomizerFactory$DisableObservabilityContextCustomizer@1f, org.springframework.boot.test.autoconfigure.properties.PropertyMappingContextCustomizer@4b3fa0b3, org.springframework.boot.test.autoconfigure.web.servlet.WebDriverContextCustomizer@3b8f0a79, org.springframework.boot.test.context.SpringBootTestAnnotation@d0f4dd2a], resourceBasePath = "src/main/webapp", contextLoader = org.springframework.boot.test.context.SpringBootContextLoader, parent = null]
	at org.springframework.test.context.cache.DefaultCacheAwareContextLoaderDelegate.loadContext(DefaultCacheAwareContextLoaderDelegate.java:145) ~[spring-test-6.1.12.jar:6.1.12]
	at org.springframework.test.context.support.DefaultTestContext.getApplicationContext(DefaultTestContext.java:130) ~[spring-test-6.1.12.jar:6.1.12]
	at org.springframework.test.context.web.ServletTestExecutionListener.setUpRequestContextIfNecessary(ServletTestExecutionListener.java:191) ~[spring-test-6.1.12.jar:6.1.12]
	at org.springframework.test.context.web.ServletTestExecutionListener.prepareTestInstance(ServletTestExecutionListener.java:130) ~[spring-test-6.1.12.jar:6.1.12]
	at org.springframework.test.context.TestContextManager.prepareTestInstance(TestContextManager.java:260) ~[spring-test-6.1.12.jar:6.1.12]
	at org.springframework.test.context.junit.jupiter.SpringExtension.postProcessTestInstance(SpringExtension.java:163) ~[spring-test-6.1.12.jar:6.1.12]
	at org.junit.jupiter.engine.descriptor.ClassBasedTestDescriptor.lambda$invokeTestInstancePostProcessors$10(ClassBasedTestDescriptor.java:378) ~[junit-jupiter-engine-5.10.3.jar:5.10.3]
	at org.junit.jupiter.engine.descriptor.ClassBasedTestDescriptor.executeAndMaskThrowable(ClassBasedTestDescriptor.java:383) ~[junit-jupiter-engine-5.10.3.jar:5.10.3]
	at org.junit.jupiter.engine.descriptor.ClassBasedTestDescriptor.lambda$invokeTestInstancePostProcessors$11(ClassBasedTestDescriptor.java:378) ~[junit-jupiter-engine-5.10.3.jar:5.10.3]
	at java.base/java.util.stream.ReferencePipeline$3$1.accept(ReferencePipeline.java:197) ~[na:na]
	at java.base/java.util.stream.ReferencePipeline$2$1.accept(ReferencePipeline.java:179) ~[na:na]
	at java.base/java.util.ArrayList$ArrayListSpliterator.forEachRemaining(ArrayList.java:1708) ~[na:na]
	at java.base/java.util.stream.AbstractPipeline.copyInto(AbstractPipeline.java:509) ~[na:na]
	at java.base/java.util.stream.AbstractPipeline.wrapAndCopyInto(AbstractPipeline.java:499) ~[na:na]
	at java.base/java.util.stream.StreamSpliterators$WrappingSpliterator.forEachRemaining(StreamSpliterators.java:310) ~[na:na]
	at java.base/java.util.stream.Streams$ConcatSpliterator.forEachRemaining(Streams.java:735) ~[na:na]
	at java.base/java.util.stream.Streams$ConcatSpliterator.forEachRemaining(Streams.java:734) ~[na:na]
	at java.base/java.util.stream.ReferencePipeline$Head.forEach(ReferencePipeline.java:762) ~[na:na]
	at org.junit.jupiter.engine.descriptor.ClassBasedTestDescriptor.invokeTestInstancePostProcessors(ClassBasedTestDescriptor.java:377) ~[junit-jupiter-engine-5.10.3.jar:5.10.3]
	at org.junit.jupiter.engine.descriptor.ClassBasedTestDescriptor.lambda$instantiateAndPostProcessTestInstance$6(ClassBasedTestDescriptor.java:290) ~[junit-jupiter-engine-5.10.3.jar:5.10.3]
	at org.junit.platform.engine.support.hierarchical.ThrowableCollector.execute(ThrowableCollector.java:73) ~[junit-platform-engine-1.10.3.jar:1.10.3]
	at org.junit.jupiter.engine.descriptor.ClassBasedTestDescriptor.instantiateAndPostProcessTestInstance(ClassBasedTestDescriptor.java:289) ~[junit-jupiter-engine-5.10.3.jar:5.10.3]
	at org.junit.jupiter.engine.descriptor.ClassBasedTestDescriptor.lambda$testInstancesProvider$4(ClassBasedTestDescriptor.java:279) ~[junit-jupiter-engine-5.10.3.jar:5.10.3]
	at java.base/java.util.Optional.orElseGet(Optional.java:364) ~[na:na]
	at org.junit.jupiter.engine.descriptor.ClassBasedTestDescriptor.lambda$testInstancesProvider$5(ClassBasedTestDescriptor.java:278) ~[junit-jupiter-engine-5.10.3.jar:5.10.3]
	at org.junit.jupiter.engine.execution.TestInstancesProvider.getTestInstances(TestInstancesProvider.java:31) ~[junit-jupiter-engine-5.10.3.jar:5.10.3]
	at org.junit.jupiter.engine.descriptor.TestMethodTestDescriptor.lambda$prepare$0(TestMethodTestDescriptor.java:106) ~[junit-jupiter-engine-5.10.3.jar:5.10.3]
	at org.junit.platform.engine.support.hierarchical.ThrowableCollector.execute(ThrowableCollector.java:73) ~[junit-platform-engine-1.10.3.jar:1.10.3]
	at org.junit.jupiter.engine.descriptor.TestMethodTestDescriptor.prepare(TestMethodTestDescriptor.java:105) ~[junit-jupiter-engine-5.10.3.jar:5.10.3]
	at org.junit.jupiter.engine.descriptor.TestMethodTestDescriptor.prepare(TestMethodTestDescriptor.java:69) ~[junit-jupiter-engine-5.10.3.jar:5.10.3]
	at org.junit.platform.engine.support.hierarchical.NodeTestTask.lambda$prepare$2(NodeTestTask.java:123) ~[junit-platform-engine-1.10.3.jar:1.10.3]
	at org.junit.platform.engine.support.hierarchical.ThrowableCollector.execute(ThrowableCollector.java:73) ~[junit-platform-engine-1.10.3.jar:1.10.3]
	at org.junit.platform.engine.support.hierarchical.NodeTestTask.prepare(NodeTestTask.java:123) ~[junit-platform-engine-1.10.3.jar:1.10.3]
	at org.junit.platform.engine.support.hierarchical.NodeTestTask.execute(NodeTestTask.java:90) ~[junit-platform-engine-1.10.3.jar:1.10.3]
	at java.base/java.util.ArrayList.forEach(ArrayList.java:1596) ~[na:na]
	at org.junit.platform.engine.support.hierarchical.SameThreadHierarchicalTestExecutorService.invokeAll(SameThreadHierarchicalTestExecutorService.java:41) ~[junit-platform-engine-1.10.3.jar:1.10.3]
	at org.junit.platform.engine.support.hierarchical.NodeTestTask.lambda$executeRecursively$6(NodeTestTask.java:155) ~[junit-platform-engine-1.10.3.jar:1.10.3]
	at org.junit.platform.engine.support.hierarchical.ThrowableCollector.execute(ThrowableCollector.java:73) ~[junit-platform-engine-1.10.3.jar:1.10.3]
	at org.junit.platform.engine.support.hierarchical.NodeTestTask.lambda$executeRecursively$8(NodeTestTask.java:141) ~[junit-platform-engine-1.10.3.jar:1.10.3]
	at org.junit.platform.engine.support.hierarchical.Node.around(Node.java:137) ~[junit-platform-engine-1.10.3.jar:1.10.3]
	at org.junit.platform.engine.support.hierarchical.NodeTestTask.lambda$executeRecursively$9(NodeTestTask.java:139) ~[junit-platform-engine-1.10.3.jar:1.10.3]
	at org.junit.platform.engine.support.hierarchical.ThrowableCollector.execute(ThrowableCollector.java:73) ~[junit-platform-engine-1.10.3.jar:1.10.3]
	at org.junit.platform.engine.support.hierarchical.NodeTestTask.executeRecursively(NodeTestTask.java:138) ~[junit-platform-engine-1.10.3.jar:1.10.3]
	at org.junit.platform.engine.support.hierarchical.NodeTestTask.execute(NodeTestTask.java:95) ~[junit-platform-engine-1.10.3.jar:1.10.3]
	at java.base/java.util.ArrayList.forEach(ArrayList.java:1596) ~[na:na]
	at org.junit.platform.engine.support.hierarchical.SameThreadHierarchicalTestExecutorService.invokeAll(SameThreadHierarchicalTestExecutorService.java:41) ~[junit-platform-engine-1.10.3.jar:1.10.3]
	at org.junit.platform.engine.support.hierarchical.NodeTestTask.lambda$executeRecursively$6(NodeTestTask.java:155) ~[junit-platform-engine-1.10.3.jar:1.10.3]
	at org.junit.platform.engine.support.hierarchical.ThrowableCollector.execute(ThrowableCollector.java:73) ~[junit-platform-engine-1.10.3.jar:1.10.3]
	at org.junit.platform.engine.support.hierarchical.NodeTestTask.lambda$executeRecursively$8(NodeTestTask.java:141) ~[junit-platform-engine-1.10.3.jar:1.10.3]
	at org.junit.platform.engine.support.hierarchical.Node.around(Node.java:137) ~[junit-platform-engine-1.10.3.jar:1.10.3]
	at org.junit.platform.engine.support.hierarchical.NodeTestTask.lambda$executeRecursively$9(NodeTestTask.java:139) ~[junit-platform-engine-1.10.3.jar:1.10.3]
	at org.junit.platform.engine.support.hierarchical.ThrowableCollector.execute(ThrowableCollector.java:73) ~[junit-platform-engine-1.10.3.jar:1.10.3]
	at org.junit.platform.engine.support.hierarchical.NodeTestTask.executeRecursively(NodeTestTask.java:138) ~[junit-platform-engine-1.10.3.jar:1.10.3]
	at org.junit.platform.engine.support.hierarchical.NodeTestTask.execute(NodeTestTask.java:95) ~[junit-platform-engine-1.10.3.jar:1.10.3]
	at org.junit.platform.engine.support.hierarchical.SameThreadHierarchicalTestExecutorService.submit(SameThreadHierarchicalTestExecutorService.java:35) ~[junit-platform-engine-1.10.3.jar:1.10.3]
	at org.junit.platform.engine.support.hierarchical.HierarchicalTestExecutor.execute(HierarchicalTestExecutor.java:57) ~[junit-platform-engine-1.10.3.jar:1.10.3]
	at org.junit.platform.engine.support.hierarchical.HierarchicalTestEngine.execute(HierarchicalTestEngine.java:54) ~[junit-platform-engine-1.10.3.jar:1.10.3]
	at org.junit.platform.launcher.core.EngineExecutionOrchestrator.execute(EngineExecutionOrchestrator.java:198) ~[junit-platform-launcher-1.10.3.jar:1.10.3]
	at org.junit.platform.launcher.core.EngineExecutionOrchestrator.execute(EngineExecutionOrchestrator.java:169) ~[junit-platform-launcher-1.10.3.jar:1.10.3]
	at org.junit.platform.launcher.core.EngineExecutionOrchestrator.execute(EngineExecutionOrchestrator.java:93) ~[junit-platform-launcher-1.10.3.jar:1.10.3]
	at org.junit.platform.launcher.core.EngineExecutionOrchestrator.lambda$execute$0(EngineExecutionOrchestrator.java:58) ~[junit-platform-launcher-1.10.3.jar:1.10.3]
	at org.junit.platform.launcher.core.EngineExecutionOrchestrator.withInterceptedStreams(EngineExecutionOrchestrator.java:141) ~[junit-platform-launcher-1.10.3.jar:1.10.3]
	at org.junit.platform.launcher.core.EngineExecutionOrchestrator.execute(EngineExecutionOrchestrator.java:57) ~[junit-platform-launcher-1.10.3.jar:1.10.3]
	at org.junit.platform.launcher.core.DefaultLauncher.execute(DefaultLauncher.java:103) ~[junit-platform-launcher-1.10.3.jar:1.10.3]
	at org.junit.platform.launcher.core.DefaultLauncher.execute(DefaultLauncher.java:85) ~[junit-platform-launcher-1.10.3.jar:1.10.3]
	at org.junit.platform.launcher.core.DelegatingLauncher.execute(DelegatingLauncher.java:47) ~[junit-platform-launcher-1.10.3.jar:1.10.3]
	at org.apache.maven.surefire.junitplatform.LazyLauncher.execute(LazyLauncher.java:56) ~[surefire-junit-platform-3.2.5.jar:3.2.5]
	at org.apache.maven.surefire.junitplatform.JUnitPlatformProvider.execute(JUnitPlatformProvider.java:184) ~[surefire-junit-platform-3.2.5.jar:3.2.5]
	at org.apache.maven.surefire.junitplatform.JUnitPlatformProvider.invokeAllTests(JUnitPlatformProvider.java:148) ~[surefire-junit-platform-3.2.5.jar:3.2.5]
	at org.apache.maven.surefire.junitplatform.JUnitPlatformProvider.invoke(JUnitPlatformProvider.java:122) ~[surefire-junit-platform-3.2.5.jar:3.2.5]
	at org.apache.maven.surefire.booter.ForkedBooter.runSuitesInProcess(ForkedBooter.java:385) ~[surefire-booter-3.2.5.jar:3.2.5]
	at org.apache.maven.surefire.booter.ForkedBooter.execute(ForkedBooter.java:162) ~[surefire-booter-3.2.5.jar:3.2.5]
	at org.apache.maven.surefire.booter.ForkedBooter.run(ForkedBooter.java:507) ~[surefire-booter-3.2.5.jar:3.2.5]
	at org.apache.maven.surefire.booter.ForkedBooter.main(ForkedBooter.java:495) ~[surefire-booter-3.2.5.jar:3.2.5]

2025-10-12T09:06:31.126Z  WARN 144 --- [nll-light-api-test] [           main] o.s.test.context.TestContextManager      : Caught exception while allowing TestExecutionListener [org.springframework.test.context.web.ServletTestExecutionListener] to prepare test instance [se.inera.nll.nlllight.api.controller.PatientControllerIntegrationTest@d88f893]

java.lang.IllegalStateException: ApplicationContext failure threshold (1) exceeded: skipping repeated attempt to load context for [WebMergedContextConfiguration@f0a66bd testClass = se.inera.nll.nlllight.api.controller.PatientControllerIntegrationTest, locations = [], classes = [se.inera.nll.nlllight.api.NllLightApiApplication], contextInitializerClasses = [], activeProfiles = ["test"], propertySourceDescriptors = [], propertySourceProperties = ["org.springframework.boot.test.context.SpringBootTestContextBootstrapper=true"], contextCustomizers = [[ImportsContextCustomizer@460b50df key = [org.springframework.boot.test.autoconfigure.web.servlet.MockMvcWebDriverAutoConfiguration, org.springframework.boot.test.autoconfigure.web.servlet.MockMvcAutoConfiguration, org.springframework.boot.autoconfigure.security.oauth2.client.servlet.OAuth2ClientAutoConfiguration, se.inera.nll.nlllight.config.TestSecurityConfig, org.springframework.boot.autoconfigure.security.servlet.SecurityAutoConfiguration, org.springframework.boot.autoconfigure.security.servlet.SecurityFilterAutoConfiguration, org.springframework.boot.autoconfigure.security.servlet.UserDetailsServiceAutoConfiguration, org.springframework.boot.autoconfigure.security.oauth2.resource.servlet.OAuth2ResourceServerAutoConfiguration, org.springframework.boot.test.autoconfigure.web.servlet.MockMvcSecurityConfiguration, org.springframework.boot.test.autoconfigure.web.servlet.MockMvcWebClientAutoConfiguration, org.springframework.boot.test.autoconfigure.web.reactive.WebTestClientAutoConfiguration]], org.springframework.boot.test.context.filter.ExcludeFilterContextCustomizer@1f75a668, org.springframework.boot.test.json.DuplicateJsonObjectContextCustomizerFactory$DuplicateJsonObjectContextCustomizer@2812b107, org.springframework.boot.test.mock.mockito.MockitoContextCustomizer@0, org.springframework.boot.test.web.client.TestRestTemplateContextCustomizer@4eaf3684, org.springframework.boot.test.web.reactor.netty.DisableReactorResourceFactoryGlobalResourcesContextCustomizerFactory$DisableReactorResourceFactoryGlobalResourcesContextCustomizerCustomizer@4416d64f, org.springframework.boot.test.autoconfigure.actuate.observability.ObservabilityContextCustomizerFactory$DisableObservabilityContextCustomizer@1f, org.springframework.boot.test.autoconfigure.properties.PropertyMappingContextCustomizer@4b3fa0b3, org.springframework.boot.test.autoconfigure.web.servlet.WebDriverContextCustomizer@3b8f0a79, org.springframework.boot.test.context.SpringBootTestAnnotation@d0f4dd2a], resourceBasePath = "src/main/webapp", contextLoader = org.springframework.boot.test.context.SpringBootContextLoader, parent = null]
	at org.springframework.test.context.cache.DefaultCacheAwareContextLoaderDelegate.loadContext(DefaultCacheAwareContextLoaderDelegate.java:145) ~[spring-test-6.1.12.jar:6.1.12]
	at org.springframework.test.context.support.DefaultTestContext.getApplicationContext(DefaultTestContext.java:130) ~[spring-test-6.1.12.jar:6.1.12]
	at org.springframework.test.context.web.ServletTestExecutionListener.setUpRequestContextIfNecessary(ServletTestExecutionListener.java:191) ~[spring-test-6.1.12.jar:6.1.12]
	at org.springframework.test.context.web.ServletTestExecutionListener.prepareTestInstance(ServletTestExecutionListener.java:130) ~[spring-test-6.1.12.jar:6.1.12]
	at org.springframework.test.context.TestContextManager.prepareTestInstance(TestContextManager.java:260) ~[spring-test-6.1.12.jar:6.1.12]
	at org.springframework.test.context.junit.jupiter.SpringExtension.postProcessTestInstance(SpringExtension.java:163) ~[spring-test-6.1.12.jar:6.1.12]
	at org.junit.jupiter.engine.descriptor.ClassBasedTestDescriptor.lambda$invokeTestInstancePostProcessors$10(ClassBasedTestDescriptor.java:378) ~[junit-jupiter-engine-5.10.3.jar:5.10.3]
	at org.junit.jupiter.engine.descriptor.ClassBasedTestDescriptor.executeAndMaskThrowable(ClassBasedTestDescriptor.java:383) ~[junit-jupiter-engine-5.10.3.jar:5.10.3]
	at org.junit.jupiter.engine.descriptor.ClassBasedTestDescriptor.lambda$invokeTestInstancePostProcessors$11(ClassBasedTestDescriptor.java:378) ~[junit-jupiter-engine-5.10.3.jar:5.10.3]
	at java.base/java.util.stream.ReferencePipeline$3$1.accept(ReferencePipeline.java:197) ~[na:na]
	at java.base/java.util.stream.ReferencePipeline$2$1.accept(ReferencePipeline.java:179) ~[na:na]
	at java.base/java.util.ArrayList$ArrayListSpliterator.forEachRemaining(ArrayList.java:1708) ~[na:na]
	at java.base/java.util.stream.AbstractPipeline.copyInto(AbstractPipeline.java:509) ~[na:na]
	at java.base/java.util.stream.AbstractPipeline.wrapAndCopyInto(AbstractPipeline.java:499) ~[na:na]
	at java.base/java.util.stream.StreamSpliterators$WrappingSpliterator.forEachRemaining(StreamSpliterators.java:310) ~[na:na]
	at java.base/java.util.stream.Streams$ConcatSpliterator.forEachRemaining(Streams.java:735) ~[na:na]
	at java.base/java.util.stream.Streams$ConcatSpliterator.forEachRemaining(Streams.java:734) ~[na:na]
	at java.base/java.util.stream.ReferencePipeline$Head.forEach(ReferencePipeline.java:762) ~[na:na]
	at org.junit.jupiter.engine.descriptor.ClassBasedTestDescriptor.invokeTestInstancePostProcessors(ClassBasedTestDescriptor.java:377) ~[junit-jupiter-engine-5.10.3.jar:5.10.3]
	at org.junit.jupiter.engine.descriptor.ClassBasedTestDescriptor.lambda$instantiateAndPostProcessTestInstance$6(ClassBasedTestDescriptor.java:290) ~[junit-jupiter-engine-5.10.3.jar:5.10.3]
	at org.junit.platform.engine.support.hierarchical.ThrowableCollector.execute(ThrowableCollector.java:73) ~[junit-platform-engine-1.10.3.jar:1.10.3]
	at org.junit.jupiter.engine.descriptor.ClassBasedTestDescriptor.instantiateAndPostProcessTestInstance(ClassBasedTestDescriptor.java:289) ~[junit-jupiter-engine-5.10.3.jar:5.10.3]
	at org.junit.jupiter.engine.descriptor.ClassBasedTestDescriptor.lambda$testInstancesProvider$4(ClassBasedTestDescriptor.java:279) ~[junit-jupiter-engine-5.10.3.jar:5.10.3]
	at java.base/java.util.Optional.orElseGet(Optional.java:364) ~[na:na]
	at org.junit.jupiter.engine.descriptor.ClassBasedTestDescriptor.lambda$testInstancesProvider$5(ClassBasedTestDescriptor.java:278) ~[junit-jupiter-engine-5.10.3.jar:5.10.3]
	at org.junit.jupiter.engine.execution.TestInstancesProvider.getTestInstances(TestInstancesProvider.java:31) ~[junit-jupiter-engine-5.10.3.jar:5.10.3]
	at org.junit.jupiter.engine.descriptor.TestMethodTestDescriptor.lambda$prepare$0(TestMethodTestDescriptor.java:106) ~[junit-jupiter-engine-5.10.3.jar:5.10.3]
	at org.junit.platform.engine.support.hierarchical.ThrowableCollector.execute(ThrowableCollector.java:73) ~[junit-platform-engine-1.10.3.jar:1.10.3]
	at org.junit.jupiter.engine.descriptor.TestMethodTestDescriptor.prepare(TestMethodTestDescriptor.java:105) ~[junit-jupiter-engine-5.10.3.jar:5.10.3]
	at org.junit.jupiter.engine.descriptor.TestMethodTestDescriptor.prepare(TestMethodTestDescriptor.java:69) ~[junit-jupiter-engine-5.10.3.jar:5.10.3]
	at org.junit.platform.engine.support.hierarchical.NodeTestTask.lambda$prepare$2(NodeTestTask.java:123) ~[junit-platform-engine-1.10.3.jar:1.10.3]
	at org.junit.platform.engine.support.hierarchical.ThrowableCollector.execute(ThrowableCollector.java:73) ~[junit-platform-engine-1.10.3.jar:1.10.3]
	at org.junit.platform.engine.support.hierarchical.NodeTestTask.prepare(NodeTestTask.java:123) ~[junit-platform-engine-1.10.3.jar:1.10.3]
	at org.junit.platform.engine.support.hierarchical.NodeTestTask.execute(NodeTestTask.java:90) ~[junit-platform-engine-1.10.3.jar:1.10.3]
	at java.base/java.util.ArrayList.forEach(ArrayList.java:1596) ~[na:na]
	at org.junit.platform.engine.support.hierarchical.SameThreadHierarchicalTestExecutorService.invokeAll(SameThreadHierarchicalTestExecutorService.java:41) ~[junit-platform-engine-1.10.3.jar:1.10.3]
	at org.junit.platform.engine.support.hierarchical.NodeTestTask.lambda$executeRecursively$6(NodeTestTask.java:155) ~[junit-platform-engine-1.10.3.jar:1.10.3]
	at org.junit.platform.engine.support.hierarchical.ThrowableCollector.execute(ThrowableCollector.java:73) ~[junit-platform-engine-1.10.3.jar:1.10.3]
	at org.junit.platform.engine.support.hierarchical.NodeTestTask.lambda$executeRecursively$8(NodeTestTask.java:141) ~[junit-platform-engine-1.10.3.jar:1.10.3]
	at org.junit.platform.engine.support.hierarchical.Node.around(Node.java:137) ~[junit-platform-engine-1.10.3.jar:1.10.3]
	at org.junit.platform.engine.support.hierarchical.NodeTestTask.lambda$executeRecursively$9(NodeTestTask.java:139) ~[junit-platform-engine-1.10.3.jar:1.10.3]
	at org.junit.platform.engine.support.hierarchical.ThrowableCollector.execute(ThrowableCollector.java:73) ~[junit-platform-engine-1.10.3.jar:1.10.3]
	at org.junit.platform.engine.support.hierarchical.NodeTestTask.executeRecursively(NodeTestTask.java:138) ~[junit-platform-engine-1.10.3.jar:1.10.3]
	at org.junit.platform.engine.support.hierarchical.NodeTestTask.execute(NodeTestTask.java:95) ~[junit-platform-engine-1.10.3.jar:1.10.3]
	at java.base/java.util.ArrayList.forEach(ArrayList.java:1596) ~[na:na]
	at org.junit.platform.engine.support.hierarchical.SameThreadHierarchicalTestExecutorService.invokeAll(SameThreadHierarchicalTestExecutorService.java:41) ~[junit-platform-engine-1.10.3.jar:1.10.3]
	at org.junit.platform.engine.support.hierarchical.NodeTestTask.lambda$executeRecursively$6(NodeTestTask.java:155) ~[junit-platform-engine-1.10.3.jar:1.10.3]
	at org.junit.platform.engine.support.hierarchical.ThrowableCollector.execute(ThrowableCollector.java:73) ~[junit-platform-engine-1.10.3.jar:1.10.3]
	at org.junit.platform.engine.support.hierarchical.NodeTestTask.lambda$executeRecursively$8(NodeTestTask.java:141) ~[junit-platform-engine-1.10.3.jar:1.10.3]
	at org.junit.platform.engine.support.hierarchical.Node.around(Node.java:137) ~[junit-platform-engine-1.10.3.jar:1.10.3]
	at org.junit.platform.engine.support.hierarchical.NodeTestTask.lambda$executeRecursively$9(NodeTestTask.java:139) ~[junit-platform-engine-1.10.3.jar:1.10.3]
	at org.junit.platform.engine.support.hierarchical.ThrowableCollector.execute(ThrowableCollector.java:73) ~[junit-platform-engine-1.10.3.jar:1.10.3]
	at org.junit.platform.engine.support.hierarchical.NodeTestTask.executeRecursively(NodeTestTask.java:138) ~[junit-platform-engine-1.10.3.jar:1.10.3]
	at org.junit.platform.engine.support.hierarchical.NodeTestTask.execute(NodeTestTask.java:95) ~[junit-platform-engine-1.10.3.jar:1.10.3]
	at org.junit.platform.engine.support.hierarchical.SameThreadHierarchicalTestExecutorService.submit(SameThreadHierarchicalTestExecutorService.java:35) ~[junit-platform-engine-1.10.3.jar:1.10.3]
	at org.junit.platform.engine.support.hierarchical.HierarchicalTestExecutor.execute(HierarchicalTestExecutor.java:57) ~[junit-platform-engine-1.10.3.jar:1.10.3]
	at org.junit.platform.engine.support.hierarchical.HierarchicalTestEngine.execute(HierarchicalTestEngine.java:54) ~[junit-platform-engine-1.10.3.jar:1.10.3]
	at org.junit.platform.launcher.core.EngineExecutionOrchestrator.execute(EngineExecutionOrchestrator.java:198) ~[junit-platform-launcher-1.10.3.jar:1.10.3]
	at org.junit.platform.launcher.core.EngineExecutionOrchestrator.execute(EngineExecutionOrchestrator.java:169) ~[junit-platform-launcher-1.10.3.jar:1.10.3]
	at org.junit.platform.launcher.core.EngineExecutionOrchestrator.execute(EngineExecutionOrchestrator.java:93) ~[junit-platform-launcher-1.10.3.jar:1.10.3]
	at org.junit.platform.launcher.core.EngineExecutionOrchestrator.lambda$execute$0(EngineExecutionOrchestrator.java:58) ~[junit-platform-launcher-1.10.3.jar:1.10.3]
	at org.junit.platform.launcher.core.EngineExecutionOrchestrator.withInterceptedStreams(EngineExecutionOrchestrator.java:141) ~[junit-platform-launcher-1.10.3.jar:1.10.3]
	at org.junit.platform.launcher.core.EngineExecutionOrchestrator.execute(EngineExecutionOrchestrator.java:57) ~[junit-platform-launcher-1.10.3.jar:1.10.3]
	at org.junit.platform.launcher.core.DefaultLauncher.execute(DefaultLauncher.java:103) ~[junit-platform-launcher-1.10.3.jar:1.10.3]
	at org.junit.platform.launcher.core.DefaultLauncher.execute(DefaultLauncher.java:85) ~[junit-platform-launcher-1.10.3.jar:1.10.3]
	at org.junit.platform.launcher.core.DelegatingLauncher.execute(DelegatingLauncher.java:47) ~[junit-platform-launcher-1.10.3.jar:1.10.3]
	at org.apache.maven.surefire.junitplatform.LazyLauncher.execute(LazyLauncher.java:56) ~[surefire-junit-platform-3.2.5.jar:3.2.5]
	at org.apache.maven.surefire.junitplatform.JUnitPlatformProvider.execute(JUnitPlatformProvider.java:184) ~[surefire-junit-platform-3.2.5.jar:3.2.5]
	at org.apache.maven.surefire.junitplatform.JUnitPlatformProvider.invokeAllTests(JUnitPlatformProvider.java:148) ~[surefire-junit-platform-3.2.5.jar:3.2.5]
	at org.apache.maven.surefire.junitplatform.JUnitPlatformProvider.invoke(JUnitPlatformProvider.java:122) ~[surefire-junit-platform-3.2.5.jar:3.2.5]
	at org.apache.maven.surefire.booter.ForkedBooter.runSuitesInProcess(ForkedBooter.java:385) ~[surefire-booter-3.2.5.jar:3.2.5]
	at org.apache.maven.surefire.booter.ForkedBooter.execute(ForkedBooter.java:162) ~[surefire-booter-3.2.5.jar:3.2.5]
	at org.apache.maven.surefire.booter.ForkedBooter.run(ForkedBooter.java:507) ~[surefire-booter-3.2.5.jar:3.2.5]
	at org.apache.maven.surefire.booter.ForkedBooter.main(ForkedBooter.java:495) ~[surefire-booter-3.2.5.jar:3.2.5]

2025-10-12T09:06:31.128Z  WARN 144 --- [nll-light-api-test] [           main] o.s.test.context.TestContextManager      : Caught exception while allowing TestExecutionListener [org.springframework.test.context.web.ServletTestExecutionListener] to prepare test instance [se.inera.nll.nlllight.api.controller.PatientControllerIntegrationTest@48eaf42f]

java.lang.IllegalStateException: ApplicationContext failure threshold (1) exceeded: skipping repeated attempt to load context for [WebMergedContextConfiguration@f0a66bd testClass = se.inera.nll.nlllight.api.controller.PatientControllerIntegrationTest, locations = [], classes = [se.inera.nll.nlllight.api.NllLightApiApplication], contextInitializerClasses = [], activeProfiles = ["test"], propertySourceDescriptors = [], propertySourceProperties = ["org.springframework.boot.test.context.SpringBootTestContextBootstrapper=true"], contextCustomizers = [[ImportsContextCustomizer@460b50df key = [org.springframework.boot.test.autoconfigure.web.servlet.MockMvcWebDriverAutoConfiguration, org.springframework.boot.test.autoconfigure.web.servlet.MockMvcAutoConfiguration, org.springframework.boot.autoconfigure.security.oauth2.client.servlet.OAuth2ClientAutoConfiguration, se.inera.nll.nlllight.config.TestSecurityConfig, org.springframework.boot.autoconfigure.security.servlet.SecurityAutoConfiguration, org.springframework.boot.autoconfigure.security.servlet.SecurityFilterAutoConfiguration, org.springframework.boot.autoconfigure.security.servlet.UserDetailsServiceAutoConfiguration, org.springframework.boot.autoconfigure.security.oauth2.resource.servlet.OAuth2ResourceServerAutoConfiguration, org.springframework.boot.test.autoconfigure.web.servlet.MockMvcSecurityConfiguration, org.springframework.boot.test.autoconfigure.web.servlet.MockMvcWebClientAutoConfiguration, org.springframework.boot.test.autoconfigure.web.reactive.WebTestClientAutoConfiguration]], org.springframework.boot.test.context.filter.ExcludeFilterContextCustomizer@1f75a668, org.springframework.boot.test.json.DuplicateJsonObjectContextCustomizerFactory$DuplicateJsonObjectContextCustomizer@2812b107, org.springframework.boot.test.mock.mockito.MockitoContextCustomizer@0, org.springframework.boot.test.web.client.TestRestTemplateContextCustomizer@4eaf3684, org.springframework.boot.test.web.reactor.netty.DisableReactorResourceFactoryGlobalResourcesContextCustomizerFactory$DisableReactorResourceFactoryGlobalResourcesContextCustomizerCustomizer@4416d64f, org.springframework.boot.test.autoconfigure.actuate.observability.ObservabilityContextCustomizerFactory$DisableObservabilityContextCustomizer@1f, org.springframework.boot.test.autoconfigure.properties.PropertyMappingContextCustomizer@4b3fa0b3, org.springframework.boot.test.autoconfigure.web.servlet.WebDriverContextCustomizer@3b8f0a79, org.springframework.boot.test.context.SpringBootTestAnnotation@d0f4dd2a], resourceBasePath = "src/main/webapp", contextLoader = org.springframework.boot.test.context.SpringBootContextLoader, parent = null]
	at org.springframework.test.context.cache.DefaultCacheAwareContextLoaderDelegate.loadContext(DefaultCacheAwareContextLoaderDelegate.java:145) ~[spring-test-6.1.12.jar:6.1.12]
	at org.springframework.test.context.support.DefaultTestContext.getApplicationContext(DefaultTestContext.java:130) ~[spring-test-6.1.12.jar:6.1.12]
	at org.springframework.test.context.web.ServletTestExecutionListener.setUpRequestContextIfNecessary(ServletTestExecutionListener.java:191) ~[spring-test-6.1.12.jar:6.1.12]
	at org.springframework.test.context.web.ServletTestExecutionListener.prepareTestInstance(ServletTestExecutionListener.java:130) ~[spring-test-6.1.12.jar:6.1.12]
	at org.springframework.test.context.TestContextManager.prepareTestInstance(TestContextManager.java:260) ~[spring-test-6.1.12.jar:6.1.12]
	at org.springframework.test.context.junit.jupiter.SpringExtension.postProcessTestInstance(SpringExtension.java:163) ~[spring-test-6.1.12.jar:6.1.12]
	at org.junit.jupiter.engine.descriptor.ClassBasedTestDescriptor.lambda$invokeTestInstancePostProcessors$10(ClassBasedTestDescriptor.java:378) ~[junit-jupiter-engine-5.10.3.jar:5.10.3]
	at org.junit.jupiter.engine.descriptor.ClassBasedTestDescriptor.executeAndMaskThrowable(ClassBasedTestDescriptor.java:383) ~[junit-jupiter-engine-5.10.3.jar:5.10.3]
	at org.junit.jupiter.engine.descriptor.ClassBasedTestDescriptor.lambda$invokeTestInstancePostProcessors$11(ClassBasedTestDescriptor.java:378) ~[junit-jupiter-engine-5.10.3.jar:5.10.3]
	at java.base/java.util.stream.ReferencePipeline$3$1.accept(ReferencePipeline.java:197) ~[na:na]
	at java.base/java.util.stream.ReferencePipeline$2$1.accept(ReferencePipeline.java:179) ~[na:na]
	at java.base/java.util.ArrayList$ArrayListSpliterator.forEachRemaining(ArrayList.java:1708) ~[na:na]
	at java.base/java.util.stream.AbstractPipeline.copyInto(AbstractPipeline.java:509) ~[na:na]
	at java.base/java.util.stream.AbstractPipeline.wrapAndCopyInto(AbstractPipeline.java:499) ~[na:na]
	at java.base/java.util.stream.StreamSpliterators$WrappingSpliterator.forEachRemaining(StreamSpliterators.java:310) ~[na:na]
	at java.base/java.util.stream.Streams$ConcatSpliterator.forEachRemaining(Streams.java:735) ~[na:na]
	at java.base/java.util.stream.Streams$ConcatSpliterator.forEachRemaining(Streams.java:734) ~[na:na]
	at java.base/java.util.stream.ReferencePipeline$Head.forEach(ReferencePipeline.java:762) ~[na:na]
	at org.junit.jupiter.engine.descriptor.ClassBasedTestDescriptor.invokeTestInstancePostProcessors(ClassBasedTestDescriptor.java:377) ~[junit-jupiter-engine-5.10.3.jar:5.10.3]
	at org.junit.jupiter.engine.descriptor.ClassBasedTestDescriptor.lambda$instantiateAndPostProcessTestInstance$6(ClassBasedTestDescriptor.java:290) ~[junit-jupiter-engine-5.10.3.jar:5.10.3]
	at org.junit.platform.engine.support.hierarchical.ThrowableCollector.execute(ThrowableCollector.java:73) ~[junit-platform-engine-1.10.3.jar:1.10.3]
	at org.junit.jupiter.engine.descriptor.ClassBasedTestDescriptor.instantiateAndPostProcessTestInstance(ClassBasedTestDescriptor.java:289) ~[junit-jupiter-engine-5.10.3.jar:5.10.3]
	at org.junit.jupiter.engine.descriptor.ClassBasedTestDescriptor.lambda$testInstancesProvider$4(ClassBasedTestDescriptor.java:279) ~[junit-jupiter-engine-5.10.3.jar:5.10.3]
	at java.base/java.util.Optional.orElseGet(Optional.java:364) ~[na:na]
	at org.junit.jupiter.engine.descriptor.ClassBasedTestDescriptor.lambda$testInstancesProvider$5(ClassBasedTestDescriptor.java:278) ~[junit-jupiter-engine-5.10.3.jar:5.10.3]
	at org.junit.jupiter.engine.execution.TestInstancesProvider.getTestInstances(TestInstancesProvider.java:31) ~[junit-jupiter-engine-5.10.3.jar:5.10.3]
	at org.junit.jupiter.engine.descriptor.TestMethodTestDescriptor.lambda$prepare$0(TestMethodTestDescriptor.java:106) ~[junit-jupiter-engine-5.10.3.jar:5.10.3]
	at org.junit.platform.engine.support.hierarchical.ThrowableCollector.execute(ThrowableCollector.java:73) ~[junit-platform-engine-1.10.3.jar:1.10.3]
	at org.junit.jupiter.engine.descriptor.TestMethodTestDescriptor.prepare(TestMethodTestDescriptor.java:105) ~[junit-jupiter-engine-5.10.3.jar:5.10.3]
	at org.junit.jupiter.engine.descriptor.TestMethodTestDescriptor.prepare(TestMethodTestDescriptor.java:69) ~[junit-jupiter-engine-5.10.3.jar:5.10.3]
	at org.junit.platform.engine.support.hierarchical.NodeTestTask.lambda$prepare$2(NodeTestTask.java:123) ~[junit-platform-engine-1.10.3.jar:1.10.3]
	at org.junit.platform.engine.support.hierarchical.ThrowableCollector.execute(ThrowableCollector.java:73) ~[junit-platform-engine-1.10.3.jar:1.10.3]
	at org.junit.platform.engine.support.hierarchical.NodeTestTask.prepare(NodeTestTask.java:123) ~[junit-platform-engine-1.10.3.jar:1.10.3]
	at org.junit.platform.engine.support.hierarchical.NodeTestTask.execute(NodeTestTask.java:90) ~[junit-platform-engine-1.10.3.jar:1.10.3]
	at java.base/java.util.ArrayList.forEach(ArrayList.java:1596) ~[na:na]
	at org.junit.platform.engine.support.hierarchical.SameThreadHierarchicalTestExecutorService.invokeAll(SameThreadHierarchicalTestExecutorService.java:41) ~[junit-platform-engine-1.10.3.jar:1.10.3]
	at org.junit.platform.engine.support.hierarchical.NodeTestTask.lambda$executeRecursively$6(NodeTestTask.java:155) ~[junit-platform-engine-1.10.3.jar:1.10.3]
	at org.junit.platform.engine.support.hierarchical.ThrowableCollector.execute(ThrowableCollector.java:73) ~[junit-platform-engine-1.10.3.jar:1.10.3]
	at org.junit.platform.engine.support.hierarchical.NodeTestTask.lambda$executeRecursively$8(NodeTestTask.java:141) ~[junit-platform-engine-1.10.3.jar:1.10.3]
	at org.junit.platform.engine.support.hierarchical.Node.around(Node.java:137) ~[junit-platform-engine-1.10.3.jar:1.10.3]
	at org.junit.platform.engine.support.hierarchical.NodeTestTask.lambda$executeRecursively$9(NodeTestTask.java:139) ~[junit-platform-engine-1.10.3.jar:1.10.3]
	at org.junit.platform.engine.support.hierarchical.ThrowableCollector.execute(ThrowableCollector.java:73) ~[junit-platform-engine-1.10.3.jar:1.10.3]
	at org.junit.platform.engine.support.hierarchical.NodeTestTask.executeRecursively(NodeTestTask.java:138) ~[junit-platform-engine-1.10.3.jar:1.10.3]
	at org.junit.platform.engine.support.hierarchical.NodeTestTask.execute(NodeTestTask.java:95) ~[junit-platform-engine-1.10.3.jar:1.10.3]
	at java.base/java.util.ArrayList.forEach(ArrayList.java:1596) ~[na:na]
	at org.junit.platform.engine.support.hierarchical.SameThreadHierarchicalTestExecutorService.invokeAll(SameThreadHierarchicalTestExecutorService.java:41) ~[junit-platform-engine-1.10.3.jar:1.10.3]
	at org.junit.platform.engine.support.hierarchical.NodeTestTask.lambda$executeRecursively$6(NodeTestTask.java:155) ~[junit-platform-engine-1.10.3.jar:1.10.3]
	at org.junit.platform.engine.support.hierarchical.ThrowableCollector.execute(ThrowableCollector.java:73) ~[junit-platform-engine-1.10.3.jar:1.10.3]
	at org.junit.platform.engine.support.hierarchical.NodeTestTask.lambda$executeRecursively$8(NodeTestTask.java:141) ~[junit-platform-engine-1.10.3.jar:1.10.3]
	at org.junit.platform.engine.support.hierarchical.Node.around(Node.java:137) ~[junit-platform-engine-1.10.3.jar:1.10.3]
	at org.junit.platform.engine.support.hierarchical.NodeTestTask.lambda$executeRecursively$9(NodeTestTask.java:139) ~[junit-platform-engine-1.10.3.jar:1.10.3]
	at org.junit.platform.engine.support.hierarchical.ThrowableCollector.execute(ThrowableCollector.java:73) ~[junit-platform-engine-1.10.3.jar:1.10.3]
	at org.junit.platform.engine.support.hierarchical.NodeTestTask.executeRecursively(NodeTestTask.java:138) ~[junit-platform-engine-1.10.3.jar:1.10.3]
	at org.junit.platform.engine.support.hierarchical.NodeTestTask.execute(NodeTestTask.java:95) ~[junit-platform-engine-1.10.3.jar:1.10.3]
	at org.junit.platform.engine.support.hierarchical.SameThreadHierarchicalTestExecutorService.submit(SameThreadHierarchicalTestExecutorService.java:35) ~[junit-platform-engine-1.10.3.jar:1.10.3]
	at org.junit.platform.engine.support.hierarchical.HierarchicalTestExecutor.execute(HierarchicalTestExecutor.java:57) ~[junit-platform-engine-1.10.3.jar:1.10.3]
	at org.junit.platform.engine.support.hierarchical.HierarchicalTestEngine.execute(HierarchicalTestEngine.java:54) ~[junit-platform-engine-1.10.3.jar:1.10.3]
	at org.junit.platform.launcher.core.EngineExecutionOrchestrator.execute(EngineExecutionOrchestrator.java:198) ~[junit-platform-launcher-1.10.3.jar:1.10.3]
	at org.junit.platform.launcher.core.EngineExecutionOrchestrator.execute(EngineExecutionOrchestrator.java:169) ~[junit-platform-launcher-1.10.3.jar:1.10.3]
	at org.junit.platform.launcher.core.EngineExecutionOrchestrator.execute(EngineExecutionOrchestrator.java:93) ~[junit-platform-launcher-1.10.3.jar:1.10.3]
	at org.junit.platform.launcher.core.EngineExecutionOrchestrator.lambda$execute$0(EngineExecutionOrchestrator.java:58) ~[junit-platform-launcher-1.10.3.jar:1.10.3]
	at org.junit.platform.launcher.core.EngineExecutionOrchestrator.withInterceptedStreams(EngineExecutionOrchestrator.java:141) ~[junit-platform-launcher-1.10.3.jar:1.10.3]
	at org.junit.platform.launcher.core.EngineExecutionOrchestrator.execute(EngineExecutionOrchestrator.java:57) ~[junit-platform-launcher-1.10.3.jar:1.10.3]
	at org.junit.platform.launcher.core.DefaultLauncher.execute(DefaultLauncher.java:103) ~[junit-platform-launcher-1.10.3.jar:1.10.3]
	at org.junit.platform.launcher.core.DefaultLauncher.execute(DefaultLauncher.java:85) ~[junit-platform-launcher-1.10.3.jar:1.10.3]
	at org.junit.platform.launcher.core.DelegatingLauncher.execute(DelegatingLauncher.java:47) ~[junit-platform-launcher-1.10.3.jar:1.10.3]
	at org.apache.maven.surefire.junitplatform.LazyLauncher.execute(LazyLauncher.java:56) ~[surefire-junit-platform-3.2.5.jar:3.2.5]
	at org.apache.maven.surefire.junitplatform.JUnitPlatformProvider.execute(JUnitPlatformProvider.java:184) ~[surefire-junit-platform-3.2.5.jar:3.2.5]
	at org.apache.maven.surefire.junitplatform.JUnitPlatformProvider.invokeAllTests(JUnitPlatformProvider.java:148) ~[surefire-junit-platform-3.2.5.jar:3.2.5]
	at org.apache.maven.surefire.junitplatform.JUnitPlatformProvider.invoke(JUnitPlatformProvider.java:122) ~[surefire-junit-platform-3.2.5.jar:3.2.5]
	at org.apache.maven.surefire.booter.ForkedBooter.runSuitesInProcess(ForkedBooter.java:385) ~[surefire-booter-3.2.5.jar:3.2.5]
	at org.apache.maven.surefire.booter.ForkedBooter.execute(ForkedBooter.java:162) ~[surefire-booter-3.2.5.jar:3.2.5]
	at org.apache.maven.surefire.booter.ForkedBooter.run(ForkedBooter.java:507) ~[surefire-booter-3.2.5.jar:3.2.5]
	at org.apache.maven.surefire.booter.ForkedBooter.main(ForkedBooter.java:495) ~[surefire-booter-3.2.5.jar:3.2.5]

2025-10-12T09:06:31.131Z  WARN 144 --- [nll-light-api-test] [           main] o.s.test.context.TestContextManager      : Caught exception while allowing TestExecutionListener [org.springframework.test.context.web.ServletTestExecutionListener] to prepare test instance [se.inera.nll.nlllight.api.controller.PatientControllerIntegrationTest@2091833]

java.lang.IllegalStateException: ApplicationContext failure threshold (1) exceeded: skipping repeated attempt to load context for [WebMergedContextConfiguration@f0a66bd testClass = se.inera.nll.nlllight.api.controller.PatientControllerIntegrationTest, locations = [], classes = [se.inera.nll.nlllight.api.NllLightApiApplication], contextInitializerClasses = [], activeProfiles = ["test"], propertySourceDescriptors = [], propertySourceProperties = ["org.springframework.boot.test.context.SpringBootTestContextBootstrapper=true"], contextCustomizers = [[ImportsContextCustomizer@460b50df key = [org.springframework.boot.test.autoconfigure.web.servlet.MockMvcWebDriverAutoConfiguration, org.springframework.boot.test.autoconfigure.web.servlet.MockMvcAutoConfiguration, org.springframework.boot.autoconfigure.security.oauth2.client.servlet.OAuth2ClientAutoConfiguration, se.inera.nll.nlllight.config.TestSecurityConfig, org.springframework.boot.autoconfigure.security.servlet.SecurityAutoConfiguration, org.springframework.boot.autoconfigure.security.servlet.SecurityFilterAutoConfiguration, org.springframework.boot.autoconfigure.security.servlet.UserDetailsServiceAutoConfiguration, org.springframework.boot.autoconfigure.security.oauth2.resource.servlet.OAuth2ResourceServerAutoConfiguration, org.springframework.boot.test.autoconfigure.web.servlet.MockMvcSecurityConfiguration, org.springframework.boot.test.autoconfigure.web.servlet.MockMvcWebClientAutoConfiguration, org.springframework.boot.test.autoconfigure.web.reactive.WebTestClientAutoConfiguration]], org.springframework.boot.test.context.filter.ExcludeFilterContextCustomizer@1f75a668, org.springframework.boot.test.json.DuplicateJsonObjectContextCustomizerFactory$DuplicateJsonObjectContextCustomizer@2812b107, org.springframework.boot.test.mock.mockito.MockitoContextCustomizer@0, org.springframework.boot.test.web.client.TestRestTemplateContextCustomizer@4eaf3684, org.springframework.boot.test.web.reactor.netty.DisableReactorResourceFactoryGlobalResourcesContextCustomizerFactory$DisableReactorResourceFactoryGlobalResourcesContextCustomizerCustomizer@4416d64f, org.springframework.boot.test.autoconfigure.actuate.observability.ObservabilityContextCustomizerFactory$DisableObservabilityContextCustomizer@1f, org.springframework.boot.test.autoconfigure.properties.PropertyMappingContextCustomizer@4b3fa0b3, org.springframework.boot.test.autoconfigure.web.servlet.WebDriverContextCustomizer@3b8f0a79, org.springframework.boot.test.context.SpringBootTestAnnotation@d0f4dd2a], resourceBasePath = "src/main/webapp", contextLoader = org.springframework.boot.test.context.SpringBootContextLoader, parent = null]
	at org.springframework.test.context.cache.DefaultCacheAwareContextLoaderDelegate.loadContext(DefaultCacheAwareContextLoaderDelegate.java:145) ~[spring-test-6.1.12.jar:6.1.12]
	at org.springframework.test.context.support.DefaultTestContext.getApplicationContext(DefaultTestContext.java:130) ~[spring-test-6.1.12.jar:6.1.12]
	at org.springframework.test.context.web.ServletTestExecutionListener.setUpRequestContextIfNecessary(ServletTestExecutionListener.java:191) ~[spring-test-6.1.12.jar:6.1.12]
	at org.springframework.test.context.web.ServletTestExecutionListener.prepareTestInstance(ServletTestExecutionListener.java:130) ~[spring-test-6.1.12.jar:6.1.12]
	at org.springframework.test.context.TestContextManager.prepareTestInstance(TestContextManager.java:260) ~[spring-test-6.1.12.jar:6.1.12]
	at org.springframework.test.context.junit.jupiter.SpringExtension.postProcessTestInstance(SpringExtension.java:163) ~[spring-test-6.1.12.jar:6.1.12]
	at org.junit.jupiter.engine.descriptor.ClassBasedTestDescriptor.lambda$invokeTestInstancePostProcessors$10(ClassBasedTestDescriptor.java:378) ~[junit-jupiter-engine-5.10.3.jar:5.10.3]
	at org.junit.jupiter.engine.descriptor.ClassBasedTestDescriptor.executeAndMaskThrowable(ClassBasedTestDescriptor.java:383) ~[junit-jupiter-engine-5.10.3.jar:5.10.3]
	at org.junit.jupiter.engine.descriptor.ClassBasedTestDescriptor.lambda$invokeTestInstancePostProcessors$11(ClassBasedTestDescriptor.java:378) ~[junit-jupiter-engine-5.10.3.jar:5.10.3]
	at java.base/java.util.stream.ReferencePipeline$3$1.accept(ReferencePipeline.java:197) ~[na:na]
	at java.base/java.util.stream.ReferencePipeline$2$1.accept(ReferencePipeline.java:179) ~[na:na]
	at java.base/java.util.ArrayList$ArrayListSpliterator.forEachRemaining(ArrayList.java:1708) ~[na:na]
	at java.base/java.util.stream.AbstractPipeline.copyInto(AbstractPipeline.java:509) ~[na:na]
	at java.base/java.util.stream.AbstractPipeline.wrapAndCopyInto(AbstractPipeline.java:499) ~[na:na]
	at java.base/java.util.stream.StreamSpliterators$WrappingSpliterator.forEachRemaining(StreamSpliterators.java:310) ~[na:na]
	at java.base/java.util.stream.Streams$ConcatSpliterator.forEachRemaining(Streams.java:735) ~[na:na]
	at java.base/java.util.stream.Streams$ConcatSpliterator.forEachRemaining(Streams.java:734) ~[na:na]
	at java.base/java.util.stream.ReferencePipeline$Head.forEach(ReferencePipeline.java:762) ~[na:na]
	at org.junit.jupiter.engine.descriptor.ClassBasedTestDescriptor.invokeTestInstancePostProcessors(ClassBasedTestDescriptor.java:377) ~[junit-jupiter-engine-5.10.3.jar:5.10.3]
	at org.junit.jupiter.engine.descriptor.ClassBasedTestDescriptor.lambda$instantiateAndPostProcessTestInstance$6(ClassBasedTestDescriptor.java:290) ~[junit-jupiter-engine-5.10.3.jar:5.10.3]
	at org.junit.platform.engine.support.hierarchical.ThrowableCollector.execute(ThrowableCollector.java:73) ~[junit-platform-engine-1.10.3.jar:1.10.3]
	at org.junit.jupiter.engine.descriptor.ClassBasedTestDescriptor.instantiateAndPostProcessTestInstance(ClassBasedTestDescriptor.java:289) ~[junit-jupiter-engine-5.10.3.jar:5.10.3]
	at org.junit.jupiter.engine.descriptor.ClassBasedTestDescriptor.lambda$testInstancesProvider$4(ClassBasedTestDescriptor.java:279) ~[junit-jupiter-engine-5.10.3.jar:5.10.3]
	at java.base/java.util.Optional.orElseGet(Optional.java:364) ~[na:na]
	at org.junit.jupiter.engine.descriptor.ClassBasedTestDescriptor.lambda$testInstancesProvider$5(ClassBasedTestDescriptor.java:278) ~[junit-jupiter-engine-5.10.3.jar:5.10.3]
	at org.junit.jupiter.engine.execution.TestInstancesProvider.getTestInstances(TestInstancesProvider.java:31) ~[junit-jupiter-engine-5.10.3.jar:5.10.3]
	at org.junit.jupiter.engine.descriptor.TestMethodTestDescriptor.lambda$prepare$0(TestMethodTestDescriptor.java:106) ~[junit-jupiter-engine-5.10.3.jar:5.10.3]
	at org.junit.platform.engine.support.hierarchical.ThrowableCollector.execute(ThrowableCollector.java:73) ~[junit-platform-engine-1.10.3.jar:1.10.3]
	at org.junit.jupiter.engine.descriptor.TestMethodTestDescriptor.prepare(TestMethodTestDescriptor.java:105) ~[junit-jupiter-engine-5.10.3.jar:5.10.3]
	at org.junit.jupiter.engine.descriptor.TestMethodTestDescriptor.prepare(TestMethodTestDescriptor.java:69) ~[junit-jupiter-engine-5.10.3.jar:5.10.3]
	at org.junit.platform.engine.support.hierarchical.NodeTestTask.lambda$prepare$2(NodeTestTask.java:123) ~[junit-platform-engine-1.10.3.jar:1.10.3]
	at org.junit.platform.engine.support.hierarchical.ThrowableCollector.execute(ThrowableCollector.java:73) ~[junit-platform-engine-1.10.3.jar:1.10.3]
	at org.junit.platform.engine.support.hierarchical.NodeTestTask.prepare(NodeTestTask.java:123) ~[junit-platform-engine-1.10.3.jar:1.10.3]
	at org.junit.platform.engine.support.hierarchical.NodeTestTask.execute(NodeTestTask.java:90) ~[junit-platform-engine-1.10.3.jar:1.10.3]
	at java.base/java.util.ArrayList.forEach(ArrayList.java:1596) ~[na:na]
	at org.junit.platform.engine.support.hierarchical.SameThreadHierarchicalTestExecutorService.invokeAll(SameThreadHierarchicalTestExecutorService.java:41) ~[junit-platform-engine-1.10.3.jar:1.10.3]
	at org.junit.platform.engine.support.hierarchical.NodeTestTask.lambda$executeRecursively$6(NodeTestTask.java:155) ~[junit-platform-engine-1.10.3.jar:1.10.3]
	at org.junit.platform.engine.support.hierarchical.ThrowableCollector.execute(ThrowableCollector.java:73) ~[junit-platform-engine-1.10.3.jar:1.10.3]
	at org.junit.platform.engine.support.hierarchical.NodeTestTask.lambda$executeRecursively$8(NodeTestTask.java:141) ~[junit-platform-engine-1.10.3.jar:1.10.3]
	at org.junit.platform.engine.support.hierarchical.Node.around(Node.java:137) ~[junit-platform-engine-1.10.3.jar:1.10.3]
	at org.junit.platform.engine.support.hierarchical.NodeTestTask.lambda$executeRecursively$9(NodeTestTask.java:139) ~[junit-platform-engine-1.10.3.jar:1.10.3]
	at org.junit.platform.engine.support.hierarchical.ThrowableCollector.execute(ThrowableCollector.java:73) ~[junit-platform-engine-1.10.3.jar:1.10.3]
	at org.junit.platform.engine.support.hierarchical.NodeTestTask.executeRecursively(NodeTestTask.java:138) ~[junit-platform-engine-1.10.3.jar:1.10.3]
	at org.junit.platform.engine.support.hierarchical.NodeTestTask.execute(NodeTestTask.java:95) ~[junit-platform-engine-1.10.3.jar:1.10.3]
	at java.base/java.util.ArrayList.forEach(ArrayList.java:1596) ~[na:na]
	at org.junit.platform.engine.support.hierarchical.SameThreadHierarchicalTestExecutorService.invokeAll(SameThreadHierarchicalTestExecutorService.java:41) ~[junit-platform-engine-1.10.3.jar:1.10.3]
	at org.junit.platform.engine.support.hierarchical.NodeTestTask.lambda$executeRecursively$6(NodeTestTask.java:155) ~[junit-platform-engine-1.10.3.jar:1.10.3]
	at org.junit.platform.engine.support.hierarchical.ThrowableCollector.execute(ThrowableCollector.java:73) ~[junit-platform-engine-1.10.3.jar:1.10.3]
	at org.junit.platform.engine.support.hierarchical.NodeTestTask.lambda$executeRecursively$8(NodeTestTask.java:141) ~[junit-platform-engine-1.10.3.jar:1.10.3]
	at org.junit.platform.engine.support.hierarchical.Node.around(Node.java:137) ~[junit-platform-engine-1.10.3.jar:1.10.3]
	at org.junit.platform.engine.support.hierarchical.NodeTestTask.lambda$executeRecursively$9(NodeTestTask.java:139) ~[junit-platform-engine-1.10.3.jar:1.10.3]
	at org.junit.platform.engine.support.hierarchical.ThrowableCollector.execute(ThrowableCollector.java:73) ~[junit-platform-engine-1.10.3.jar:1.10.3]
	at org.junit.platform.engine.support.hierarchical.NodeTestTask.executeRecursively(NodeTestTask.java:138) ~[junit-platform-engine-1.10.3.jar:1.10.3]
	at org.junit.platform.engine.support.hierarchical.NodeTestTask.execute(NodeTestTask.java:95) ~[junit-platform-engine-1.10.3.jar:1.10.3]
	at org.junit.platform.engine.support.hierarchical.SameThreadHierarchicalTestExecutorService.submit(SameThreadHierarchicalTestExecutorService.java:35) ~[junit-platform-engine-1.10.3.jar:1.10.3]
	at org.junit.platform.engine.support.hierarchical.HierarchicalTestExecutor.execute(HierarchicalTestExecutor.java:57) ~[junit-platform-engine-1.10.3.jar:1.10.3]
	at org.junit.platform.engine.support.hierarchical.HierarchicalTestEngine.execute(HierarchicalTestEngine.java:54) ~[junit-platform-engine-1.10.3.jar:1.10.3]
	at org.junit.platform.launcher.core.EngineExecutionOrchestrator.execute(EngineExecutionOrchestrator.java:198) ~[junit-platform-launcher-1.10.3.jar:1.10.3]
	at org.junit.platform.launcher.core.EngineExecutionOrchestrator.execute(EngineExecutionOrchestrator.java:169) ~[junit-platform-launcher-1.10.3.jar:1.10.3]
	at org.junit.platform.launcher.core.EngineExecutionOrchestrator.execute(EngineExecutionOrchestrator.java:93) ~[junit-platform-launcher-1.10.3.jar:1.10.3]
	at org.junit.platform.launcher.core.EngineExecutionOrchestrator.lambda$execute$0(EngineExecutionOrchestrator.java:58) ~[junit-platform-launcher-1.10.3.jar:1.10.3]
	at org.junit.platform.launcher.core.EngineExecutionOrchestrator.withInterceptedStreams(EngineExecutionOrchestrator.java:141) ~[junit-platform-launcher-1.10.3.jar:1.10.3]
	at org.junit.platform.launcher.core.EngineExecutionOrchestrator.execute(EngineExecutionOrchestrator.java:57) ~[junit-platform-launcher-1.10.3.jar:1.10.3]
	at org.junit.platform.launcher.core.DefaultLauncher.execute(DefaultLauncher.java:103) ~[junit-platform-launcher-1.10.3.jar:1.10.3]
	at org.junit.platform.launcher.core.DefaultLauncher.execute(DefaultLauncher.java:85) ~[junit-platform-launcher-1.10.3.jar:1.10.3]
	at org.junit.platform.launcher.core.DelegatingLauncher.execute(DelegatingLauncher.java:47) ~[junit-platform-launcher-1.10.3.jar:1.10.3]
	at org.apache.maven.surefire.junitplatform.LazyLauncher.execute(LazyLauncher.java:56) ~[surefire-junit-platform-3.2.5.jar:3.2.5]
	at org.apache.maven.surefire.junitplatform.JUnitPlatformProvider.execute(JUnitPlatformProvider.java:184) ~[surefire-junit-platform-3.2.5.jar:3.2.5]
	at org.apache.maven.surefire.junitplatform.JUnitPlatformProvider.invokeAllTests(JUnitPlatformProvider.java:148) ~[surefire-junit-platform-3.2.5.jar:3.2.5]
	at org.apache.maven.surefire.junitplatform.JUnitPlatformProvider.invoke(JUnitPlatformProvider.java:122) ~[surefire-junit-platform-3.2.5.jar:3.2.5]
	at org.apache.maven.surefire.booter.ForkedBooter.runSuitesInProcess(ForkedBooter.java:385) ~[surefire-booter-3.2.5.jar:3.2.5]
	at org.apache.maven.surefire.booter.ForkedBooter.execute(ForkedBooter.java:162) ~[surefire-booter-3.2.5.jar:3.2.5]
	at org.apache.maven.surefire.booter.ForkedBooter.run(ForkedBooter.java:507) ~[surefire-booter-3.2.5.jar:3.2.5]
	at org.apache.maven.surefire.booter.ForkedBooter.main(ForkedBooter.java:495) ~[surefire-booter-3.2.5.jar:3.2.5]

2025-10-12T09:06:31.134Z  WARN 144 --- [nll-light-api-test] [           main] o.s.test.context.TestContextManager      : Caught exception while allowing TestExecutionListener [org.springframework.test.context.web.ServletTestExecutionListener] to prepare test instance [se.inera.nll.nlllight.api.controller.PatientControllerIntegrationTest@6411504a]

java.lang.IllegalStateException: ApplicationContext failure threshold (1) exceeded: skipping repeated attempt to load context for [WebMergedContextConfiguration@f0a66bd testClass = se.inera.nll.nlllight.api.controller.PatientControllerIntegrationTest, locations = [], classes = [se.inera.nll.nlllight.api.NllLightApiApplication], contextInitializerClasses = [], activeProfiles = ["test"], propertySourceDescriptors = [], propertySourceProperties = ["org.springframework.boot.test.context.SpringBootTestContextBootstrapper=true"], contextCustomizers = [[ImportsContextCustomizer@460b50df key = [org.springframework.boot.test.autoconfigure.web.servlet.MockMvcWebDriverAutoConfiguration, org.springframework.boot.test.autoconfigure.web.servlet.MockMvcAutoConfiguration, org.springframework.boot.autoconfigure.security.oauth2.client.servlet.OAuth2ClientAutoConfiguration, se.inera.nll.nlllight.config.TestSecurityConfig, org.springframework.boot.autoconfigure.security.servlet.SecurityAutoConfiguration, org.springframework.boot.autoconfigure.security.servlet.SecurityFilterAutoConfiguration, org.springframework.boot.autoconfigure.security.servlet.UserDetailsServiceAutoConfiguration, org.springframework.boot.autoconfigure.security.oauth2.resource.servlet.OAuth2ResourceServerAutoConfiguration, org.springframework.boot.test.autoconfigure.web.servlet.MockMvcSecurityConfiguration, org.springframework.boot.test.autoconfigure.web.servlet.MockMvcWebClientAutoConfiguration, org.springframework.boot.test.autoconfigure.web.reactive.WebTestClientAutoConfiguration]], org.springframework.boot.test.context.filter.ExcludeFilterContextCustomizer@1f75a668, org.springframework.boot.test.json.DuplicateJsonObjectContextCustomizerFactory$DuplicateJsonObjectContextCustomizer@2812b107, org.springframework.boot.test.mock.mockito.MockitoContextCustomizer@0, org.springframework.boot.test.web.client.TestRestTemplateContextCustomizer@4eaf3684, org.springframework.boot.test.web.reactor.netty.DisableReactorResourceFactoryGlobalResourcesContextCustomizerFactory$DisableReactorResourceFactoryGlobalResourcesContextCustomizerCustomizer@4416d64f, org.springframework.boot.test.autoconfigure.actuate.observability.ObservabilityContextCustomizerFactory$DisableObservabilityContextCustomizer@1f, org.springframework.boot.test.autoconfigure.properties.PropertyMappingContextCustomizer@4b3fa0b3, org.springframework.boot.test.autoconfigure.web.servlet.WebDriverContextCustomizer@3b8f0a79, org.springframework.boot.test.context.SpringBootTestAnnotation@d0f4dd2a], resourceBasePath = "src/main/webapp", contextLoader = org.springframework.boot.test.context.SpringBootContextLoader, parent = null]
	at org.springframework.test.context.cache.DefaultCacheAwareContextLoaderDelegate.loadContext(DefaultCacheAwareContextLoaderDelegate.java:145) ~[spring-test-6.1.12.jar:6.1.12]
	at org.springframework.test.context.support.DefaultTestContext.getApplicationContext(DefaultTestContext.java:130) ~[spring-test-6.1.12.jar:6.1.12]
	at org.springframework.test.context.web.ServletTestExecutionListener.setUpRequestContextIfNecessary(ServletTestExecutionListener.java:191) ~[spring-test-6.1.12.jar:6.1.12]
	at org.springframework.test.context.web.ServletTestExecutionListener.prepareTestInstance(ServletTestExecutionListener.java:130) ~[spring-test-6.1.12.jar:6.1.12]
	at org.springframework.test.context.TestContextManager.prepareTestInstance(TestContextManager.java:260) ~[spring-test-6.1.12.jar:6.1.12]
	at org.springframework.test.context.junit.jupiter.SpringExtension.postProcessTestInstance(SpringExtension.java:163) ~[spring-test-6.1.12.jar:6.1.12]
	at org.junit.jupiter.engine.descriptor.ClassBasedTestDescriptor.lambda$invokeTestInstancePostProcessors$10(ClassBasedTestDescriptor.java:378) ~[junit-jupiter-engine-5.10.3.jar:5.10.3]
	at org.junit.jupiter.engine.descriptor.ClassBasedTestDescriptor.executeAndMaskThrowable(ClassBasedTestDescriptor.java:383) ~[junit-jupiter-engine-5.10.3.jar:5.10.3]
	at org.junit.jupiter.engine.descriptor.ClassBasedTestDescriptor.lambda$invokeTestInstancePostProcessors$11(ClassBasedTestDescriptor.java:378) ~[junit-jupiter-engine-5.10.3.jar:5.10.3]
	at java.base/java.util.stream.ReferencePipeline$3$1.accept(ReferencePipeline.java:197) ~[na:na]
	at java.base/java.util.stream.ReferencePipeline$2$1.accept(ReferencePipeline.java:179) ~[na:na]
	at java.base/java.util.ArrayList$ArrayListSpliterator.forEachRemaining(ArrayList.java:1708) ~[na:na]
	at java.base/java.util.stream.AbstractPipeline.copyInto(AbstractPipeline.java:509) ~[na:na]
	at java.base/java.util.stream.AbstractPipeline.wrapAndCopyInto(AbstractPipeline.java:499) ~[na:na]
	at java.base/java.util.stream.StreamSpliterators$WrappingSpliterator.forEachRemaining(StreamSpliterators.java:310) ~[na:na]
	at java.base/java.util.stream.Streams$ConcatSpliterator.forEachRemaining(Streams.java:735) ~[na:na]
	at java.base/java.util.stream.Streams$ConcatSpliterator.forEachRemaining(Streams.java:734) ~[na:na]
	at java.base/java.util.stream.ReferencePipeline$Head.forEach(ReferencePipeline.java:762) ~[na:na]
	at org.junit.jupiter.engine.descriptor.ClassBasedTestDescriptor.invokeTestInstancePostProcessors(ClassBasedTestDescriptor.java:377) ~[junit-jupiter-engine-5.10.3.jar:5.10.3]
	at org.junit.jupiter.engine.descriptor.ClassBasedTestDescriptor.lambda$instantiateAndPostProcessTestInstance$6(ClassBasedTestDescriptor.java:290) ~[junit-jupiter-engine-5.10.3.jar:5.10.3]
	at org.junit.platform.engine.support.hierarchical.ThrowableCollector.execute(ThrowableCollector.java:73) ~[junit-platform-engine-1.10.3.jar:1.10.3]
	at org.junit.jupiter.engine.descriptor.ClassBasedTestDescriptor.instantiateAndPostProcessTestInstance(ClassBasedTestDescriptor.java:289) ~[junit-jupiter-engine-5.10.3.jar:5.10.3]
	at org.junit.jupiter.engine.descriptor.ClassBasedTestDescriptor.lambda$testInstancesProvider$4(ClassBasedTestDescriptor.java:279) ~[junit-jupiter-engine-5.10.3.jar:5.10.3]
	at java.base/java.util.Optional.orElseGet(Optional.java:364) ~[na:na]
	at org.junit.jupiter.engine.descriptor.ClassBasedTestDescriptor.lambda$testInstancesProvider$5(ClassBasedTestDescriptor.java:278) ~[junit-jupiter-engine-5.10.3.jar:5.10.3]
	at org.junit.jupiter.engine.execution.TestInstancesProvider.getTestInstances(TestInstancesProvider.java:31) ~[junit-jupiter-engine-5.10.3.jar:5.10.3]
	at org.junit.jupiter.engine.descriptor.TestMethodTestDescriptor.lambda$prepare$0(TestMethodTestDescriptor.java:106) ~[junit-jupiter-engine-5.10.3.jar:5.10.3]
	at org.junit.platform.engine.support.hierarchical.ThrowableCollector.execute(ThrowableCollector.java:73) ~[junit-platform-engine-1.10.3.jar:1.10.3]
	at org.junit.jupiter.engine.descriptor.TestMethodTestDescriptor.prepare(TestMethodTestDescriptor.java:105) ~[junit-jupiter-engine-5.10.3.jar:5.10.3]
	at org.junit.jupiter.engine.descriptor.TestMethodTestDescriptor.prepare(TestMethodTestDescriptor.java:69) ~[junit-jupiter-engine-5.10.3.jar:5.10.3]
	at org.junit.platform.engine.support.hierarchical.NodeTestTask.lambda$prepare$2(NodeTestTask.java:123) ~[junit-platform-engine-1.10.3.jar:1.10.3]
	at org.junit.platform.engine.support.hierarchical.ThrowableCollector.execute(ThrowableCollector.java:73) ~[junit-platform-engine-1.10.3.jar:1.10.3]
	at org.junit.platform.engine.support.hierarchical.NodeTestTask.prepare(NodeTestTask.java:123) ~[junit-platform-engine-1.10.3.jar:1.10.3]
	at org.junit.platform.engine.support.hierarchical.NodeTestTask.execute(NodeTestTask.java:90) ~[junit-platform-engine-1.10.3.jar:1.10.3]
	at java.base/java.util.ArrayList.forEach(ArrayList.java:1596) ~[na:na]
	at org.junit.platform.engine.support.hierarchical.SameThreadHierarchicalTestExecutorService.invokeAll(SameThreadHierarchicalTestExecutorService.java:41) ~[junit-platform-engine-1.10.3.jar:1.10.3]
	at org.junit.platform.engine.support.hierarchical.NodeTestTask.lambda$executeRecursively$6(NodeTestTask.java:155) ~[junit-platform-engine-1.10.3.jar:1.10.3]
	at org.junit.platform.engine.support.hierarchical.ThrowableCollector.execute(ThrowableCollector.java:73) ~[junit-platform-engine-1.10.3.jar:1.10.3]
	at org.junit.platform.engine.support.hierarchical.NodeTestTask.lambda$executeRecursively$8(NodeTestTask.java:141) ~[junit-platform-engine-1.10.3.jar:1.10.3]
	at org.junit.platform.engine.support.hierarchical.Node.around(Node.java:137) ~[junit-platform-engine-1.10.3.jar:1.10.3]
	at org.junit.platform.engine.support.hierarchical.NodeTestTask.lambda$executeRecursively$9(NodeTestTask.java:139) ~[junit-platform-engine-1.10.3.jar:1.10.3]
	at org.junit.platform.engine.support.hierarchical.ThrowableCollector.execute(ThrowableCollector.java:73) ~[junit-platform-engine-1.10.3.jar:1.10.3]
	at org.junit.platform.engine.support.hierarchical.NodeTestTask.executeRecursively(NodeTestTask.java:138) ~[junit-platform-engine-1.10.3.jar:1.10.3]
	at org.junit.platform.engine.support.hierarchical.NodeTestTask.execute(NodeTestTask.java:95) ~[junit-platform-engine-1.10.3.jar:1.10.3]
	at java.base/java.util.ArrayList.forEach(ArrayList.java:1596) ~[na:na]
	at org.junit.platform.engine.support.hierarchical.SameThreadHierarchicalTestExecutorService.invokeAll(SameThreadHierarchicalTestExecutorService.java:41) ~[junit-platform-engine-1.10.3.jar:1.10.3]
	at org.junit.platform.engine.support.hierarchical.NodeTestTask.lambda$executeRecursively$6(NodeTestTask.java:155) ~[junit-platform-engine-1.10.3.jar:1.10.3]
	at org.junit.platform.engine.support.hierarchical.ThrowableCollector.execute(ThrowableCollector.java:73) ~[junit-platform-engine-1.10.3.jar:1.10.3]
	at org.junit.platform.engine.support.hierarchical.NodeTestTask.lambda$executeRecursively$8(NodeTestTask.java:141) ~[junit-platform-engine-1.10.3.jar:1.10.3]
	at org.junit.platform.engine.support.hierarchical.Node.around(Node.java:137) ~[junit-platform-engine-1.10.3.jar:1.10.3]
	at org.junit.platform.engine.support.hierarchical.NodeTestTask.lambda$executeRecursively$9(NodeTestTask.java:139) ~[junit-platform-engine-1.10.3.jar:1.10.3]
	at org.junit.platform.engine.support.hierarchical.ThrowableCollector.execute(ThrowableCollector.java:73) ~[junit-platform-engine-1.10.3.jar:1.10.3]
	at org.junit.platform.engine.support.hierarchical.NodeTestTask.executeRecursively(NodeTestTask.java:138) ~[junit-platform-engine-1.10.3.jar:1.10.3]
	at org.junit.platform.engine.support.hierarchical.NodeTestTask.execute(NodeTestTask.java:95) ~[junit-platform-engine-1.10.3.jar:1.10.3]
	at org.junit.platform.engine.support.hierarchical.SameThreadHierarchicalTestExecutorService.submit(SameThreadHierarchicalTestExecutorService.java:35) ~[junit-platform-engine-1.10.3.jar:1.10.3]
	at org.junit.platform.engine.support.hierarchical.HierarchicalTestExecutor.execute(HierarchicalTestExecutor.java:57) ~[junit-platform-engine-1.10.3.jar:1.10.3]
	at org.junit.platform.engine.support.hierarchical.HierarchicalTestEngine.execute(HierarchicalTestEngine.java:54) ~[junit-platform-engine-1.10.3.jar:1.10.3]
	at org.junit.platform.launcher.core.EngineExecutionOrchestrator.execute(EngineExecutionOrchestrator.java:198) ~[junit-platform-launcher-1.10.3.jar:1.10.3]
	at org.junit.platform.launcher.core.EngineExecutionOrchestrator.execute(EngineExecutionOrchestrator.java:169) ~[junit-platform-launcher-1.10.3.jar:1.10.3]
	at org.junit.platform.launcher.core.EngineExecutionOrchestrator.execute(EngineExecutionOrchestrator.java:93) ~[junit-platform-launcher-1.10.3.jar:1.10.3]
	at org.junit.platform.launcher.core.EngineExecutionOrchestrator.lambda$execute$0(EngineExecutionOrchestrator.java:58) ~[junit-platform-launcher-1.10.3.jar:1.10.3]
	at org.junit.platform.launcher.core.EngineExecutionOrchestrator.withInterceptedStreams(EngineExecutionOrchestrator.java:141) ~[junit-platform-launcher-1.10.3.jar:1.10.3]
	at org.junit.platform.launcher.core.EngineExecutionOrchestrator.execute(EngineExecutionOrchestrator.java:57) ~[junit-platform-launcher-1.10.3.jar:1.10.3]
	at org.junit.platform.launcher.core.DefaultLauncher.execute(DefaultLauncher.java:103) ~[junit-platform-launcher-1.10.3.jar:1.10.3]
	at org.junit.platform.launcher.core.DefaultLauncher.execute(DefaultLauncher.java:85) ~[junit-platform-launcher-1.10.3.jar:1.10.3]
	at org.junit.platform.launcher.core.DelegatingLauncher.execute(DelegatingLauncher.java:47) ~[junit-platform-launcher-1.10.3.jar:1.10.3]
	at org.apache.maven.surefire.junitplatform.LazyLauncher.execute(LazyLauncher.java:56) ~[surefire-junit-platform-3.2.5.jar:3.2.5]
	at org.apache.maven.surefire.junitplatform.JUnitPlatformProvider.execute(JUnitPlatformProvider.java:184) ~[surefire-junit-platform-3.2.5.jar:3.2.5]
	at org.apache.maven.surefire.junitplatform.JUnitPlatformProvider.invokeAllTests(JUnitPlatformProvider.java:148) ~[surefire-junit-platform-3.2.5.jar:3.2.5]
	at org.apache.maven.surefire.junitplatform.JUnitPlatformProvider.invoke(JUnitPlatformProvider.java:122) ~[surefire-junit-platform-3.2.5.jar:3.2.5]
	at org.apache.maven.surefire.booter.ForkedBooter.runSuitesInProcess(ForkedBooter.java:385) ~[surefire-booter-3.2.5.jar:3.2.5]
	at org.apache.maven.surefire.booter.ForkedBooter.execute(ForkedBooter.java:162) ~[surefire-booter-3.2.5.jar:3.2.5]
	at org.apache.maven.surefire.booter.ForkedBooter.run(ForkedBooter.java:507) ~[surefire-booter-3.2.5.jar:3.2.5]
	at org.apache.maven.surefire.booter.ForkedBooter.main(ForkedBooter.java:495) ~[surefire-booter-3.2.5.jar:3.2.5]

2025-10-12T09:06:31.137Z  WARN 144 --- [nll-light-api-test] [           main] o.s.test.context.TestContextManager      : Caught exception while allowing TestExecutionListener [org.springframework.test.context.web.ServletTestExecutionListener] to prepare test instance [se.inera.nll.nlllight.api.controller.PatientControllerIntegrationTest@1f43cab7]

java.lang.IllegalStateException: ApplicationContext failure threshold (1) exceeded: skipping repeated attempt to load context for [WebMergedContextConfiguration@f0a66bd testClass = se.inera.nll.nlllight.api.controller.PatientControllerIntegrationTest, locations = [], classes = [se.inera.nll.nlllight.api.NllLightApiApplication], contextInitializerClasses = [], activeProfiles = ["test"], propertySourceDescriptors = [], propertySourceProperties = ["org.springframework.boot.test.context.SpringBootTestContextBootstrapper=true"], contextCustomizers = [[ImportsContextCustomizer@460b50df key = [org.springframework.boot.test.autoconfigure.web.servlet.MockMvcWebDriverAutoConfiguration, org.springframework.boot.test.autoconfigure.web.servlet.MockMvcAutoConfiguration, org.springframework.boot.autoconfigure.security.oauth2.client.servlet.OAuth2ClientAutoConfiguration, se.inera.nll.nlllight.config.TestSecurityConfig, org.springframework.boot.autoconfigure.security.servlet.SecurityAutoConfiguration, org.springframework.boot.autoconfigure.security.servlet.SecurityFilterAutoConfiguration, org.springframework.boot.autoconfigure.security.servlet.UserDetailsServiceAutoConfiguration, org.springframework.boot.autoconfigure.security.oauth2.resource.servlet.OAuth2ResourceServerAutoConfiguration, org.springframework.boot.test.autoconfigure.web.servlet.MockMvcSecurityConfiguration, org.springframework.boot.test.autoconfigure.web.servlet.MockMvcWebClientAutoConfiguration, org.springframework.boot.test.autoconfigure.web.reactive.WebTestClientAutoConfiguration]], org.springframework.boot.test.context.filter.ExcludeFilterContextCustomizer@1f75a668, org.springframework.boot.test.json.DuplicateJsonObjectContextCustomizerFactory$DuplicateJsonObjectContextCustomizer@2812b107, org.springframework.boot.test.mock.mockito.MockitoContextCustomizer@0, org.springframework.boot.test.web.client.TestRestTemplateContextCustomizer@4eaf3684, org.springframework.boot.test.web.reactor.netty.DisableReactorResourceFactoryGlobalResourcesContextCustomizerFactory$DisableReactorResourceFactoryGlobalResourcesContextCustomizerCustomizer@4416d64f, org.springframework.boot.test.autoconfigure.actuate.observability.ObservabilityContextCustomizerFactory$DisableObservabilityContextCustomizer@1f, org.springframework.boot.test.autoconfigure.properties.PropertyMappingContextCustomizer@4b3fa0b3, org.springframework.boot.test.autoconfigure.web.servlet.WebDriverContextCustomizer@3b8f0a79, org.springframework.boot.test.context.SpringBootTestAnnotation@d0f4dd2a], resourceBasePath = "src/main/webapp", contextLoader = org.springframework.boot.test.context.SpringBootContextLoader, parent = null]
	at org.springframework.test.context.cache.DefaultCacheAwareContextLoaderDelegate.loadContext(DefaultCacheAwareContextLoaderDelegate.java:145) ~[spring-test-6.1.12.jar:6.1.12]
	at org.springframework.test.context.support.DefaultTestContext.getApplicationContext(DefaultTestContext.java:130) ~[spring-test-6.1.12.jar:6.1.12]
	at org.springframework.test.context.web.ServletTestExecutionListener.setUpRequestContextIfNecessary(ServletTestExecutionListener.java:191) ~[spring-test-6.1.12.jar:6.1.12]
	at org.springframework.test.context.web.ServletTestExecutionListener.prepareTestInstance(ServletTestExecutionListener.java:130) ~[spring-test-6.1.12.jar:6.1.12]
	at org.springframework.test.context.TestContextManager.prepareTestInstance(TestContextManager.java:260) ~[spring-test-6.1.12.jar:6.1.12]
	at org.springframework.test.context.junit.jupiter.SpringExtension.postProcessTestInstance(SpringExtension.java:163) ~[spring-test-6.1.12.jar:6.1.12]
	at org.junit.jupiter.engine.descriptor.ClassBasedTestDescriptor.lambda$invokeTestInstancePostProcessors$10(ClassBasedTestDescriptor.java:378) ~[junit-jupiter-engine-5.10.3.jar:5.10.3]
	at org.junit.jupiter.engine.descriptor.ClassBasedTestDescriptor.executeAndMaskThrowable(ClassBasedTestDescriptor.java:383) ~[junit-jupiter-engine-5.10.3.jar:5.10.3]
	at org.junit.jupiter.engine.descriptor.ClassBasedTestDescriptor.lambda$invokeTestInstancePostProcessors$11(ClassBasedTestDescriptor.java:378) ~[junit-jupiter-engine-5.10.3.jar:5.10.3]
	at java.base/java.util.stream.ReferencePipeline$3$1.accept(ReferencePipeline.java:197) ~[na:na]
	at java.base/java.util.stream.ReferencePipeline$2$1.accept(ReferencePipeline.java:179) ~[na:na]
	at java.base/java.util.ArrayList$ArrayListSpliterator.forEachRemaining(ArrayList.java:1708) ~[na:na]
	at java.base/java.util.stream.AbstractPipeline.copyInto(AbstractPipeline.java:509) ~[na:na]
	at java.base/java.util.stream.AbstractPipeline.wrapAndCopyInto(AbstractPipeline.java:499) ~[na:na]
	at java.base/java.util.stream.StreamSpliterators$WrappingSpliterator.forEachRemaining(StreamSpliterators.java:310) ~[na:na]
	at java.base/java.util.stream.Streams$ConcatSpliterator.forEachRemaining(Streams.java:735) ~[na:na]
	at java.base/java.util.stream.Streams$ConcatSpliterator.forEachRemaining(Streams.java:734) ~[na:na]
	at java.base/java.util.stream.ReferencePipeline$Head.forEach(ReferencePipeline.java:762) ~[na:na]
	at org.junit.jupiter.engine.descriptor.ClassBasedTestDescriptor.invokeTestInstancePostProcessors(ClassBasedTestDescriptor.java:377) ~[junit-jupiter-engine-5.10.3.jar:5.10.3]
	at org.junit.jupiter.engine.descriptor.ClassBasedTestDescriptor.lambda$instantiateAndPostProcessTestInstance$6(ClassBasedTestDescriptor.java:290) ~[junit-jupiter-engine-5.10.3.jar:5.10.3]
	at org.junit.platform.engine.support.hierarchical.ThrowableCollector.execute(ThrowableCollector.java:73) ~[junit-platform-engine-1.10.3.jar:1.10.3]
	at org.junit.jupiter.engine.descriptor.ClassBasedTestDescriptor.instantiateAndPostProcessTestInstance(ClassBasedTestDescriptor.java:289) ~[junit-jupiter-engine-5.10.3.jar:5.10.3]
	at org.junit.jupiter.engine.descriptor.ClassBasedTestDescriptor.lambda$testInstancesProvider$4(ClassBasedTestDescriptor.java:279) ~[junit-jupiter-engine-5.10.3.jar:5.10.3]
	at java.base/java.util.Optional.orElseGet(Optional.java:364) ~[na:na]
	at org.junit.jupiter.engine.descriptor.ClassBasedTestDescriptor.lambda$testInstancesProvider$5(ClassBasedTestDescriptor.java:278) ~[junit-jupiter-engine-5.10.3.jar:5.10.3]
	at org.junit.jupiter.engine.execution.TestInstancesProvider.getTestInstances(TestInstancesProvider.java:31) ~[junit-jupiter-engine-5.10.3.jar:5.10.3]
	at org.junit.jupiter.engine.descriptor.TestMethodTestDescriptor.lambda$prepare$0(TestMethodTestDescriptor.java:106) ~[junit-jupiter-engine-5.10.3.jar:5.10.3]
	at org.junit.platform.engine.support.hierarchical.ThrowableCollector.execute(ThrowableCollector.java:73) ~[junit-platform-engine-1.10.3.jar:1.10.3]
	at org.junit.jupiter.engine.descriptor.TestMethodTestDescriptor.prepare(TestMethodTestDescriptor.java:105) ~[junit-jupiter-engine-5.10.3.jar:5.10.3]
	at org.junit.jupiter.engine.descriptor.TestMethodTestDescriptor.prepare(TestMethodTestDescriptor.java:69) ~[junit-jupiter-engine-5.10.3.jar:5.10.3]
	at org.junit.platform.engine.support.hierarchical.NodeTestTask.lambda$prepare$2(NodeTestTask.java:123) ~[junit-platform-engine-1.10.3.jar:1.10.3]
	at org.junit.platform.engine.support.hierarchical.ThrowableCollector.execute(ThrowableCollector.java:73) ~[junit-platform-engine-1.10.3.jar:1.10.3]
	at org.junit.platform.engine.support.hierarchical.NodeTestTask.prepare(NodeTestTask.java:123) ~[junit-platform-engine-1.10.3.jar:1.10.3]
	at org.junit.platform.engine.support.hierarchical.NodeTestTask.execute(NodeTestTask.java:90) ~[junit-platform-engine-1.10.3.jar:1.10.3]
	at java.base/java.util.ArrayList.forEach(ArrayList.java:1596) ~[na:na]
	at org.junit.platform.engine.support.hierarchical.SameThreadHierarchicalTestExecutorService.invokeAll(SameThreadHierarchicalTestExecutorService.java:41) ~[junit-platform-engine-1.10.3.jar:1.10.3]
	at org.junit.platform.engine.support.hierarchical.NodeTestTask.lambda$executeRecursively$6(NodeTestTask.java:155) ~[junit-platform-engine-1.10.3.jar:1.10.3]
	at org.junit.platform.engine.support.hierarchical.ThrowableCollector.execute(ThrowableCollector.java:73) ~[junit-platform-engine-1.10.3.jar:1.10.3]
	at org.junit.platform.engine.support.hierarchical.NodeTestTask.lambda$executeRecursively$8(NodeTestTask.java:141) ~[junit-platform-engine-1.10.3.jar:1.10.3]
	at org.junit.platform.engine.support.hierarchical.Node.around(Node.java:137) ~[junit-platform-engine-1.10.3.jar:1.10.3]
	at org.junit.platform.engine.support.hierarchical.NodeTestTask.lambda$executeRecursively$9(NodeTestTask.java:139) ~[junit-platform-engine-1.10.3.jar:1.10.3]
	at org.junit.platform.engine.support.hierarchical.ThrowableCollector.execute(ThrowableCollector.java:73) ~[junit-platform-engine-1.10.3.jar:1.10.3]
	at org.junit.platform.engine.support.hierarchical.NodeTestTask.executeRecursively(NodeTestTask.java:138) ~[junit-platform-engine-1.10.3.jar:1.10.3]
	at org.junit.platform.engine.support.hierarchical.NodeTestTask.execute(NodeTestTask.java:95) ~[junit-platform-engine-1.10.3.jar:1.10.3]
	at java.base/java.util.ArrayList.forEach(ArrayList.java:1596) ~[na:na]
	at org.junit.platform.engine.support.hierarchical.SameThreadHierarchicalTestExecutorService.invokeAll(SameThreadHierarchicalTestExecutorService.java:41) ~[junit-platform-engine-1.10.3.jar:1.10.3]
	at org.junit.platform.engine.support.hierarchical.NodeTestTask.lambda$executeRecursively$6(NodeTestTask.java:155) ~[junit-platform-engine-1.10.3.jar:1.10.3]
	at org.junit.platform.engine.support.hierarchical.ThrowableCollector.execute(ThrowableCollector.java:73) ~[junit-platform-engine-1.10.3.jar:1.10.3]
	at org.junit.platform.engine.support.hierarchical.NodeTestTask.lambda$executeRecursively$8(NodeTestTask.java:141) ~[junit-platform-engine-1.10.3.jar:1.10.3]
	at org.junit.platform.engine.support.hierarchical.Node.around(Node.java:137) ~[junit-platform-engine-1.10.3.jar:1.10.3]
	at org.junit.platform.engine.support.hierarchical.NodeTestTask.lambda$executeRecursively$9(NodeTestTask.java:139) ~[junit-platform-engine-1.10.3.jar:1.10.3]
	at org.junit.platform.engine.support.hierarchical.ThrowableCollector.execute(ThrowableCollector.java:73) ~[junit-platform-engine-1.10.3.jar:1.10.3]
	at org.junit.platform.engine.support.hierarchical.NodeTestTask.executeRecursively(NodeTestTask.java:138) ~[junit-platform-engine-1.10.3.jar:1.10.3]
	at org.junit.platform.engine.support.hierarchical.NodeTestTask.execute(NodeTestTask.java:95) ~[junit-platform-engine-1.10.3.jar:1.10.3]
	at org.junit.platform.engine.support.hierarchical.SameThreadHierarchicalTestExecutorService.submit(SameThreadHierarchicalTestExecutorService.java:35) ~[junit-platform-engine-1.10.3.jar:1.10.3]
	at org.junit.platform.engine.support.hierarchical.HierarchicalTestExecutor.execute(HierarchicalTestExecutor.java:57) ~[junit-platform-engine-1.10.3.jar:1.10.3]
	at org.junit.platform.engine.support.hierarchical.HierarchicalTestEngine.execute(HierarchicalTestEngine.java:54) ~[junit-platform-engine-1.10.3.jar:1.10.3]
	at org.junit.platform.launcher.core.EngineExecutionOrchestrator.execute(EngineExecutionOrchestrator.java:198) ~[junit-platform-launcher-1.10.3.jar:1.10.3]
	at org.junit.platform.launcher.core.EngineExecutionOrchestrator.execute(EngineExecutionOrchestrator.java:169) ~[junit-platform-launcher-1.10.3.jar:1.10.3]
	at org.junit.platform.launcher.core.EngineExecutionOrchestrator.execute(EngineExecutionOrchestrator.java:93) ~[junit-platform-launcher-1.10.3.jar:1.10.3]
	at org.junit.platform.launcher.core.EngineExecutionOrchestrator.lambda$execute$0(EngineExecutionOrchestrator.java:58) ~[junit-platform-launcher-1.10.3.jar:1.10.3]
	at org.junit.platform.launcher.core.EngineExecutionOrchestrator.withInterceptedStreams(EngineExecutionOrchestrator.java:141) ~[junit-platform-launcher-1.10.3.jar:1.10.3]
	at org.junit.platform.launcher.core.EngineExecutionOrchestrator.execute(EngineExecutionOrchestrator.java:57) ~[junit-platform-launcher-1.10.3.jar:1.10.3]
	at org.junit.platform.launcher.core.DefaultLauncher.execute(DefaultLauncher.java:103) ~[junit-platform-launcher-1.10.3.jar:1.10.3]
	at org.junit.platform.launcher.core.DefaultLauncher.execute(DefaultLauncher.java:85) ~[junit-platform-launcher-1.10.3.jar:1.10.3]
	at org.junit.platform.launcher.core.DelegatingLauncher.execute(DelegatingLauncher.java:47) ~[junit-platform-launcher-1.10.3.jar:1.10.3]
	at org.apache.maven.surefire.junitplatform.LazyLauncher.execute(LazyLauncher.java:56) ~[surefire-junit-platform-3.2.5.jar:3.2.5]
	at org.apache.maven.surefire.junitplatform.JUnitPlatformProvider.execute(JUnitPlatformProvider.java:184) ~[surefire-junit-platform-3.2.5.jar:3.2.5]
	at org.apache.maven.surefire.junitplatform.JUnitPlatformProvider.invokeAllTests(JUnitPlatformProvider.java:148) ~[surefire-junit-platform-3.2.5.jar:3.2.5]
	at org.apache.maven.surefire.junitplatform.JUnitPlatformProvider.invoke(JUnitPlatformProvider.java:122) ~[surefire-junit-platform-3.2.5.jar:3.2.5]
	at org.apache.maven.surefire.booter.ForkedBooter.runSuitesInProcess(ForkedBooter.java:385) ~[surefire-booter-3.2.5.jar:3.2.5]
	at org.apache.maven.surefire.booter.ForkedBooter.execute(ForkedBooter.java:162) ~[surefire-booter-3.2.5.jar:3.2.5]
	at org.apache.maven.surefire.booter.ForkedBooter.run(ForkedBooter.java:507) ~[surefire-booter-3.2.5.jar:3.2.5]
	at org.apache.maven.surefire.booter.ForkedBooter.main(ForkedBooter.java:495) ~[surefire-booter-3.2.5.jar:3.2.5]

[ERROR] Tests run: 9, Failures: 0, Errors: 9, Skipped: 0, Time elapsed: 6.565 s <<< FAILURE! -- in se.inera.nll.nlllight.api.controller.PatientControllerIntegrationTest
[ERROR] se.inera.nll.nlllight.api.controller.PatientControllerIntegrationTest.testGetPatientPrescriptions_EmptyList -- Time elapsed: 0.011 s <<< ERROR!
java.lang.IllegalStateException: Failed to load ApplicationContext for [WebMergedContextConfiguration@f0a66bd testClass = se.inera.nll.nlllight.api.controller.PatientControllerIntegrationTest, locations = [], classes = [se.inera.nll.nlllight.api.NllLightApiApplication], contextInitializerClasses = [], activeProfiles = ["test"], propertySourceDescriptors = [], propertySourceProperties = ["org.springframework.boot.test.context.SpringBootTestContextBootstrapper=true"], contextCustomizers = [[ImportsContextCustomizer@460b50df key = [org.springframework.boot.test.autoconfigure.web.servlet.MockMvcWebDriverAutoConfiguration, org.springframework.boot.test.autoconfigure.web.servlet.MockMvcAutoConfiguration, org.springframework.boot.autoconfigure.security.oauth2.client.servlet.OAuth2ClientAutoConfiguration, se.inera.nll.nlllight.config.TestSecurityConfig, org.springframework.boot.autoconfigure.security.servlet.SecurityAutoConfiguration, org.springframework.boot.autoconfigure.security.servlet.SecurityFilterAutoConfiguration, org.springframework.boot.autoconfigure.security.servlet.UserDetailsServiceAutoConfiguration, org.springframework.boot.autoconfigure.security.oauth2.resource.servlet.OAuth2ResourceServerAutoConfiguration, org.springframework.boot.test.autoconfigure.web.servlet.MockMvcSecurityConfiguration, org.springframework.boot.test.autoconfigure.web.servlet.MockMvcWebClientAutoConfiguration, org.springframework.boot.test.autoconfigure.web.reactive.WebTestClientAutoConfiguration]], org.springframework.boot.test.context.filter.ExcludeFilterContextCustomizer@1f75a668, org.springframework.boot.test.json.DuplicateJsonObjectContextCustomizerFactory$DuplicateJsonObjectContextCustomizer@2812b107, org.springframework.boot.test.mock.mockito.MockitoContextCustomizer@0, org.springframework.boot.test.web.client.TestRestTemplateContextCustomizer@4eaf3684, org.springframework.boot.test.web.reactor.netty.DisableReactorResourceFactoryGlobalResourcesContextCustomizerFactory$DisableReactorResourceFactoryGlobalResourcesContextCustomizerCustomizer@4416d64f, org.springframework.boot.test.autoconfigure.actuate.observability.ObservabilityContextCustomizerFactory$DisableObservabilityContextCustomizer@1f, org.springframework.boot.test.autoconfigure.properties.PropertyMappingContextCustomizer@4b3fa0b3, org.springframework.boot.test.autoconfigure.web.servlet.WebDriverContextCustomizer@3b8f0a79, org.springframework.boot.test.context.SpringBootTestAnnotation@d0f4dd2a], resourceBasePath = "src/main/webapp", contextLoader = org.springframework.boot.test.context.SpringBootContextLoader, parent = null]
	at org.springframework.test.context.cache.DefaultCacheAwareContextLoaderDelegate.loadContext(DefaultCacheAwareContextLoaderDelegate.java:180)
	at org.springframework.test.context.support.DefaultTestContext.getApplicationContext(DefaultTestContext.java:130)
	at org.springframework.test.context.web.ServletTestExecutionListener.setUpRequestContextIfNecessary(ServletTestExecutionListener.java:191)
	at org.springframework.test.context.web.ServletTestExecutionListener.prepareTestInstance(ServletTestExecutionListener.java:130)
	at org.springframework.test.context.TestContextManager.prepareTestInstance(TestContextManager.java:260)
	at org.springframework.test.context.junit.jupiter.SpringExtension.postProcessTestInstance(SpringExtension.java:163)
	at java.base/java.util.stream.ReferencePipeline$3$1.accept(ReferencePipeline.java:197)
	at java.base/java.util.stream.ReferencePipeline$2$1.accept(ReferencePipeline.java:179)
	at java.base/java.util.ArrayList$ArrayListSpliterator.forEachRemaining(ArrayList.java:1708)
	at java.base/java.util.stream.AbstractPipeline.copyInto(AbstractPipeline.java:509)
	at java.base/java.util.stream.AbstractPipeline.wrapAndCopyInto(AbstractPipeline.java:499)
	at java.base/java.util.stream.StreamSpliterators$WrappingSpliterator.forEachRemaining(StreamSpliterators.java:310)
	at java.base/java.util.stream.Streams$ConcatSpliterator.forEachRemaining(Streams.java:735)
	at java.base/java.util.stream.Streams$ConcatSpliterator.forEachRemaining(Streams.java:734)
	at java.base/java.util.stream.ReferencePipeline$Head.forEach(ReferencePipeline.java:762)
	at java.base/java.util.Optional.orElseGet(Optional.java:364)
	at java.base/java.util.ArrayList.forEach(ArrayList.java:1596)
	at java.base/java.util.ArrayList.forEach(ArrayList.java:1596)
Caused by: org.springframework.beans.factory.support.BeanDefinitionOverrideException: Invalid bean definition with name 'filterChain' defined in class path resource [se/inera/nll/nlllight/api/config/SecurityConfig.class]: Cannot register bean definition [Root bean: class [null]; scope=; abstract=false; lazyInit=null; autowireMode=3; dependencyCheck=0; autowireCandidate=true; primary=false; factoryBeanName=securityConfig; factoryMethodName=filterChain; initMethodNames=null; destroyMethodNames=[(inferred)]; defined in class path resource [se/inera/nll/nlllight/api/config/SecurityConfig.class]] for bean 'filterChain' since there is already [Root bean: class [null]; scope=; abstract=false; lazyInit=null; autowireMode=3; dependencyCheck=0; autowireCandidate=true; primary=false; factoryBeanName=se.inera.nll.nlllight.config.TestSecurityConfig; factoryMethodName=filterChain; initMethodNames=null; destroyMethodNames=[(inferred)]; defined in class path resource [se/inera/nll/nlllight/config/TestSecurityConfig.class]] bound.
	at org.springframework.beans.factory.support.DefaultListableBeanFactory.registerBeanDefinition(DefaultListableBeanFactory.java:1017)
	at org.springframework.context.annotation.ConfigurationClassBeanDefinitionReader.loadBeanDefinitionsForBeanMethod(ConfigurationClassBeanDefinitionReader.java:277)
	at org.springframework.context.annotation.ConfigurationClassBeanDefinitionReader.loadBeanDefinitionsForConfigurationClass(ConfigurationClassBeanDefinitionReader.java:144)
	at org.springframework.context.annotation.ConfigurationClassBeanDefinitionReader.loadBeanDefinitions(ConfigurationClassBeanDefinitionReader.java:120)
	at org.springframework.context.annotation.ConfigurationClassPostProcessor.processConfigBeanDefinitions(ConfigurationClassPostProcessor.java:429)
	at org.springframework.context.annotation.ConfigurationClassPostProcessor.postProcessBeanDefinitionRegistry(ConfigurationClassPostProcessor.java:290)
	at org.springframework.context.support.PostProcessorRegistrationDelegate.invokeBeanDefinitionRegistryPostProcessors(PostProcessorRegistrationDelegate.java:349)
	at org.springframework.context.support.PostProcessorRegistrationDelegate.invokeBeanFactoryPostProcessors(PostProcessorRegistrationDelegate.java:118)
	at org.springframework.context.support.AbstractApplicationContext.invokeBeanFactoryPostProcessors(AbstractApplicationContext.java:789)
	at org.springframework.context.support.AbstractApplicationContext.refresh(AbstractApplicationContext.java:607)
	at org.springframework.boot.SpringApplication.refresh(SpringApplication.java:754)
	at org.springframework.boot.SpringApplication.refreshContext(SpringApplication.java:456)
	at org.springframework.boot.SpringApplication.run(SpringApplication.java:335)
	at org.springframework.boot.test.context.SpringBootContextLoader.lambda$loadContext$3(SpringBootContextLoader.java:137)
	at org.springframework.util.function.ThrowingSupplier.get(ThrowingSupplier.java:58)
	at org.springframework.util.function.ThrowingSupplier.get(ThrowingSupplier.java:46)
	at org.springframework.boot.SpringApplication.withHook(SpringApplication.java:1463)
	at org.springframework.boot.test.context.SpringBootContextLoader$ContextLoaderHook.run(SpringBootContextLoader.java:553)
	at org.springframework.boot.test.context.SpringBootContextLoader.loadContext(SpringBootContextLoader.java:137)
	at org.springframework.boot.test.context.SpringBootContextLoader.loadContext(SpringBootContextLoader.java:108)
	at org.springframework.test.context.cache.DefaultCacheAwareContextLoaderDelegate.loadContextInternal(DefaultCacheAwareContextLoaderDelegate.java:225)
	at org.springframework.test.context.cache.DefaultCacheAwareContextLoaderDelegate.loadContext(DefaultCacheAwareContextLoaderDelegate.java:152)
	... 17 more

[ERROR] se.inera.nll.nlllight.api.controller.PatientControllerIntegrationTest.testGetPrescriptionDetails_Success -- Time elapsed: 0.001 s <<< ERROR!
java.lang.IllegalStateException: ApplicationContext failure threshold (1) exceeded: skipping repeated attempt to load context for [WebMergedContextConfiguration@f0a66bd testClass = se.inera.nll.nlllight.api.controller.PatientControllerIntegrationTest, locations = [], classes = [se.inera.nll.nlllight.api.NllLightApiApplication], contextInitializerClasses = [], activeProfiles = ["test"], propertySourceDescriptors = [], propertySourceProperties = ["org.springframework.boot.test.context.SpringBootTestContextBootstrapper=true"], contextCustomizers = [[ImportsContextCustomizer@460b50df key = [org.springframework.boot.test.autoconfigure.web.servlet.MockMvcWebDriverAutoConfiguration, org.springframework.boot.test.autoconfigure.web.servlet.MockMvcAutoConfiguration, org.springframework.boot.autoconfigure.security.oauth2.client.servlet.OAuth2ClientAutoConfiguration, se.inera.nll.nlllight.config.TestSecurityConfig, org.springframework.boot.autoconfigure.security.servlet.SecurityAutoConfiguration, org.springframework.boot.autoconfigure.security.servlet.SecurityFilterAutoConfiguration, org.springframework.boot.autoconfigure.security.servlet.UserDetailsServiceAutoConfiguration, org.springframework.boot.autoconfigure.security.oauth2.resource.servlet.OAuth2ResourceServerAutoConfiguration, org.springframework.boot.test.autoconfigure.web.servlet.MockMvcSecurityConfiguration, org.springframework.boot.test.autoconfigure.web.servlet.MockMvcWebClientAutoConfiguration, org.springframework.boot.test.autoconfigure.web.reactive.WebTestClientAutoConfiguration]], org.springframework.boot.test.context.filter.ExcludeFilterContextCustomizer@1f75a668, org.springframework.boot.test.json.DuplicateJsonObjectContextCustomizerFactory$DuplicateJsonObjectContextCustomizer@2812b107, org.springframework.boot.test.mock.mockito.MockitoContextCustomizer@0, org.springframework.boot.test.web.client.TestRestTemplateContextCustomizer@4eaf3684, org.springframework.boot.test.web.reactor.netty.DisableReactorResourceFactoryGlobalResourcesContextCustomizerFactory$DisableReactorResourceFactoryGlobalResourcesContextCustomizerCustomizer@4416d64f, org.springframework.boot.test.autoconfigure.actuate.observability.ObservabilityContextCustomizerFactory$DisableObservabilityContextCustomizer@1f, org.springframework.boot.test.autoconfigure.properties.PropertyMappingContextCustomizer@4b3fa0b3, org.springframework.boot.test.autoconfigure.web.servlet.WebDriverContextCustomizer@3b8f0a79, org.springframework.boot.test.context.SpringBootTestAnnotation@d0f4dd2a], resourceBasePath = "src/main/webapp", contextLoader = org.springframework.boot.test.context.SpringBootContextLoader, parent = null]
	at org.springframework.test.context.cache.DefaultCacheAwareContextLoaderDelegate.loadContext(DefaultCacheAwareContextLoaderDelegate.java:145)
	at org.springframework.test.context.support.DefaultTestContext.getApplicationContext(DefaultTestContext.java:130)
	at org.springframework.test.context.web.ServletTestExecutionListener.setUpRequestContextIfNecessary(ServletTestExecutionListener.java:191)
	at org.springframework.test.context.web.ServletTestExecutionListener.prepareTestInstance(ServletTestExecutionListener.java:130)
	at org.springframework.test.context.TestContextManager.prepareTestInstance(TestContextManager.java:260)
	at org.springframework.test.context.junit.jupiter.SpringExtension.postProcessTestInstance(SpringExtension.java:163)
	at java.base/java.util.stream.ReferencePipeline$3$1.accept(ReferencePipeline.java:197)
	at java.base/java.util.stream.ReferencePipeline$2$1.accept(ReferencePipeline.java:179)
	at java.base/java.util.ArrayList$ArrayListSpliterator.forEachRemaining(ArrayList.java:1708)
	at java.base/java.util.stream.AbstractPipeline.copyInto(AbstractPipeline.java:509)
	at java.base/java.util.stream.AbstractPipeline.wrapAndCopyInto(AbstractPipeline.java:499)
	at java.base/java.util.stream.StreamSpliterators$WrappingSpliterator.forEachRemaining(StreamSpliterators.java:310)
	at java.base/java.util.stream.Streams$ConcatSpliterator.forEachRemaining(Streams.java:735)
	at java.base/java.util.stream.Streams$ConcatSpliterator.forEachRemaining(Streams.java:734)
	at java.base/java.util.stream.ReferencePipeline$Head.forEach(ReferencePipeline.java:762)
	at java.base/java.util.Optional.orElseGet(Optional.java:364)
	at java.base/java.util.ArrayList.forEach(ArrayList.java:1596)
	at java.base/java.util.ArrayList.forEach(ArrayList.java:1596)

[ERROR] se.inera.nll.nlllight.api.controller.PatientControllerIntegrationTest.testGetPatientPrescriptions_Success -- Time elapsed: 0 s <<< ERROR!
java.lang.IllegalStateException: ApplicationContext failure threshold (1) exceeded: skipping repeated attempt to load context for [WebMergedContextConfiguration@f0a66bd testClass = se.inera.nll.nlllight.api.controller.PatientControllerIntegrationTest, locations = [], classes = [se.inera.nll.nlllight.api.NllLightApiApplication], contextInitializerClasses = [], activeProfiles = ["test"], propertySourceDescriptors = [], propertySourceProperties = ["org.springframework.boot.test.context.SpringBootTestContextBootstrapper=true"], contextCustomizers = [[ImportsContextCustomizer@460b50df key = [org.springframework.boot.test.autoconfigure.web.servlet.MockMvcWebDriverAutoConfiguration, org.springframework.boot.test.autoconfigure.web.servlet.MockMvcAutoConfiguration, org.springframework.boot.autoconfigure.security.oauth2.client.servlet.OAuth2ClientAutoConfiguration, se.inera.nll.nlllight.config.TestSecurityConfig, org.springframework.boot.autoconfigure.security.servlet.SecurityAutoConfiguration, org.springframework.boot.autoconfigure.security.servlet.SecurityFilterAutoConfiguration, org.springframework.boot.autoconfigure.security.servlet.UserDetailsServiceAutoConfiguration, org.springframework.boot.autoconfigure.security.oauth2.resource.servlet.OAuth2ResourceServerAutoConfiguration, org.springframework.boot.test.autoconfigure.web.servlet.MockMvcSecurityConfiguration, org.springframework.boot.test.autoconfigure.web.servlet.MockMvcWebClientAutoConfiguration, org.springframework.boot.test.autoconfigure.web.reactive.WebTestClientAutoConfiguration]], org.springframework.boot.test.context.filter.ExcludeFilterContextCustomizer@1f75a668, org.springframework.boot.test.json.DuplicateJsonObjectContextCustomizerFactory$DuplicateJsonObjectContextCustomizer@2812b107, org.springframework.boot.test.mock.mockito.MockitoContextCustomizer@0, org.springframework.boot.test.web.client.TestRestTemplateContextCustomizer@4eaf3684, org.springframework.boot.test.web.reactor.netty.DisableReactorResourceFactoryGlobalResourcesContextCustomizerFactory$DisableReactorResourceFactoryGlobalResourcesContextCustomizerCustomizer@4416d64f, org.springframework.boot.test.autoconfigure.actuate.observability.ObservabilityContextCustomizerFactory$DisableObservabilityContextCustomizer@1f, org.springframework.boot.test.autoconfigure.properties.PropertyMappingContextCustomizer@4b3fa0b3, org.springframework.boot.test.autoconfigure.web.servlet.WebDriverContextCustomizer@3b8f0a79, org.springframework.boot.test.context.SpringBootTestAnnotation@d0f4dd2a], resourceBasePath = "src/main/webapp", contextLoader = org.springframework.boot.test.context.SpringBootContextLoader, parent = null]
	at org.springframework.test.context.cache.DefaultCacheAwareContextLoaderDelegate.loadContext(DefaultCacheAwareContextLoaderDelegate.java:145)
	at org.springframework.test.context.support.DefaultTestContext.getApplicationContext(DefaultTestContext.java:130)
	at org.springframework.test.context.web.ServletTestExecutionListener.setUpRequestContextIfNecessary(ServletTestExecutionListener.java:191)
	at org.springframework.test.context.web.ServletTestExecutionListener.prepareTestInstance(ServletTestExecutionListener.java:130)
	at org.springframework.test.context.TestContextManager.prepareTestInstance(TestContextManager.java:260)
	at org.springframework.test.context.junit.jupiter.SpringExtension.postProcessTestInstance(SpringExtension.java:163)
	at java.base/java.util.stream.ReferencePipeline$3$1.accept(ReferencePipeline.java:197)
	at java.base/java.util.stream.ReferencePipeline$2$1.accept(ReferencePipeline.java:179)
	at java.base/java.util.ArrayList$ArrayListSpliterator.forEachRemaining(ArrayList.java:1708)
	at java.base/java.util.stream.AbstractPipeline.copyInto(AbstractPipeline.java:509)
	at java.base/java.util.stream.AbstractPipeline.wrapAndCopyInto(AbstractPipeline.java:499)
	at java.base/java.util.stream.StreamSpliterators$WrappingSpliterator.forEachRemaining(StreamSpliterators.java:310)
	at java.base/java.util.stream.Streams$ConcatSpliterator.forEachRemaining(Streams.java:735)
	at java.base/java.util.stream.Streams$ConcatSpliterator.forEachRemaining(Streams.java:734)
	at java.base/java.util.stream.ReferencePipeline$Head.forEach(ReferencePipeline.java:762)
	at java.base/java.util.Optional.orElseGet(Optional.java:364)
	at java.base/java.util.ArrayList.forEach(ArrayList.java:1596)
	at java.base/java.util.ArrayList.forEach(ArrayList.java:1596)

[ERROR] se.inera.nll.nlllight.api.controller.PatientControllerIntegrationTest.testGetPrescriptionDetails_Forbidden -- Time elapsed: 0.001 s <<< ERROR!
java.lang.IllegalStateException: ApplicationContext failure threshold (1) exceeded: skipping repeated attempt to load context for [WebMergedContextConfiguration@f0a66bd testClass = se.inera.nll.nlllight.api.controller.PatientControllerIntegrationTest, locations = [], classes = [se.inera.nll.nlllight.api.NllLightApiApplication], contextInitializerClasses = [], activeProfiles = ["test"], propertySourceDescriptors = [], propertySourceProperties = ["org.springframework.boot.test.context.SpringBootTestContextBootstrapper=true"], contextCustomizers = [[ImportsContextCustomizer@460b50df key = [org.springframework.boot.test.autoconfigure.web.servlet.MockMvcWebDriverAutoConfiguration, org.springframework.boot.test.autoconfigure.web.servlet.MockMvcAutoConfiguration, org.springframework.boot.autoconfigure.security.oauth2.client.servlet.OAuth2ClientAutoConfiguration, se.inera.nll.nlllight.config.TestSecurityConfig, org.springframework.boot.autoconfigure.security.servlet.SecurityAutoConfiguration, org.springframework.boot.autoconfigure.security.servlet.SecurityFilterAutoConfiguration, org.springframework.boot.autoconfigure.security.servlet.UserDetailsServiceAutoConfiguration, org.springframework.boot.autoconfigure.security.oauth2.resource.servlet.OAuth2ResourceServerAutoConfiguration, org.springframework.boot.test.autoconfigure.web.servlet.MockMvcSecurityConfiguration, org.springframework.boot.test.autoconfigure.web.servlet.MockMvcWebClientAutoConfiguration, org.springframework.boot.test.autoconfigure.web.reactive.WebTestClientAutoConfiguration]], org.springframework.boot.test.context.filter.ExcludeFilterContextCustomizer@1f75a668, org.springframework.boot.test.json.DuplicateJsonObjectContextCustomizerFactory$DuplicateJsonObjectContextCustomizer@2812b107, org.springframework.boot.test.mock.mockito.MockitoContextCustomizer@0, org.springframework.boot.test.web.client.TestRestTemplateContextCustomizer@4eaf3684, org.springframework.boot.test.web.reactor.netty.DisableReactorResourceFactoryGlobalResourcesContextCustomizerFactory$DisableReactorResourceFactoryGlobalResourcesContextCustomizerCustomizer@4416d64f, org.springframework.boot.test.autoconfigure.actuate.observability.ObservabilityContextCustomizerFactory$DisableObservabilityContextCustomizer@1f, org.springframework.boot.test.autoconfigure.properties.PropertyMappingContextCustomizer@4b3fa0b3, org.springframework.boot.test.autoconfigure.web.servlet.WebDriverContextCustomizer@3b8f0a79, org.springframework.boot.test.context.SpringBootTestAnnotation@d0f4dd2a], resourceBasePath = "src/main/webapp", contextLoader = org.springframework.boot.test.context.SpringBootContextLoader, parent = null]
	at org.springframework.test.context.cache.DefaultCacheAwareContextLoaderDelegate.loadContext(DefaultCacheAwareContextLoaderDelegate.java:145)
	at org.springframework.test.context.support.DefaultTestContext.getApplicationContext(DefaultTestContext.java:130)
	at org.springframework.test.context.web.ServletTestExecutionListener.setUpRequestContextIfNecessary(ServletTestExecutionListener.java:191)
	at org.springframework.test.context.web.ServletTestExecutionListener.prepareTestInstance(ServletTestExecutionListener.java:130)
	at org.springframework.test.context.TestContextManager.prepareTestInstance(TestContextManager.java:260)
	at org.springframework.test.context.junit.jupiter.SpringExtension.postProcessTestInstance(SpringExtension.java:163)
	at java.base/java.util.stream.ReferencePipeline$3$1.accept(ReferencePipeline.java:197)
	at java.base/java.util.stream.ReferencePipeline$2$1.accept(ReferencePipeline.java:179)
	at java.base/java.util.ArrayList$ArrayListSpliterator.forEachRemaining(ArrayList.java:1708)
	at java.base/java.util.stream.AbstractPipeline.copyInto(AbstractPipeline.java:509)
	at java.base/java.util.stream.AbstractPipeline.wrapAndCopyInto(AbstractPipeline.java:499)
	at java.base/java.util.stream.StreamSpliterators$WrappingSpliterator.forEachRemaining(StreamSpliterators.java:310)
	at java.base/java.util.stream.Streams$ConcatSpliterator.forEachRemaining(Streams.java:735)
	at java.base/java.util.stream.Streams$ConcatSpliterator.forEachRemaining(Streams.java:734)
	at java.base/java.util.stream.ReferencePipeline$Head.forEach(ReferencePipeline.java:762)
	at java.base/java.util.Optional.orElseGet(Optional.java:364)
	at java.base/java.util.ArrayList.forEach(ArrayList.java:1596)
	at java.base/java.util.ArrayList.forEach(ArrayList.java:1596)

[ERROR] se.inera.nll.nlllight.api.controller.PatientControllerIntegrationTest.testGetMedicationById_Success -- Time elapsed: 0.001 s <<< ERROR!
java.lang.IllegalStateException: ApplicationContext failure threshold (1) exceeded: skipping repeated attempt to load context for [WebMergedContextConfiguration@f0a66bd testClass = se.inera.nll.nlllight.api.controller.PatientControllerIntegrationTest, locations = [], classes = [se.inera.nll.nlllight.api.NllLightApiApplication], contextInitializerClasses = [], activeProfiles = ["test"], propertySourceDescriptors = [], propertySourceProperties = ["org.springframework.boot.test.context.SpringBootTestContextBootstrapper=true"], contextCustomizers = [[ImportsContextCustomizer@460b50df key = [org.springframework.boot.test.autoconfigure.web.servlet.MockMvcWebDriverAutoConfiguration, org.springframework.boot.test.autoconfigure.web.servlet.MockMvcAutoConfiguration, org.springframework.boot.autoconfigure.security.oauth2.client.servlet.OAuth2ClientAutoConfiguration, se.inera.nll.nlllight.config.TestSecurityConfig, org.springframework.boot.autoconfigure.security.servlet.SecurityAutoConfiguration, org.springframework.boot.autoconfigure.security.servlet.SecurityFilterAutoConfiguration, org.springframework.boot.autoconfigure.security.servlet.UserDetailsServiceAutoConfiguration, org.springframework.boot.autoconfigure.security.oauth2.resource.servlet.OAuth2ResourceServerAutoConfiguration, org.springframework.boot.test.autoconfigure.web.servlet.MockMvcSecurityConfiguration, org.springframework.boot.test.autoconfigure.web.servlet.MockMvcWebClientAutoConfiguration, org.springframework.boot.test.autoconfigure.web.reactive.WebTestClientAutoConfiguration]], org.springframework.boot.test.context.filter.ExcludeFilterContextCustomizer@1f75a668, org.springframework.boot.test.json.DuplicateJsonObjectContextCustomizerFactory$DuplicateJsonObjectContextCustomizer@2812b107, org.springframework.boot.test.mock.mockito.MockitoContextCustomizer@0, org.springframework.boot.test.web.client.TestRestTemplateContextCustomizer@4eaf3684, org.springframework.boot.test.web.reactor.netty.DisableReactorResourceFactoryGlobalResourcesContextCustomizerFactory$DisableReactorResourceFactoryGlobalResourcesContextCustomizerCustomizer@4416d64f, org.springframework.boot.test.autoconfigure.actuate.observability.ObservabilityContextCustomizerFactory$DisableObservabilityContextCustomizer@1f, org.springframework.boot.test.autoconfigure.properties.PropertyMappingContextCustomizer@4b3fa0b3, org.springframework.boot.test.autoconfigure.web.servlet.WebDriverContextCustomizer@3b8f0a79, org.springframework.boot.test.context.SpringBootTestAnnotation@d0f4dd2a], resourceBasePath = "src/main/webapp", contextLoader = org.springframework.boot.test.context.SpringBootContextLoader, parent = null]
	at org.springframework.test.context.cache.DefaultCacheAwareContextLoaderDelegate.loadContext(DefaultCacheAwareContextLoaderDelegate.java:145)
	at org.springframework.test.context.support.DefaultTestContext.getApplicationContext(DefaultTestContext.java:130)
	at org.springframework.test.context.web.ServletTestExecutionListener.setUpRequestContextIfNecessary(ServletTestExecutionListener.java:191)
	at org.springframework.test.context.web.ServletTestExecutionListener.prepareTestInstance(ServletTestExecutionListener.java:130)
	at org.springframework.test.context.TestContextManager.prepareTestInstance(TestContextManager.java:260)
	at org.springframework.test.context.junit.jupiter.SpringExtension.postProcessTestInstance(SpringExtension.java:163)
	at java.base/java.util.stream.ReferencePipeline$3$1.accept(ReferencePipeline.java:197)
	at java.base/java.util.stream.ReferencePipeline$2$1.accept(ReferencePipeline.java:179)
	at java.base/java.util.ArrayList$ArrayListSpliterator.forEachRemaining(ArrayList.java:1708)
	at java.base/java.util.stream.AbstractPipeline.copyInto(AbstractPipeline.java:509)
	at java.base/java.util.stream.AbstractPipeline.wrapAndCopyInto(AbstractPipeline.java:499)
	at java.base/java.util.stream.StreamSpliterators$WrappingSpliterator.forEachRemaining(StreamSpliterators.java:310)
	at java.base/java.util.stream.Streams$ConcatSpliterator.forEachRemaining(Streams.java:735)
	at java.base/java.util.stream.Streams$ConcatSpliterator.forEachRemaining(Streams.java:734)
	at java.base/java.util.stream.ReferencePipeline$Head.forEach(ReferencePipeline.java:762)
	at java.base/java.util.Optional.orElseGet(Optional.java:364)
	at java.base/java.util.ArrayList.forEach(ArrayList.java:1596)
	at java.base/java.util.ArrayList.forEach(ArrayList.java:1596)

[ERROR] se.inera.nll.nlllight.api.controller.PatientControllerIntegrationTest.testGetPatientPrescriptions_PatientNotFound -- Time elapsed: 0.001 s <<< ERROR!
java.lang.IllegalStateException: ApplicationContext failure threshold (1) exceeded: skipping repeated attempt to load context for [WebMergedContextConfiguration@f0a66bd testClass = se.inera.nll.nlllight.api.controller.PatientControllerIntegrationTest, locations = [], classes = [se.inera.nll.nlllight.api.NllLightApiApplication], contextInitializerClasses = [], activeProfiles = ["test"], propertySourceDescriptors = [], propertySourceProperties = ["org.springframework.boot.test.context.SpringBootTestContextBootstrapper=true"], contextCustomizers = [[ImportsContextCustomizer@460b50df key = [org.springframework.boot.test.autoconfigure.web.servlet.MockMvcWebDriverAutoConfiguration, org.springframework.boot.test.autoconfigure.web.servlet.MockMvcAutoConfiguration, org.springframework.boot.autoconfigure.security.oauth2.client.servlet.OAuth2ClientAutoConfiguration, se.inera.nll.nlllight.config.TestSecurityConfig, org.springframework.boot.autoconfigure.security.servlet.SecurityAutoConfiguration, org.springframework.boot.autoconfigure.security.servlet.SecurityFilterAutoConfiguration, org.springframework.boot.autoconfigure.security.servlet.UserDetailsServiceAutoConfiguration, org.springframework.boot.autoconfigure.security.oauth2.resource.servlet.OAuth2ResourceServerAutoConfiguration, org.springframework.boot.test.autoconfigure.web.servlet.MockMvcSecurityConfiguration, org.springframework.boot.test.autoconfigure.web.servlet.MockMvcWebClientAutoConfiguration, org.springframework.boot.test.autoconfigure.web.reactive.WebTestClientAutoConfiguration]], org.springframework.boot.test.context.filter.ExcludeFilterContextCustomizer@1f75a668, org.springframework.boot.test.json.DuplicateJsonObjectContextCustomizerFactory$DuplicateJsonObjectContextCustomizer@2812b107, org.springframework.boot.test.mock.mockito.MockitoContextCustomizer@0, org.springframework.boot.test.web.client.TestRestTemplateContextCustomizer@4eaf3684, org.springframework.boot.test.web.reactor.netty.DisableReactorResourceFactoryGlobalResourcesContextCustomizerFactory$DisableReactorResourceFactoryGlobalResourcesContextCustomizerCustomizer@4416d64f, org.springframework.boot.test.autoconfigure.actuate.observability.ObservabilityContextCustomizerFactory$DisableObservabilityContextCustomizer@1f, org.springframework.boot.test.autoconfigure.properties.PropertyMappingContextCustomizer@4b3fa0b3, org.springframework.boot.test.autoconfigure.web.servlet.WebDriverContextCustomizer@3b8f0a79, org.springframework.boot.test.context.SpringBootTestAnnotation@d0f4dd2a], resourceBasePath = "src/main/webapp", contextLoader = org.springframework.boot.test.context.SpringBootContextLoader, parent = null]
	at org.springframework.test.context.cache.DefaultCacheAwareContextLoaderDelegate.loadContext(DefaultCacheAwareContextLoaderDelegate.java:145)
	at org.springframework.test.context.support.DefaultTestContext.getApplicationContext(DefaultTestContext.java:130)
	at org.springframework.test.context.web.ServletTestExecutionListener.setUpRequestContextIfNecessary(ServletTestExecutionListener.java:191)
	at org.springframework.test.context.web.ServletTestExecutionListener.prepareTestInstance(ServletTestExecutionListener.java:130)
	at org.springframework.test.context.TestContextManager.prepareTestInstance(TestContextManager.java:260)
	at org.springframework.test.context.junit.jupiter.SpringExtension.postProcessTestInstance(SpringExtension.java:163)
	at java.base/java.util.stream.ReferencePipeline$3$1.accept(ReferencePipeline.java:197)
	at java.base/java.util.stream.ReferencePipeline$2$1.accept(ReferencePipeline.java:179)
	at java.base/java.util.ArrayList$ArrayListSpliterator.forEachRemaining(ArrayList.java:1708)
	at java.base/java.util.stream.AbstractPipeline.copyInto(AbstractPipeline.java:509)
	at java.base/java.util.stream.AbstractPipeline.wrapAndCopyInto(AbstractPipeline.java:499)
	at java.base/java.util.stream.StreamSpliterators$WrappingSpliterator.forEachRemaining(StreamSpliterators.java:310)
	at java.base/java.util.stream.Streams$ConcatSpliterator.forEachRemaining(Streams.java:735)
	at java.base/java.util.stream.Streams$ConcatSpliterator.forEachRemaining(Streams.java:734)
	at java.base/java.util.stream.ReferencePipeline$Head.forEach(ReferencePipeline.java:762)
	at java.base/java.util.Optional.orElseGet(Optional.java:364)
	at java.base/java.util.ArrayList.forEach(ArrayList.java:1596)
	at java.base/java.util.ArrayList.forEach(ArrayList.java:1596)

[ERROR] se.inera.nll.nlllight.api.controller.PatientControllerIntegrationTest.testGetAllMedications_Success -- Time elapsed: 0.001 s <<< ERROR!
java.lang.IllegalStateException: ApplicationContext failure threshold (1) exceeded: skipping repeated attempt to load context for [WebMergedContextConfiguration@f0a66bd testClass = se.inera.nll.nlllight.api.controller.PatientControllerIntegrationTest, locations = [], classes = [se.inera.nll.nlllight.api.NllLightApiApplication], contextInitializerClasses = [], activeProfiles = ["test"], propertySourceDescriptors = [], propertySourceProperties = ["org.springframework.boot.test.context.SpringBootTestContextBootstrapper=true"], contextCustomizers = [[ImportsContextCustomizer@460b50df key = [org.springframework.boot.test.autoconfigure.web.servlet.MockMvcWebDriverAutoConfiguration, org.springframework.boot.test.autoconfigure.web.servlet.MockMvcAutoConfiguration, org.springframework.boot.autoconfigure.security.oauth2.client.servlet.OAuth2ClientAutoConfiguration, se.inera.nll.nlllight.config.TestSecurityConfig, org.springframework.boot.autoconfigure.security.servlet.SecurityAutoConfiguration, org.springframework.boot.autoconfigure.security.servlet.SecurityFilterAutoConfiguration, org.springframework.boot.autoconfigure.security.servlet.UserDetailsServiceAutoConfiguration, org.springframework.boot.autoconfigure.security.oauth2.resource.servlet.OAuth2ResourceServerAutoConfiguration, org.springframework.boot.test.autoconfigure.web.servlet.MockMvcSecurityConfiguration, org.springframework.boot.test.autoconfigure.web.servlet.MockMvcWebClientAutoConfiguration, org.springframework.boot.test.autoconfigure.web.reactive.WebTestClientAutoConfiguration]], org.springframework.boot.test.context.filter.ExcludeFilterContextCustomizer@1f75a668, org.springframework.boot.test.json.DuplicateJsonObjectContextCustomizerFactory$DuplicateJsonObjectContextCustomizer@2812b107, org.springframework.boot.test.mock.mockito.MockitoContextCustomizer@0, org.springframework.boot.test.web.client.TestRestTemplateContextCustomizer@4eaf3684, org.springframework.boot.test.web.reactor.netty.DisableReactorResourceFactoryGlobalResourcesContextCustomizerFactory$DisableReactorResourceFactoryGlobalResourcesContextCustomizerCustomizer@4416d64f, org.springframework.boot.test.autoconfigure.actuate.observability.ObservabilityContextCustomizerFactory$DisableObservabilityContextCustomizer@1f, org.springframework.boot.test.autoconfigure.properties.PropertyMappingContextCustomizer@4b3fa0b3, org.springframework.boot.test.autoconfigure.web.servlet.WebDriverContextCustomizer@3b8f0a79, org.springframework.boot.test.context.SpringBootTestAnnotation@d0f4dd2a], resourceBasePath = "src/main/webapp", contextLoader = org.springframework.boot.test.context.SpringBootContextLoader, parent = null]
	at org.springframework.test.context.cache.DefaultCacheAwareContextLoaderDelegate.loadContext(DefaultCacheAwareContextLoaderDelegate.java:145)
	at org.springframework.test.context.support.DefaultTestContext.getApplicationContext(DefaultTestContext.java:130)
	at org.springframework.test.context.web.ServletTestExecutionListener.setUpRequestContextIfNecessary(ServletTestExecutionListener.java:191)
	at org.springframework.test.context.web.ServletTestExecutionListener.prepareTestInstance(ServletTestExecutionListener.java:130)
	at org.springframework.test.context.TestContextManager.prepareTestInstance(TestContextManager.java:260)
	at org.springframework.test.context.junit.jupiter.SpringExtension.postProcessTestInstance(SpringExtension.java:163)
	at java.base/java.util.stream.ReferencePipeline$3$1.accept(ReferencePipeline.java:197)
	at java.base/java.util.stream.ReferencePipeline$2$1.accept(ReferencePipeline.java:179)
	at java.base/java.util.ArrayList$ArrayListSpliterator.forEachRemaining(ArrayList.java:1708)
	at java.base/java.util.stream.AbstractPipeline.copyInto(AbstractPipeline.java:509)
	at java.base/java.util.stream.AbstractPipeline.wrapAndCopyInto(AbstractPipeline.java:499)
	at java.base/java.util.stream.StreamSpliterators$WrappingSpliterator.forEachRemaining(StreamSpliterators.java:310)
	at java.base/java.util.stream.Streams$ConcatSpliterator.forEachRemaining(Streams.java:735)
	at java.base/java.util.stream.Streams$ConcatSpliterator.forEachRemaining(Streams.java:734)
	at java.base/java.util.stream.ReferencePipeline$Head.forEach(ReferencePipeline.java:762)
	at java.base/java.util.Optional.orElseGet(Optional.java:364)
	at java.base/java.util.ArrayList.forEach(ArrayList.java:1596)
	at java.base/java.util.ArrayList.forEach(ArrayList.java:1596)

[ERROR] se.inera.nll.nlllight.api.controller.PatientControllerIntegrationTest.testGetPrescriptionDetails_NotFound -- Time elapsed: 0 s <<< ERROR!
java.lang.IllegalStateException: ApplicationContext failure threshold (1) exceeded: skipping repeated attempt to load context for [WebMergedContextConfiguration@f0a66bd testClass = se.inera.nll.nlllight.api.controller.PatientControllerIntegrationTest, locations = [], classes = [se.inera.nll.nlllight.api.NllLightApiApplication], contextInitializerClasses = [], activeProfiles = ["test"], propertySourceDescriptors = [], propertySourceProperties = ["org.springframework.boot.test.context.SpringBootTestContextBootstrapper=true"], contextCustomizers = [[ImportsContextCustomizer@460b50df key = [org.springframework.boot.test.autoconfigure.web.servlet.MockMvcWebDriverAutoConfiguration, org.springframework.boot.test.autoconfigure.web.servlet.MockMvcAutoConfiguration, org.springframework.boot.autoconfigure.security.oauth2.client.servlet.OAuth2ClientAutoConfiguration, se.inera.nll.nlllight.config.TestSecurityConfig, org.springframework.boot.autoconfigure.security.servlet.SecurityAutoConfiguration, org.springframework.boot.autoconfigure.security.servlet.SecurityFilterAutoConfiguration, org.springframework.boot.autoconfigure.security.servlet.UserDetailsServiceAutoConfiguration, org.springframework.boot.autoconfigure.security.oauth2.resource.servlet.OAuth2ResourceServerAutoConfiguration, org.springframework.boot.test.autoconfigure.web.servlet.MockMvcSecurityConfiguration, org.springframework.boot.test.autoconfigure.web.servlet.MockMvcWebClientAutoConfiguration, org.springframework.boot.test.autoconfigure.web.reactive.WebTestClientAutoConfiguration]], org.springframework.boot.test.context.filter.ExcludeFilterContextCustomizer@1f75a668, org.springframework.boot.test.json.DuplicateJsonObjectContextCustomizerFactory$DuplicateJsonObjectContextCustomizer@2812b107, org.springframework.boot.test.mock.mockito.MockitoContextCustomizer@0, org.springframework.boot.test.web.client.TestRestTemplateContextCustomizer@4eaf3684, org.springframework.boot.test.web.reactor.netty.DisableReactorResourceFactoryGlobalResourcesContextCustomizerFactory$DisableReactorResourceFactoryGlobalResourcesContextCustomizerCustomizer@4416d64f, org.springframework.boot.test.autoconfigure.actuate.observability.ObservabilityContextCustomizerFactory$DisableObservabilityContextCustomizer@1f, org.springframework.boot.test.autoconfigure.properties.PropertyMappingContextCustomizer@4b3fa0b3, org.springframework.boot.test.autoconfigure.web.servlet.WebDriverContextCustomizer@3b8f0a79, org.springframework.boot.test.context.SpringBootTestAnnotation@d0f4dd2a], resourceBasePath = "src/main/webapp", contextLoader = org.springframework.boot.test.context.SpringBootContextLoader, parent = null]
	at org.springframework.test.context.cache.DefaultCacheAwareContextLoaderDelegate.loadContext(DefaultCacheAwareContextLoaderDelegate.java:145)
	at org.springframework.test.context.support.DefaultTestContext.getApplicationContext(DefaultTestContext.java:130)
	at org.springframework.test.context.web.ServletTestExecutionListener.setUpRequestContextIfNecessary(ServletTestExecutionListener.java:191)
	at org.springframework.test.context.web.ServletTestExecutionListener.prepareTestInstance(ServletTestExecutionListener.java:130)
	at org.springframework.test.context.TestContextManager.prepareTestInstance(TestContextManager.java:260)
	at org.springframework.test.context.junit.jupiter.SpringExtension.postProcessTestInstance(SpringExtension.java:163)
	at java.base/java.util.stream.ReferencePipeline$3$1.accept(ReferencePipeline.java:197)
	at java.base/java.util.stream.ReferencePipeline$2$1.accept(ReferencePipeline.java:179)
	at java.base/java.util.ArrayList$ArrayListSpliterator.forEachRemaining(ArrayList.java:1708)
	at java.base/java.util.stream.AbstractPipeline.copyInto(AbstractPipeline.java:509)
	at java.base/java.util.stream.AbstractPipeline.wrapAndCopyInto(AbstractPipeline.java:499)
	at java.base/java.util.stream.StreamSpliterators$WrappingSpliterator.forEachRemaining(StreamSpliterators.java:310)
	at java.base/java.util.stream.Streams$ConcatSpliterator.forEachRemaining(Streams.java:735)
	at java.base/java.util.stream.Streams$ConcatSpliterator.forEachRemaining(Streams.java:734)
	at java.base/java.util.stream.ReferencePipeline$Head.forEach(ReferencePipeline.java:762)
	at java.base/java.util.Optional.orElseGet(Optional.java:364)
	at java.base/java.util.ArrayList.forEach(ArrayList.java:1596)
	at java.base/java.util.ArrayList.forEach(ArrayList.java:1596)

[ERROR] se.inera.nll.nlllight.api.controller.PatientControllerIntegrationTest.testGetMedicationById_NotFound -- Time elapsed: 0 s <<< ERROR!
java.lang.IllegalStateException: ApplicationContext failure threshold (1) exceeded: skipping repeated attempt to load context for [WebMergedContextConfiguration@f0a66bd testClass = se.inera.nll.nlllight.api.controller.PatientControllerIntegrationTest, locations = [], classes = [se.inera.nll.nlllight.api.NllLightApiApplication], contextInitializerClasses = [], activeProfiles = ["test"], propertySourceDescriptors = [], propertySourceProperties = ["org.springframework.boot.test.context.SpringBootTestContextBootstrapper=true"], contextCustomizers = [[ImportsContextCustomizer@460b50df key = [org.springframework.boot.test.autoconfigure.web.servlet.MockMvcWebDriverAutoConfiguration, org.springframework.boot.test.autoconfigure.web.servlet.MockMvcAutoConfiguration, org.springframework.boot.autoconfigure.security.oauth2.client.servlet.OAuth2ClientAutoConfiguration, se.inera.nll.nlllight.config.TestSecurityConfig, org.springframework.boot.autoconfigure.security.servlet.SecurityAutoConfiguration, org.springframework.boot.autoconfigure.security.servlet.SecurityFilterAutoConfiguration, org.springframework.boot.autoconfigure.security.servlet.UserDetailsServiceAutoConfiguration, org.springframework.boot.autoconfigure.security.oauth2.resource.servlet.OAuth2ResourceServerAutoConfiguration, org.springframework.boot.test.autoconfigure.web.servlet.MockMvcSecurityConfiguration, org.springframework.boot.test.autoconfigure.web.servlet.MockMvcWebClientAutoConfiguration, org.springframework.boot.test.autoconfigure.web.reactive.WebTestClientAutoConfiguration]], org.springframework.boot.test.context.filter.ExcludeFilterContextCustomizer@1f75a668, org.springframework.boot.test.json.DuplicateJsonObjectContextCustomizerFactory$DuplicateJsonObjectContextCustomizer@2812b107, org.springframework.boot.test.mock.mockito.MockitoContextCustomizer@0, org.springframework.boot.test.web.client.TestRestTemplateContextCustomizer@4eaf3684, org.springframework.boot.test.web.reactor.netty.DisableReactorResourceFactoryGlobalResourcesContextCustomizerFactory$DisableReactorResourceFactoryGlobalResourcesContextCustomizerCustomizer@4416d64f, org.springframework.boot.test.autoconfigure.actuate.observability.ObservabilityContextCustomizerFactory$DisableObservabilityContextCustomizer@1f, org.springframework.boot.test.autoconfigure.properties.PropertyMappingContextCustomizer@4b3fa0b3, org.springframework.boot.test.autoconfigure.web.servlet.WebDriverContextCustomizer@3b8f0a79, org.springframework.boot.test.context.SpringBootTestAnnotation@d0f4dd2a], resourceBasePath = "src/main/webapp", contextLoader = org.springframework.boot.test.context.SpringBootContextLoader, parent = null]
	at org.springframework.test.context.cache.DefaultCacheAwareContextLoaderDelegate.loadContext(DefaultCacheAwareContextLoaderDelegate.java:145)
	at org.springframework.test.context.support.DefaultTestContext.getApplicationContext(DefaultTestContext.java:130)
	at org.springframework.test.context.web.ServletTestExecutionListener.setUpRequestContextIfNecessary(ServletTestExecutionListener.java:191)
	at org.springframework.test.context.web.ServletTestExecutionListener.prepareTestInstance(ServletTestExecutionListener.java:130)
	at org.springframework.test.context.TestContextManager.prepareTestInstance(TestContextManager.java:260)
	at org.springframework.test.context.junit.jupiter.SpringExtension.postProcessTestInstance(SpringExtension.java:163)
	at java.base/java.util.stream.ReferencePipeline$3$1.accept(ReferencePipeline.java:197)
	at java.base/java.util.stream.ReferencePipeline$2$1.accept(ReferencePipeline.java:179)
	at java.base/java.util.ArrayList$ArrayListSpliterator.forEachRemaining(ArrayList.java:1708)
	at java.base/java.util.stream.AbstractPipeline.copyInto(AbstractPipeline.java:509)
	at java.base/java.util.stream.AbstractPipeline.wrapAndCopyInto(AbstractPipeline.java:499)
	at java.base/java.util.stream.StreamSpliterators$WrappingSpliterator.forEachRemaining(StreamSpliterators.java:310)
	at java.base/java.util.stream.Streams$ConcatSpliterator.forEachRemaining(Streams.java:735)
	at java.base/java.util.stream.Streams$ConcatSpliterator.forEachRemaining(Streams.java:734)
	at java.base/java.util.stream.ReferencePipeline$Head.forEach(ReferencePipeline.java:762)
	at java.base/java.util.Optional.orElseGet(Optional.java:364)
	at java.base/java.util.ArrayList.forEach(ArrayList.java:1596)
	at java.base/java.util.ArrayList.forEach(ArrayList.java:1596)

[INFO] Running se.inera.nll.nlllight.api.controller.PrescriberControllerIntegrationTest
2025-10-12T09:06:31.169Z  INFO 144 --- [nll-light-api-test] [           main] t.c.s.AnnotationConfigContextLoaderUtils : Could not detect default configuration classes for test class [se.inera.nll.nlllight.api.controller.PrescriberControllerIntegrationTest]: PrescriberControllerIntegrationTest does not declare any static, non-private, non-final, nested classes annotated with @Configuration.
2025-10-12T09:06:31.186Z  INFO 144 --- [nll-light-api-test] [           main] .b.t.c.SpringBootTestContextBootstrapper : Found @SpringBootConfiguration se.inera.nll.nlllight.api.NllLightApiApplication for test class se.inera.nll.nlllight.api.controller.PrescriberControllerIntegrationTest
2025-10-12T09:06:31.198Z  WARN 144 --- [nll-light-api-test] [           main] o.s.test.context.TestContextManager      : Caught exception while allowing TestExecutionListener [org.springframework.test.context.web.ServletTestExecutionListener] to prepare test instance [se.inera.nll.nlllight.api.controller.PrescriberControllerIntegrationTest@67bd351e]

java.lang.IllegalStateException: ApplicationContext failure threshold (1) exceeded: skipping repeated attempt to load context for [WebMergedContextConfiguration@4978777f testClass = se.inera.nll.nlllight.api.controller.PrescriberControllerIntegrationTest, locations = [], classes = [se.inera.nll.nlllight.api.NllLightApiApplication], contextInitializerClasses = [], activeProfiles = ["test"], propertySourceDescriptors = [], propertySourceProperties = ["org.springframework.boot.test.context.SpringBootTestContextBootstrapper=true"], contextCustomizers = [[ImportsContextCustomizer@7bc6935c key = [org.springframework.boot.test.autoconfigure.web.servlet.MockMvcWebDriverAutoConfiguration, org.springframework.boot.test.autoconfigure.web.servlet.MockMvcAutoConfiguration, org.springframework.boot.autoconfigure.security.oauth2.client.servlet.OAuth2ClientAutoConfiguration, se.inera.nll.nlllight.config.TestSecurityConfig, org.springframework.boot.autoconfigure.security.servlet.SecurityAutoConfiguration, org.springframework.boot.autoconfigure.security.servlet.SecurityFilterAutoConfiguration, org.springframework.boot.autoconfigure.security.servlet.UserDetailsServiceAutoConfiguration, org.springframework.boot.autoconfigure.security.oauth2.resource.servlet.OAuth2ResourceServerAutoConfiguration, org.springframework.boot.test.autoconfigure.web.servlet.MockMvcSecurityConfiguration, org.springframework.boot.test.autoconfigure.web.servlet.MockMvcWebClientAutoConfiguration, org.springframework.boot.test.autoconfigure.web.reactive.WebTestClientAutoConfiguration]], org.springframework.boot.test.context.filter.ExcludeFilterContextCustomizer@1f75a668, org.springframework.boot.test.json.DuplicateJsonObjectContextCustomizerFactory$DuplicateJsonObjectContextCustomizer@2812b107, org.springframework.boot.test.mock.mockito.MockitoContextCustomizer@0, org.springframework.boot.test.web.client.TestRestTemplateContextCustomizer@4eaf3684, org.springframework.boot.test.web.reactor.netty.DisableReactorResourceFactoryGlobalResourcesContextCustomizerFactory$DisableReactorResourceFactoryGlobalResourcesContextCustomizerCustomizer@4416d64f, org.springframework.boot.test.autoconfigure.actuate.observability.ObservabilityContextCustomizerFactory$DisableObservabilityContextCustomizer@1f, org.springframework.boot.test.autoconfigure.properties.PropertyMappingContextCustomizer@4b3fa0b3, org.springframework.boot.test.autoconfigure.web.servlet.WebDriverContextCustomizer@3b8f0a79, org.springframework.boot.test.context.SpringBootTestAnnotation@d0f4dd2a], resourceBasePath = "src/main/webapp", contextLoader = org.springframework.boot.test.context.SpringBootContextLoader, parent = null]
	at org.springframework.test.context.cache.DefaultCacheAwareContextLoaderDelegate.loadContext(DefaultCacheAwareContextLoaderDelegate.java:145) ~[spring-test-6.1.12.jar:6.1.12]
	at org.springframework.test.context.support.DefaultTestContext.getApplicationContext(DefaultTestContext.java:130) ~[spring-test-6.1.12.jar:6.1.12]
	at org.springframework.test.context.web.ServletTestExecutionListener.setUpRequestContextIfNecessary(ServletTestExecutionListener.java:191) ~[spring-test-6.1.12.jar:6.1.12]
	at org.springframework.test.context.web.ServletTestExecutionListener.prepareTestInstance(ServletTestExecutionListener.java:130) ~[spring-test-6.1.12.jar:6.1.12]
	at org.springframework.test.context.TestContextManager.prepareTestInstance(TestContextManager.java:260) ~[spring-test-6.1.12.jar:6.1.12]
	at org.springframework.test.context.junit.jupiter.SpringExtension.postProcessTestInstance(SpringExtension.java:163) ~[spring-test-6.1.12.jar:6.1.12]
	at org.junit.jupiter.engine.descriptor.ClassBasedTestDescriptor.lambda$invokeTestInstancePostProcessors$10(ClassBasedTestDescriptor.java:378) ~[junit-jupiter-engine-5.10.3.jar:5.10.3]
	at org.junit.jupiter.engine.descriptor.ClassBasedTestDescriptor.executeAndMaskThrowable(ClassBasedTestDescriptor.java:383) ~[junit-jupiter-engine-5.10.3.jar:5.10.3]
	at org.junit.jupiter.engine.descriptor.ClassBasedTestDescriptor.lambda$invokeTestInstancePostProcessors$11(ClassBasedTestDescriptor.java:378) ~[junit-jupiter-engine-5.10.3.jar:5.10.3]
	at java.base/java.util.stream.ReferencePipeline$3$1.accept(ReferencePipeline.java:197) ~[na:na]
	at java.base/java.util.stream.ReferencePipeline$2$1.accept(ReferencePipeline.java:179) ~[na:na]
	at java.base/java.util.ArrayList$ArrayListSpliterator.forEachRemaining(ArrayList.java:1708) ~[na:na]
	at java.base/java.util.stream.AbstractPipeline.copyInto(AbstractPipeline.java:509) ~[na:na]
	at java.base/java.util.stream.AbstractPipeline.wrapAndCopyInto(AbstractPipeline.java:499) ~[na:na]
	at java.base/java.util.stream.StreamSpliterators$WrappingSpliterator.forEachRemaining(StreamSpliterators.java:310) ~[na:na]
	at java.base/java.util.stream.Streams$ConcatSpliterator.forEachRemaining(Streams.java:735) ~[na:na]
	at java.base/java.util.stream.Streams$ConcatSpliterator.forEachRemaining(Streams.java:734) ~[na:na]
	at java.base/java.util.stream.ReferencePipeline$Head.forEach(ReferencePipeline.java:762) ~[na:na]
	at org.junit.jupiter.engine.descriptor.ClassBasedTestDescriptor.invokeTestInstancePostProcessors(ClassBasedTestDescriptor.java:377) ~[junit-jupiter-engine-5.10.3.jar:5.10.3]
	at org.junit.jupiter.engine.descriptor.ClassBasedTestDescriptor.lambda$instantiateAndPostProcessTestInstance$6(ClassBasedTestDescriptor.java:290) ~[junit-jupiter-engine-5.10.3.jar:5.10.3]
	at org.junit.platform.engine.support.hierarchical.ThrowableCollector.execute(ThrowableCollector.java:73) ~[junit-platform-engine-1.10.3.jar:1.10.3]
	at org.junit.jupiter.engine.descriptor.ClassBasedTestDescriptor.instantiateAndPostProcessTestInstance(ClassBasedTestDescriptor.java:289) ~[junit-jupiter-engine-5.10.3.jar:5.10.3]
	at org.junit.jupiter.engine.descriptor.ClassBasedTestDescriptor.lambda$testInstancesProvider$4(ClassBasedTestDescriptor.java:279) ~[junit-jupiter-engine-5.10.3.jar:5.10.3]
	at java.base/java.util.Optional.orElseGet(Optional.java:364) ~[na:na]
	at org.junit.jupiter.engine.descriptor.ClassBasedTestDescriptor.lambda$testInstancesProvider$5(ClassBasedTestDescriptor.java:278) ~[junit-jupiter-engine-5.10.3.jar:5.10.3]
	at org.junit.jupiter.engine.execution.TestInstancesProvider.getTestInstances(TestInstancesProvider.java:31) ~[junit-jupiter-engine-5.10.3.jar:5.10.3]
	at org.junit.jupiter.engine.descriptor.TestMethodTestDescriptor.lambda$prepare$0(TestMethodTestDescriptor.java:106) ~[junit-jupiter-engine-5.10.3.jar:5.10.3]
	at org.junit.platform.engine.support.hierarchical.ThrowableCollector.execute(ThrowableCollector.java:73) ~[junit-platform-engine-1.10.3.jar:1.10.3]
	at org.junit.jupiter.engine.descriptor.TestMethodTestDescriptor.prepare(TestMethodTestDescriptor.java:105) ~[junit-jupiter-engine-5.10.3.jar:5.10.3]
	at org.junit.jupiter.engine.descriptor.TestMethodTestDescriptor.prepare(TestMethodTestDescriptor.java:69) ~[junit-jupiter-engine-5.10.3.jar:5.10.3]
	at org.junit.platform.engine.support.hierarchical.NodeTestTask.lambda$prepare$2(NodeTestTask.java:123) ~[junit-platform-engine-1.10.3.jar:1.10.3]
	at org.junit.platform.engine.support.hierarchical.ThrowableCollector.execute(ThrowableCollector.java:73) ~[junit-platform-engine-1.10.3.jar:1.10.3]
	at org.junit.platform.engine.support.hierarchical.NodeTestTask.prepare(NodeTestTask.java:123) ~[junit-platform-engine-1.10.3.jar:1.10.3]
	at org.junit.platform.engine.support.hierarchical.NodeTestTask.execute(NodeTestTask.java:90) ~[junit-platform-engine-1.10.3.jar:1.10.3]
	at java.base/java.util.ArrayList.forEach(ArrayList.java:1596) ~[na:na]
	at org.junit.platform.engine.support.hierarchical.SameThreadHierarchicalTestExecutorService.invokeAll(SameThreadHierarchicalTestExecutorService.java:41) ~[junit-platform-engine-1.10.3.jar:1.10.3]
	at org.junit.platform.engine.support.hierarchical.NodeTestTask.lambda$executeRecursively$6(NodeTestTask.java:155) ~[junit-platform-engine-1.10.3.jar:1.10.3]
	at org.junit.platform.engine.support.hierarchical.ThrowableCollector.execute(ThrowableCollector.java:73) ~[junit-platform-engine-1.10.3.jar:1.10.3]
	at org.junit.platform.engine.support.hierarchical.NodeTestTask.lambda$executeRecursively$8(NodeTestTask.java:141) ~[junit-platform-engine-1.10.3.jar:1.10.3]
	at org.junit.platform.engine.support.hierarchical.Node.around(Node.java:137) ~[junit-platform-engine-1.10.3.jar:1.10.3]
	at org.junit.platform.engine.support.hierarchical.NodeTestTask.lambda$executeRecursively$9(NodeTestTask.java:139) ~[junit-platform-engine-1.10.3.jar:1.10.3]
	at org.junit.platform.engine.support.hierarchical.ThrowableCollector.execute(ThrowableCollector.java:73) ~[junit-platform-engine-1.10.3.jar:1.10.3]
	at org.junit.platform.engine.support.hierarchical.NodeTestTask.executeRecursively(NodeTestTask.java:138) ~[junit-platform-engine-1.10.3.jar:1.10.3]
	at org.junit.platform.engine.support.hierarchical.NodeTestTask.execute(NodeTestTask.java:95) ~[junit-platform-engine-1.10.3.jar:1.10.3]
	at java.base/java.util.ArrayList.forEach(ArrayList.java:1596) ~[na:na]
	at org.junit.platform.engine.support.hierarchical.SameThreadHierarchicalTestExecutorService.invokeAll(SameThreadHierarchicalTestExecutorService.java:41) ~[junit-platform-engine-1.10.3.jar:1.10.3]
	at org.junit.platform.engine.support.hierarchical.NodeTestTask.lambda$executeRecursively$6(NodeTestTask.java:155) ~[junit-platform-engine-1.10.3.jar:1.10.3]
	at org.junit.platform.engine.support.hierarchical.ThrowableCollector.execute(ThrowableCollector.java:73) ~[junit-platform-engine-1.10.3.jar:1.10.3]
	at org.junit.platform.engine.support.hierarchical.NodeTestTask.lambda$executeRecursively$8(NodeTestTask.java:141) ~[junit-platform-engine-1.10.3.jar:1.10.3]
	at org.junit.platform.engine.support.hierarchical.Node.around(Node.java:137) ~[junit-platform-engine-1.10.3.jar:1.10.3]
	at org.junit.platform.engine.support.hierarchical.NodeTestTask.lambda$executeRecursively$9(NodeTestTask.java:139) ~[junit-platform-engine-1.10.3.jar:1.10.3]
	at org.junit.platform.engine.support.hierarchical.ThrowableCollector.execute(ThrowableCollector.java:73) ~[junit-platform-engine-1.10.3.jar:1.10.3]
	at org.junit.platform.engine.support.hierarchical.NodeTestTask.executeRecursively(NodeTestTask.java:138) ~[junit-platform-engine-1.10.3.jar:1.10.3]
	at org.junit.platform.engine.support.hierarchical.NodeTestTask.execute(NodeTestTask.java:95) ~[junit-platform-engine-1.10.3.jar:1.10.3]
	at org.junit.platform.engine.support.hierarchical.SameThreadHierarchicalTestExecutorService.submit(SameThreadHierarchicalTestExecutorService.java:35) ~[junit-platform-engine-1.10.3.jar:1.10.3]
	at org.junit.platform.engine.support.hierarchical.HierarchicalTestExecutor.execute(HierarchicalTestExecutor.java:57) ~[junit-platform-engine-1.10.3.jar:1.10.3]
	at org.junit.platform.engine.support.hierarchical.HierarchicalTestEngine.execute(HierarchicalTestEngine.java:54) ~[junit-platform-engine-1.10.3.jar:1.10.3]
	at org.junit.platform.launcher.core.EngineExecutionOrchestrator.execute(EngineExecutionOrchestrator.java:198) ~[junit-platform-launcher-1.10.3.jar:1.10.3]
	at org.junit.platform.launcher.core.EngineExecutionOrchestrator.execute(EngineExecutionOrchestrator.java:169) ~[junit-platform-launcher-1.10.3.jar:1.10.3]
	at org.junit.platform.launcher.core.EngineExecutionOrchestrator.execute(EngineExecutionOrchestrator.java:93) ~[junit-platform-launcher-1.10.3.jar:1.10.3]
	at org.junit.platform.launcher.core.EngineExecutionOrchestrator.lambda$execute$0(EngineExecutionOrchestrator.java:58) ~[junit-platform-launcher-1.10.3.jar:1.10.3]
	at org.junit.platform.launcher.core.EngineExecutionOrchestrator.withInterceptedStreams(EngineExecutionOrchestrator.java:141) ~[junit-platform-launcher-1.10.3.jar:1.10.3]
	at org.junit.platform.launcher.core.EngineExecutionOrchestrator.execute(EngineExecutionOrchestrator.java:57) ~[junit-platform-launcher-1.10.3.jar:1.10.3]
	at org.junit.platform.launcher.core.DefaultLauncher.execute(DefaultLauncher.java:103) ~[junit-platform-launcher-1.10.3.jar:1.10.3]
	at org.junit.platform.launcher.core.DefaultLauncher.execute(DefaultLauncher.java:85) ~[junit-platform-launcher-1.10.3.jar:1.10.3]
	at org.junit.platform.launcher.core.DelegatingLauncher.execute(DelegatingLauncher.java:47) ~[junit-platform-launcher-1.10.3.jar:1.10.3]
	at org.apache.maven.surefire.junitplatform.LazyLauncher.execute(LazyLauncher.java:56) ~[surefire-junit-platform-3.2.5.jar:3.2.5]
	at org.apache.maven.surefire.junitplatform.JUnitPlatformProvider.execute(JUnitPlatformProvider.java:184) ~[surefire-junit-platform-3.2.5.jar:3.2.5]
	at org.apache.maven.surefire.junitplatform.JUnitPlatformProvider.invokeAllTests(JUnitPlatformProvider.java:148) ~[surefire-junit-platform-3.2.5.jar:3.2.5]
	at org.apache.maven.surefire.junitplatform.JUnitPlatformProvider.invoke(JUnitPlatformProvider.java:122) ~[surefire-junit-platform-3.2.5.jar:3.2.5]
	at org.apache.maven.surefire.booter.ForkedBooter.runSuitesInProcess(ForkedBooter.java:385) ~[surefire-booter-3.2.5.jar:3.2.5]
	at org.apache.maven.surefire.booter.ForkedBooter.execute(ForkedBooter.java:162) ~[surefire-booter-3.2.5.jar:3.2.5]
	at org.apache.maven.surefire.booter.ForkedBooter.run(ForkedBooter.java:507) ~[surefire-booter-3.2.5.jar:3.2.5]
	at org.apache.maven.surefire.booter.ForkedBooter.main(ForkedBooter.java:495) ~[surefire-booter-3.2.5.jar:3.2.5]

2025-10-12T09:06:31.205Z  WARN 144 --- [nll-light-api-test] [           main] o.s.test.context.TestContextManager      : Caught exception while allowing TestExecutionListener [org.springframework.test.context.web.ServletTestExecutionListener] to prepare test instance [se.inera.nll.nlllight.api.controller.PrescriberControllerIntegrationTest@468e8565]

java.lang.IllegalStateException: ApplicationContext failure threshold (1) exceeded: skipping repeated attempt to load context for [WebMergedContextConfiguration@4978777f testClass = se.inera.nll.nlllight.api.controller.PrescriberControllerIntegrationTest, locations = [], classes = [se.inera.nll.nlllight.api.NllLightApiApplication], contextInitializerClasses = [], activeProfiles = ["test"], propertySourceDescriptors = [], propertySourceProperties = ["org.springframework.boot.test.context.SpringBootTestContextBootstrapper=true"], contextCustomizers = [[ImportsContextCustomizer@7bc6935c key = [org.springframework.boot.test.autoconfigure.web.servlet.MockMvcWebDriverAutoConfiguration, org.springframework.boot.test.autoconfigure.web.servlet.MockMvcAutoConfiguration, org.springframework.boot.autoconfigure.security.oauth2.client.servlet.OAuth2ClientAutoConfiguration, se.inera.nll.nlllight.config.TestSecurityConfig, org.springframework.boot.autoconfigure.security.servlet.SecurityAutoConfiguration, org.springframework.boot.autoconfigure.security.servlet.SecurityFilterAutoConfiguration, org.springframework.boot.autoconfigure.security.servlet.UserDetailsServiceAutoConfiguration, org.springframework.boot.autoconfigure.security.oauth2.resource.servlet.OAuth2ResourceServerAutoConfiguration, org.springframework.boot.test.autoconfigure.web.servlet.MockMvcSecurityConfiguration, org.springframework.boot.test.autoconfigure.web.servlet.MockMvcWebClientAutoConfiguration, org.springframework.boot.test.autoconfigure.web.reactive.WebTestClientAutoConfiguration]], org.springframework.boot.test.context.filter.ExcludeFilterContextCustomizer@1f75a668, org.springframework.boot.test.json.DuplicateJsonObjectContextCustomizerFactory$DuplicateJsonObjectContextCustomizer@2812b107, org.springframework.boot.test.mock.mockito.MockitoContextCustomizer@0, org.springframework.boot.test.web.client.TestRestTemplateContextCustomizer@4eaf3684, org.springframework.boot.test.web.reactor.netty.DisableReactorResourceFactoryGlobalResourcesContextCustomizerFactory$DisableReactorResourceFactoryGlobalResourcesContextCustomizerCustomizer@4416d64f, org.springframework.boot.test.autoconfigure.actuate.observability.ObservabilityContextCustomizerFactory$DisableObservabilityContextCustomizer@1f, org.springframework.boot.test.autoconfigure.properties.PropertyMappingContextCustomizer@4b3fa0b3, org.springframework.boot.test.autoconfigure.web.servlet.WebDriverContextCustomizer@3b8f0a79, org.springframework.boot.test.context.SpringBootTestAnnotation@d0f4dd2a], resourceBasePath = "src/main/webapp", contextLoader = org.springframework.boot.test.context.SpringBootContextLoader, parent = null]
	at org.springframework.test.context.cache.DefaultCacheAwareContextLoaderDelegate.loadContext(DefaultCacheAwareContextLoaderDelegate.java:145) ~[spring-test-6.1.12.jar:6.1.12]
	at org.springframework.test.context.support.DefaultTestContext.getApplicationContext(DefaultTestContext.java:130) ~[spring-test-6.1.12.jar:6.1.12]
	at org.springframework.test.context.web.ServletTestExecutionListener.setUpRequestContextIfNecessary(ServletTestExecutionListener.java:191) ~[spring-test-6.1.12.jar:6.1.12]
	at org.springframework.test.context.web.ServletTestExecutionListener.prepareTestInstance(ServletTestExecutionListener.java:130) ~[spring-test-6.1.12.jar:6.1.12]
	at org.springframework.test.context.TestContextManager.prepareTestInstance(TestContextManager.java:260) ~[spring-test-6.1.12.jar:6.1.12]
	at org.springframework.test.context.junit.jupiter.SpringExtension.postProcessTestInstance(SpringExtension.java:163) ~[spring-test-6.1.12.jar:6.1.12]
	at org.junit.jupiter.engine.descriptor.ClassBasedTestDescriptor.lambda$invokeTestInstancePostProcessors$10(ClassBasedTestDescriptor.java:378) ~[junit-jupiter-engine-5.10.3.jar:5.10.3]
	at org.junit.jupiter.engine.descriptor.ClassBasedTestDescriptor.executeAndMaskThrowable(ClassBasedTestDescriptor.java:383) ~[junit-jupiter-engine-5.10.3.jar:5.10.3]
	at org.junit.jupiter.engine.descriptor.ClassBasedTestDescriptor.lambda$invokeTestInstancePostProcessors$11(ClassBasedTestDescriptor.java:378) ~[junit-jupiter-engine-5.10.3.jar:5.10.3]
	at java.base/java.util.stream.ReferencePipeline$3$1.accept(ReferencePipeline.java:197) ~[na:na]
	at java.base/java.util.stream.ReferencePipeline$2$1.accept(ReferencePipeline.java:179) ~[na:na]
	at java.base/java.util.ArrayList$ArrayListSpliterator.forEachRemaining(ArrayList.java:1708) ~[na:na]
	at java.base/java.util.stream.AbstractPipeline.copyInto(AbstractPipeline.java:509) ~[na:na]
	at java.base/java.util.stream.AbstractPipeline.wrapAndCopyInto(AbstractPipeline.java:499) ~[na:na]
	at java.base/java.util.stream.StreamSpliterators$WrappingSpliterator.forEachRemaining(StreamSpliterators.java:310) ~[na:na]
	at java.base/java.util.stream.Streams$ConcatSpliterator.forEachRemaining(Streams.java:735) ~[na:na]
	at java.base/java.util.stream.Streams$ConcatSpliterator.forEachRemaining(Streams.java:734) ~[na:na]
	at java.base/java.util.stream.ReferencePipeline$Head.forEach(ReferencePipeline.java:762) ~[na:na]
	at org.junit.jupiter.engine.descriptor.ClassBasedTestDescriptor.invokeTestInstancePostProcessors(ClassBasedTestDescriptor.java:377) ~[junit-jupiter-engine-5.10.3.jar:5.10.3]
	at org.junit.jupiter.engine.descriptor.ClassBasedTestDescriptor.lambda$instantiateAndPostProcessTestInstance$6(ClassBasedTestDescriptor.java:290) ~[junit-jupiter-engine-5.10.3.jar:5.10.3]
	at org.junit.platform.engine.support.hierarchical.ThrowableCollector.execute(ThrowableCollector.java:73) ~[junit-platform-engine-1.10.3.jar:1.10.3]
	at org.junit.jupiter.engine.descriptor.ClassBasedTestDescriptor.instantiateAndPostProcessTestInstance(ClassBasedTestDescriptor.java:289) ~[junit-jupiter-engine-5.10.3.jar:5.10.3]
	at org.junit.jupiter.engine.descriptor.ClassBasedTestDescriptor.lambda$testInstancesProvider$4(ClassBasedTestDescriptor.java:279) ~[junit-jupiter-engine-5.10.3.jar:5.10.3]
	at java.base/java.util.Optional.orElseGet(Optional.java:364) ~[na:na]
	at org.junit.jupiter.engine.descriptor.ClassBasedTestDescriptor.lambda$testInstancesProvider$5(ClassBasedTestDescriptor.java:278) ~[junit-jupiter-engine-5.10.3.jar:5.10.3]
	at org.junit.jupiter.engine.execution.TestInstancesProvider.getTestInstances(TestInstancesProvider.java:31) ~[junit-jupiter-engine-5.10.3.jar:5.10.3]
	at org.junit.jupiter.engine.descriptor.TestMethodTestDescriptor.lambda$prepare$0(TestMethodTestDescriptor.java:106) ~[junit-jupiter-engine-5.10.3.jar:5.10.3]
	at org.junit.platform.engine.support.hierarchical.ThrowableCollector.execute(ThrowableCollector.java:73) ~[junit-platform-engine-1.10.3.jar:1.10.3]
	at org.junit.jupiter.engine.descriptor.TestMethodTestDescriptor.prepare(TestMethodTestDescriptor.java:105) ~[junit-jupiter-engine-5.10.3.jar:5.10.3]
	at org.junit.jupiter.engine.descriptor.TestMethodTestDescriptor.prepare(TestMethodTestDescriptor.java:69) ~[junit-jupiter-engine-5.10.3.jar:5.10.3]
	at org.junit.platform.engine.support.hierarchical.NodeTestTask.lambda$prepare$2(NodeTestTask.java:123) ~[junit-platform-engine-1.10.3.jar:1.10.3]
	at org.junit.platform.engine.support.hierarchical.ThrowableCollector.execute(ThrowableCollector.java:73) ~[junit-platform-engine-1.10.3.jar:1.10.3]
	at org.junit.platform.engine.support.hierarchical.NodeTestTask.prepare(NodeTestTask.java:123) ~[junit-platform-engine-1.10.3.jar:1.10.3]
	at org.junit.platform.engine.support.hierarchical.NodeTestTask.execute(NodeTestTask.java:90) ~[junit-platform-engine-1.10.3.jar:1.10.3]
	at java.base/java.util.ArrayList.forEach(ArrayList.java:1596) ~[na:na]
	at org.junit.platform.engine.support.hierarchical.SameThreadHierarchicalTestExecutorService.invokeAll(SameThreadHierarchicalTestExecutorService.java:41) ~[junit-platform-engine-1.10.3.jar:1.10.3]
	at org.junit.platform.engine.support.hierarchical.NodeTestTask.lambda$executeRecursively$6(NodeTestTask.java:155) ~[junit-platform-engine-1.10.3.jar:1.10.3]
	at org.junit.platform.engine.support.hierarchical.ThrowableCollector.execute(ThrowableCollector.java:73) ~[junit-platform-engine-1.10.3.jar:1.10.3]
	at org.junit.platform.engine.support.hierarchical.NodeTestTask.lambda$executeRecursively$8(NodeTestTask.java:141) ~[junit-platform-engine-1.10.3.jar:1.10.3]
	at org.junit.platform.engine.support.hierarchical.Node.around(Node.java:137) ~[junit-platform-engine-1.10.3.jar:1.10.3]
	at org.junit.platform.engine.support.hierarchical.NodeTestTask.lambda$executeRecursively$9(NodeTestTask.java:139) ~[junit-platform-engine-1.10.3.jar:1.10.3]
	at org.junit.platform.engine.support.hierarchical.ThrowableCollector.execute(ThrowableCollector.java:73) ~[junit-platform-engine-1.10.3.jar:1.10.3]
	at org.junit.platform.engine.support.hierarchical.NodeTestTask.executeRecursively(NodeTestTask.java:138) ~[junit-platform-engine-1.10.3.jar:1.10.3]
	at org.junit.platform.engine.support.hierarchical.NodeTestTask.execute(NodeTestTask.java:95) ~[junit-platform-engine-1.10.3.jar:1.10.3]
	at java.base/java.util.ArrayList.forEach(ArrayList.java:1596) ~[na:na]
	at org.junit.platform.engine.support.hierarchical.SameThreadHierarchicalTestExecutorService.invokeAll(SameThreadHierarchicalTestExecutorService.java:41) ~[junit-platform-engine-1.10.3.jar:1.10.3]
	at org.junit.platform.engine.support.hierarchical.NodeTestTask.lambda$executeRecursively$6(NodeTestTask.java:155) ~[junit-platform-engine-1.10.3.jar:1.10.3]
	at org.junit.platform.engine.support.hierarchical.ThrowableCollector.execute(ThrowableCollector.java:73) ~[junit-platform-engine-1.10.3.jar:1.10.3]
	at org.junit.platform.engine.support.hierarchical.NodeTestTask.lambda$executeRecursively$8(NodeTestTask.java:141) ~[junit-platform-engine-1.10.3.jar:1.10.3]
	at org.junit.platform.engine.support.hierarchical.Node.around(Node.java:137) ~[junit-platform-engine-1.10.3.jar:1.10.3]
	at org.junit.platform.engine.support.hierarchical.NodeTestTask.lambda$executeRecursively$9(NodeTestTask.java:139) ~[junit-platform-engine-1.10.3.jar:1.10.3]
	at org.junit.platform.engine.support.hierarchical.ThrowableCollector.execute(ThrowableCollector.java:73) ~[junit-platform-engine-1.10.3.jar:1.10.3]
	at org.junit.platform.engine.support.hierarchical.NodeTestTask.executeRecursively(NodeTestTask.java:138) ~[junit-platform-engine-1.10.3.jar:1.10.3]
	at org.junit.platform.engine.support.hierarchical.NodeTestTask.execute(NodeTestTask.java:95) ~[junit-platform-engine-1.10.3.jar:1.10.3]
	at org.junit.platform.engine.support.hierarchical.SameThreadHierarchicalTestExecutorService.submit(SameThreadHierarchicalTestExecutorService.java:35) ~[junit-platform-engine-1.10.3.jar:1.10.3]
	at org.junit.platform.engine.support.hierarchical.HierarchicalTestExecutor.execute(HierarchicalTestExecutor.java:57) ~[junit-platform-engine-1.10.3.jar:1.10.3]
	at org.junit.platform.engine.support.hierarchical.HierarchicalTestEngine.execute(HierarchicalTestEngine.java:54) ~[junit-platform-engine-1.10.3.jar:1.10.3]
	at org.junit.platform.launcher.core.EngineExecutionOrchestrator.execute(EngineExecutionOrchestrator.java:198) ~[junit-platform-launcher-1.10.3.jar:1.10.3]
	at org.junit.platform.launcher.core.EngineExecutionOrchestrator.execute(EngineExecutionOrchestrator.java:169) ~[junit-platform-launcher-1.10.3.jar:1.10.3]
	at org.junit.platform.launcher.core.EngineExecutionOrchestrator.execute(EngineExecutionOrchestrator.java:93) ~[junit-platform-launcher-1.10.3.jar:1.10.3]
	at org.junit.platform.launcher.core.EngineExecutionOrchestrator.lambda$execute$0(EngineExecutionOrchestrator.java:58) ~[junit-platform-launcher-1.10.3.jar:1.10.3]
	at org.junit.platform.launcher.core.EngineExecutionOrchestrator.withInterceptedStreams(EngineExecutionOrchestrator.java:141) ~[junit-platform-launcher-1.10.3.jar:1.10.3]
	at org.junit.platform.launcher.core.EngineExecutionOrchestrator.execute(EngineExecutionOrchestrator.java:57) ~[junit-platform-launcher-1.10.3.jar:1.10.3]
	at org.junit.platform.launcher.core.DefaultLauncher.execute(DefaultLauncher.java:103) ~[junit-platform-launcher-1.10.3.jar:1.10.3]
	at org.junit.platform.launcher.core.DefaultLauncher.execute(DefaultLauncher.java:85) ~[junit-platform-launcher-1.10.3.jar:1.10.3]
	at org.junit.platform.launcher.core.DelegatingLauncher.execute(DelegatingLauncher.java:47) ~[junit-platform-launcher-1.10.3.jar:1.10.3]
	at org.apache.maven.surefire.junitplatform.LazyLauncher.execute(LazyLauncher.java:56) ~[surefire-junit-platform-3.2.5.jar:3.2.5]
	at org.apache.maven.surefire.junitplatform.JUnitPlatformProvider.execute(JUnitPlatformProvider.java:184) ~[surefire-junit-platform-3.2.5.jar:3.2.5]
	at org.apache.maven.surefire.junitplatform.JUnitPlatformProvider.invokeAllTests(JUnitPlatformProvider.java:148) ~[surefire-junit-platform-3.2.5.jar:3.2.5]
	at org.apache.maven.surefire.junitplatform.JUnitPlatformProvider.invoke(JUnitPlatformProvider.java:122) ~[surefire-junit-platform-3.2.5.jar:3.2.5]
	at org.apache.maven.surefire.booter.ForkedBooter.runSuitesInProcess(ForkedBooter.java:385) ~[surefire-booter-3.2.5.jar:3.2.5]
	at org.apache.maven.surefire.booter.ForkedBooter.execute(ForkedBooter.java:162) ~[surefire-booter-3.2.5.jar:3.2.5]
	at org.apache.maven.surefire.booter.ForkedBooter.run(ForkedBooter.java:507) ~[surefire-booter-3.2.5.jar:3.2.5]
	at org.apache.maven.surefire.booter.ForkedBooter.main(ForkedBooter.java:495) ~[surefire-booter-3.2.5.jar:3.2.5]

2025-10-12T09:06:31.208Z  WARN 144 --- [nll-light-api-test] [           main] o.s.test.context.TestContextManager      : Caught exception while allowing TestExecutionListener [org.springframework.test.context.web.ServletTestExecutionListener] to prepare test instance [se.inera.nll.nlllight.api.controller.PrescriberControllerIntegrationTest@7066363]

java.lang.IllegalStateException: ApplicationContext failure threshold (1) exceeded: skipping repeated attempt to load context for [WebMergedContextConfiguration@4978777f testClass = se.inera.nll.nlllight.api.controller.PrescriberControllerIntegrationTest, locations = [], classes = [se.inera.nll.nlllight.api.NllLightApiApplication], contextInitializerClasses = [], activeProfiles = ["test"], propertySourceDescriptors = [], propertySourceProperties = ["org.springframework.boot.test.context.SpringBootTestContextBootstrapper=true"], contextCustomizers = [[ImportsContextCustomizer@7bc6935c key = [org.springframework.boot.test.autoconfigure.web.servlet.MockMvcWebDriverAutoConfiguration, org.springframework.boot.test.autoconfigure.web.servlet.MockMvcAutoConfiguration, org.springframework.boot.autoconfigure.security.oauth2.client.servlet.OAuth2ClientAutoConfiguration, se.inera.nll.nlllight.config.TestSecurityConfig, org.springframework.boot.autoconfigure.security.servlet.SecurityAutoConfiguration, org.springframework.boot.autoconfigure.security.servlet.SecurityFilterAutoConfiguration, org.springframework.boot.autoconfigure.security.servlet.UserDetailsServiceAutoConfiguration, org.springframework.boot.autoconfigure.security.oauth2.resource.servlet.OAuth2ResourceServerAutoConfiguration, org.springframework.boot.test.autoconfigure.web.servlet.MockMvcSecurityConfiguration, org.springframework.boot.test.autoconfigure.web.servlet.MockMvcWebClientAutoConfiguration, org.springframework.boot.test.autoconfigure.web.reactive.WebTestClientAutoConfiguration]], org.springframework.boot.test.context.filter.ExcludeFilterContextCustomizer@1f75a668, org.springframework.boot.test.json.DuplicateJsonObjectContextCustomizerFactory$DuplicateJsonObjectContextCustomizer@2812b107, org.springframework.boot.test.mock.mockito.MockitoContextCustomizer@0, org.springframework.boot.test.web.client.TestRestTemplateContextCustomizer@4eaf3684, org.springframework.boot.test.web.reactor.netty.DisableReactorResourceFactoryGlobalResourcesContextCustomizerFactory$DisableReactorResourceFactoryGlobalResourcesContextCustomizerCustomizer@4416d64f, org.springframework.boot.test.autoconfigure.actuate.observability.ObservabilityContextCustomizerFactory$DisableObservabilityContextCustomizer@1f, org.springframework.boot.test.autoconfigure.properties.PropertyMappingContextCustomizer@4b3fa0b3, org.springframework.boot.test.autoconfigure.web.servlet.WebDriverContextCustomizer@3b8f0a79, org.springframework.boot.test.context.SpringBootTestAnnotation@d0f4dd2a], resourceBasePath = "src/main/webapp", contextLoader = org.springframework.boot.test.context.SpringBootContextLoader, parent = null]
	at org.springframework.test.context.cache.DefaultCacheAwareContextLoaderDelegate.loadContext(DefaultCacheAwareContextLoaderDelegate.java:145) ~[spring-test-6.1.12.jar:6.1.12]
	at org.springframework.test.context.support.DefaultTestContext.getApplicationContext(DefaultTestContext.java:130) ~[spring-test-6.1.12.jar:6.1.12]
	at org.springframework.test.context.web.ServletTestExecutionListener.setUpRequestContextIfNecessary(ServletTestExecutionListener.java:191) ~[spring-test-6.1.12.jar:6.1.12]
	at org.springframework.test.context.web.ServletTestExecutionListener.prepareTestInstance(ServletTestExecutionListener.java:130) ~[spring-test-6.1.12.jar:6.1.12]
	at org.springframework.test.context.TestContextManager.prepareTestInstance(TestContextManager.java:260) ~[spring-test-6.1.12.jar:6.1.12]
	at org.springframework.test.context.junit.jupiter.SpringExtension.postProcessTestInstance(SpringExtension.java:163) ~[spring-test-6.1.12.jar:6.1.12]
	at org.junit.jupiter.engine.descriptor.ClassBasedTestDescriptor.lambda$invokeTestInstancePostProcessors$10(ClassBasedTestDescriptor.java:378) ~[junit-jupiter-engine-5.10.3.jar:5.10.3]
	at org.junit.jupiter.engine.descriptor.ClassBasedTestDescriptor.executeAndMaskThrowable(ClassBasedTestDescriptor.java:383) ~[junit-jupiter-engine-5.10.3.jar:5.10.3]
	at org.junit.jupiter.engine.descriptor.ClassBasedTestDescriptor.lambda$invokeTestInstancePostProcessors$11(ClassBasedTestDescriptor.java:378) ~[junit-jupiter-engine-5.10.3.jar:5.10.3]
	at java.base/java.util.stream.ReferencePipeline$3$1.accept(ReferencePipeline.java:197) ~[na:na]
	at java.base/java.util.stream.ReferencePipeline$2$1.accept(ReferencePipeline.java:179) ~[na:na]
	at java.base/java.util.ArrayList$ArrayListSpliterator.forEachRemaining(ArrayList.java:1708) ~[na:na]
	at java.base/java.util.stream.AbstractPipeline.copyInto(AbstractPipeline.java:509) ~[na:na]
	at java.base/java.util.stream.AbstractPipeline.wrapAndCopyInto(AbstractPipeline.java:499) ~[na:na]
	at java.base/java.util.stream.StreamSpliterators$WrappingSpliterator.forEachRemaining(StreamSpliterators.java:310) ~[na:na]
	at java.base/java.util.stream.Streams$ConcatSpliterator.forEachRemaining(Streams.java:735) ~[na:na]
	at java.base/java.util.stream.Streams$ConcatSpliterator.forEachRemaining(Streams.java:734) ~[na:na]
	at java.base/java.util.stream.ReferencePipeline$Head.forEach(ReferencePipeline.java:762) ~[na:na]
	at org.junit.jupiter.engine.descriptor.ClassBasedTestDescriptor.invokeTestInstancePostProcessors(ClassBasedTestDescriptor.java:377) ~[junit-jupiter-engine-5.10.3.jar:5.10.3]
	at org.junit.jupiter.engine.descriptor.ClassBasedTestDescriptor.lambda$instantiateAndPostProcessTestInstance$6(ClassBasedTestDescriptor.java:290) ~[junit-jupiter-engine-5.10.3.jar:5.10.3]
	at org.junit.platform.engine.support.hierarchical.ThrowableCollector.execute(ThrowableCollector.java:73) ~[junit-platform-engine-1.10.3.jar:1.10.3]
	at org.junit.jupiter.engine.descriptor.ClassBasedTestDescriptor.instantiateAndPostProcessTestInstance(ClassBasedTestDescriptor.java:289) ~[junit-jupiter-engine-5.10.3.jar:5.10.3]
	at org.junit.jupiter.engine.descriptor.ClassBasedTestDescriptor.lambda$testInstancesProvider$4(ClassBasedTestDescriptor.java:279) ~[junit-jupiter-engine-5.10.3.jar:5.10.3]
	at java.base/java.util.Optional.orElseGet(Optional.java:364) ~[na:na]
	at org.junit.jupiter.engine.descriptor.ClassBasedTestDescriptor.lambda$testInstancesProvider$5(ClassBasedTestDescriptor.java:278) ~[junit-jupiter-engine-5.10.3.jar:5.10.3]
	at org.junit.jupiter.engine.execution.TestInstancesProvider.getTestInstances(TestInstancesProvider.java:31) ~[junit-jupiter-engine-5.10.3.jar:5.10.3]
	at org.junit.jupiter.engine.descriptor.TestMethodTestDescriptor.lambda$prepare$0(TestMethodTestDescriptor.java:106) ~[junit-jupiter-engine-5.10.3.jar:5.10.3]
	at org.junit.platform.engine.support.hierarchical.ThrowableCollector.execute(ThrowableCollector.java:73) ~[junit-platform-engine-1.10.3.jar:1.10.3]
	at org.junit.jupiter.engine.descriptor.TestMethodTestDescriptor.prepare(TestMethodTestDescriptor.java:105) ~[junit-jupiter-engine-5.10.3.jar:5.10.3]
	at org.junit.jupiter.engine.descriptor.TestMethodTestDescriptor.prepare(TestMethodTestDescriptor.java:69) ~[junit-jupiter-engine-5.10.3.jar:5.10.3]
	at org.junit.platform.engine.support.hierarchical.NodeTestTask.lambda$prepare$2(NodeTestTask.java:123) ~[junit-platform-engine-1.10.3.jar:1.10.3]
	at org.junit.platform.engine.support.hierarchical.ThrowableCollector.execute(ThrowableCollector.java:73) ~[junit-platform-engine-1.10.3.jar:1.10.3]
	at org.junit.platform.engine.support.hierarchical.NodeTestTask.prepare(NodeTestTask.java:123) ~[junit-platform-engine-1.10.3.jar:1.10.3]
	at org.junit.platform.engine.support.hierarchical.NodeTestTask.execute(NodeTestTask.java:90) ~[junit-platform-engine-1.10.3.jar:1.10.3]
	at java.base/java.util.ArrayList.forEach(ArrayList.java:1596) ~[na:na]
	at org.junit.platform.engine.support.hierarchical.SameThreadHierarchicalTestExecutorService.invokeAll(SameThreadHierarchicalTestExecutorService.java:41) ~[junit-platform-engine-1.10.3.jar:1.10.3]
	at org.junit.platform.engine.support.hierarchical.NodeTestTask.lambda$executeRecursively$6(NodeTestTask.java:155) ~[junit-platform-engine-1.10.3.jar:1.10.3]
	at org.junit.platform.engine.support.hierarchical.ThrowableCollector.execute(ThrowableCollector.java:73) ~[junit-platform-engine-1.10.3.jar:1.10.3]
	at org.junit.platform.engine.support.hierarchical.NodeTestTask.lambda$executeRecursively$8(NodeTestTask.java:141) ~[junit-platform-engine-1.10.3.jar:1.10.3]
	at org.junit.platform.engine.support.hierarchical.Node.around(Node.java:137) ~[junit-platform-engine-1.10.3.jar:1.10.3]
	at org.junit.platform.engine.support.hierarchical.NodeTestTask.lambda$executeRecursively$9(NodeTestTask.java:139) ~[junit-platform-engine-1.10.3.jar:1.10.3]
	at org.junit.platform.engine.support.hierarchical.ThrowableCollector.execute(ThrowableCollector.java:73) ~[junit-platform-engine-1.10.3.jar:1.10.3]
	at org.junit.platform.engine.support.hierarchical.NodeTestTask.executeRecursively(NodeTestTask.java:138) ~[junit-platform-engine-1.10.3.jar:1.10.3]
	at org.junit.platform.engine.support.hierarchical.NodeTestTask.execute(NodeTestTask.java:95) ~[junit-platform-engine-1.10.3.jar:1.10.3]
	at java.base/java.util.ArrayList.forEach(ArrayList.java:1596) ~[na:na]
	at org.junit.platform.engine.support.hierarchical.SameThreadHierarchicalTestExecutorService.invokeAll(SameThreadHierarchicalTestExecutorService.java:41) ~[junit-platform-engine-1.10.3.jar:1.10.3]
	at org.junit.platform.engine.support.hierarchical.NodeTestTask.lambda$executeRecursively$6(NodeTestTask.java:155) ~[junit-platform-engine-1.10.3.jar:1.10.3]
	at org.junit.platform.engine.support.hierarchical.ThrowableCollector.execute(ThrowableCollector.java:73) ~[junit-platform-engine-1.10.3.jar:1.10.3]
	at org.junit.platform.engine.support.hierarchical.NodeTestTask.lambda$executeRecursively$8(NodeTestTask.java:141) ~[junit-platform-engine-1.10.3.jar:1.10.3]
	at org.junit.platform.engine.support.hierarchical.Node.around(Node.java:137) ~[junit-platform-engine-1.10.3.jar:1.10.3]
	at org.junit.platform.engine.support.hierarchical.NodeTestTask.lambda$executeRecursively$9(NodeTestTask.java:139) ~[junit-platform-engine-1.10.3.jar:1.10.3]
	at org.junit.platform.engine.support.hierarchical.ThrowableCollector.execute(ThrowableCollector.java:73) ~[junit-platform-engine-1.10.3.jar:1.10.3]
	at org.junit.platform.engine.support.hierarchical.NodeTestTask.executeRecursively(NodeTestTask.java:138) ~[junit-platform-engine-1.10.3.jar:1.10.3]
	at org.junit.platform.engine.support.hierarchical.NodeTestTask.execute(NodeTestTask.java:95) ~[junit-platform-engine-1.10.3.jar:1.10.3]
	at org.junit.platform.engine.support.hierarchical.SameThreadHierarchicalTestExecutorService.submit(SameThreadHierarchicalTestExecutorService.java:35) ~[junit-platform-engine-1.10.3.jar:1.10.3]
	at org.junit.platform.engine.support.hierarchical.HierarchicalTestExecutor.execute(HierarchicalTestExecutor.java:57) ~[junit-platform-engine-1.10.3.jar:1.10.3]
	at org.junit.platform.engine.support.hierarchical.HierarchicalTestEngine.execute(HierarchicalTestEngine.java:54) ~[junit-platform-engine-1.10.3.jar:1.10.3]
	at org.junit.platform.launcher.core.EngineExecutionOrchestrator.execute(EngineExecutionOrchestrator.java:198) ~[junit-platform-launcher-1.10.3.jar:1.10.3]
	at org.junit.platform.launcher.core.EngineExecutionOrchestrator.execute(EngineExecutionOrchestrator.java:169) ~[junit-platform-launcher-1.10.3.jar:1.10.3]
	at org.junit.platform.launcher.core.EngineExecutionOrchestrator.execute(EngineExecutionOrchestrator.java:93) ~[junit-platform-launcher-1.10.3.jar:1.10.3]
	at org.junit.platform.launcher.core.EngineExecutionOrchestrator.lambda$execute$0(EngineExecutionOrchestrator.java:58) ~[junit-platform-launcher-1.10.3.jar:1.10.3]
	at org.junit.platform.launcher.core.EngineExecutionOrchestrator.withInterceptedStreams(EngineExecutionOrchestrator.java:141) ~[junit-platform-launcher-1.10.3.jar:1.10.3]
	at org.junit.platform.launcher.core.EngineExecutionOrchestrator.execute(EngineExecutionOrchestrator.java:57) ~[junit-platform-launcher-1.10.3.jar:1.10.3]
	at org.junit.platform.launcher.core.DefaultLauncher.execute(DefaultLauncher.java:103) ~[junit-platform-launcher-1.10.3.jar:1.10.3]
	at org.junit.platform.launcher.core.DefaultLauncher.execute(DefaultLauncher.java:85) ~[junit-platform-launcher-1.10.3.jar:1.10.3]
	at org.junit.platform.launcher.core.DelegatingLauncher.execute(DelegatingLauncher.java:47) ~[junit-platform-launcher-1.10.3.jar:1.10.3]
	at org.apache.maven.surefire.junitplatform.LazyLauncher.execute(LazyLauncher.java:56) ~[surefire-junit-platform-3.2.5.jar:3.2.5]
	at org.apache.maven.surefire.junitplatform.JUnitPlatformProvider.execute(JUnitPlatformProvider.java:184) ~[surefire-junit-platform-3.2.5.jar:3.2.5]
	at org.apache.maven.surefire.junitplatform.JUnitPlatformProvider.invokeAllTests(JUnitPlatformProvider.java:148) ~[surefire-junit-platform-3.2.5.jar:3.2.5]
	at org.apache.maven.surefire.junitplatform.JUnitPlatformProvider.invoke(JUnitPlatformProvider.java:122) ~[surefire-junit-platform-3.2.5.jar:3.2.5]
	at org.apache.maven.surefire.booter.ForkedBooter.runSuitesInProcess(ForkedBooter.java:385) ~[surefire-booter-3.2.5.jar:3.2.5]
	at org.apache.maven.surefire.booter.ForkedBooter.execute(ForkedBooter.java:162) ~[surefire-booter-3.2.5.jar:3.2.5]
	at org.apache.maven.surefire.booter.ForkedBooter.run(ForkedBooter.java:507) ~[surefire-booter-3.2.5.jar:3.2.5]
	at org.apache.maven.surefire.booter.ForkedBooter.main(ForkedBooter.java:495) ~[surefire-booter-3.2.5.jar:3.2.5]

2025-10-12T09:06:31.213Z  WARN 144 --- [nll-light-api-test] [           main] o.s.test.context.TestContextManager      : Caught exception while allowing TestExecutionListener [org.springframework.test.context.web.ServletTestExecutionListener] to prepare test instance [se.inera.nll.nlllight.api.controller.PrescriberControllerIntegrationTest@47248a48]

java.lang.IllegalStateException: ApplicationContext failure threshold (1) exceeded: skipping repeated attempt to load context for [WebMergedContextConfiguration@4978777f testClass = se.inera.nll.nlllight.api.controller.PrescriberControllerIntegrationTest, locations = [], classes = [se.inera.nll.nlllight.api.NllLightApiApplication], contextInitializerClasses = [], activeProfiles = ["test"], propertySourceDescriptors = [], propertySourceProperties = ["org.springframework.boot.test.context.SpringBootTestContextBootstrapper=true"], contextCustomizers = [[ImportsContextCustomizer@7bc6935c key = [org.springframework.boot.test.autoconfigure.web.servlet.MockMvcWebDriverAutoConfiguration, org.springframework.boot.test.autoconfigure.web.servlet.MockMvcAutoConfiguration, org.springframework.boot.autoconfigure.security.oauth2.client.servlet.OAuth2ClientAutoConfiguration, se.inera.nll.nlllight.config.TestSecurityConfig, org.springframework.boot.autoconfigure.security.servlet.SecurityAutoConfiguration, org.springframework.boot.autoconfigure.security.servlet.SecurityFilterAutoConfiguration, org.springframework.boot.autoconfigure.security.servlet.UserDetailsServiceAutoConfiguration, org.springframework.boot.autoconfigure.security.oauth2.resource.servlet.OAuth2ResourceServerAutoConfiguration, org.springframework.boot.test.autoconfigure.web.servlet.MockMvcSecurityConfiguration, org.springframework.boot.test.autoconfigure.web.servlet.MockMvcWebClientAutoConfiguration, org.springframework.boot.test.autoconfigure.web.reactive.WebTestClientAutoConfiguration]], org.springframework.boot.test.context.filter.ExcludeFilterContextCustomizer@1f75a668, org.springframework.boot.test.json.DuplicateJsonObjectContextCustomizerFactory$DuplicateJsonObjectContextCustomizer@2812b107, org.springframework.boot.test.mock.mockito.MockitoContextCustomizer@0, org.springframework.boot.test.web.client.TestRestTemplateContextCustomizer@4eaf3684, org.springframework.boot.test.web.reactor.netty.DisableReactorResourceFactoryGlobalResourcesContextCustomizerFactory$DisableReactorResourceFactoryGlobalResourcesContextCustomizerCustomizer@4416d64f, org.springframework.boot.test.autoconfigure.actuate.observability.ObservabilityContextCustomizerFactory$DisableObservabilityContextCustomizer@1f, org.springframework.boot.test.autoconfigure.properties.PropertyMappingContextCustomizer@4b3fa0b3, org.springframework.boot.test.autoconfigure.web.servlet.WebDriverContextCustomizer@3b8f0a79, org.springframework.boot.test.context.SpringBootTestAnnotation@d0f4dd2a], resourceBasePath = "src/main/webapp", contextLoader = org.springframework.boot.test.context.SpringBootContextLoader, parent = null]
	at org.springframework.test.context.cache.DefaultCacheAwareContextLoaderDelegate.loadContext(DefaultCacheAwareContextLoaderDelegate.java:145) ~[spring-test-6.1.12.jar:6.1.12]
	at org.springframework.test.context.support.DefaultTestContext.getApplicationContext(DefaultTestContext.java:130) ~[spring-test-6.1.12.jar:6.1.12]
	at org.springframework.test.context.web.ServletTestExecutionListener.setUpRequestContextIfNecessary(ServletTestExecutionListener.java:191) ~[spring-test-6.1.12.jar:6.1.12]
	at org.springframework.test.context.web.ServletTestExecutionListener.prepareTestInstance(ServletTestExecutionListener.java:130) ~[spring-test-6.1.12.jar:6.1.12]
	at org.springframework.test.context.TestContextManager.prepareTestInstance(TestContextManager.java:260) ~[spring-test-6.1.12.jar:6.1.12]
	at org.springframework.test.context.junit.jupiter.SpringExtension.postProcessTestInstance(SpringExtension.java:163) ~[spring-test-6.1.12.jar:6.1.12]
	at org.junit.jupiter.engine.descriptor.ClassBasedTestDescriptor.lambda$invokeTestInstancePostProcessors$10(ClassBasedTestDescriptor.java:378) ~[junit-jupiter-engine-5.10.3.jar:5.10.3]
	at org.junit.jupiter.engine.descriptor.ClassBasedTestDescriptor.executeAndMaskThrowable(ClassBasedTestDescriptor.java:383) ~[junit-jupiter-engine-5.10.3.jar:5.10.3]
	at org.junit.jupiter.engine.descriptor.ClassBasedTestDescriptor.lambda$invokeTestInstancePostProcessors$11(ClassBasedTestDescriptor.java:378) ~[junit-jupiter-engine-5.10.3.jar:5.10.3]
	at java.base/java.util.stream.ReferencePipeline$3$1.accept(ReferencePipeline.java:197) ~[na:na]
	at java.base/java.util.stream.ReferencePipeline$2$1.accept(ReferencePipeline.java:179) ~[na:na]
	at java.base/java.util.ArrayList$ArrayListSpliterator.forEachRemaining(ArrayList.java:1708) ~[na:na]
	at java.base/java.util.stream.AbstractPipeline.copyInto(AbstractPipeline.java:509) ~[na:na]
	at java.base/java.util.stream.AbstractPipeline.wrapAndCopyInto(AbstractPipeline.java:499) ~[na:na]
	at java.base/java.util.stream.StreamSpliterators$WrappingSpliterator.forEachRemaining(StreamSpliterators.java:310) ~[na:na]
	at java.base/java.util.stream.Streams$ConcatSpliterator.forEachRemaining(Streams.java:735) ~[na:na]
	at java.base/java.util.stream.Streams$ConcatSpliterator.forEachRemaining(Streams.java:734) ~[na:na]
	at java.base/java.util.stream.ReferencePipeline$Head.forEach(ReferencePipeline.java:762) ~[na:na]
	at org.junit.jupiter.engine.descriptor.ClassBasedTestDescriptor.invokeTestInstancePostProcessors(ClassBasedTestDescriptor.java:377) ~[junit-jupiter-engine-5.10.3.jar:5.10.3]
	at org.junit.jupiter.engine.descriptor.ClassBasedTestDescriptor.lambda$instantiateAndPostProcessTestInstance$6(ClassBasedTestDescriptor.java:290) ~[junit-jupiter-engine-5.10.3.jar:5.10.3]
	at org.junit.platform.engine.support.hierarchical.ThrowableCollector.execute(ThrowableCollector.java:73) ~[junit-platform-engine-1.10.3.jar:1.10.3]
	at org.junit.jupiter.engine.descriptor.ClassBasedTestDescriptor.instantiateAndPostProcessTestInstance(ClassBasedTestDescriptor.java:289) ~[junit-jupiter-engine-5.10.3.jar:5.10.3]
	at org.junit.jupiter.engine.descriptor.ClassBasedTestDescriptor.lambda$testInstancesProvider$4(ClassBasedTestDescriptor.java:279) ~[junit-jupiter-engine-5.10.3.jar:5.10.3]
	at java.base/java.util.Optional.orElseGet(Optional.java:364) ~[na:na]
	at org.junit.jupiter.engine.descriptor.ClassBasedTestDescriptor.lambda$testInstancesProvider$5(ClassBasedTestDescriptor.java:278) ~[junit-jupiter-engine-5.10.3.jar:5.10.3]
	at org.junit.jupiter.engine.execution.TestInstancesProvider.getTestInstances(TestInstancesProvider.java:31) ~[junit-jupiter-engine-5.10.3.jar:5.10.3]
	at org.junit.jupiter.engine.descriptor.TestMethodTestDescriptor.lambda$prepare$0(TestMethodTestDescriptor.java:106) ~[junit-jupiter-engine-5.10.3.jar:5.10.3]
	at org.junit.platform.engine.support.hierarchical.ThrowableCollector.execute(ThrowableCollector.java:73) ~[junit-platform-engine-1.10.3.jar:1.10.3]
	at org.junit.jupiter.engine.descriptor.TestMethodTestDescriptor.prepare(TestMethodTestDescriptor.java:105) ~[junit-jupiter-engine-5.10.3.jar:5.10.3]
	at org.junit.jupiter.engine.descriptor.TestMethodTestDescriptor.prepare(TestMethodTestDescriptor.java:69) ~[junit-jupiter-engine-5.10.3.jar:5.10.3]
	at org.junit.platform.engine.support.hierarchical.NodeTestTask.lambda$prepare$2(NodeTestTask.java:123) ~[junit-platform-engine-1.10.3.jar:1.10.3]
	at org.junit.platform.engine.support.hierarchical.ThrowableCollector.execute(ThrowableCollector.java:73) ~[junit-platform-engine-1.10.3.jar:1.10.3]
	at org.junit.platform.engine.support.hierarchical.NodeTestTask.prepare(NodeTestTask.java:123) ~[junit-platform-engine-1.10.3.jar:1.10.3]
	at org.junit.platform.engine.support.hierarchical.NodeTestTask.execute(NodeTestTask.java:90) ~[junit-platform-engine-1.10.3.jar:1.10.3]
	at java.base/java.util.ArrayList.forEach(ArrayList.java:1596) ~[na:na]
	at org.junit.platform.engine.support.hierarchical.SameThreadHierarchicalTestExecutorService.invokeAll(SameThreadHierarchicalTestExecutorService.java:41) ~[junit-platform-engine-1.10.3.jar:1.10.3]
	at org.junit.platform.engine.support.hierarchical.NodeTestTask.lambda$executeRecursively$6(NodeTestTask.java:155) ~[junit-platform-engine-1.10.3.jar:1.10.3]
	at org.junit.platform.engine.support.hierarchical.ThrowableCollector.execute(ThrowableCollector.java:73) ~[junit-platform-engine-1.10.3.jar:1.10.3]
	at org.junit.platform.engine.support.hierarchical.NodeTestTask.lambda$executeRecursively$8(NodeTestTask.java:141) ~[junit-platform-engine-1.10.3.jar:1.10.3]
	at org.junit.platform.engine.support.hierarchical.Node.around(Node.java:137) ~[junit-platform-engine-1.10.3.jar:1.10.3]
	at org.junit.platform.engine.support.hierarchical.NodeTestTask.lambda$executeRecursively$9(NodeTestTask.java:139) ~[junit-platform-engine-1.10.3.jar:1.10.3]
	at org.junit.platform.engine.support.hierarchical.ThrowableCollector.execute(ThrowableCollector.java:73) ~[junit-platform-engine-1.10.3.jar:1.10.3]
	at org.junit.platform.engine.support.hierarchical.NodeTestTask.executeRecursively(NodeTestTask.java:138) ~[junit-platform-engine-1.10.3.jar:1.10.3]
	at org.junit.platform.engine.support.hierarchical.NodeTestTask.execute(NodeTestTask.java:95) ~[junit-platform-engine-1.10.3.jar:1.10.3]
	at java.base/java.util.ArrayList.forEach(ArrayList.java:1596) ~[na:na]
	at org.junit.platform.engine.support.hierarchical.SameThreadHierarchicalTestExecutorService.invokeAll(SameThreadHierarchicalTestExecutorService.java:41) ~[junit-platform-engine-1.10.3.jar:1.10.3]
	at org.junit.platform.engine.support.hierarchical.NodeTestTask.lambda$executeRecursively$6(NodeTestTask.java:155) ~[junit-platform-engine-1.10.3.jar:1.10.3]
	at org.junit.platform.engine.support.hierarchical.ThrowableCollector.execute(ThrowableCollector.java:73) ~[junit-platform-engine-1.10.3.jar:1.10.3]
	at org.junit.platform.engine.support.hierarchical.NodeTestTask.lambda$executeRecursively$8(NodeTestTask.java:141) ~[junit-platform-engine-1.10.3.jar:1.10.3]
	at org.junit.platform.engine.support.hierarchical.Node.around(Node.java:137) ~[junit-platform-engine-1.10.3.jar:1.10.3]
	at org.junit.platform.engine.support.hierarchical.NodeTestTask.lambda$executeRecursively$9(NodeTestTask.java:139) ~[junit-platform-engine-1.10.3.jar:1.10.3]
	at org.junit.platform.engine.support.hierarchical.ThrowableCollector.execute(ThrowableCollector.java:73) ~[junit-platform-engine-1.10.3.jar:1.10.3]
	at org.junit.platform.engine.support.hierarchical.NodeTestTask.executeRecursively(NodeTestTask.java:138) ~[junit-platform-engine-1.10.3.jar:1.10.3]
	at org.junit.platform.engine.support.hierarchical.NodeTestTask.execute(NodeTestTask.java:95) ~[junit-platform-engine-1.10.3.jar:1.10.3]
	at org.junit.platform.engine.support.hierarchical.SameThreadHierarchicalTestExecutorService.submit(SameThreadHierarchicalTestExecutorService.java:35) ~[junit-platform-engine-1.10.3.jar:1.10.3]
	at org.junit.platform.engine.support.hierarchical.HierarchicalTestExecutor.execute(HierarchicalTestExecutor.java:57) ~[junit-platform-engine-1.10.3.jar:1.10.3]
	at org.junit.platform.engine.support.hierarchical.HierarchicalTestEngine.execute(HierarchicalTestEngine.java:54) ~[junit-platform-engine-1.10.3.jar:1.10.3]
	at org.junit.platform.launcher.core.EngineExecutionOrchestrator.execute(EngineExecutionOrchestrator.java:198) ~[junit-platform-launcher-1.10.3.jar:1.10.3]
	at org.junit.platform.launcher.core.EngineExecutionOrchestrator.execute(EngineExecutionOrchestrator.java:169) ~[junit-platform-launcher-1.10.3.jar:1.10.3]
	at org.junit.platform.launcher.core.EngineExecutionOrchestrator.execute(EngineExecutionOrchestrator.java:93) ~[junit-platform-launcher-1.10.3.jar:1.10.3]
	at org.junit.platform.launcher.core.EngineExecutionOrchestrator.lambda$execute$0(EngineExecutionOrchestrator.java:58) ~[junit-platform-launcher-1.10.3.jar:1.10.3]
	at org.junit.platform.launcher.core.EngineExecutionOrchestrator.withInterceptedStreams(EngineExecutionOrchestrator.java:141) ~[junit-platform-launcher-1.10.3.jar:1.10.3]
	at org.junit.platform.launcher.core.EngineExecutionOrchestrator.execute(EngineExecutionOrchestrator.java:57) ~[junit-platform-launcher-1.10.3.jar:1.10.3]
	at org.junit.platform.launcher.core.DefaultLauncher.execute(DefaultLauncher.java:103) ~[junit-platform-launcher-1.10.3.jar:1.10.3]
	at org.junit.platform.launcher.core.DefaultLauncher.execute(DefaultLauncher.java:85) ~[junit-platform-launcher-1.10.3.jar:1.10.3]
	at org.junit.platform.launcher.core.DelegatingLauncher.execute(DelegatingLauncher.java:47) ~[junit-platform-launcher-1.10.3.jar:1.10.3]
	at org.apache.maven.surefire.junitplatform.LazyLauncher.execute(LazyLauncher.java:56) ~[surefire-junit-platform-3.2.5.jar:3.2.5]
	at org.apache.maven.surefire.junitplatform.JUnitPlatformProvider.execute(JUnitPlatformProvider.java:184) ~[surefire-junit-platform-3.2.5.jar:3.2.5]
	at org.apache.maven.surefire.junitplatform.JUnitPlatformProvider.invokeAllTests(JUnitPlatformProvider.java:148) ~[surefire-junit-platform-3.2.5.jar:3.2.5]
	at org.apache.maven.surefire.junitplatform.JUnitPlatformProvider.invoke(JUnitPlatformProvider.java:122) ~[surefire-junit-platform-3.2.5.jar:3.2.5]
	at org.apache.maven.surefire.booter.ForkedBooter.runSuitesInProcess(ForkedBooter.java:385) ~[surefire-booter-3.2.5.jar:3.2.5]
	at org.apache.maven.surefire.booter.ForkedBooter.execute(ForkedBooter.java:162) ~[surefire-booter-3.2.5.jar:3.2.5]
	at org.apache.maven.surefire.booter.ForkedBooter.run(ForkedBooter.java:507) ~[surefire-booter-3.2.5.jar:3.2.5]
	at org.apache.maven.surefire.booter.ForkedBooter.main(ForkedBooter.java:495) ~[surefire-booter-3.2.5.jar:3.2.5]

2025-10-12T09:06:31.218Z  WARN 144 --- [nll-light-api-test] [           main] o.s.test.context.TestContextManager      : Caught exception while allowing TestExecutionListener [org.springframework.test.context.web.ServletTestExecutionListener] to prepare test instance [se.inera.nll.nlllight.api.controller.PrescriberControllerIntegrationTest@17e0933c]

java.lang.IllegalStateException: ApplicationContext failure threshold (1) exceeded: skipping repeated attempt to load context for [WebMergedContextConfiguration@4978777f testClass = se.inera.nll.nlllight.api.controller.PrescriberControllerIntegrationTest, locations = [], classes = [se.inera.nll.nlllight.api.NllLightApiApplication], contextInitializerClasses = [], activeProfiles = ["test"], propertySourceDescriptors = [], propertySourceProperties = ["org.springframework.boot.test.context.SpringBootTestContextBootstrapper=true"], contextCustomizers = [[ImportsContextCustomizer@7bc6935c key = [org.springframework.boot.test.autoconfigure.web.servlet.MockMvcWebDriverAutoConfiguration, org.springframework.boot.test.autoconfigure.web.servlet.MockMvcAutoConfiguration, org.springframework.boot.autoconfigure.security.oauth2.client.servlet.OAuth2ClientAutoConfiguration, se.inera.nll.nlllight.config.TestSecurityConfig, org.springframework.boot.autoconfigure.security.servlet.SecurityAutoConfiguration, org.springframework.boot.autoconfigure.security.servlet.SecurityFilterAutoConfiguration, org.springframework.boot.autoconfigure.security.servlet.UserDetailsServiceAutoConfiguration, org.springframework.boot.autoconfigure.security.oauth2.resource.servlet.OAuth2ResourceServerAutoConfiguration, org.springframework.boot.test.autoconfigure.web.servlet.MockMvcSecurityConfiguration, org.springframework.boot.test.autoconfigure.web.servlet.MockMvcWebClientAutoConfiguration, org.springframework.boot.test.autoconfigure.web.reactive.WebTestClientAutoConfiguration]], org.springframework.boot.test.context.filter.ExcludeFilterContextCustomizer@1f75a668, org.springframework.boot.test.json.DuplicateJsonObjectContextCustomizerFactory$DuplicateJsonObjectContextCustomizer@2812b107, org.springframework.boot.test.mock.mockito.MockitoContextCustomizer@0, org.springframework.boot.test.web.client.TestRestTemplateContextCustomizer@4eaf3684, org.springframework.boot.test.web.reactor.netty.DisableReactorResourceFactoryGlobalResourcesContextCustomizerFactory$DisableReactorResourceFactoryGlobalResourcesContextCustomizerCustomizer@4416d64f, org.springframework.boot.test.autoconfigure.actuate.observability.ObservabilityContextCustomizerFactory$DisableObservabilityContextCustomizer@1f, org.springframework.boot.test.autoconfigure.properties.PropertyMappingContextCustomizer@4b3fa0b3, org.springframework.boot.test.autoconfigure.web.servlet.WebDriverContextCustomizer@3b8f0a79, org.springframework.boot.test.context.SpringBootTestAnnotation@d0f4dd2a], resourceBasePath = "src/main/webapp", contextLoader = org.springframework.boot.test.context.SpringBootContextLoader, parent = null]
	at org.springframework.test.context.cache.DefaultCacheAwareContextLoaderDelegate.loadContext(DefaultCacheAwareContextLoaderDelegate.java:145) ~[spring-test-6.1.12.jar:6.1.12]
	at org.springframework.test.context.support.DefaultTestContext.getApplicationContext(DefaultTestContext.java:130) ~[spring-test-6.1.12.jar:6.1.12]
	at org.springframework.test.context.web.ServletTestExecutionListener.setUpRequestContextIfNecessary(ServletTestExecutionListener.java:191) ~[spring-test-6.1.12.jar:6.1.12]
	at org.springframework.test.context.web.ServletTestExecutionListener.prepareTestInstance(ServletTestExecutionListener.java:130) ~[spring-test-6.1.12.jar:6.1.12]
	at org.springframework.test.context.TestContextManager.prepareTestInstance(TestContextManager.java:260) ~[spring-test-6.1.12.jar:6.1.12]
	at org.springframework.test.context.junit.jupiter.SpringExtension.postProcessTestInstance(SpringExtension.java:163) ~[spring-test-6.1.12.jar:6.1.12]
	at org.junit.jupiter.engine.descriptor.ClassBasedTestDescriptor.lambda$invokeTestInstancePostProcessors$10(ClassBasedTestDescriptor.java:378) ~[junit-jupiter-engine-5.10.3.jar:5.10.3]
	at org.junit.jupiter.engine.descriptor.ClassBasedTestDescriptor.executeAndMaskThrowable(ClassBasedTestDescriptor.java:383) ~[junit-jupiter-engine-5.10.3.jar:5.10.3]
	at org.junit.jupiter.engine.descriptor.ClassBasedTestDescriptor.lambda$invokeTestInstancePostProcessors$11(ClassBasedTestDescriptor.java:378) ~[junit-jupiter-engine-5.10.3.jar:5.10.3]
	at java.base/java.util.stream.ReferencePipeline$3$1.accept(ReferencePipeline.java:197) ~[na:na]
	at java.base/java.util.stream.ReferencePipeline$2$1.accept(ReferencePipeline.java:179) ~[na:na]
	at java.base/java.util.ArrayList$ArrayListSpliterator.forEachRemaining(ArrayList.java:1708) ~[na:na]
	at java.base/java.util.stream.AbstractPipeline.copyInto(AbstractPipeline.java:509) ~[na:na]
	at java.base/java.util.stream.AbstractPipeline.wrapAndCopyInto(AbstractPipeline.java:499) ~[na:na]
	at java.base/java.util.stream.StreamSpliterators$WrappingSpliterator.forEachRemaining(StreamSpliterators.java:310) ~[na:na]
	at java.base/java.util.stream.Streams$ConcatSpliterator.forEachRemaining(Streams.java:735) ~[na:na]
	at java.base/java.util.stream.Streams$ConcatSpliterator.forEachRemaining(Streams.java:734) ~[na:na]
	at java.base/java.util.stream.ReferencePipeline$Head.forEach(ReferencePipeline.java:762) ~[na:na]
	at org.junit.jupiter.engine.descriptor.ClassBasedTestDescriptor.invokeTestInstancePostProcessors(ClassBasedTestDescriptor.java:377) ~[junit-jupiter-engine-5.10.3.jar:5.10.3]
	at org.junit.jupiter.engine.descriptor.ClassBasedTestDescriptor.lambda$instantiateAndPostProcessTestInstance$6(ClassBasedTestDescriptor.java:290) ~[junit-jupiter-engine-5.10.3.jar:5.10.3]
	at org.junit.platform.engine.support.hierarchical.ThrowableCollector.execute(ThrowableCollector.java:73) ~[junit-platform-engine-1.10.3.jar:1.10.3]
	at org.junit.jupiter.engine.descriptor.ClassBasedTestDescriptor.instantiateAndPostProcessTestInstance(ClassBasedTestDescriptor.java:289) ~[junit-jupiter-engine-5.10.3.jar:5.10.3]
	at org.junit.jupiter.engine.descriptor.ClassBasedTestDescriptor.lambda$testInstancesProvider$4(ClassBasedTestDescriptor.java:279) ~[junit-jupiter-engine-5.10.3.jar:5.10.3]
	at java.base/java.util.Optional.orElseGet(Optional.java:364) ~[na:na]
	at org.junit.jupiter.engine.descriptor.ClassBasedTestDescriptor.lambda$testInstancesProvider$5(ClassBasedTestDescriptor.java:278) ~[junit-jupiter-engine-5.10.3.jar:5.10.3]
	at org.junit.jupiter.engine.execution.TestInstancesProvider.getTestInstances(TestInstancesProvider.java:31) ~[junit-jupiter-engine-5.10.3.jar:5.10.3]
	at org.junit.jupiter.engine.descriptor.TestMethodTestDescriptor.lambda$prepare$0(TestMethodTestDescriptor.java:106) ~[junit-jupiter-engine-5.10.3.jar:5.10.3]
	at org.junit.platform.engine.support.hierarchical.ThrowableCollector.execute(ThrowableCollector.java:73) ~[junit-platform-engine-1.10.3.jar:1.10.3]
	at org.junit.jupiter.engine.descriptor.TestMethodTestDescriptor.prepare(TestMethodTestDescriptor.java:105) ~[junit-jupiter-engine-5.10.3.jar:5.10.3]
	at org.junit.jupiter.engine.descriptor.TestMethodTestDescriptor.prepare(TestMethodTestDescriptor.java:69) ~[junit-jupiter-engine-5.10.3.jar:5.10.3]
	at org.junit.platform.engine.support.hierarchical.NodeTestTask.lambda$prepare$2(NodeTestTask.java:123) ~[junit-platform-engine-1.10.3.jar:1.10.3]
	at org.junit.platform.engine.support.hierarchical.ThrowableCollector.execute(ThrowableCollector.java:73) ~[junit-platform-engine-1.10.3.jar:1.10.3]
	at org.junit.platform.engine.support.hierarchical.NodeTestTask.prepare(NodeTestTask.java:123) ~[junit-platform-engine-1.10.3.jar:1.10.3]
	at org.junit.platform.engine.support.hierarchical.NodeTestTask.execute(NodeTestTask.java:90) ~[junit-platform-engine-1.10.3.jar:1.10.3]
	at java.base/java.util.ArrayList.forEach(ArrayList.java:1596) ~[na:na]
	at org.junit.platform.engine.support.hierarchical.SameThreadHierarchicalTestExecutorService.invokeAll(SameThreadHierarchicalTestExecutorService.java:41) ~[junit-platform-engine-1.10.3.jar:1.10.3]
	at org.junit.platform.engine.support.hierarchical.NodeTestTask.lambda$executeRecursively$6(NodeTestTask.java:155) ~[junit-platform-engine-1.10.3.jar:1.10.3]
	at org.junit.platform.engine.support.hierarchical.ThrowableCollector.execute(ThrowableCollector.java:73) ~[junit-platform-engine-1.10.3.jar:1.10.3]
	at org.junit.platform.engine.support.hierarchical.NodeTestTask.lambda$executeRecursively$8(NodeTestTask.java:141) ~[junit-platform-engine-1.10.3.jar:1.10.3]
	at org.junit.platform.engine.support.hierarchical.Node.around(Node.java:137) ~[junit-platform-engine-1.10.3.jar:1.10.3]
	at org.junit.platform.engine.support.hierarchical.NodeTestTask.lambda$executeRecursively$9(NodeTestTask.java:139) ~[junit-platform-engine-1.10.3.jar:1.10.3]
	at org.junit.platform.engine.support.hierarchical.ThrowableCollector.execute(ThrowableCollector.java:73) ~[junit-platform-engine-1.10.3.jar:1.10.3]
	at org.junit.platform.engine.support.hierarchical.NodeTestTask.executeRecursively(NodeTestTask.java:138) ~[junit-platform-engine-1.10.3.jar:1.10.3]
	at org.junit.platform.engine.support.hierarchical.NodeTestTask.execute(NodeTestTask.java:95) ~[junit-platform-engine-1.10.3.jar:1.10.3]
	at java.base/java.util.ArrayList.forEach(ArrayList.java:1596) ~[na:na]
	at org.junit.platform.engine.support.hierarchical.SameThreadHierarchicalTestExecutorService.invokeAll(SameThreadHierarchicalTestExecutorService.java:41) ~[junit-platform-engine-1.10.3.jar:1.10.3]
	at org.junit.platform.engine.support.hierarchical.NodeTestTask.lambda$executeRecursively$6(NodeTestTask.java:155) ~[junit-platform-engine-1.10.3.jar:1.10.3]
	at org.junit.platform.engine.support.hierarchical.ThrowableCollector.execute(ThrowableCollector.java:73) ~[junit-platform-engine-1.10.3.jar:1.10.3]
	at org.junit.platform.engine.support.hierarchical.NodeTestTask.lambda$executeRecursively$8(NodeTestTask.java:141) ~[junit-platform-engine-1.10.3.jar:1.10.3]
	at org.junit.platform.engine.support.hierarchical.Node.around(Node.java:137) ~[junit-platform-engine-1.10.3.jar:1.10.3]
	at org.junit.platform.engine.support.hierarchical.NodeTestTask.lambda$executeRecursively$9(NodeTestTask.java:139) ~[junit-platform-engine-1.10.3.jar:1.10.3]
	at org.junit.platform.engine.support.hierarchical.ThrowableCollector.execute(ThrowableCollector.java:73) ~[junit-platform-engine-1.10.3.jar:1.10.3]
	at org.junit.platform.engine.support.hierarchical.NodeTestTask.executeRecursively(NodeTestTask.java:138) ~[junit-platform-engine-1.10.3.jar:1.10.3]
	at org.junit.platform.engine.support.hierarchical.NodeTestTask.execute(NodeTestTask.java:95) ~[junit-platform-engine-1.10.3.jar:1.10.3]
	at org.junit.platform.engine.support.hierarchical.SameThreadHierarchicalTestExecutorService.submit(SameThreadHierarchicalTestExecutorService.java:35) ~[junit-platform-engine-1.10.3.jar:1.10.3]
	at org.junit.platform.engine.support.hierarchical.HierarchicalTestExecutor.execute(HierarchicalTestExecutor.java:57) ~[junit-platform-engine-1.10.3.jar:1.10.3]
	at org.junit.platform.engine.support.hierarchical.HierarchicalTestEngine.execute(HierarchicalTestEngine.java:54) ~[junit-platform-engine-1.10.3.jar:1.10.3]
	at org.junit.platform.launcher.core.EngineExecutionOrchestrator.execute(EngineExecutionOrchestrator.java:198) ~[junit-platform-launcher-1.10.3.jar:1.10.3]
	at org.junit.platform.launcher.core.EngineExecutionOrchestrator.execute(EngineExecutionOrchestrator.java:169) ~[junit-platform-launcher-1.10.3.jar:1.10.3]
	at org.junit.platform.launcher.core.EngineExecutionOrchestrator.execute(EngineExecutionOrchestrator.java:93) ~[junit-platform-launcher-1.10.3.jar:1.10.3]
	at org.junit.platform.launcher.core.EngineExecutionOrchestrator.lambda$execute$0(EngineExecutionOrchestrator.java:58) ~[junit-platform-launcher-1.10.3.jar:1.10.3]
	at org.junit.platform.launcher.core.EngineExecutionOrchestrator.withInterceptedStreams(EngineExecutionOrchestrator.java:141) ~[junit-platform-launcher-1.10.3.jar:1.10.3]
	at org.junit.platform.launcher.core.EngineExecutionOrchestrator.execute(EngineExecutionOrchestrator.java:57) ~[junit-platform-launcher-1.10.3.jar:1.10.3]
	at org.junit.platform.launcher.core.DefaultLauncher.execute(DefaultLauncher.java:103) ~[junit-platform-launcher-1.10.3.jar:1.10.3]
	at org.junit.platform.launcher.core.DefaultLauncher.execute(DefaultLauncher.java:85) ~[junit-platform-launcher-1.10.3.jar:1.10.3]
	at org.junit.platform.launcher.core.DelegatingLauncher.execute(DelegatingLauncher.java:47) ~[junit-platform-launcher-1.10.3.jar:1.10.3]
	at org.apache.maven.surefire.junitplatform.LazyLauncher.execute(LazyLauncher.java:56) ~[surefire-junit-platform-3.2.5.jar:3.2.5]
	at org.apache.maven.surefire.junitplatform.JUnitPlatformProvider.execute(JUnitPlatformProvider.java:184) ~[surefire-junit-platform-3.2.5.jar:3.2.5]
	at org.apache.maven.surefire.junitplatform.JUnitPlatformProvider.invokeAllTests(JUnitPlatformProvider.java:148) ~[surefire-junit-platform-3.2.5.jar:3.2.5]
	at org.apache.maven.surefire.junitplatform.JUnitPlatformProvider.invoke(JUnitPlatformProvider.java:122) ~[surefire-junit-platform-3.2.5.jar:3.2.5]
	at org.apache.maven.surefire.booter.ForkedBooter.runSuitesInProcess(ForkedBooter.java:385) ~[surefire-booter-3.2.5.jar:3.2.5]
	at org.apache.maven.surefire.booter.ForkedBooter.execute(ForkedBooter.java:162) ~[surefire-booter-3.2.5.jar:3.2.5]
	at org.apache.maven.surefire.booter.ForkedBooter.run(ForkedBooter.java:507) ~[surefire-booter-3.2.5.jar:3.2.5]
	at org.apache.maven.surefire.booter.ForkedBooter.main(ForkedBooter.java:495) ~[surefire-booter-3.2.5.jar:3.2.5]

2025-10-12T09:06:31.222Z  WARN 144 --- [nll-light-api-test] [           main] o.s.test.context.TestContextManager      : Caught exception while allowing TestExecutionListener [org.springframework.test.context.web.ServletTestExecutionListener] to prepare test instance [se.inera.nll.nlllight.api.controller.PrescriberControllerIntegrationTest@1dcedc93]

java.lang.IllegalStateException: ApplicationContext failure threshold (1) exceeded: skipping repeated attempt to load context for [WebMergedContextConfiguration@4978777f testClass = se.inera.nll.nlllight.api.controller.PrescriberControllerIntegrationTest, locations = [], classes = [se.inera.nll.nlllight.api.NllLightApiApplication], contextInitializerClasses = [], activeProfiles = ["test"], propertySourceDescriptors = [], propertySourceProperties = ["org.springframework.boot.test.context.SpringBootTestContextBootstrapper=true"], contextCustomizers = [[ImportsContextCustomizer@7bc6935c key = [org.springframework.boot.test.autoconfigure.web.servlet.MockMvcWebDriverAutoConfiguration, org.springframework.boot.test.autoconfigure.web.servlet.MockMvcAutoConfiguration, org.springframework.boot.autoconfigure.security.oauth2.client.servlet.OAuth2ClientAutoConfiguration, se.inera.nll.nlllight.config.TestSecurityConfig, org.springframework.boot.autoconfigure.security.servlet.SecurityAutoConfiguration, org.springframework.boot.autoconfigure.security.servlet.SecurityFilterAutoConfiguration, org.springframework.boot.autoconfigure.security.servlet.UserDetailsServiceAutoConfiguration, org.springframework.boot.autoconfigure.security.oauth2.resource.servlet.OAuth2ResourceServerAutoConfiguration, org.springframework.boot.test.autoconfigure.web.servlet.MockMvcSecurityConfiguration, org.springframework.boot.test.autoconfigure.web.servlet.MockMvcWebClientAutoConfiguration, org.springframework.boot.test.autoconfigure.web.reactive.WebTestClientAutoConfiguration]], org.springframework.boot.test.context.filter.ExcludeFilterContextCustomizer@1f75a668, org.springframework.boot.test.json.DuplicateJsonObjectContextCustomizerFactory$DuplicateJsonObjectContextCustomizer@2812b107, org.springframework.boot.test.mock.mockito.MockitoContextCustomizer@0, org.springframework.boot.test.web.client.TestRestTemplateContextCustomizer@4eaf3684, org.springframework.boot.test.web.reactor.netty.DisableReactorResourceFactoryGlobalResourcesContextCustomizerFactory$DisableReactorResourceFactoryGlobalResourcesContextCustomizerCustomizer@4416d64f, org.springframework.boot.test.autoconfigure.actuate.observability.ObservabilityContextCustomizerFactory$DisableObservabilityContextCustomizer@1f, org.springframework.boot.test.autoconfigure.properties.PropertyMappingContextCustomizer@4b3fa0b3, org.springframework.boot.test.autoconfigure.web.servlet.WebDriverContextCustomizer@3b8f0a79, org.springframework.boot.test.context.SpringBootTestAnnotation@d0f4dd2a], resourceBasePath = "src/main/webapp", contextLoader = org.springframework.boot.test.context.SpringBootContextLoader, parent = null]
	at org.springframework.test.context.cache.DefaultCacheAwareContextLoaderDelegate.loadContext(DefaultCacheAwareContextLoaderDelegate.java:145) ~[spring-test-6.1.12.jar:6.1.12]
	at org.springframework.test.context.support.DefaultTestContext.getApplicationContext(DefaultTestContext.java:130) ~[spring-test-6.1.12.jar:6.1.12]
	at org.springframework.test.context.web.ServletTestExecutionListener.setUpRequestContextIfNecessary(ServletTestExecutionListener.java:191) ~[spring-test-6.1.12.jar:6.1.12]
	at org.springframework.test.context.web.ServletTestExecutionListener.prepareTestInstance(ServletTestExecutionListener.java:130) ~[spring-test-6.1.12.jar:6.1.12]
	at org.springframework.test.context.TestContextManager.prepareTestInstance(TestContextManager.java:260) ~[spring-test-6.1.12.jar:6.1.12]
	at org.springframework.test.context.junit.jupiter.SpringExtension.postProcessTestInstance(SpringExtension.java:163) ~[spring-test-6.1.12.jar:6.1.12]
	at org.junit.jupiter.engine.descriptor.ClassBasedTestDescriptor.lambda$invokeTestInstancePostProcessors$10(ClassBasedTestDescriptor.java:378) ~[junit-jupiter-engine-5.10.3.jar:5.10.3]
	at org.junit.jupiter.engine.descriptor.ClassBasedTestDescriptor.executeAndMaskThrowable(ClassBasedTestDescriptor.java:383) ~[junit-jupiter-engine-5.10.3.jar:5.10.3]
	at org.junit.jupiter.engine.descriptor.ClassBasedTestDescriptor.lambda$invokeTestInstancePostProcessors$11(ClassBasedTestDescriptor.java:378) ~[junit-jupiter-engine-5.10.3.jar:5.10.3]
	at java.base/java.util.stream.ReferencePipeline$3$1.accept(ReferencePipeline.java:197) ~[na:na]
	at java.base/java.util.stream.ReferencePipeline$2$1.accept(ReferencePipeline.java:179) ~[na:na]
	at java.base/java.util.ArrayList$ArrayListSpliterator.forEachRemaining(ArrayList.java:1708) ~[na:na]
	at java.base/java.util.stream.AbstractPipeline.copyInto(AbstractPipeline.java:509) ~[na:na]
	at java.base/java.util.stream.AbstractPipeline.wrapAndCopyInto(AbstractPipeline.java:499) ~[na:na]
	at java.base/java.util.stream.StreamSpliterators$WrappingSpliterator.forEachRemaining(StreamSpliterators.java:310) ~[na:na]
	at java.base/java.util.stream.Streams$ConcatSpliterator.forEachRemaining(Streams.java:735) ~[na:na]
	at java.base/java.util.stream.Streams$ConcatSpliterator.forEachRemaining(Streams.java:734) ~[na:na]
	at java.base/java.util.stream.ReferencePipeline$Head.forEach(ReferencePipeline.java:762) ~[na:na]
	at org.junit.jupiter.engine.descriptor.ClassBasedTestDescriptor.invokeTestInstancePostProcessors(ClassBasedTestDescriptor.java:377) ~[junit-jupiter-engine-5.10.3.jar:5.10.3]
	at org.junit.jupiter.engine.descriptor.ClassBasedTestDescriptor.lambda$instantiateAndPostProcessTestInstance$6(ClassBasedTestDescriptor.java:290) ~[junit-jupiter-engine-5.10.3.jar:5.10.3]
	at org.junit.platform.engine.support.hierarchical.ThrowableCollector.execute(ThrowableCollector.java:73) ~[junit-platform-engine-1.10.3.jar:1.10.3]
	at org.junit.jupiter.engine.descriptor.ClassBasedTestDescriptor.instantiateAndPostProcessTestInstance(ClassBasedTestDescriptor.java:289) ~[junit-jupiter-engine-5.10.3.jar:5.10.3]
	at org.junit.jupiter.engine.descriptor.ClassBasedTestDescriptor.lambda$testInstancesProvider$4(ClassBasedTestDescriptor.java:279) ~[junit-jupiter-engine-5.10.3.jar:5.10.3]
	at java.base/java.util.Optional.orElseGet(Optional.java:364) ~[na:na]
	at org.junit.jupiter.engine.descriptor.ClassBasedTestDescriptor.lambda$testInstancesProvider$5(ClassBasedTestDescriptor.java:278) ~[junit-jupiter-engine-5.10.3.jar:5.10.3]
	at org.junit.jupiter.engine.execution.TestInstancesProvider.getTestInstances(TestInstancesProvider.java:31) ~[junit-jupiter-engine-5.10.3.jar:5.10.3]
	at org.junit.jupiter.engine.descriptor.TestMethodTestDescriptor.lambda$prepare$0(TestMethodTestDescriptor.java:106) ~[junit-jupiter-engine-5.10.3.jar:5.10.3]
	at org.junit.platform.engine.support.hierarchical.ThrowableCollector.execute(ThrowableCollector.java:73) ~[junit-platform-engine-1.10.3.jar:1.10.3]
	at org.junit.jupiter.engine.descriptor.TestMethodTestDescriptor.prepare(TestMethodTestDescriptor.java:105) ~[junit-jupiter-engine-5.10.3.jar:5.10.3]
	at org.junit.jupiter.engine.descriptor.TestMethodTestDescriptor.prepare(TestMethodTestDescriptor.java:69) ~[junit-jupiter-engine-5.10.3.jar:5.10.3]
	at org.junit.platform.engine.support.hierarchical.NodeTestTask.lambda$prepare$2(NodeTestTask.java:123) ~[junit-platform-engine-1.10.3.jar:1.10.3]
	at org.junit.platform.engine.support.hierarchical.ThrowableCollector.execute(ThrowableCollector.java:73) ~[junit-platform-engine-1.10.3.jar:1.10.3]
	at org.junit.platform.engine.support.hierarchical.NodeTestTask.prepare(NodeTestTask.java:123) ~[junit-platform-engine-1.10.3.jar:1.10.3]
	at org.junit.platform.engine.support.hierarchical.NodeTestTask.execute(NodeTestTask.java:90) ~[junit-platform-engine-1.10.3.jar:1.10.3]
	at java.base/java.util.ArrayList.forEach(ArrayList.java:1596) ~[na:na]
	at org.junit.platform.engine.support.hierarchical.SameThreadHierarchicalTestExecutorService.invokeAll(SameThreadHierarchicalTestExecutorService.java:41) ~[junit-platform-engine-1.10.3.jar:1.10.3]
	at org.junit.platform.engine.support.hierarchical.NodeTestTask.lambda$executeRecursively$6(NodeTestTask.java:155) ~[junit-platform-engine-1.10.3.jar:1.10.3]
	at org.junit.platform.engine.support.hierarchical.ThrowableCollector.execute(ThrowableCollector.java:73) ~[junit-platform-engine-1.10.3.jar:1.10.3]
	at org.junit.platform.engine.support.hierarchical.NodeTestTask.lambda$executeRecursively$8(NodeTestTask.java:141) ~[junit-platform-engine-1.10.3.jar:1.10.3]
	at org.junit.platform.engine.support.hierarchical.Node.around(Node.java:137) ~[junit-platform-engine-1.10.3.jar:1.10.3]
	at org.junit.platform.engine.support.hierarchical.NodeTestTask.lambda$executeRecursively$9(NodeTestTask.java:139) ~[junit-platform-engine-1.10.3.jar:1.10.3]
	at org.junit.platform.engine.support.hierarchical.ThrowableCollector.execute(ThrowableCollector.java:73) ~[junit-platform-engine-1.10.3.jar:1.10.3]
	at org.junit.platform.engine.support.hierarchical.NodeTestTask.executeRecursively(NodeTestTask.java:138) ~[junit-platform-engine-1.10.3.jar:1.10.3]
	at org.junit.platform.engine.support.hierarchical.NodeTestTask.execute(NodeTestTask.java:95) ~[junit-platform-engine-1.10.3.jar:1.10.3]
	at java.base/java.util.ArrayList.forEach(ArrayList.java:1596) ~[na:na]
	at org.junit.platform.engine.support.hierarchical.SameThreadHierarchicalTestExecutorService.invokeAll(SameThreadHierarchicalTestExecutorService.java:41) ~[junit-platform-engine-1.10.3.jar:1.10.3]
	at org.junit.platform.engine.support.hierarchical.NodeTestTask.lambda$executeRecursively$6(NodeTestTask.java:155) ~[junit-platform-engine-1.10.3.jar:1.10.3]
	at org.junit.platform.engine.support.hierarchical.ThrowableCollector.execute(ThrowableCollector.java:73) ~[junit-platform-engine-1.10.3.jar:1.10.3]
	at org.junit.platform.engine.support.hierarchical.NodeTestTask.lambda$executeRecursively$8(NodeTestTask.java:141) ~[junit-platform-engine-1.10.3.jar:1.10.3]
	at org.junit.platform.engine.support.hierarchical.Node.around(Node.java:137) ~[junit-platform-engine-1.10.3.jar:1.10.3]
	at org.junit.platform.engine.support.hierarchical.NodeTestTask.lambda$executeRecursively$9(NodeTestTask.java:139) ~[junit-platform-engine-1.10.3.jar:1.10.3]
	at org.junit.platform.engine.support.hierarchical.ThrowableCollector.execute(ThrowableCollector.java:73) ~[junit-platform-engine-1.10.3.jar:1.10.3]
	at org.junit.platform.engine.support.hierarchical.NodeTestTask.executeRecursively(NodeTestTask.java:138) ~[junit-platform-engine-1.10.3.jar:1.10.3]
	at org.junit.platform.engine.support.hierarchical.NodeTestTask.execute(NodeTestTask.java:95) ~[junit-platform-engine-1.10.3.jar:1.10.3]
	at org.junit.platform.engine.support.hierarchical.SameThreadHierarchicalTestExecutorService.submit(SameThreadHierarchicalTestExecutorService.java:35) ~[junit-platform-engine-1.10.3.jar:1.10.3]
	at org.junit.platform.engine.support.hierarchical.HierarchicalTestExecutor.execute(HierarchicalTestExecutor.java:57) ~[junit-platform-engine-1.10.3.jar:1.10.3]
	at org.junit.platform.engine.support.hierarchical.HierarchicalTestEngine.execute(HierarchicalTestEngine.java:54) ~[junit-platform-engine-1.10.3.jar:1.10.3]
	at org.junit.platform.launcher.core.EngineExecutionOrchestrator.execute(EngineExecutionOrchestrator.java:198) ~[junit-platform-launcher-1.10.3.jar:1.10.3]
	at org.junit.platform.launcher.core.EngineExecutionOrchestrator.execute(EngineExecutionOrchestrator.java:169) ~[junit-platform-launcher-1.10.3.jar:1.10.3]
	at org.junit.platform.launcher.core.EngineExecutionOrchestrator.execute(EngineExecutionOrchestrator.java:93) ~[junit-platform-launcher-1.10.3.jar:1.10.3]
	at org.junit.platform.launcher.core.EngineExecutionOrchestrator.lambda$execute$0(EngineExecutionOrchestrator.java:58) ~[junit-platform-launcher-1.10.3.jar:1.10.3]
	at org.junit.platform.launcher.core.EngineExecutionOrchestrator.withInterceptedStreams(EngineExecutionOrchestrator.java:141) ~[junit-platform-launcher-1.10.3.jar:1.10.3]
	at org.junit.platform.launcher.core.EngineExecutionOrchestrator.execute(EngineExecutionOrchestrator.java:57) ~[junit-platform-launcher-1.10.3.jar:1.10.3]
	at org.junit.platform.launcher.core.DefaultLauncher.execute(DefaultLauncher.java:103) ~[junit-platform-launcher-1.10.3.jar:1.10.3]
	at org.junit.platform.launcher.core.DefaultLauncher.execute(DefaultLauncher.java:85) ~[junit-platform-launcher-1.10.3.jar:1.10.3]
	at org.junit.platform.launcher.core.DelegatingLauncher.execute(DelegatingLauncher.java:47) ~[junit-platform-launcher-1.10.3.jar:1.10.3]
	at org.apache.maven.surefire.junitplatform.LazyLauncher.execute(LazyLauncher.java:56) ~[surefire-junit-platform-3.2.5.jar:3.2.5]
	at org.apache.maven.surefire.junitplatform.JUnitPlatformProvider.execute(JUnitPlatformProvider.java:184) ~[surefire-junit-platform-3.2.5.jar:3.2.5]
	at org.apache.maven.surefire.junitplatform.JUnitPlatformProvider.invokeAllTests(JUnitPlatformProvider.java:148) ~[surefire-junit-platform-3.2.5.jar:3.2.5]
	at org.apache.maven.surefire.junitplatform.JUnitPlatformProvider.invoke(JUnitPlatformProvider.java:122) ~[surefire-junit-platform-3.2.5.jar:3.2.5]
	at org.apache.maven.surefire.booter.ForkedBooter.runSuitesInProcess(ForkedBooter.java:385) ~[surefire-booter-3.2.5.jar:3.2.5]
	at org.apache.maven.surefire.booter.ForkedBooter.execute(ForkedBooter.java:162) ~[surefire-booter-3.2.5.jar:3.2.5]
	at org.apache.maven.surefire.booter.ForkedBooter.run(ForkedBooter.java:507) ~[surefire-booter-3.2.5.jar:3.2.5]
	at org.apache.maven.surefire.booter.ForkedBooter.main(ForkedBooter.java:495) ~[surefire-booter-3.2.5.jar:3.2.5]

2025-10-12T09:06:31.224Z  WARN 144 --- [nll-light-api-test] [           main] o.s.test.context.TestContextManager      : Caught exception while allowing TestExecutionListener [org.springframework.test.context.web.ServletTestExecutionListener] to prepare test instance [se.inera.nll.nlllight.api.controller.PrescriberControllerIntegrationTest@628b819d]

java.lang.IllegalStateException: ApplicationContext failure threshold (1) exceeded: skipping repeated attempt to load context for [WebMergedContextConfiguration@4978777f testClass = se.inera.nll.nlllight.api.controller.PrescriberControllerIntegrationTest, locations = [], classes = [se.inera.nll.nlllight.api.NllLightApiApplication], contextInitializerClasses = [], activeProfiles = ["test"], propertySourceDescriptors = [], propertySourceProperties = ["org.springframework.boot.test.context.SpringBootTestContextBootstrapper=true"], contextCustomizers = [[ImportsContextCustomizer@7bc6935c key = [org.springframework.boot.test.autoconfigure.web.servlet.MockMvcWebDriverAutoConfiguration, org.springframework.boot.test.autoconfigure.web.servlet.MockMvcAutoConfiguration, org.springframework.boot.autoconfigure.security.oauth2.client.servlet.OAuth2ClientAutoConfiguration, se.inera.nll.nlllight.config.TestSecurityConfig, org.springframework.boot.autoconfigure.security.servlet.SecurityAutoConfiguration, org.springframework.boot.autoconfigure.security.servlet.SecurityFilterAutoConfiguration, org.springframework.boot.autoconfigure.security.servlet.UserDetailsServiceAutoConfiguration, org.springframework.boot.autoconfigure.security.oauth2.resource.servlet.OAuth2ResourceServerAutoConfiguration, org.springframework.boot.test.autoconfigure.web.servlet.MockMvcSecurityConfiguration, org.springframework.boot.test.autoconfigure.web.servlet.MockMvcWebClientAutoConfiguration, org.springframework.boot.test.autoconfigure.web.reactive.WebTestClientAutoConfiguration]], org.springframework.boot.test.context.filter.ExcludeFilterContextCustomizer@1f75a668, org.springframework.boot.test.json.DuplicateJsonObjectContextCustomizerFactory$DuplicateJsonObjectContextCustomizer@2812b107, org.springframework.boot.test.mock.mockito.MockitoContextCustomizer@0, org.springframework.boot.test.web.client.TestRestTemplateContextCustomizer@4eaf3684, org.springframework.boot.test.web.reactor.netty.DisableReactorResourceFactoryGlobalResourcesContextCustomizerFactory$DisableReactorResourceFactoryGlobalResourcesContextCustomizerCustomizer@4416d64f, org.springframework.boot.test.autoconfigure.actuate.observability.ObservabilityContextCustomizerFactory$DisableObservabilityContextCustomizer@1f, org.springframework.boot.test.autoconfigure.properties.PropertyMappingContextCustomizer@4b3fa0b3, org.springframework.boot.test.autoconfigure.web.servlet.WebDriverContextCustomizer@3b8f0a79, org.springframework.boot.test.context.SpringBootTestAnnotation@d0f4dd2a], resourceBasePath = "src/main/webapp", contextLoader = org.springframework.boot.test.context.SpringBootContextLoader, parent = null]
	at org.springframework.test.context.cache.DefaultCacheAwareContextLoaderDelegate.loadContext(DefaultCacheAwareContextLoaderDelegate.java:145) ~[spring-test-6.1.12.jar:6.1.12]
	at org.springframework.test.context.support.DefaultTestContext.getApplicationContext(DefaultTestContext.java:130) ~[spring-test-6.1.12.jar:6.1.12]
	at org.springframework.test.context.web.ServletTestExecutionListener.setUpRequestContextIfNecessary(ServletTestExecutionListener.java:191) ~[spring-test-6.1.12.jar:6.1.12]
	at org.springframework.test.context.web.ServletTestExecutionListener.prepareTestInstance(ServletTestExecutionListener.java:130) ~[spring-test-6.1.12.jar:6.1.12]
	at org.springframework.test.context.TestContextManager.prepareTestInstance(TestContextManager.java:260) ~[spring-test-6.1.12.jar:6.1.12]
	at org.springframework.test.context.junit.jupiter.SpringExtension.postProcessTestInstance(SpringExtension.java:163) ~[spring-test-6.1.12.jar:6.1.12]
	at org.junit.jupiter.engine.descriptor.ClassBasedTestDescriptor.lambda$invokeTestInstancePostProcessors$10(ClassBasedTestDescriptor.java:378) ~[junit-jupiter-engine-5.10.3.jar:5.10.3]
	at org.junit.jupiter.engine.descriptor.ClassBasedTestDescriptor.executeAndMaskThrowable(ClassBasedTestDescriptor.java:383) ~[junit-jupiter-engine-5.10.3.jar:5.10.3]
	at org.junit.jupiter.engine.descriptor.ClassBasedTestDescriptor.lambda$invokeTestInstancePostProcessors$11(ClassBasedTestDescriptor.java:378) ~[junit-jupiter-engine-5.10.3.jar:5.10.3]
	at java.base/java.util.stream.ReferencePipeline$3$1.accept(ReferencePipeline.java:197) ~[na:na]
	at java.base/java.util.stream.ReferencePipeline$2$1.accept(ReferencePipeline.java:179) ~[na:na]
	at java.base/java.util.ArrayList$ArrayListSpliterator.forEachRemaining(ArrayList.java:1708) ~[na:na]
	at java.base/java.util.stream.AbstractPipeline.copyInto(AbstractPipeline.java:509) ~[na:na]
	at java.base/java.util.stream.AbstractPipeline.wrapAndCopyInto(AbstractPipeline.java:499) ~[na:na]
	at java.base/java.util.stream.StreamSpliterators$WrappingSpliterator.forEachRemaining(StreamSpliterators.java:310) ~[na:na]
	at java.base/java.util.stream.Streams$ConcatSpliterator.forEachRemaining(Streams.java:735) ~[na:na]
	at java.base/java.util.stream.Streams$ConcatSpliterator.forEachRemaining(Streams.java:734) ~[na:na]
	at java.base/java.util.stream.ReferencePipeline$Head.forEach(ReferencePipeline.java:762) ~[na:na]
	at org.junit.jupiter.engine.descriptor.ClassBasedTestDescriptor.invokeTestInstancePostProcessors(ClassBasedTestDescriptor.java:377) ~[junit-jupiter-engine-5.10.3.jar:5.10.3]
	at org.junit.jupiter.engine.descriptor.ClassBasedTestDescriptor.lambda$instantiateAndPostProcessTestInstance$6(ClassBasedTestDescriptor.java:290) ~[junit-jupiter-engine-5.10.3.jar:5.10.3]
	at org.junit.platform.engine.support.hierarchical.ThrowableCollector.execute(ThrowableCollector.java:73) ~[junit-platform-engine-1.10.3.jar:1.10.3]
	at org.junit.jupiter.engine.descriptor.ClassBasedTestDescriptor.instantiateAndPostProcessTestInstance(ClassBasedTestDescriptor.java:289) ~[junit-jupiter-engine-5.10.3.jar:5.10.3]
	at org.junit.jupiter.engine.descriptor.ClassBasedTestDescriptor.lambda$testInstancesProvider$4(ClassBasedTestDescriptor.java:279) ~[junit-jupiter-engine-5.10.3.jar:5.10.3]
	at java.base/java.util.Optional.orElseGet(Optional.java:364) ~[na:na]
	at org.junit.jupiter.engine.descriptor.ClassBasedTestDescriptor.lambda$testInstancesProvider$5(ClassBasedTestDescriptor.java:278) ~[junit-jupiter-engine-5.10.3.jar:5.10.3]
	at org.junit.jupiter.engine.execution.TestInstancesProvider.getTestInstances(TestInstancesProvider.java:31) ~[junit-jupiter-engine-5.10.3.jar:5.10.3]
	at org.junit.jupiter.engine.descriptor.TestMethodTestDescriptor.lambda$prepare$0(TestMethodTestDescriptor.java:106) ~[junit-jupiter-engine-5.10.3.jar:5.10.3]
	at org.junit.platform.engine.support.hierarchical.ThrowableCollector.execute(ThrowableCollector.java:73) ~[junit-platform-engine-1.10.3.jar:1.10.3]
	at org.junit.jupiter.engine.descriptor.TestMethodTestDescriptor.prepare(TestMethodTestDescriptor.java:105) ~[junit-jupiter-engine-5.10.3.jar:5.10.3]
	at org.junit.jupiter.engine.descriptor.TestMethodTestDescriptor.prepare(TestMethodTestDescriptor.java:69) ~[junit-jupiter-engine-5.10.3.jar:5.10.3]
	at org.junit.platform.engine.support.hierarchical.NodeTestTask.lambda$prepare$2(NodeTestTask.java:123) ~[junit-platform-engine-1.10.3.jar:1.10.3]
	at org.junit.platform.engine.support.hierarchical.ThrowableCollector.execute(ThrowableCollector.java:73) ~[junit-platform-engine-1.10.3.jar:1.10.3]
	at org.junit.platform.engine.support.hierarchical.NodeTestTask.prepare(NodeTestTask.java:123) ~[junit-platform-engine-1.10.3.jar:1.10.3]
	at org.junit.platform.engine.support.hierarchical.NodeTestTask.execute(NodeTestTask.java:90) ~[junit-platform-engine-1.10.3.jar:1.10.3]
	at java.base/java.util.ArrayList.forEach(ArrayList.java:1596) ~[na:na]
	at org.junit.platform.engine.support.hierarchical.SameThreadHierarchicalTestExecutorService.invokeAll(SameThreadHierarchicalTestExecutorService.java:41) ~[junit-platform-engine-1.10.3.jar:1.10.3]
	at org.junit.platform.engine.support.hierarchical.NodeTestTask.lambda$executeRecursively$6(NodeTestTask.java:155) ~[junit-platform-engine-1.10.3.jar:1.10.3]
	at org.junit.platform.engine.support.hierarchical.ThrowableCollector.execute(ThrowableCollector.java:73) ~[junit-platform-engine-1.10.3.jar:1.10.3]
	at org.junit.platform.engine.support.hierarchical.NodeTestTask.lambda$executeRecursively$8(NodeTestTask.java:141) ~[junit-platform-engine-1.10.3.jar:1.10.3]
	at org.junit.platform.engine.support.hierarchical.Node.around(Node.java:137) ~[junit-platform-engine-1.10.3.jar:1.10.3]
	at org.junit.platform.engine.support.hierarchical.NodeTestTask.lambda$executeRecursively$9(NodeTestTask.java:139) ~[junit-platform-engine-1.10.3.jar:1.10.3]
	at org.junit.platform.engine.support.hierarchical.ThrowableCollector.execute(ThrowableCollector.java:73) ~[junit-platform-engine-1.10.3.jar:1.10.3]
	at org.junit.platform.engine.support.hierarchical.NodeTestTask.executeRecursively(NodeTestTask.java:138) ~[junit-platform-engine-1.10.3.jar:1.10.3]
	at org.junit.platform.engine.support.hierarchical.NodeTestTask.execute(NodeTestTask.java:95) ~[junit-platform-engine-1.10.3.jar:1.10.3]
	at java.base/java.util.ArrayList.forEach(ArrayList.java:1596) ~[na:na]
	at org.junit.platform.engine.support.hierarchical.SameThreadHierarchicalTestExecutorService.invokeAll(SameThreadHierarchicalTestExecutorService.java:41) ~[junit-platform-engine-1.10.3.jar:1.10.3]
	at org.junit.platform.engine.support.hierarchical.NodeTestTask.lambda$executeRecursively$6(NodeTestTask.java:155) ~[junit-platform-engine-1.10.3.jar:1.10.3]
	at org.junit.platform.engine.support.hierarchical.ThrowableCollector.execute(ThrowableCollector.java:73) ~[junit-platform-engine-1.10.3.jar:1.10.3]
	at org.junit.platform.engine.support.hierarchical.NodeTestTask.lambda$executeRecursively$8(NodeTestTask.java:141) ~[junit-platform-engine-1.10.3.jar:1.10.3]
	at org.junit.platform.engine.support.hierarchical.Node.around(Node.java:137) ~[junit-platform-engine-1.10.3.jar:1.10.3]
	at org.junit.platform.engine.support.hierarchical.NodeTestTask.lambda$executeRecursively$9(NodeTestTask.java:139) ~[junit-platform-engine-1.10.3.jar:1.10.3]
	at org.junit.platform.engine.support.hierarchical.ThrowableCollector.execute(ThrowableCollector.java:73) ~[junit-platform-engine-1.10.3.jar:1.10.3]
	at org.junit.platform.engine.support.hierarchical.NodeTestTask.executeRecursively(NodeTestTask.java:138) ~[junit-platform-engine-1.10.3.jar:1.10.3]
	at org.junit.platform.engine.support.hierarchical.NodeTestTask.execute(NodeTestTask.java:95) ~[junit-platform-engine-1.10.3.jar:1.10.3]
	at org.junit.platform.engine.support.hierarchical.SameThreadHierarchicalTestExecutorService.submit(SameThreadHierarchicalTestExecutorService.java:35) ~[junit-platform-engine-1.10.3.jar:1.10.3]
	at org.junit.platform.engine.support.hierarchical.HierarchicalTestExecutor.execute(HierarchicalTestExecutor.java:57) ~[junit-platform-engine-1.10.3.jar:1.10.3]
	at org.junit.platform.engine.support.hierarchical.HierarchicalTestEngine.execute(HierarchicalTestEngine.java:54) ~[junit-platform-engine-1.10.3.jar:1.10.3]
	at org.junit.platform.launcher.core.EngineExecutionOrchestrator.execute(EngineExecutionOrchestrator.java:198) ~[junit-platform-launcher-1.10.3.jar:1.10.3]
	at org.junit.platform.launcher.core.EngineExecutionOrchestrator.execute(EngineExecutionOrchestrator.java:169) ~[junit-platform-launcher-1.10.3.jar:1.10.3]
	at org.junit.platform.launcher.core.EngineExecutionOrchestrator.execute(EngineExecutionOrchestrator.java:93) ~[junit-platform-launcher-1.10.3.jar:1.10.3]
	at org.junit.platform.launcher.core.EngineExecutionOrchestrator.lambda$execute$0(EngineExecutionOrchestrator.java:58) ~[junit-platform-launcher-1.10.3.jar:1.10.3]
	at org.junit.platform.launcher.core.EngineExecutionOrchestrator.withInterceptedStreams(EngineExecutionOrchestrator.java:141) ~[junit-platform-launcher-1.10.3.jar:1.10.3]
	at org.junit.platform.launcher.core.EngineExecutionOrchestrator.execute(EngineExecutionOrchestrator.java:57) ~[junit-platform-launcher-1.10.3.jar:1.10.3]
	at org.junit.platform.launcher.core.DefaultLauncher.execute(DefaultLauncher.java:103) ~[junit-platform-launcher-1.10.3.jar:1.10.3]
	at org.junit.platform.launcher.core.DefaultLauncher.execute(DefaultLauncher.java:85) ~[junit-platform-launcher-1.10.3.jar:1.10.3]
	at org.junit.platform.launcher.core.DelegatingLauncher.execute(DelegatingLauncher.java:47) ~[junit-platform-launcher-1.10.3.jar:1.10.3]
	at org.apache.maven.surefire.junitplatform.LazyLauncher.execute(LazyLauncher.java:56) ~[surefire-junit-platform-3.2.5.jar:3.2.5]
	at org.apache.maven.surefire.junitplatform.JUnitPlatformProvider.execute(JUnitPlatformProvider.java:184) ~[surefire-junit-platform-3.2.5.jar:3.2.5]
	at org.apache.maven.surefire.junitplatform.JUnitPlatformProvider.invokeAllTests(JUnitPlatformProvider.java:148) ~[surefire-junit-platform-3.2.5.jar:3.2.5]
	at org.apache.maven.surefire.junitplatform.JUnitPlatformProvider.invoke(JUnitPlatformProvider.java:122) ~[surefire-junit-platform-3.2.5.jar:3.2.5]
	at org.apache.maven.surefire.booter.ForkedBooter.runSuitesInProcess(ForkedBooter.java:385) ~[surefire-booter-3.2.5.jar:3.2.5]
	at org.apache.maven.surefire.booter.ForkedBooter.execute(ForkedBooter.java:162) ~[surefire-booter-3.2.5.jar:3.2.5]
	at org.apache.maven.surefire.booter.ForkedBooter.run(ForkedBooter.java:507) ~[surefire-booter-3.2.5.jar:3.2.5]
	at org.apache.maven.surefire.booter.ForkedBooter.main(ForkedBooter.java:495) ~[surefire-booter-3.2.5.jar:3.2.5]

2025-10-12T09:06:31.228Z  WARN 144 --- [nll-light-api-test] [           main] o.s.test.context.TestContextManager      : Caught exception while allowing TestExecutionListener [org.springframework.test.context.web.ServletTestExecutionListener] to prepare test instance [se.inera.nll.nlllight.api.controller.PrescriberControllerIntegrationTest@2cca611f]

java.lang.IllegalStateException: ApplicationContext failure threshold (1) exceeded: skipping repeated attempt to load context for [WebMergedContextConfiguration@4978777f testClass = se.inera.nll.nlllight.api.controller.PrescriberControllerIntegrationTest, locations = [], classes = [se.inera.nll.nlllight.api.NllLightApiApplication], contextInitializerClasses = [], activeProfiles = ["test"], propertySourceDescriptors = [], propertySourceProperties = ["org.springframework.boot.test.context.SpringBootTestContextBootstrapper=true"], contextCustomizers = [[ImportsContextCustomizer@7bc6935c key = [org.springframework.boot.test.autoconfigure.web.servlet.MockMvcWebDriverAutoConfiguration, org.springframework.boot.test.autoconfigure.web.servlet.MockMvcAutoConfiguration, org.springframework.boot.autoconfigure.security.oauth2.client.servlet.OAuth2ClientAutoConfiguration, se.inera.nll.nlllight.config.TestSecurityConfig, org.springframework.boot.autoconfigure.security.servlet.SecurityAutoConfiguration, org.springframework.boot.autoconfigure.security.servlet.SecurityFilterAutoConfiguration, org.springframework.boot.autoconfigure.security.servlet.UserDetailsServiceAutoConfiguration, org.springframework.boot.autoconfigure.security.oauth2.resource.servlet.OAuth2ResourceServerAutoConfiguration, org.springframework.boot.test.autoconfigure.web.servlet.MockMvcSecurityConfiguration, org.springframework.boot.test.autoconfigure.web.servlet.MockMvcWebClientAutoConfiguration, org.springframework.boot.test.autoconfigure.web.reactive.WebTestClientAutoConfiguration]], org.springframework.boot.test.context.filter.ExcludeFilterContextCustomizer@1f75a668, org.springframework.boot.test.json.DuplicateJsonObjectContextCustomizerFactory$DuplicateJsonObjectContextCustomizer@2812b107, org.springframework.boot.test.mock.mockito.MockitoContextCustomizer@0, org.springframework.boot.test.web.client.TestRestTemplateContextCustomizer@4eaf3684, org.springframework.boot.test.web.reactor.netty.DisableReactorResourceFactoryGlobalResourcesContextCustomizerFactory$DisableReactorResourceFactoryGlobalResourcesContextCustomizerCustomizer@4416d64f, org.springframework.boot.test.autoconfigure.actuate.observability.ObservabilityContextCustomizerFactory$DisableObservabilityContextCustomizer@1f, org.springframework.boot.test.autoconfigure.properties.PropertyMappingContextCustomizer@4b3fa0b3, org.springframework.boot.test.autoconfigure.web.servlet.WebDriverContextCustomizer@3b8f0a79, org.springframework.boot.test.context.SpringBootTestAnnotation@d0f4dd2a], resourceBasePath = "src/main/webapp", contextLoader = org.springframework.boot.test.context.SpringBootContextLoader, parent = null]
	at org.springframework.test.context.cache.DefaultCacheAwareContextLoaderDelegate.loadContext(DefaultCacheAwareContextLoaderDelegate.java:145) ~[spring-test-6.1.12.jar:6.1.12]
	at org.springframework.test.context.support.DefaultTestContext.getApplicationContext(DefaultTestContext.java:130) ~[spring-test-6.1.12.jar:6.1.12]
	at org.springframework.test.context.web.ServletTestExecutionListener.setUpRequestContextIfNecessary(ServletTestExecutionListener.java:191) ~[spring-test-6.1.12.jar:6.1.12]
	at org.springframework.test.context.web.ServletTestExecutionListener.prepareTestInstance(ServletTestExecutionListener.java:130) ~[spring-test-6.1.12.jar:6.1.12]
	at org.springframework.test.context.TestContextManager.prepareTestInstance(TestContextManager.java:260) ~[spring-test-6.1.12.jar:6.1.12]
	at org.springframework.test.context.junit.jupiter.SpringExtension.postProcessTestInstance(SpringExtension.java:163) ~[spring-test-6.1.12.jar:6.1.12]
	at org.junit.jupiter.engine.descriptor.ClassBasedTestDescriptor.lambda$invokeTestInstancePostProcessors$10(ClassBasedTestDescriptor.java:378) ~[junit-jupiter-engine-5.10.3.jar:5.10.3]
	at org.junit.jupiter.engine.descriptor.ClassBasedTestDescriptor.executeAndMaskThrowable(ClassBasedTestDescriptor.java:383) ~[junit-jupiter-engine-5.10.3.jar:5.10.3]
	at org.junit.jupiter.engine.descriptor.ClassBasedTestDescriptor.lambda$invokeTestInstancePostProcessors$11(ClassBasedTestDescriptor.java:378) ~[junit-jupiter-engine-5.10.3.jar:5.10.3]
	at java.base/java.util.stream.ReferencePipeline$3$1.accept(ReferencePipeline.java:197) ~[na:na]
	at java.base/java.util.stream.ReferencePipeline$2$1.accept(ReferencePipeline.java:179) ~[na:na]
	at java.base/java.util.ArrayList$ArrayListSpliterator.forEachRemaining(ArrayList.java:1708) ~[na:na]
	at java.base/java.util.stream.AbstractPipeline.copyInto(AbstractPipeline.java:509) ~[na:na]
	at java.base/java.util.stream.AbstractPipeline.wrapAndCopyInto(AbstractPipeline.java:499) ~[na:na]
	at java.base/java.util.stream.StreamSpliterators$WrappingSpliterator.forEachRemaining(StreamSpliterators.java:310) ~[na:na]
	at java.base/java.util.stream.Streams$ConcatSpliterator.forEachRemaining(Streams.java:735) ~[na:na]
	at java.base/java.util.stream.Streams$ConcatSpliterator.forEachRemaining(Streams.java:734) ~[na:na]
	at java.base/java.util.stream.ReferencePipeline$Head.forEach(ReferencePipeline.java:762) ~[na:na]
	at org.junit.jupiter.engine.descriptor.ClassBasedTestDescriptor.invokeTestInstancePostProcessors(ClassBasedTestDescriptor.java:377) ~[junit-jupiter-engine-5.10.3.jar:5.10.3]
	at org.junit.jupiter.engine.descriptor.ClassBasedTestDescriptor.lambda$instantiateAndPostProcessTestInstance$6(ClassBasedTestDescriptor.java:290) ~[junit-jupiter-engine-5.10.3.jar:5.10.3]
	at org.junit.platform.engine.support.hierarchical.ThrowableCollector.execute(ThrowableCollector.java:73) ~[junit-platform-engine-1.10.3.jar:1.10.3]
	at org.junit.jupiter.engine.descriptor.ClassBasedTestDescriptor.instantiateAndPostProcessTestInstance(ClassBasedTestDescriptor.java:289) ~[junit-jupiter-engine-5.10.3.jar:5.10.3]
	at org.junit.jupiter.engine.descriptor.ClassBasedTestDescriptor.lambda$testInstancesProvider$4(ClassBasedTestDescriptor.java:279) ~[junit-jupiter-engine-5.10.3.jar:5.10.3]
	at java.base/java.util.Optional.orElseGet(Optional.java:364) ~[na:na]
	at org.junit.jupiter.engine.descriptor.ClassBasedTestDescriptor.lambda$testInstancesProvider$5(ClassBasedTestDescriptor.java:278) ~[junit-jupiter-engine-5.10.3.jar:5.10.3]
	at org.junit.jupiter.engine.execution.TestInstancesProvider.getTestInstances(TestInstancesProvider.java:31) ~[junit-jupiter-engine-5.10.3.jar:5.10.3]
	at org.junit.jupiter.engine.descriptor.TestMethodTestDescriptor.lambda$prepare$0(TestMethodTestDescriptor.java:106) ~[junit-jupiter-engine-5.10.3.jar:5.10.3]
	at org.junit.platform.engine.support.hierarchical.ThrowableCollector.execute(ThrowableCollector.java:73) ~[junit-platform-engine-1.10.3.jar:1.10.3]
	at org.junit.jupiter.engine.descriptor.TestMethodTestDescriptor.prepare(TestMethodTestDescriptor.java:105) ~[junit-jupiter-engine-5.10.3.jar:5.10.3]
	at org.junit.jupiter.engine.descriptor.TestMethodTestDescriptor.prepare(TestMethodTestDescriptor.java:69) ~[junit-jupiter-engine-5.10.3.jar:5.10.3]
	at org.junit.platform.engine.support.hierarchical.NodeTestTask.lambda$prepare$2(NodeTestTask.java:123) ~[junit-platform-engine-1.10.3.jar:1.10.3]
	at org.junit.platform.engine.support.hierarchical.ThrowableCollector.execute(ThrowableCollector.java:73) ~[junit-platform-engine-1.10.3.jar:1.10.3]
	at org.junit.platform.engine.support.hierarchical.NodeTestTask.prepare(NodeTestTask.java:123) ~[junit-platform-engine-1.10.3.jar:1.10.3]
	at org.junit.platform.engine.support.hierarchical.NodeTestTask.execute(NodeTestTask.java:90) ~[junit-platform-engine-1.10.3.jar:1.10.3]
	at java.base/java.util.ArrayList.forEach(ArrayList.java:1596) ~[na:na]
	at org.junit.platform.engine.support.hierarchical.SameThreadHierarchicalTestExecutorService.invokeAll(SameThreadHierarchicalTestExecutorService.java:41) ~[junit-platform-engine-1.10.3.jar:1.10.3]
	at org.junit.platform.engine.support.hierarchical.NodeTestTask.lambda$executeRecursively$6(NodeTestTask.java:155) ~[junit-platform-engine-1.10.3.jar:1.10.3]
	at org.junit.platform.engine.support.hierarchical.ThrowableCollector.execute(ThrowableCollector.java:73) ~[junit-platform-engine-1.10.3.jar:1.10.3]
	at org.junit.platform.engine.support.hierarchical.NodeTestTask.lambda$executeRecursively$8(NodeTestTask.java:141) ~[junit-platform-engine-1.10.3.jar:1.10.3]
	at org.junit.platform.engine.support.hierarchical.Node.around(Node.java:137) ~[junit-platform-engine-1.10.3.jar:1.10.3]
	at org.junit.platform.engine.support.hierarchical.NodeTestTask.lambda$executeRecursively$9(NodeTestTask.java:139) ~[junit-platform-engine-1.10.3.jar:1.10.3]
	at org.junit.platform.engine.support.hierarchical.ThrowableCollector.execute(ThrowableCollector.java:73) ~[junit-platform-engine-1.10.3.jar:1.10.3]
	at org.junit.platform.engine.support.hierarchical.NodeTestTask.executeRecursively(NodeTestTask.java:138) ~[junit-platform-engine-1.10.3.jar:1.10.3]
	at org.junit.platform.engine.support.hierarchical.NodeTestTask.execute(NodeTestTask.java:95) ~[junit-platform-engine-1.10.3.jar:1.10.3]
	at java.base/java.util.ArrayList.forEach(ArrayList.java:1596) ~[na:na]
	at org.junit.platform.engine.support.hierarchical.SameThreadHierarchicalTestExecutorService.invokeAll(SameThreadHierarchicalTestExecutorService.java:41) ~[junit-platform-engine-1.10.3.jar:1.10.3]
	at org.junit.platform.engine.support.hierarchical.NodeTestTask.lambda$executeRecursively$6(NodeTestTask.java:155) ~[junit-platform-engine-1.10.3.jar:1.10.3]
	at org.junit.platform.engine.support.hierarchical.ThrowableCollector.execute(ThrowableCollector.java:73) ~[junit-platform-engine-1.10.3.jar:1.10.3]
	at org.junit.platform.engine.support.hierarchical.NodeTestTask.lambda$executeRecursively$8(NodeTestTask.java:141) ~[junit-platform-engine-1.10.3.jar:1.10.3]
	at org.junit.platform.engine.support.hierarchical.Node.around(Node.java:137) ~[junit-platform-engine-1.10.3.jar:1.10.3]
	at org.junit.platform.engine.support.hierarchical.NodeTestTask.lambda$executeRecursively$9(NodeTestTask.java:139) ~[junit-platform-engine-1.10.3.jar:1.10.3]
	at org.junit.platform.engine.support.hierarchical.ThrowableCollector.execute(ThrowableCollector.java:73) ~[junit-platform-engine-1.10.3.jar:1.10.3]
	at org.junit.platform.engine.support.hierarchical.NodeTestTask.executeRecursively(NodeTestTask.java:138) ~[junit-platform-engine-1.10.3.jar:1.10.3]
	at org.junit.platform.engine.support.hierarchical.NodeTestTask.execute(NodeTestTask.java:95) ~[junit-platform-engine-1.10.3.jar:1.10.3]
	at org.junit.platform.engine.support.hierarchical.SameThreadHierarchicalTestExecutorService.submit(SameThreadHierarchicalTestExecutorService.java:35) ~[junit-platform-engine-1.10.3.jar:1.10.3]
	at org.junit.platform.engine.support.hierarchical.HierarchicalTestExecutor.execute(HierarchicalTestExecutor.java:57) ~[junit-platform-engine-1.10.3.jar:1.10.3]
	at org.junit.platform.engine.support.hierarchical.HierarchicalTestEngine.execute(HierarchicalTestEngine.java:54) ~[junit-platform-engine-1.10.3.jar:1.10.3]
	at org.junit.platform.launcher.core.EngineExecutionOrchestrator.execute(EngineExecutionOrchestrator.java:198) ~[junit-platform-launcher-1.10.3.jar:1.10.3]
	at org.junit.platform.launcher.core.EngineExecutionOrchestrator.execute(EngineExecutionOrchestrator.java:169) ~[junit-platform-launcher-1.10.3.jar:1.10.3]
	at org.junit.platform.launcher.core.EngineExecutionOrchestrator.execute(EngineExecutionOrchestrator.java:93) ~[junit-platform-launcher-1.10.3.jar:1.10.3]
	at org.junit.platform.launcher.core.EngineExecutionOrchestrator.lambda$execute$0(EngineExecutionOrchestrator.java:58) ~[junit-platform-launcher-1.10.3.jar:1.10.3]
	at org.junit.platform.launcher.core.EngineExecutionOrchestrator.withInterceptedStreams(EngineExecutionOrchestrator.java:141) ~[junit-platform-launcher-1.10.3.jar:1.10.3]
	at org.junit.platform.launcher.core.EngineExecutionOrchestrator.execute(EngineExecutionOrchestrator.java:57) ~[junit-platform-launcher-1.10.3.jar:1.10.3]
	at org.junit.platform.launcher.core.DefaultLauncher.execute(DefaultLauncher.java:103) ~[junit-platform-launcher-1.10.3.jar:1.10.3]
	at org.junit.platform.launcher.core.DefaultLauncher.execute(DefaultLauncher.java:85) ~[junit-platform-launcher-1.10.3.jar:1.10.3]
	at org.junit.platform.launcher.core.DelegatingLauncher.execute(DelegatingLauncher.java:47) ~[junit-platform-launcher-1.10.3.jar:1.10.3]
	at org.apache.maven.surefire.junitplatform.LazyLauncher.execute(LazyLauncher.java:56) ~[surefire-junit-platform-3.2.5.jar:3.2.5]
	at org.apache.maven.surefire.junitplatform.JUnitPlatformProvider.execute(JUnitPlatformProvider.java:184) ~[surefire-junit-platform-3.2.5.jar:3.2.5]
	at org.apache.maven.surefire.junitplatform.JUnitPlatformProvider.invokeAllTests(JUnitPlatformProvider.java:148) ~[surefire-junit-platform-3.2.5.jar:3.2.5]
	at org.apache.maven.surefire.junitplatform.JUnitPlatformProvider.invoke(JUnitPlatformProvider.java:122) ~[surefire-junit-platform-3.2.5.jar:3.2.5]
	at org.apache.maven.surefire.booter.ForkedBooter.runSuitesInProcess(ForkedBooter.java:385) ~[surefire-booter-3.2.5.jar:3.2.5]
	at org.apache.maven.surefire.booter.ForkedBooter.execute(ForkedBooter.java:162) ~[surefire-booter-3.2.5.jar:3.2.5]
	at org.apache.maven.surefire.booter.ForkedBooter.run(ForkedBooter.java:507) ~[surefire-booter-3.2.5.jar:3.2.5]
	at org.apache.maven.surefire.booter.ForkedBooter.main(ForkedBooter.java:495) ~[surefire-booter-3.2.5.jar:3.2.5]

2025-10-12T09:06:31.231Z  WARN 144 --- [nll-light-api-test] [           main] o.s.test.context.TestContextManager      : Caught exception while allowing TestExecutionListener [org.springframework.test.context.web.ServletTestExecutionListener] to prepare test instance [se.inera.nll.nlllight.api.controller.PrescriberControllerIntegrationTest@6fc0bbc6]

java.lang.IllegalStateException: ApplicationContext failure threshold (1) exceeded: skipping repeated attempt to load context for [WebMergedContextConfiguration@4978777f testClass = se.inera.nll.nlllight.api.controller.PrescriberControllerIntegrationTest, locations = [], classes = [se.inera.nll.nlllight.api.NllLightApiApplication], contextInitializerClasses = [], activeProfiles = ["test"], propertySourceDescriptors = [], propertySourceProperties = ["org.springframework.boot.test.context.SpringBootTestContextBootstrapper=true"], contextCustomizers = [[ImportsContextCustomizer@7bc6935c key = [org.springframework.boot.test.autoconfigure.web.servlet.MockMvcWebDriverAutoConfiguration, org.springframework.boot.test.autoconfigure.web.servlet.MockMvcAutoConfiguration, org.springframework.boot.autoconfigure.security.oauth2.client.servlet.OAuth2ClientAutoConfiguration, se.inera.nll.nlllight.config.TestSecurityConfig, org.springframework.boot.autoconfigure.security.servlet.SecurityAutoConfiguration, org.springframework.boot.autoconfigure.security.servlet.SecurityFilterAutoConfiguration, org.springframework.boot.autoconfigure.security.servlet.UserDetailsServiceAutoConfiguration, org.springframework.boot.autoconfigure.security.oauth2.resource.servlet.OAuth2ResourceServerAutoConfiguration, org.springframework.boot.test.autoconfigure.web.servlet.MockMvcSecurityConfiguration, org.springframework.boot.test.autoconfigure.web.servlet.MockMvcWebClientAutoConfiguration, org.springframework.boot.test.autoconfigure.web.reactive.WebTestClientAutoConfiguration]], org.springframework.boot.test.context.filter.ExcludeFilterContextCustomizer@1f75a668, org.springframework.boot.test.json.DuplicateJsonObjectContextCustomizerFactory$DuplicateJsonObjectContextCustomizer@2812b107, org.springframework.boot.test.mock.mockito.MockitoContextCustomizer@0, org.springframework.boot.test.web.client.TestRestTemplateContextCustomizer@4eaf3684, org.springframework.boot.test.web.reactor.netty.DisableReactorResourceFactoryGlobalResourcesContextCustomizerFactory$DisableReactorResourceFactoryGlobalResourcesContextCustomizerCustomizer@4416d64f, org.springframework.boot.test.autoconfigure.actuate.observability.ObservabilityContextCustomizerFactory$DisableObservabilityContextCustomizer@1f, org.springframework.boot.test.autoconfigure.properties.PropertyMappingContextCustomizer@4b3fa0b3, org.springframework.boot.test.autoconfigure.web.servlet.WebDriverContextCustomizer@3b8f0a79, org.springframework.boot.test.context.SpringBootTestAnnotation@d0f4dd2a], resourceBasePath = "src/main/webapp", contextLoader = org.springframework.boot.test.context.SpringBootContextLoader, parent = null]
	at org.springframework.test.context.cache.DefaultCacheAwareContextLoaderDelegate.loadContext(DefaultCacheAwareContextLoaderDelegate.java:145) ~[spring-test-6.1.12.jar:6.1.12]
	at org.springframework.test.context.support.DefaultTestContext.getApplicationContext(DefaultTestContext.java:130) ~[spring-test-6.1.12.jar:6.1.12]
	at org.springframework.test.context.web.ServletTestExecutionListener.setUpRequestContextIfNecessary(ServletTestExecutionListener.java:191) ~[spring-test-6.1.12.jar:6.1.12]
	at org.springframework.test.context.web.ServletTestExecutionListener.prepareTestInstance(ServletTestExecutionListener.java:130) ~[spring-test-6.1.12.jar:6.1.12]
	at org.springframework.test.context.TestContextManager.prepareTestInstance(TestContextManager.java:260) ~[spring-test-6.1.12.jar:6.1.12]
	at org.springframework.test.context.junit.jupiter.SpringExtension.postProcessTestInstance(SpringExtension.java:163) ~[spring-test-6.1.12.jar:6.1.12]
	at org.junit.jupiter.engine.descriptor.ClassBasedTestDescriptor.lambda$invokeTestInstancePostProcessors$10(ClassBasedTestDescriptor.java:378) ~[junit-jupiter-engine-5.10.3.jar:5.10.3]
	at org.junit.jupiter.engine.descriptor.ClassBasedTestDescriptor.executeAndMaskThrowable(ClassBasedTestDescriptor.java:383) ~[junit-jupiter-engine-5.10.3.jar:5.10.3]
	at org.junit.jupiter.engine.descriptor.ClassBasedTestDescriptor.lambda$invokeTestInstancePostProcessors$11(ClassBasedTestDescriptor.java:378) ~[junit-jupiter-engine-5.10.3.jar:5.10.3]
	at java.base/java.util.stream.ReferencePipeline$3$1.accept(ReferencePipeline.java:197) ~[na:na]
	at java.base/java.util.stream.ReferencePipeline$2$1.accept(ReferencePipeline.java:179) ~[na:na]
	at java.base/java.util.ArrayList$ArrayListSpliterator.forEachRemaining(ArrayList.java:1708) ~[na:na]
	at java.base/java.util.stream.AbstractPipeline.copyInto(AbstractPipeline.java:509) ~[na:na]
	at java.base/java.util.stream.AbstractPipeline.wrapAndCopyInto(AbstractPipeline.java:499) ~[na:na]
	at java.base/java.util.stream.StreamSpliterators$WrappingSpliterator.forEachRemaining(StreamSpliterators.java:310) ~[na:na]
	at java.base/java.util.stream.Streams$ConcatSpliterator.forEachRemaining(Streams.java:735) ~[na:na]
	at java.base/java.util.stream.Streams$ConcatSpliterator.forEachRemaining(Streams.java:734) ~[na:na]
	at java.base/java.util.stream.ReferencePipeline$Head.forEach(ReferencePipeline.java:762) ~[na:na]
	at org.junit.jupiter.engine.descriptor.ClassBasedTestDescriptor.invokeTestInstancePostProcessors(ClassBasedTestDescriptor.java:377) ~[junit-jupiter-engine-5.10.3.jar:5.10.3]
	at org.junit.jupiter.engine.descriptor.ClassBasedTestDescriptor.lambda$instantiateAndPostProcessTestInstance$6(ClassBasedTestDescriptor.java:290) ~[junit-jupiter-engine-5.10.3.jar:5.10.3]
	at org.junit.platform.engine.support.hierarchical.ThrowableCollector.execute(ThrowableCollector.java:73) ~[junit-platform-engine-1.10.3.jar:1.10.3]
	at org.junit.jupiter.engine.descriptor.ClassBasedTestDescriptor.instantiateAndPostProcessTestInstance(ClassBasedTestDescriptor.java:289) ~[junit-jupiter-engine-5.10.3.jar:5.10.3]
	at org.junit.jupiter.engine.descriptor.ClassBasedTestDescriptor.lambda$testInstancesProvider$4(ClassBasedTestDescriptor.java:279) ~[junit-jupiter-engine-5.10.3.jar:5.10.3]
	at java.base/java.util.Optional.orElseGet(Optional.java:364) ~[na:na]
	at org.junit.jupiter.engine.descriptor.ClassBasedTestDescriptor.lambda$testInstancesProvider$5(ClassBasedTestDescriptor.java:278) ~[junit-jupiter-engine-5.10.3.jar:5.10.3]
	at org.junit.jupiter.engine.execution.TestInstancesProvider.getTestInstances(TestInstancesProvider.java:31) ~[junit-jupiter-engine-5.10.3.jar:5.10.3]
	at org.junit.jupiter.engine.descriptor.TestMethodTestDescriptor.lambda$prepare$0(TestMethodTestDescriptor.java:106) ~[junit-jupiter-engine-5.10.3.jar:5.10.3]
	at org.junit.platform.engine.support.hierarchical.ThrowableCollector.execute(ThrowableCollector.java:73) ~[junit-platform-engine-1.10.3.jar:1.10.3]
	at org.junit.jupiter.engine.descriptor.TestMethodTestDescriptor.prepare(TestMethodTestDescriptor.java:105) ~[junit-jupiter-engine-5.10.3.jar:5.10.3]
	at org.junit.jupiter.engine.descriptor.TestMethodTestDescriptor.prepare(TestMethodTestDescriptor.java:69) ~[junit-jupiter-engine-5.10.3.jar:5.10.3]
	at org.junit.platform.engine.support.hierarchical.NodeTestTask.lambda$prepare$2(NodeTestTask.java:123) ~[junit-platform-engine-1.10.3.jar:1.10.3]
	at org.junit.platform.engine.support.hierarchical.ThrowableCollector.execute(ThrowableCollector.java:73) ~[junit-platform-engine-1.10.3.jar:1.10.3]
	at org.junit.platform.engine.support.hierarchical.NodeTestTask.prepare(NodeTestTask.java:123) ~[junit-platform-engine-1.10.3.jar:1.10.3]
	at org.junit.platform.engine.support.hierarchical.NodeTestTask.execute(NodeTestTask.java:90) ~[junit-platform-engine-1.10.3.jar:1.10.3]
	at java.base/java.util.ArrayList.forEach(ArrayList.java:1596) ~[na:na]
	at org.junit.platform.engine.support.hierarchical.SameThreadHierarchicalTestExecutorService.invokeAll(SameThreadHierarchicalTestExecutorService.java:41) ~[junit-platform-engine-1.10.3.jar:1.10.3]
	at org.junit.platform.engine.support.hierarchical.NodeTestTask.lambda$executeRecursively$6(NodeTestTask.java:155) ~[junit-platform-engine-1.10.3.jar:1.10.3]
	at org.junit.platform.engine.support.hierarchical.ThrowableCollector.execute(ThrowableCollector.java:73) ~[junit-platform-engine-1.10.3.jar:1.10.3]
	at org.junit.platform.engine.support.hierarchical.NodeTestTask.lambda$executeRecursively$8(NodeTestTask.java:141) ~[junit-platform-engine-1.10.3.jar:1.10.3]
	at org.junit.platform.engine.support.hierarchical.Node.around(Node.java:137) ~[junit-platform-engine-1.10.3.jar:1.10.3]
	at org.junit.platform.engine.support.hierarchical.NodeTestTask.lambda$executeRecursively$9(NodeTestTask.java:139) ~[junit-platform-engine-1.10.3.jar:1.10.3]
	at org.junit.platform.engine.support.hierarchical.ThrowableCollector.execute(ThrowableCollector.java:73) ~[junit-platform-engine-1.10.3.jar:1.10.3]
	at org.junit.platform.engine.support.hierarchical.NodeTestTask.executeRecursively(NodeTestTask.java:138) ~[junit-platform-engine-1.10.3.jar:1.10.3]
	at org.junit.platform.engine.support.hierarchical.NodeTestTask.execute(NodeTestTask.java:95) ~[junit-platform-engine-1.10.3.jar:1.10.3]
	at java.base/java.util.ArrayList.forEach(ArrayList.java:1596) ~[na:na]
	at org.junit.platform.engine.support.hierarchical.SameThreadHierarchicalTestExecutorService.invokeAll(SameThreadHierarchicalTestExecutorService.java:41) ~[junit-platform-engine-1.10.3.jar:1.10.3]
	at org.junit.platform.engine.support.hierarchical.NodeTestTask.lambda$executeRecursively$6(NodeTestTask.java:155) ~[junit-platform-engine-1.10.3.jar:1.10.3]
	at org.junit.platform.engine.support.hierarchical.ThrowableCollector.execute(ThrowableCollector.java:73) ~[junit-platform-engine-1.10.3.jar:1.10.3]
	at org.junit.platform.engine.support.hierarchical.NodeTestTask.lambda$executeRecursively$8(NodeTestTask.java:141) ~[junit-platform-engine-1.10.3.jar:1.10.3]
	at org.junit.platform.engine.support.hierarchical.Node.around(Node.java:137) ~[junit-platform-engine-1.10.3.jar:1.10.3]
	at org.junit.platform.engine.support.hierarchical.NodeTestTask.lambda$executeRecursively$9(NodeTestTask.java:139) ~[junit-platform-engine-1.10.3.jar:1.10.3]
	at org.junit.platform.engine.support.hierarchical.ThrowableCollector.execute(ThrowableCollector.java:73) ~[junit-platform-engine-1.10.3.jar:1.10.3]
	at org.junit.platform.engine.support.hierarchical.NodeTestTask.executeRecursively(NodeTestTask.java:138) ~[junit-platform-engine-1.10.3.jar:1.10.3]
	at org.junit.platform.engine.support.hierarchical.NodeTestTask.execute(NodeTestTask.java:95) ~[junit-platform-engine-1.10.3.jar:1.10.3]
	at org.junit.platform.engine.support.hierarchical.SameThreadHierarchicalTestExecutorService.submit(SameThreadHierarchicalTestExecutorService.java:35) ~[junit-platform-engine-1.10.3.jar:1.10.3]
	at org.junit.platform.engine.support.hierarchical.HierarchicalTestExecutor.execute(HierarchicalTestExecutor.java:57) ~[junit-platform-engine-1.10.3.jar:1.10.3]
	at org.junit.platform.engine.support.hierarchical.HierarchicalTestEngine.execute(HierarchicalTestEngine.java:54) ~[junit-platform-engine-1.10.3.jar:1.10.3]
	at org.junit.platform.launcher.core.EngineExecutionOrchestrator.execute(EngineExecutionOrchestrator.java:198) ~[junit-platform-launcher-1.10.3.jar:1.10.3]
	at org.junit.platform.launcher.core.EngineExecutionOrchestrator.execute(EngineExecutionOrchestrator.java:169) ~[junit-platform-launcher-1.10.3.jar:1.10.3]
	at org.junit.platform.launcher.core.EngineExecutionOrchestrator.execute(EngineExecutionOrchestrator.java:93) ~[junit-platform-launcher-1.10.3.jar:1.10.3]
	at org.junit.platform.launcher.core.EngineExecutionOrchestrator.lambda$execute$0(EngineExecutionOrchestrator.java:58) ~[junit-platform-launcher-1.10.3.jar:1.10.3]
	at org.junit.platform.launcher.core.EngineExecutionOrchestrator.withInterceptedStreams(EngineExecutionOrchestrator.java:141) ~[junit-platform-launcher-1.10.3.jar:1.10.3]
	at org.junit.platform.launcher.core.EngineExecutionOrchestrator.execute(EngineExecutionOrchestrator.java:57) ~[junit-platform-launcher-1.10.3.jar:1.10.3]
	at org.junit.platform.launcher.core.DefaultLauncher.execute(DefaultLauncher.java:103) ~[junit-platform-launcher-1.10.3.jar:1.10.3]
	at org.junit.platform.launcher.core.DefaultLauncher.execute(DefaultLauncher.java:85) ~[junit-platform-launcher-1.10.3.jar:1.10.3]
	at org.junit.platform.launcher.core.DelegatingLauncher.execute(DelegatingLauncher.java:47) ~[junit-platform-launcher-1.10.3.jar:1.10.3]
	at org.apache.maven.surefire.junitplatform.LazyLauncher.execute(LazyLauncher.java:56) ~[surefire-junit-platform-3.2.5.jar:3.2.5]
	at org.apache.maven.surefire.junitplatform.JUnitPlatformProvider.execute(JUnitPlatformProvider.java:184) ~[surefire-junit-platform-3.2.5.jar:3.2.5]
	at org.apache.maven.surefire.junitplatform.JUnitPlatformProvider.invokeAllTests(JUnitPlatformProvider.java:148) ~[surefire-junit-platform-3.2.5.jar:3.2.5]
	at org.apache.maven.surefire.junitplatform.JUnitPlatformProvider.invoke(JUnitPlatformProvider.java:122) ~[surefire-junit-platform-3.2.5.jar:3.2.5]
	at org.apache.maven.surefire.booter.ForkedBooter.runSuitesInProcess(ForkedBooter.java:385) ~[surefire-booter-3.2.5.jar:3.2.5]
	at org.apache.maven.surefire.booter.ForkedBooter.execute(ForkedBooter.java:162) ~[surefire-booter-3.2.5.jar:3.2.5]
	at org.apache.maven.surefire.booter.ForkedBooter.run(ForkedBooter.java:507) ~[surefire-booter-3.2.5.jar:3.2.5]
	at org.apache.maven.surefire.booter.ForkedBooter.main(ForkedBooter.java:495) ~[surefire-booter-3.2.5.jar:3.2.5]

2025-10-12T09:06:31.234Z  WARN 144 --- [nll-light-api-test] [           main] o.s.test.context.TestContextManager      : Caught exception while allowing TestExecutionListener [org.springframework.test.context.web.ServletTestExecutionListener] to prepare test instance [se.inera.nll.nlllight.api.controller.PrescriberControllerIntegrationTest@fd09e43]

java.lang.IllegalStateException: ApplicationContext failure threshold (1) exceeded: skipping repeated attempt to load context for [WebMergedContextConfiguration@4978777f testClass = se.inera.nll.nlllight.api.controller.PrescriberControllerIntegrationTest, locations = [], classes = [se.inera.nll.nlllight.api.NllLightApiApplication], contextInitializerClasses = [], activeProfiles = ["test"], propertySourceDescriptors = [], propertySourceProperties = ["org.springframework.boot.test.context.SpringBootTestContextBootstrapper=true"], contextCustomizers = [[ImportsContextCustomizer@7bc6935c key = [org.springframework.boot.test.autoconfigure.web.servlet.MockMvcWebDriverAutoConfiguration, org.springframework.boot.test.autoconfigure.web.servlet.MockMvcAutoConfiguration, org.springframework.boot.autoconfigure.security.oauth2.client.servlet.OAuth2ClientAutoConfiguration, se.inera.nll.nlllight.config.TestSecurityConfig, org.springframework.boot.autoconfigure.security.servlet.SecurityAutoConfiguration, org.springframework.boot.autoconfigure.security.servlet.SecurityFilterAutoConfiguration, org.springframework.boot.autoconfigure.security.servlet.UserDetailsServiceAutoConfiguration, org.springframework.boot.autoconfigure.security.oauth2.resource.servlet.OAuth2ResourceServerAutoConfiguration, org.springframework.boot.test.autoconfigure.web.servlet.MockMvcSecurityConfiguration, org.springframework.boot.test.autoconfigure.web.servlet.MockMvcWebClientAutoConfiguration, org.springframework.boot.test.autoconfigure.web.reactive.WebTestClientAutoConfiguration]], org.springframework.boot.test.context.filter.ExcludeFilterContextCustomizer@1f75a668, org.springframework.boot.test.json.DuplicateJsonObjectContextCustomizerFactory$DuplicateJsonObjectContextCustomizer@2812b107, org.springframework.boot.test.mock.mockito.MockitoContextCustomizer@0, org.springframework.boot.test.web.client.TestRestTemplateContextCustomizer@4eaf3684, org.springframework.boot.test.web.reactor.netty.DisableReactorResourceFactoryGlobalResourcesContextCustomizerFactory$DisableReactorResourceFactoryGlobalResourcesContextCustomizerCustomizer@4416d64f, org.springframework.boot.test.autoconfigure.actuate.observability.ObservabilityContextCustomizerFactory$DisableObservabilityContextCustomizer@1f, org.springframework.boot.test.autoconfigure.properties.PropertyMappingContextCustomizer@4b3fa0b3, org.springframework.boot.test.autoconfigure.web.servlet.WebDriverContextCustomizer@3b8f0a79, org.springframework.boot.test.context.SpringBootTestAnnotation@d0f4dd2a], resourceBasePath = "src/main/webapp", contextLoader = org.springframework.boot.test.context.SpringBootContextLoader, parent = null]
	at org.springframework.test.context.cache.DefaultCacheAwareContextLoaderDelegate.loadContext(DefaultCacheAwareContextLoaderDelegate.java:145) ~[spring-test-6.1.12.jar:6.1.12]
	at org.springframework.test.context.support.DefaultTestContext.getApplicationContext(DefaultTestContext.java:130) ~[spring-test-6.1.12.jar:6.1.12]
	at org.springframework.test.context.web.ServletTestExecutionListener.setUpRequestContextIfNecessary(ServletTestExecutionListener.java:191) ~[spring-test-6.1.12.jar:6.1.12]
	at org.springframework.test.context.web.ServletTestExecutionListener.prepareTestInstance(ServletTestExecutionListener.java:130) ~[spring-test-6.1.12.jar:6.1.12]
	at org.springframework.test.context.TestContextManager.prepareTestInstance(TestContextManager.java:260) ~[spring-test-6.1.12.jar:6.1.12]
	at org.springframework.test.context.junit.jupiter.SpringExtension.postProcessTestInstance(SpringExtension.java:163) ~[spring-test-6.1.12.jar:6.1.12]
	at org.junit.jupiter.engine.descriptor.ClassBasedTestDescriptor.lambda$invokeTestInstancePostProcessors$10(ClassBasedTestDescriptor.java:378) ~[junit-jupiter-engine-5.10.3.jar:5.10.3]
	at org.junit.jupiter.engine.descriptor.ClassBasedTestDescriptor.executeAndMaskThrowable(ClassBasedTestDescriptor.java:383) ~[junit-jupiter-engine-5.10.3.jar:5.10.3]
	at org.junit.jupiter.engine.descriptor.ClassBasedTestDescriptor.lambda$invokeTestInstancePostProcessors$11(ClassBasedTestDescriptor.java:378) ~[junit-jupiter-engine-5.10.3.jar:5.10.3]
	at java.base/java.util.stream.ReferencePipeline$3$1.accept(ReferencePipeline.java:197) ~[na:na]
	at java.base/java.util.stream.ReferencePipeline$2$1.accept(ReferencePipeline.java:179) ~[na:na]
	at java.base/java.util.ArrayList$ArrayListSpliterator.forEachRemaining(ArrayList.java:1708) ~[na:na]
	at java.base/java.util.stream.AbstractPipeline.copyInto(AbstractPipeline.java:509) ~[na:na]
	at java.base/java.util.stream.AbstractPipeline.wrapAndCopyInto(AbstractPipeline.java:499) ~[na:na]
	at java.base/java.util.stream.StreamSpliterators$WrappingSpliterator.forEachRemaining(StreamSpliterators.java:310) ~[na:na]
	at java.base/java.util.stream.Streams$ConcatSpliterator.forEachRemaining(Streams.java:735) ~[na:na]
	at java.base/java.util.stream.Streams$ConcatSpliterator.forEachRemaining(Streams.java:734) ~[na:na]
	at java.base/java.util.stream.ReferencePipeline$Head.forEach(ReferencePipeline.java:762) ~[na:na]
	at org.junit.jupiter.engine.descriptor.ClassBasedTestDescriptor.invokeTestInstancePostProcessors(ClassBasedTestDescriptor.java:377) ~[junit-jupiter-engine-5.10.3.jar:5.10.3]
	at org.junit.jupiter.engine.descriptor.ClassBasedTestDescriptor.lambda$instantiateAndPostProcessTestInstance$6(ClassBasedTestDescriptor.java:290) ~[junit-jupiter-engine-5.10.3.jar:5.10.3]
	at org.junit.platform.engine.support.hierarchical.ThrowableCollector.execute(ThrowableCollector.java:73) ~[junit-platform-engine-1.10.3.jar:1.10.3]
	at org.junit.jupiter.engine.descriptor.ClassBasedTestDescriptor.instantiateAndPostProcessTestInstance(ClassBasedTestDescriptor.java:289) ~[junit-jupiter-engine-5.10.3.jar:5.10.3]
	at org.junit.jupiter.engine.descriptor.ClassBasedTestDescriptor.lambda$testInstancesProvider$4(ClassBasedTestDescriptor.java:279) ~[junit-jupiter-engine-5.10.3.jar:5.10.3]
	at java.base/java.util.Optional.orElseGet(Optional.java:364) ~[na:na]
	at org.junit.jupiter.engine.descriptor.ClassBasedTestDescriptor.lambda$testInstancesProvider$5(ClassBasedTestDescriptor.java:278) ~[junit-jupiter-engine-5.10.3.jar:5.10.3]
	at org.junit.jupiter.engine.execution.TestInstancesProvider.getTestInstances(TestInstancesProvider.java:31) ~[junit-jupiter-engine-5.10.3.jar:5.10.3]
	at org.junit.jupiter.engine.descriptor.TestMethodTestDescriptor.lambda$prepare$0(TestMethodTestDescriptor.java:106) ~[junit-jupiter-engine-5.10.3.jar:5.10.3]
	at org.junit.platform.engine.support.hierarchical.ThrowableCollector.execute(ThrowableCollector.java:73) ~[junit-platform-engine-1.10.3.jar:1.10.3]
	at org.junit.jupiter.engine.descriptor.TestMethodTestDescriptor.prepare(TestMethodTestDescriptor.java:105) ~[junit-jupiter-engine-5.10.3.jar:5.10.3]
	at org.junit.jupiter.engine.descriptor.TestMethodTestDescriptor.prepare(TestMethodTestDescriptor.java:69) ~[junit-jupiter-engine-5.10.3.jar:5.10.3]
	at org.junit.platform.engine.support.hierarchical.NodeTestTask.lambda$prepare$2(NodeTestTask.java:123) ~[junit-platform-engine-1.10.3.jar:1.10.3]
	at org.junit.platform.engine.support.hierarchical.ThrowableCollector.execute(ThrowableCollector.java:73) ~[junit-platform-engine-1.10.3.jar:1.10.3]
	at org.junit.platform.engine.support.hierarchical.NodeTestTask.prepare(NodeTestTask.java:123) ~[junit-platform-engine-1.10.3.jar:1.10.3]
	at org.junit.platform.engine.support.hierarchical.NodeTestTask.execute(NodeTestTask.java:90) ~[junit-platform-engine-1.10.3.jar:1.10.3]
	at java.base/java.util.ArrayList.forEach(ArrayList.java:1596) ~[na:na]
	at org.junit.platform.engine.support.hierarchical.SameThreadHierarchicalTestExecutorService.invokeAll(SameThreadHierarchicalTestExecutorService.java:41) ~[junit-platform-engine-1.10.3.jar:1.10.3]
	at org.junit.platform.engine.support.hierarchical.NodeTestTask.lambda$executeRecursively$6(NodeTestTask.java:155) ~[junit-platform-engine-1.10.3.jar:1.10.3]
	at org.junit.platform.engine.support.hierarchical.ThrowableCollector.execute(ThrowableCollector.java:73) ~[junit-platform-engine-1.10.3.jar:1.10.3]
	at org.junit.platform.engine.support.hierarchical.NodeTestTask.lambda$executeRecursively$8(NodeTestTask.java:141) ~[junit-platform-engine-1.10.3.jar:1.10.3]
	at org.junit.platform.engine.support.hierarchical.Node.around(Node.java:137) ~[junit-platform-engine-1.10.3.jar:1.10.3]
	at org.junit.platform.engine.support.hierarchical.NodeTestTask.lambda$executeRecursively$9(NodeTestTask.java:139) ~[junit-platform-engine-1.10.3.jar:1.10.3]
	at org.junit.platform.engine.support.hierarchical.ThrowableCollector.execute(ThrowableCollector.java:73) ~[junit-platform-engine-1.10.3.jar:1.10.3]
	at org.junit.platform.engine.support.hierarchical.NodeTestTask.executeRecursively(NodeTestTask.java:138) ~[junit-platform-engine-1.10.3.jar:1.10.3]
	at org.junit.platform.engine.support.hierarchical.NodeTestTask.execute(NodeTestTask.java:95) ~[junit-platform-engine-1.10.3.jar:1.10.3]
	at java.base/java.util.ArrayList.forEach(ArrayList.java:1596) ~[na:na]
	at org.junit.platform.engine.support.hierarchical.SameThreadHierarchicalTestExecutorService.invokeAll(SameThreadHierarchicalTestExecutorService.java:41) ~[junit-platform-engine-1.10.3.jar:1.10.3]
	at org.junit.platform.engine.support.hierarchical.NodeTestTask.lambda$executeRecursively$6(NodeTestTask.java:155) ~[junit-platform-engine-1.10.3.jar:1.10.3]
	at org.junit.platform.engine.support.hierarchical.ThrowableCollector.execute(ThrowableCollector.java:73) ~[junit-platform-engine-1.10.3.jar:1.10.3]
	at org.junit.platform.engine.support.hierarchical.NodeTestTask.lambda$executeRecursively$8(NodeTestTask.java:141) ~[junit-platform-engine-1.10.3.jar:1.10.3]
	at org.junit.platform.engine.support.hierarchical.Node.around(Node.java:137) ~[junit-platform-engine-1.10.3.jar:1.10.3]
	at org.junit.platform.engine.support.hierarchical.NodeTestTask.lambda$executeRecursively$9(NodeTestTask.java:139) ~[junit-platform-engine-1.10.3.jar:1.10.3]
	at org.junit.platform.engine.support.hierarchical.ThrowableCollector.execute(ThrowableCollector.java:73) ~[junit-platform-engine-1.10.3.jar:1.10.3]
	at org.junit.platform.engine.support.hierarchical.NodeTestTask.executeRecursively(NodeTestTask.java:138) ~[junit-platform-engine-1.10.3.jar:1.10.3]
	at org.junit.platform.engine.support.hierarchical.NodeTestTask.execute(NodeTestTask.java:95) ~[junit-platform-engine-1.10.3.jar:1.10.3]
	at org.junit.platform.engine.support.hierarchical.SameThreadHierarchicalTestExecutorService.submit(SameThreadHierarchicalTestExecutorService.java:35) ~[junit-platform-engine-1.10.3.jar:1.10.3]
	at org.junit.platform.engine.support.hierarchical.HierarchicalTestExecutor.execute(HierarchicalTestExecutor.java:57) ~[junit-platform-engine-1.10.3.jar:1.10.3]
	at org.junit.platform.engine.support.hierarchical.HierarchicalTestEngine.execute(HierarchicalTestEngine.java:54) ~[junit-platform-engine-1.10.3.jar:1.10.3]
	at org.junit.platform.launcher.core.EngineExecutionOrchestrator.execute(EngineExecutionOrchestrator.java:198) ~[junit-platform-launcher-1.10.3.jar:1.10.3]
	at org.junit.platform.launcher.core.EngineExecutionOrchestrator.execute(EngineExecutionOrchestrator.java:169) ~[junit-platform-launcher-1.10.3.jar:1.10.3]
	at org.junit.platform.launcher.core.EngineExecutionOrchestrator.execute(EngineExecutionOrchestrator.java:93) ~[junit-platform-launcher-1.10.3.jar:1.10.3]
	at org.junit.platform.launcher.core.EngineExecutionOrchestrator.lambda$execute$0(EngineExecutionOrchestrator.java:58) ~[junit-platform-launcher-1.10.3.jar:1.10.3]
	at org.junit.platform.launcher.core.EngineExecutionOrchestrator.withInterceptedStreams(EngineExecutionOrchestrator.java:141) ~[junit-platform-launcher-1.10.3.jar:1.10.3]
	at org.junit.platform.launcher.core.EngineExecutionOrchestrator.execute(EngineExecutionOrchestrator.java:57) ~[junit-platform-launcher-1.10.3.jar:1.10.3]
	at org.junit.platform.launcher.core.DefaultLauncher.execute(DefaultLauncher.java:103) ~[junit-platform-launcher-1.10.3.jar:1.10.3]
	at org.junit.platform.launcher.core.DefaultLauncher.execute(DefaultLauncher.java:85) ~[junit-platform-launcher-1.10.3.jar:1.10.3]
	at org.junit.platform.launcher.core.DelegatingLauncher.execute(DelegatingLauncher.java:47) ~[junit-platform-launcher-1.10.3.jar:1.10.3]
	at org.apache.maven.surefire.junitplatform.LazyLauncher.execute(LazyLauncher.java:56) ~[surefire-junit-platform-3.2.5.jar:3.2.5]
	at org.apache.maven.surefire.junitplatform.JUnitPlatformProvider.execute(JUnitPlatformProvider.java:184) ~[surefire-junit-platform-3.2.5.jar:3.2.5]
	at org.apache.maven.surefire.junitplatform.JUnitPlatformProvider.invokeAllTests(JUnitPlatformProvider.java:148) ~[surefire-junit-platform-3.2.5.jar:3.2.5]
	at org.apache.maven.surefire.junitplatform.JUnitPlatformProvider.invoke(JUnitPlatformProvider.java:122) ~[surefire-junit-platform-3.2.5.jar:3.2.5]
	at org.apache.maven.surefire.booter.ForkedBooter.runSuitesInProcess(ForkedBooter.java:385) ~[surefire-booter-3.2.5.jar:3.2.5]
	at org.apache.maven.surefire.booter.ForkedBooter.execute(ForkedBooter.java:162) ~[surefire-booter-3.2.5.jar:3.2.5]
	at org.apache.maven.surefire.booter.ForkedBooter.run(ForkedBooter.java:507) ~[surefire-booter-3.2.5.jar:3.2.5]
	at org.apache.maven.surefire.booter.ForkedBooter.main(ForkedBooter.java:495) ~[surefire-booter-3.2.5.jar:3.2.5]

2025-10-12T09:06:31.238Z  WARN 144 --- [nll-light-api-test] [           main] o.s.test.context.TestContextManager      : Caught exception while allowing TestExecutionListener [org.springframework.test.context.web.ServletTestExecutionListener] to prepare test instance [se.inera.nll.nlllight.api.controller.PrescriberControllerIntegrationTest@7ebe2e47]

java.lang.IllegalStateException: ApplicationContext failure threshold (1) exceeded: skipping repeated attempt to load context for [WebMergedContextConfiguration@4978777f testClass = se.inera.nll.nlllight.api.controller.PrescriberControllerIntegrationTest, locations = [], classes = [se.inera.nll.nlllight.api.NllLightApiApplication], contextInitializerClasses = [], activeProfiles = ["test"], propertySourceDescriptors = [], propertySourceProperties = ["org.springframework.boot.test.context.SpringBootTestContextBootstrapper=true"], contextCustomizers = [[ImportsContextCustomizer@7bc6935c key = [org.springframework.boot.test.autoconfigure.web.servlet.MockMvcWebDriverAutoConfiguration, org.springframework.boot.test.autoconfigure.web.servlet.MockMvcAutoConfiguration, org.springframework.boot.autoconfigure.security.oauth2.client.servlet.OAuth2ClientAutoConfiguration, se.inera.nll.nlllight.config.TestSecurityConfig, org.springframework.boot.autoconfigure.security.servlet.SecurityAutoConfiguration, org.springframework.boot.autoconfigure.security.servlet.SecurityFilterAutoConfiguration, org.springframework.boot.autoconfigure.security.servlet.UserDetailsServiceAutoConfiguration, org.springframework.boot.autoconfigure.security.oauth2.resource.servlet.OAuth2ResourceServerAutoConfiguration, org.springframework.boot.test.autoconfigure.web.servlet.MockMvcSecurityConfiguration, org.springframework.boot.test.autoconfigure.web.servlet.MockMvcWebClientAutoConfiguration, org.springframework.boot.test.autoconfigure.web.reactive.WebTestClientAutoConfiguration]], org.springframework.boot.test.context.filter.ExcludeFilterContextCustomizer@1f75a668, org.springframework.boot.test.json.DuplicateJsonObjectContextCustomizerFactory$DuplicateJsonObjectContextCustomizer@2812b107, org.springframework.boot.test.mock.mockito.MockitoContextCustomizer@0, org.springframework.boot.test.web.client.TestRestTemplateContextCustomizer@4eaf3684, org.springframework.boot.test.web.reactor.netty.DisableReactorResourceFactoryGlobalResourcesContextCustomizerFactory$DisableReactorResourceFactoryGlobalResourcesContextCustomizerCustomizer@4416d64f, org.springframework.boot.test.autoconfigure.actuate.observability.ObservabilityContextCustomizerFactory$DisableObservabilityContextCustomizer@1f, org.springframework.boot.test.autoconfigure.properties.PropertyMappingContextCustomizer@4b3fa0b3, org.springframework.boot.test.autoconfigure.web.servlet.WebDriverContextCustomizer@3b8f0a79, org.springframework.boot.test.context.SpringBootTestAnnotation@d0f4dd2a], resourceBasePath = "src/main/webapp", contextLoader = org.springframework.boot.test.context.SpringBootContextLoader, parent = null]
	at org.springframework.test.context.cache.DefaultCacheAwareContextLoaderDelegate.loadContext(DefaultCacheAwareContextLoaderDelegate.java:145) ~[spring-test-6.1.12.jar:6.1.12]
	at org.springframework.test.context.support.DefaultTestContext.getApplicationContext(DefaultTestContext.java:130) ~[spring-test-6.1.12.jar:6.1.12]
	at org.springframework.test.context.web.ServletTestExecutionListener.setUpRequestContextIfNecessary(ServletTestExecutionListener.java:191) ~[spring-test-6.1.12.jar:6.1.12]
	at org.springframework.test.context.web.ServletTestExecutionListener.prepareTestInstance(ServletTestExecutionListener.java:130) ~[spring-test-6.1.12.jar:6.1.12]
	at org.springframework.test.context.TestContextManager.prepareTestInstance(TestContextManager.java:260) ~[spring-test-6.1.12.jar:6.1.12]
	at org.springframework.test.context.junit.jupiter.SpringExtension.postProcessTestInstance(SpringExtension.java:163) ~[spring-test-6.1.12.jar:6.1.12]
	at org.junit.jupiter.engine.descriptor.ClassBasedTestDescriptor.lambda$invokeTestInstancePostProcessors$10(ClassBasedTestDescriptor.java:378) ~[junit-jupiter-engine-5.10.3.jar:5.10.3]
	at org.junit.jupiter.engine.descriptor.ClassBasedTestDescriptor.executeAndMaskThrowable(ClassBasedTestDescriptor.java:383) ~[junit-jupiter-engine-5.10.3.jar:5.10.3]
	at org.junit.jupiter.engine.descriptor.ClassBasedTestDescriptor.lambda$invokeTestInstancePostProcessors$11(ClassBasedTestDescriptor.java:378) ~[junit-jupiter-engine-5.10.3.jar:5.10.3]
	at java.base/java.util.stream.ReferencePipeline$3$1.accept(ReferencePipeline.java:197) ~[na:na]
	at java.base/java.util.stream.ReferencePipeline$2$1.accept(ReferencePipeline.java:179) ~[na:na]
	at java.base/java.util.ArrayList$ArrayListSpliterator.forEachRemaining(ArrayList.java:1708) ~[na:na]
	at java.base/java.util.stream.AbstractPipeline.copyInto(AbstractPipeline.java:509) ~[na:na]
	at java.base/java.util.stream.AbstractPipeline.wrapAndCopyInto(AbstractPipeline.java:499) ~[na:na]
	at java.base/java.util.stream.StreamSpliterators$WrappingSpliterator.forEachRemaining(StreamSpliterators.java:310) ~[na:na]
	at java.base/java.util.stream.Streams$ConcatSpliterator.forEachRemaining(Streams.java:735) ~[na:na]
	at java.base/java.util.stream.Streams$ConcatSpliterator.forEachRemaining(Streams.java:734) ~[na:na]
	at java.base/java.util.stream.ReferencePipeline$Head.forEach(ReferencePipeline.java:762) ~[na:na]
	at org.junit.jupiter.engine.descriptor.ClassBasedTestDescriptor.invokeTestInstancePostProcessors(ClassBasedTestDescriptor.java:377) ~[junit-jupiter-engine-5.10.3.jar:5.10.3]
	at org.junit.jupiter.engine.descriptor.ClassBasedTestDescriptor.lambda$instantiateAndPostProcessTestInstance$6(ClassBasedTestDescriptor.java:290) ~[junit-jupiter-engine-5.10.3.jar:5.10.3]
	at org.junit.platform.engine.support.hierarchical.ThrowableCollector.execute(ThrowableCollector.java:73) ~[junit-platform-engine-1.10.3.jar:1.10.3]
	at org.junit.jupiter.engine.descriptor.ClassBasedTestDescriptor.instantiateAndPostProcessTestInstance(ClassBasedTestDescriptor.java:289) ~[junit-jupiter-engine-5.10.3.jar:5.10.3]
	at org.junit.jupiter.engine.descriptor.ClassBasedTestDescriptor.lambda$testInstancesProvider$4(ClassBasedTestDescriptor.java:279) ~[junit-jupiter-engine-5.10.3.jar:5.10.3]
	at java.base/java.util.Optional.orElseGet(Optional.java:364) ~[na:na]
	at org.junit.jupiter.engine.descriptor.ClassBasedTestDescriptor.lambda$testInstancesProvider$5(ClassBasedTestDescriptor.java:278) ~[junit-jupiter-engine-5.10.3.jar:5.10.3]
	at org.junit.jupiter.engine.execution.TestInstancesProvider.getTestInstances(TestInstancesProvider.java:31) ~[junit-jupiter-engine-5.10.3.jar:5.10.3]
	at org.junit.jupiter.engine.descriptor.TestMethodTestDescriptor.lambda$prepare$0(TestMethodTestDescriptor.java:106) ~[junit-jupiter-engine-5.10.3.jar:5.10.3]
	at org.junit.platform.engine.support.hierarchical.ThrowableCollector.execute(ThrowableCollector.java:73) ~[junit-platform-engine-1.10.3.jar:1.10.3]
	at org.junit.jupiter.engine.descriptor.TestMethodTestDescriptor.prepare(TestMethodTestDescriptor.java:105) ~[junit-jupiter-engine-5.10.3.jar:5.10.3]
	at org.junit.jupiter.engine.descriptor.TestMethodTestDescriptor.prepare(TestMethodTestDescriptor.java:69) ~[junit-jupiter-engine-5.10.3.jar:5.10.3]
	at org.junit.platform.engine.support.hierarchical.NodeTestTask.lambda$prepare$2(NodeTestTask.java:123) ~[junit-platform-engine-1.10.3.jar:1.10.3]
	at org.junit.platform.engine.support.hierarchical.ThrowableCollector.execute(ThrowableCollector.java:73) ~[junit-platform-engine-1.10.3.jar:1.10.3]
	at org.junit.platform.engine.support.hierarchical.NodeTestTask.prepare(NodeTestTask.java:123) ~[junit-platform-engine-1.10.3.jar:1.10.3]
	at org.junit.platform.engine.support.hierarchical.NodeTestTask.execute(NodeTestTask.java:90) ~[junit-platform-engine-1.10.3.jar:1.10.3]
	at java.base/java.util.ArrayList.forEach(ArrayList.java:1596) ~[na:na]
	at org.junit.platform.engine.support.hierarchical.SameThreadHierarchicalTestExecutorService.invokeAll(SameThreadHierarchicalTestExecutorService.java:41) ~[junit-platform-engine-1.10.3.jar:1.10.3]
	at org.junit.platform.engine.support.hierarchical.NodeTestTask.lambda$executeRecursively$6(NodeTestTask.java:155) ~[junit-platform-engine-1.10.3.jar:1.10.3]
	at org.junit.platform.engine.support.hierarchical.ThrowableCollector.execute(ThrowableCollector.java:73) ~[junit-platform-engine-1.10.3.jar:1.10.3]
	at org.junit.platform.engine.support.hierarchical.NodeTestTask.lambda$executeRecursively$8(NodeTestTask.java:141) ~[junit-platform-engine-1.10.3.jar:1.10.3]
	at org.junit.platform.engine.support.hierarchical.Node.around(Node.java:137) ~[junit-platform-engine-1.10.3.jar:1.10.3]
	at org.junit.platform.engine.support.hierarchical.NodeTestTask.lambda$executeRecursively$9(NodeTestTask.java:139) ~[junit-platform-engine-1.10.3.jar:1.10.3]
	at org.junit.platform.engine.support.hierarchical.ThrowableCollector.execute(ThrowableCollector.java:73) ~[junit-platform-engine-1.10.3.jar:1.10.3]
	at org.junit.platform.engine.support.hierarchical.NodeTestTask.executeRecursively(NodeTestTask.java:138) ~[junit-platform-engine-1.10.3.jar:1.10.3]
	at org.junit.platform.engine.support.hierarchical.NodeTestTask.execute(NodeTestTask.java:95) ~[junit-platform-engine-1.10.3.jar:1.10.3]
	at java.base/java.util.ArrayList.forEach(ArrayList.java:1596) ~[na:na]
	at org.junit.platform.engine.support.hierarchical.SameThreadHierarchicalTestExecutorService.invokeAll(SameThreadHierarchicalTestExecutorService.java:41) ~[junit-platform-engine-1.10.3.jar:1.10.3]
	at org.junit.platform.engine.support.hierarchical.NodeTestTask.lambda$executeRecursively$6(NodeTestTask.java:155) ~[junit-platform-engine-1.10.3.jar:1.10.3]
	at org.junit.platform.engine.support.hierarchical.ThrowableCollector.execute(ThrowableCollector.java:73) ~[junit-platform-engine-1.10.3.jar:1.10.3]
	at org.junit.platform.engine.support.hierarchical.NodeTestTask.lambda$executeRecursively$8(NodeTestTask.java:141) ~[junit-platform-engine-1.10.3.jar:1.10.3]
	at org.junit.platform.engine.support.hierarchical.Node.around(Node.java:137) ~[junit-platform-engine-1.10.3.jar:1.10.3]
	at org.junit.platform.engine.support.hierarchical.NodeTestTask.lambda$executeRecursively$9(NodeTestTask.java:139) ~[junit-platform-engine-1.10.3.jar:1.10.3]
	at org.junit.platform.engine.support.hierarchical.ThrowableCollector.execute(ThrowableCollector.java:73) ~[junit-platform-engine-1.10.3.jar:1.10.3]
	at org.junit.platform.engine.support.hierarchical.NodeTestTask.executeRecursively(NodeTestTask.java:138) ~[junit-platform-engine-1.10.3.jar:1.10.3]
	at org.junit.platform.engine.support.hierarchical.NodeTestTask.execute(NodeTestTask.java:95) ~[junit-platform-engine-1.10.3.jar:1.10.3]
	at org.junit.platform.engine.support.hierarchical.SameThreadHierarchicalTestExecutorService.submit(SameThreadHierarchicalTestExecutorService.java:35) ~[junit-platform-engine-1.10.3.jar:1.10.3]
	at org.junit.platform.engine.support.hierarchical.HierarchicalTestExecutor.execute(HierarchicalTestExecutor.java:57) ~[junit-platform-engine-1.10.3.jar:1.10.3]
	at org.junit.platform.engine.support.hierarchical.HierarchicalTestEngine.execute(HierarchicalTestEngine.java:54) ~[junit-platform-engine-1.10.3.jar:1.10.3]
	at org.junit.platform.launcher.core.EngineExecutionOrchestrator.execute(EngineExecutionOrchestrator.java:198) ~[junit-platform-launcher-1.10.3.jar:1.10.3]
	at org.junit.platform.launcher.core.EngineExecutionOrchestrator.execute(EngineExecutionOrchestrator.java:169) ~[junit-platform-launcher-1.10.3.jar:1.10.3]
	at org.junit.platform.launcher.core.EngineExecutionOrchestrator.execute(EngineExecutionOrchestrator.java:93) ~[junit-platform-launcher-1.10.3.jar:1.10.3]
	at org.junit.platform.launcher.core.EngineExecutionOrchestrator.lambda$execute$0(EngineExecutionOrchestrator.java:58) ~[junit-platform-launcher-1.10.3.jar:1.10.3]
	at org.junit.platform.launcher.core.EngineExecutionOrchestrator.withInterceptedStreams(EngineExecutionOrchestrator.java:141) ~[junit-platform-launcher-1.10.3.jar:1.10.3]
	at org.junit.platform.launcher.core.EngineExecutionOrchestrator.execute(EngineExecutionOrchestrator.java:57) ~[junit-platform-launcher-1.10.3.jar:1.10.3]
	at org.junit.platform.launcher.core.DefaultLauncher.execute(DefaultLauncher.java:103) ~[junit-platform-launcher-1.10.3.jar:1.10.3]
	at org.junit.platform.launcher.core.DefaultLauncher.execute(DefaultLauncher.java:85) ~[junit-platform-launcher-1.10.3.jar:1.10.3]
	at org.junit.platform.launcher.core.DelegatingLauncher.execute(DelegatingLauncher.java:47) ~[junit-platform-launcher-1.10.3.jar:1.10.3]
	at org.apache.maven.surefire.junitplatform.LazyLauncher.execute(LazyLauncher.java:56) ~[surefire-junit-platform-3.2.5.jar:3.2.5]
	at org.apache.maven.surefire.junitplatform.JUnitPlatformProvider.execute(JUnitPlatformProvider.java:184) ~[surefire-junit-platform-3.2.5.jar:3.2.5]
	at org.apache.maven.surefire.junitplatform.JUnitPlatformProvider.invokeAllTests(JUnitPlatformProvider.java:148) ~[surefire-junit-platform-3.2.5.jar:3.2.5]
	at org.apache.maven.surefire.junitplatform.JUnitPlatformProvider.invoke(JUnitPlatformProvider.java:122) ~[surefire-junit-platform-3.2.5.jar:3.2.5]
	at org.apache.maven.surefire.booter.ForkedBooter.runSuitesInProcess(ForkedBooter.java:385) ~[surefire-booter-3.2.5.jar:3.2.5]
	at org.apache.maven.surefire.booter.ForkedBooter.execute(ForkedBooter.java:162) ~[surefire-booter-3.2.5.jar:3.2.5]
	at org.apache.maven.surefire.booter.ForkedBooter.run(ForkedBooter.java:507) ~[surefire-booter-3.2.5.jar:3.2.5]
	at org.apache.maven.surefire.booter.ForkedBooter.main(ForkedBooter.java:495) ~[surefire-booter-3.2.5.jar:3.2.5]

2025-10-12T09:06:31.242Z  WARN 144 --- [nll-light-api-test] [           main] o.s.test.context.TestContextManager      : Caught exception while allowing TestExecutionListener [org.springframework.test.context.web.ServletTestExecutionListener] to prepare test instance [se.inera.nll.nlllight.api.controller.PrescriberControllerIntegrationTest@6bbab114]

java.lang.IllegalStateException: ApplicationContext failure threshold (1) exceeded: skipping repeated attempt to load context for [WebMergedContextConfiguration@4978777f testClass = se.inera.nll.nlllight.api.controller.PrescriberControllerIntegrationTest, locations = [], classes = [se.inera.nll.nlllight.api.NllLightApiApplication], contextInitializerClasses = [], activeProfiles = ["test"], propertySourceDescriptors = [], propertySourceProperties = ["org.springframework.boot.test.context.SpringBootTestContextBootstrapper=true"], contextCustomizers = [[ImportsContextCustomizer@7bc6935c key = [org.springframework.boot.test.autoconfigure.web.servlet.MockMvcWebDriverAutoConfiguration, org.springframework.boot.test.autoconfigure.web.servlet.MockMvcAutoConfiguration, org.springframework.boot.autoconfigure.security.oauth2.client.servlet.OAuth2ClientAutoConfiguration, se.inera.nll.nlllight.config.TestSecurityConfig, org.springframework.boot.autoconfigure.security.servlet.SecurityAutoConfiguration, org.springframework.boot.autoconfigure.security.servlet.SecurityFilterAutoConfiguration, org.springframework.boot.autoconfigure.security.servlet.UserDetailsServiceAutoConfiguration, org.springframework.boot.autoconfigure.security.oauth2.resource.servlet.OAuth2ResourceServerAutoConfiguration, org.springframework.boot.test.autoconfigure.web.servlet.MockMvcSecurityConfiguration, org.springframework.boot.test.autoconfigure.web.servlet.MockMvcWebClientAutoConfiguration, org.springframework.boot.test.autoconfigure.web.reactive.WebTestClientAutoConfiguration]], org.springframework.boot.test.context.filter.ExcludeFilterContextCustomizer@1f75a668, org.springframework.boot.test.json.DuplicateJsonObjectContextCustomizerFactory$DuplicateJsonObjectContextCustomizer@2812b107, org.springframework.boot.test.mock.mockito.MockitoContextCustomizer@0, org.springframework.boot.test.web.client.TestRestTemplateContextCustomizer@4eaf3684, org.springframework.boot.test.web.reactor.netty.DisableReactorResourceFactoryGlobalResourcesContextCustomizerFactory$DisableReactorResourceFactoryGlobalResourcesContextCustomizerCustomizer@4416d64f, org.springframework.boot.test.autoconfigure.actuate.observability.ObservabilityContextCustomizerFactory$DisableObservabilityContextCustomizer@1f, org.springframework.boot.test.autoconfigure.properties.PropertyMappingContextCustomizer@4b3fa0b3, org.springframework.boot.test.autoconfigure.web.servlet.WebDriverContextCustomizer@3b8f0a79, org.springframework.boot.test.context.SpringBootTestAnnotation@d0f4dd2a], resourceBasePath = "src/main/webapp", contextLoader = org.springframework.boot.test.context.SpringBootContextLoader, parent = null]
	at org.springframework.test.context.cache.DefaultCacheAwareContextLoaderDelegate.loadContext(DefaultCacheAwareContextLoaderDelegate.java:145) ~[spring-test-6.1.12.jar:6.1.12]
	at org.springframework.test.context.support.DefaultTestContext.getApplicationContext(DefaultTestContext.java:130) ~[spring-test-6.1.12.jar:6.1.12]
	at org.springframework.test.context.web.ServletTestExecutionListener.setUpRequestContextIfNecessary(ServletTestExecutionListener.java:191) ~[spring-test-6.1.12.jar:6.1.12]
	at org.springframework.test.context.web.ServletTestExecutionListener.prepareTestInstance(ServletTestExecutionListener.java:130) ~[spring-test-6.1.12.jar:6.1.12]
	at org.springframework.test.context.TestContextManager.prepareTestInstance(TestContextManager.java:260) ~[spring-test-6.1.12.jar:6.1.12]
	at org.springframework.test.context.junit.jupiter.SpringExtension.postProcessTestInstance(SpringExtension.java:163) ~[spring-test-6.1.12.jar:6.1.12]
	at org.junit.jupiter.engine.descriptor.ClassBasedTestDescriptor.lambda$invokeTestInstancePostProcessors$10(ClassBasedTestDescriptor.java:378) ~[junit-jupiter-engine-5.10.3.jar:5.10.3]
	at org.junit.jupiter.engine.descriptor.ClassBasedTestDescriptor.executeAndMaskThrowable(ClassBasedTestDescriptor.java:383) ~[junit-jupiter-engine-5.10.3.jar:5.10.3]
	at org.junit.jupiter.engine.descriptor.ClassBasedTestDescriptor.lambda$invokeTestInstancePostProcessors$11(ClassBasedTestDescriptor.java:378) ~[junit-jupiter-engine-5.10.3.jar:5.10.3]
	at java.base/java.util.stream.ReferencePipeline$3$1.accept(ReferencePipeline.java:197) ~[na:na]
	at java.base/java.util.stream.ReferencePipeline$2$1.accept(ReferencePipeline.java:179) ~[na:na]
	at java.base/java.util.ArrayList$ArrayListSpliterator.forEachRemaining(ArrayList.java:1708) ~[na:na]
	at java.base/java.util.stream.AbstractPipeline.copyInto(AbstractPipeline.java:509) ~[na:na]
	at java.base/java.util.stream.AbstractPipeline.wrapAndCopyInto(AbstractPipeline.java:499) ~[na:na]
	at java.base/java.util.stream.StreamSpliterators$WrappingSpliterator.forEachRemaining(StreamSpliterators.java:310) ~[na:na]
	at java.base/java.util.stream.Streams$ConcatSpliterator.forEachRemaining(Streams.java:735) ~[na:na]
	at java.base/java.util.stream.Streams$ConcatSpliterator.forEachRemaining(Streams.java:734) ~[na:na]
	at java.base/java.util.stream.ReferencePipeline$Head.forEach(ReferencePipeline.java:762) ~[na:na]
	at org.junit.jupiter.engine.descriptor.ClassBasedTestDescriptor.invokeTestInstancePostProcessors(ClassBasedTestDescriptor.java:377) ~[junit-jupiter-engine-5.10.3.jar:5.10.3]
	at org.junit.jupiter.engine.descriptor.ClassBasedTestDescriptor.lambda$instantiateAndPostProcessTestInstance$6(ClassBasedTestDescriptor.java:290) ~[junit-jupiter-engine-5.10.3.jar:5.10.3]
	at org.junit.platform.engine.support.hierarchical.ThrowableCollector.execute(ThrowableCollector.java:73) ~[junit-platform-engine-1.10.3.jar:1.10.3]
	at org.junit.jupiter.engine.descriptor.ClassBasedTestDescriptor.instantiateAndPostProcessTestInstance(ClassBasedTestDescriptor.java:289) ~[junit-jupiter-engine-5.10.3.jar:5.10.3]
	at org.junit.jupiter.engine.descriptor.ClassBasedTestDescriptor.lambda$testInstancesProvider$4(ClassBasedTestDescriptor.java:279) ~[junit-jupiter-engine-5.10.3.jar:5.10.3]
	at java.base/java.util.Optional.orElseGet(Optional.java:364) ~[na:na]
	at org.junit.jupiter.engine.descriptor.ClassBasedTestDescriptor.lambda$testInstancesProvider$5(ClassBasedTestDescriptor.java:278) ~[junit-jupiter-engine-5.10.3.jar:5.10.3]
	at org.junit.jupiter.engine.execution.TestInstancesProvider.getTestInstances(TestInstancesProvider.java:31) ~[junit-jupiter-engine-5.10.3.jar:5.10.3]
	at org.junit.jupiter.engine.descriptor.TestMethodTestDescriptor.lambda$prepare$0(TestMethodTestDescriptor.java:106) ~[junit-jupiter-engine-5.10.3.jar:5.10.3]
	at org.junit.platform.engine.support.hierarchical.ThrowableCollector.execute(ThrowableCollector.java:73) ~[junit-platform-engine-1.10.3.jar:1.10.3]
	at org.junit.jupiter.engine.descriptor.TestMethodTestDescriptor.prepare(TestMethodTestDescriptor.java:105) ~[junit-jupiter-engine-5.10.3.jar:5.10.3]
	at org.junit.jupiter.engine.descriptor.TestMethodTestDescriptor.prepare(TestMethodTestDescriptor.java:69) ~[junit-jupiter-engine-5.10.3.jar:5.10.3]
	at org.junit.platform.engine.support.hierarchical.NodeTestTask.lambda$prepare$2(NodeTestTask.java:123) ~[junit-platform-engine-1.10.3.jar:1.10.3]
	at org.junit.platform.engine.support.hierarchical.ThrowableCollector.execute(ThrowableCollector.java:73) ~[junit-platform-engine-1.10.3.jar:1.10.3]
	at org.junit.platform.engine.support.hierarchical.NodeTestTask.prepare(NodeTestTask.java:123) ~[junit-platform-engine-1.10.3.jar:1.10.3]
	at org.junit.platform.engine.support.hierarchical.NodeTestTask.execute(NodeTestTask.java:90) ~[junit-platform-engine-1.10.3.jar:1.10.3]
	at java.base/java.util.ArrayList.forEach(ArrayList.java:1596) ~[na:na]
	at org.junit.platform.engine.support.hierarchical.SameThreadHierarchicalTestExecutorService.invokeAll(SameThreadHierarchicalTestExecutorService.java:41) ~[junit-platform-engine-1.10.3.jar:1.10.3]
	at org.junit.platform.engine.support.hierarchical.NodeTestTask.lambda$executeRecursively$6(NodeTestTask.java:155) ~[junit-platform-engine-1.10.3.jar:1.10.3]
	at org.junit.platform.engine.support.hierarchical.ThrowableCollector.execute(ThrowableCollector.java:73) ~[junit-platform-engine-1.10.3.jar:1.10.3]
	at org.junit.platform.engine.support.hierarchical.NodeTestTask.lambda$executeRecursively$8(NodeTestTask.java:141) ~[junit-platform-engine-1.10.3.jar:1.10.3]
	at org.junit.platform.engine.support.hierarchical.Node.around(Node.java:137) ~[junit-platform-engine-1.10.3.jar:1.10.3]
	at org.junit.platform.engine.support.hierarchical.NodeTestTask.lambda$executeRecursively$9(NodeTestTask.java:139) ~[junit-platform-engine-1.10.3.jar:1.10.3]
	at org.junit.platform.engine.support.hierarchical.ThrowableCollector.execute(ThrowableCollector.java:73) ~[junit-platform-engine-1.10.3.jar:1.10.3]
	at org.junit.platform.engine.support.hierarchical.NodeTestTask.executeRecursively(NodeTestTask.java:138) ~[junit-platform-engine-1.10.3.jar:1.10.3]
	at org.junit.platform.engine.support.hierarchical.NodeTestTask.execute(NodeTestTask.java:95) ~[junit-platform-engine-1.10.3.jar:1.10.3]
	at java.base/java.util.ArrayList.forEach(ArrayList.java:1596) ~[na:na]
	at org.junit.platform.engine.support.hierarchical.SameThreadHierarchicalTestExecutorService.invokeAll(SameThreadHierarchicalTestExecutorService.java:41) ~[junit-platform-engine-1.10.3.jar:1.10.3]
	at org.junit.platform.engine.support.hierarchical.NodeTestTask.lambda$executeRecursively$6(NodeTestTask.java:155) ~[junit-platform-engine-1.10.3.jar:1.10.3]
	at org.junit.platform.engine.support.hierarchical.ThrowableCollector.execute(ThrowableCollector.java:73) ~[junit-platform-engine-1.10.3.jar:1.10.3]
	at org.junit.platform.engine.support.hierarchical.NodeTestTask.lambda$executeRecursively$8(NodeTestTask.java:141) ~[junit-platform-engine-1.10.3.jar:1.10.3]
	at org.junit.platform.engine.support.hierarchical.Node.around(Node.java:137) ~[junit-platform-engine-1.10.3.jar:1.10.3]
	at org.junit.platform.engine.support.hierarchical.NodeTestTask.lambda$executeRecursively$9(NodeTestTask.java:139) ~[junit-platform-engine-1.10.3.jar:1.10.3]
	at org.junit.platform.engine.support.hierarchical.ThrowableCollector.execute(ThrowableCollector.java:73) ~[junit-platform-engine-1.10.3.jar:1.10.3]
	at org.junit.platform.engine.support.hierarchical.NodeTestTask.executeRecursively(NodeTestTask.java:138) ~[junit-platform-engine-1.10.3.jar:1.10.3]
	at org.junit.platform.engine.support.hierarchical.NodeTestTask.execute(NodeTestTask.java:95) ~[junit-platform-engine-1.10.3.jar:1.10.3]
	at org.junit.platform.engine.support.hierarchical.SameThreadHierarchicalTestExecutorService.submit(SameThreadHierarchicalTestExecutorService.java:35) ~[junit-platform-engine-1.10.3.jar:1.10.3]
	at org.junit.platform.engine.support.hierarchical.HierarchicalTestExecutor.execute(HierarchicalTestExecutor.java:57) ~[junit-platform-engine-1.10.3.jar:1.10.3]
	at org.junit.platform.engine.support.hierarchical.HierarchicalTestEngine.execute(HierarchicalTestEngine.java:54) ~[junit-platform-engine-1.10.3.jar:1.10.3]
	at org.junit.platform.launcher.core.EngineExecutionOrchestrator.execute(EngineExecutionOrchestrator.java:198) ~[junit-platform-launcher-1.10.3.jar:1.10.3]
	at org.junit.platform.launcher.core.EngineExecutionOrchestrator.execute(EngineExecutionOrchestrator.java:169) ~[junit-platform-launcher-1.10.3.jar:1.10.3]
	at org.junit.platform.launcher.core.EngineExecutionOrchestrator.execute(EngineExecutionOrchestrator.java:93) ~[junit-platform-launcher-1.10.3.jar:1.10.3]
	at org.junit.platform.launcher.core.EngineExecutionOrchestrator.lambda$execute$0(EngineExecutionOrchestrator.java:58) ~[junit-platform-launcher-1.10.3.jar:1.10.3]
	at org.junit.platform.launcher.core.EngineExecutionOrchestrator.withInterceptedStreams(EngineExecutionOrchestrator.java:141) ~[junit-platform-launcher-1.10.3.jar:1.10.3]
	at org.junit.platform.launcher.core.EngineExecutionOrchestrator.execute(EngineExecutionOrchestrator.java:57) ~[junit-platform-launcher-1.10.3.jar:1.10.3]
	at org.junit.platform.launcher.core.DefaultLauncher.execute(DefaultLauncher.java:103) ~[junit-platform-launcher-1.10.3.jar:1.10.3]
	at org.junit.platform.launcher.core.DefaultLauncher.execute(DefaultLauncher.java:85) ~[junit-platform-launcher-1.10.3.jar:1.10.3]
	at org.junit.platform.launcher.core.DelegatingLauncher.execute(DelegatingLauncher.java:47) ~[junit-platform-launcher-1.10.3.jar:1.10.3]
	at org.apache.maven.surefire.junitplatform.LazyLauncher.execute(LazyLauncher.java:56) ~[surefire-junit-platform-3.2.5.jar:3.2.5]
	at org.apache.maven.surefire.junitplatform.JUnitPlatformProvider.execute(JUnitPlatformProvider.java:184) ~[surefire-junit-platform-3.2.5.jar:3.2.5]
	at org.apache.maven.surefire.junitplatform.JUnitPlatformProvider.invokeAllTests(JUnitPlatformProvider.java:148) ~[surefire-junit-platform-3.2.5.jar:3.2.5]
	at org.apache.maven.surefire.junitplatform.JUnitPlatformProvider.invoke(JUnitPlatformProvider.java:122) ~[surefire-junit-platform-3.2.5.jar:3.2.5]
	at org.apache.maven.surefire.booter.ForkedBooter.runSuitesInProcess(ForkedBooter.java:385) ~[surefire-booter-3.2.5.jar:3.2.5]
	at org.apache.maven.surefire.booter.ForkedBooter.execute(ForkedBooter.java:162) ~[surefire-booter-3.2.5.jar:3.2.5]
	at org.apache.maven.surefire.booter.ForkedBooter.run(ForkedBooter.java:507) ~[surefire-booter-3.2.5.jar:3.2.5]
	at org.apache.maven.surefire.booter.ForkedBooter.main(ForkedBooter.java:495) ~[surefire-booter-3.2.5.jar:3.2.5]

2025-10-12T09:06:31.246Z  WARN 144 --- [nll-light-api-test] [           main] o.s.test.context.TestContextManager      : Caught exception while allowing TestExecutionListener [org.springframework.test.context.web.ServletTestExecutionListener] to prepare test instance [se.inera.nll.nlllight.api.controller.PrescriberControllerIntegrationTest@25be445f]

java.lang.IllegalStateException: ApplicationContext failure threshold (1) exceeded: skipping repeated attempt to load context for [WebMergedContextConfiguration@4978777f testClass = se.inera.nll.nlllight.api.controller.PrescriberControllerIntegrationTest, locations = [], classes = [se.inera.nll.nlllight.api.NllLightApiApplication], contextInitializerClasses = [], activeProfiles = ["test"], propertySourceDescriptors = [], propertySourceProperties = ["org.springframework.boot.test.context.SpringBootTestContextBootstrapper=true"], contextCustomizers = [[ImportsContextCustomizer@7bc6935c key = [org.springframework.boot.test.autoconfigure.web.servlet.MockMvcWebDriverAutoConfiguration, org.springframework.boot.test.autoconfigure.web.servlet.MockMvcAutoConfiguration, org.springframework.boot.autoconfigure.security.oauth2.client.servlet.OAuth2ClientAutoConfiguration, se.inera.nll.nlllight.config.TestSecurityConfig, org.springframework.boot.autoconfigure.security.servlet.SecurityAutoConfiguration, org.springframework.boot.autoconfigure.security.servlet.SecurityFilterAutoConfiguration, org.springframework.boot.autoconfigure.security.servlet.UserDetailsServiceAutoConfiguration, org.springframework.boot.autoconfigure.security.oauth2.resource.servlet.OAuth2ResourceServerAutoConfiguration, org.springframework.boot.test.autoconfigure.web.servlet.MockMvcSecurityConfiguration, org.springframework.boot.test.autoconfigure.web.servlet.MockMvcWebClientAutoConfiguration, org.springframework.boot.test.autoconfigure.web.reactive.WebTestClientAutoConfiguration]], org.springframework.boot.test.context.filter.ExcludeFilterContextCustomizer@1f75a668, org.springframework.boot.test.json.DuplicateJsonObjectContextCustomizerFactory$DuplicateJsonObjectContextCustomizer@2812b107, org.springframework.boot.test.mock.mockito.MockitoContextCustomizer@0, org.springframework.boot.test.web.client.TestRestTemplateContextCustomizer@4eaf3684, org.springframework.boot.test.web.reactor.netty.DisableReactorResourceFactoryGlobalResourcesContextCustomizerFactory$DisableReactorResourceFactoryGlobalResourcesContextCustomizerCustomizer@4416d64f, org.springframework.boot.test.autoconfigure.actuate.observability.ObservabilityContextCustomizerFactory$DisableObservabilityContextCustomizer@1f, org.springframework.boot.test.autoconfigure.properties.PropertyMappingContextCustomizer@4b3fa0b3, org.springframework.boot.test.autoconfigure.web.servlet.WebDriverContextCustomizer@3b8f0a79, org.springframework.boot.test.context.SpringBootTestAnnotation@d0f4dd2a], resourceBasePath = "src/main/webapp", contextLoader = org.springframework.boot.test.context.SpringBootContextLoader, parent = null]
	at org.springframework.test.context.cache.DefaultCacheAwareContextLoaderDelegate.loadContext(DefaultCacheAwareContextLoaderDelegate.java:145) ~[spring-test-6.1.12.jar:6.1.12]
	at org.springframework.test.context.support.DefaultTestContext.getApplicationContext(DefaultTestContext.java:130) ~[spring-test-6.1.12.jar:6.1.12]
	at org.springframework.test.context.web.ServletTestExecutionListener.setUpRequestContextIfNecessary(ServletTestExecutionListener.java:191) ~[spring-test-6.1.12.jar:6.1.12]
	at org.springframework.test.context.web.ServletTestExecutionListener.prepareTestInstance(ServletTestExecutionListener.java:130) ~[spring-test-6.1.12.jar:6.1.12]
	at org.springframework.test.context.TestContextManager.prepareTestInstance(TestContextManager.java:260) ~[spring-test-6.1.12.jar:6.1.12]
	at org.springframework.test.context.junit.jupiter.SpringExtension.postProcessTestInstance(SpringExtension.java:163) ~[spring-test-6.1.12.jar:6.1.12]
	at org.junit.jupiter.engine.descriptor.ClassBasedTestDescriptor.lambda$invokeTestInstancePostProcessors$10(ClassBasedTestDescriptor.java:378) ~[junit-jupiter-engine-5.10.3.jar:5.10.3]
	at org.junit.jupiter.engine.descriptor.ClassBasedTestDescriptor.executeAndMaskThrowable(ClassBasedTestDescriptor.java:383) ~[junit-jupiter-engine-5.10.3.jar:5.10.3]
	at org.junit.jupiter.engine.descriptor.ClassBasedTestDescriptor.lambda$invokeTestInstancePostProcessors$11(ClassBasedTestDescriptor.java:378) ~[junit-jupiter-engine-5.10.3.jar:5.10.3]
	at java.base/java.util.stream.ReferencePipeline$3$1.accept(ReferencePipeline.java:197) ~[na:na]
	at java.base/java.util.stream.ReferencePipeline$2$1.accept(ReferencePipeline.java:179) ~[na:na]
	at java.base/java.util.ArrayList$ArrayListSpliterator.forEachRemaining(ArrayList.java:1708) ~[na:na]
	at java.base/java.util.stream.AbstractPipeline.copyInto(AbstractPipeline.java:509) ~[na:na]
	at java.base/java.util.stream.AbstractPipeline.wrapAndCopyInto(AbstractPipeline.java:499) ~[na:na]
	at java.base/java.util.stream.StreamSpliterators$WrappingSpliterator.forEachRemaining(StreamSpliterators.java:310) ~[na:na]
	at java.base/java.util.stream.Streams$ConcatSpliterator.forEachRemaining(Streams.java:735) ~[na:na]
	at java.base/java.util.stream.Streams$ConcatSpliterator.forEachRemaining(Streams.java:734) ~[na:na]
	at java.base/java.util.stream.ReferencePipeline$Head.forEach(ReferencePipeline.java:762) ~[na:na]
	at org.junit.jupiter.engine.descriptor.ClassBasedTestDescriptor.invokeTestInstancePostProcessors(ClassBasedTestDescriptor.java:377) ~[junit-jupiter-engine-5.10.3.jar:5.10.3]
	at org.junit.jupiter.engine.descriptor.ClassBasedTestDescriptor.lambda$instantiateAndPostProcessTestInstance$6(ClassBasedTestDescriptor.java:290) ~[junit-jupiter-engine-5.10.3.jar:5.10.3]
	at org.junit.platform.engine.support.hierarchical.ThrowableCollector.execute(ThrowableCollector.java:73) ~[junit-platform-engine-1.10.3.jar:1.10.3]
	at org.junit.jupiter.engine.descriptor.ClassBasedTestDescriptor.instantiateAndPostProcessTestInstance(ClassBasedTestDescriptor.java:289) ~[junit-jupiter-engine-5.10.3.jar:5.10.3]
	at org.junit.jupiter.engine.descriptor.ClassBasedTestDescriptor.lambda$testInstancesProvider$4(ClassBasedTestDescriptor.java:279) ~[junit-jupiter-engine-5.10.3.jar:5.10.3]
	at java.base/java.util.Optional.orElseGet(Optional.java:364) ~[na:na]
	at org.junit.jupiter.engine.descriptor.ClassBasedTestDescriptor.lambda$testInstancesProvider$5(ClassBasedTestDescriptor.java:278) ~[junit-jupiter-engine-5.10.3.jar:5.10.3]
	at org.junit.jupiter.engine.execution.TestInstancesProvider.getTestInstances(TestInstancesProvider.java:31) ~[junit-jupiter-engine-5.10.3.jar:5.10.3]
	at org.junit.jupiter.engine.descriptor.TestMethodTestDescriptor.lambda$prepare$0(TestMethodTestDescriptor.java:106) ~[junit-jupiter-engine-5.10.3.jar:5.10.3]
	at org.junit.platform.engine.support.hierarchical.ThrowableCollector.execute(ThrowableCollector.java:73) ~[junit-platform-engine-1.10.3.jar:1.10.3]
	at org.junit.jupiter.engine.descriptor.TestMethodTestDescriptor.prepare(TestMethodTestDescriptor.java:105) ~[junit-jupiter-engine-5.10.3.jar:5.10.3]
	at org.junit.jupiter.engine.descriptor.TestMethodTestDescriptor.prepare(TestMethodTestDescriptor.java:69) ~[junit-jupiter-engine-5.10.3.jar:5.10.3]
	at org.junit.platform.engine.support.hierarchical.NodeTestTask.lambda$prepare$2(NodeTestTask.java:123) ~[junit-platform-engine-1.10.3.jar:1.10.3]
	at org.junit.platform.engine.support.hierarchical.ThrowableCollector.execute(ThrowableCollector.java:73) ~[junit-platform-engine-1.10.3.jar:1.10.3]
	at org.junit.platform.engine.support.hierarchical.NodeTestTask.prepare(NodeTestTask.java:123) ~[junit-platform-engine-1.10.3.jar:1.10.3]
	at org.junit.platform.engine.support.hierarchical.NodeTestTask.execute(NodeTestTask.java:90) ~[junit-platform-engine-1.10.3.jar:1.10.3]
	at java.base/java.util.ArrayList.forEach(ArrayList.java:1596) ~[na:na]
	at org.junit.platform.engine.support.hierarchical.SameThreadHierarchicalTestExecutorService.invokeAll(SameThreadHierarchicalTestExecutorService.java:41) ~[junit-platform-engine-1.10.3.jar:1.10.3]
	at org.junit.platform.engine.support.hierarchical.NodeTestTask.lambda$executeRecursively$6(NodeTestTask.java:155) ~[junit-platform-engine-1.10.3.jar:1.10.3]
	at org.junit.platform.engine.support.hierarchical.ThrowableCollector.execute(ThrowableCollector.java:73) ~[junit-platform-engine-1.10.3.jar:1.10.3]
	at org.junit.platform.engine.support.hierarchical.NodeTestTask.lambda$executeRecursively$8(NodeTestTask.java:141) ~[junit-platform-engine-1.10.3.jar:1.10.3]
	at org.junit.platform.engine.support.hierarchical.Node.around(Node.java:137) ~[junit-platform-engine-1.10.3.jar:1.10.3]
	at org.junit.platform.engine.support.hierarchical.NodeTestTask.lambda$executeRecursively$9(NodeTestTask.java:139) ~[junit-platform-engine-1.10.3.jar:1.10.3]
	at org.junit.platform.engine.support.hierarchical.ThrowableCollector.execute(ThrowableCollector.java:73) ~[junit-platform-engine-1.10.3.jar:1.10.3]
	at org.junit.platform.engine.support.hierarchical.NodeTestTask.executeRecursively(NodeTestTask.java:138) ~[junit-platform-engine-1.10.3.jar:1.10.3]
	at org.junit.platform.engine.support.hierarchical.NodeTestTask.execute(NodeTestTask.java:95) ~[junit-platform-engine-1.10.3.jar:1.10.3]
	at java.base/java.util.ArrayList.forEach(ArrayList.java:1596) ~[na:na]
	at org.junit.platform.engine.support.hierarchical.SameThreadHierarchicalTestExecutorService.invokeAll(SameThreadHierarchicalTestExecutorService.java:41) ~[junit-platform-engine-1.10.3.jar:1.10.3]
	at org.junit.platform.engine.support.hierarchical.NodeTestTask.lambda$executeRecursively$6(NodeTestTask.java:155) ~[junit-platform-engine-1.10.3.jar:1.10.3]
	at org.junit.platform.engine.support.hierarchical.ThrowableCollector.execute(ThrowableCollector.java:73) ~[junit-platform-engine-1.10.3.jar:1.10.3]
	at org.junit.platform.engine.support.hierarchical.NodeTestTask.lambda$executeRecursively$8(NodeTestTask.java:141) ~[junit-platform-engine-1.10.3.jar:1.10.3]
	at org.junit.platform.engine.support.hierarchical.Node.around(Node.java:137) ~[junit-platform-engine-1.10.3.jar:1.10.3]
	at org.junit.platform.engine.support.hierarchical.NodeTestTask.lambda$executeRecursively$9(NodeTestTask.java:139) ~[junit-platform-engine-1.10.3.jar:1.10.3]
	at org.junit.platform.engine.support.hierarchical.ThrowableCollector.execute(ThrowableCollector.java:73) ~[junit-platform-engine-1.10.3.jar:1.10.3]
	at org.junit.platform.engine.support.hierarchical.NodeTestTask.executeRecursively(NodeTestTask.java:138) ~[junit-platform-engine-1.10.3.jar:1.10.3]
	at org.junit.platform.engine.support.hierarchical.NodeTestTask.execute(NodeTestTask.java:95) ~[junit-platform-engine-1.10.3.jar:1.10.3]
	at org.junit.platform.engine.support.hierarchical.SameThreadHierarchicalTestExecutorService.submit(SameThreadHierarchicalTestExecutorService.java:35) ~[junit-platform-engine-1.10.3.jar:1.10.3]
	at org.junit.platform.engine.support.hierarchical.HierarchicalTestExecutor.execute(HierarchicalTestExecutor.java:57) ~[junit-platform-engine-1.10.3.jar:1.10.3]
	at org.junit.platform.engine.support.hierarchical.HierarchicalTestEngine.execute(HierarchicalTestEngine.java:54) ~[junit-platform-engine-1.10.3.jar:1.10.3]
	at org.junit.platform.launcher.core.EngineExecutionOrchestrator.execute(EngineExecutionOrchestrator.java:198) ~[junit-platform-launcher-1.10.3.jar:1.10.3]
	at org.junit.platform.launcher.core.EngineExecutionOrchestrator.execute(EngineExecutionOrchestrator.java:169) ~[junit-platform-launcher-1.10.3.jar:1.10.3]
	at org.junit.platform.launcher.core.EngineExecutionOrchestrator.execute(EngineExecutionOrchestrator.java:93) ~[junit-platform-launcher-1.10.3.jar:1.10.3]
	at org.junit.platform.launcher.core.EngineExecutionOrchestrator.lambda$execute$0(EngineExecutionOrchestrator.java:58) ~[junit-platform-launcher-1.10.3.jar:1.10.3]
	at org.junit.platform.launcher.core.EngineExecutionOrchestrator.withInterceptedStreams(EngineExecutionOrchestrator.java:141) ~[junit-platform-launcher-1.10.3.jar:1.10.3]
	at org.junit.platform.launcher.core.EngineExecutionOrchestrator.execute(EngineExecutionOrchestrator.java:57) ~[junit-platform-launcher-1.10.3.jar:1.10.3]
	at org.junit.platform.launcher.core.DefaultLauncher.execute(DefaultLauncher.java:103) ~[junit-platform-launcher-1.10.3.jar:1.10.3]
	at org.junit.platform.launcher.core.DefaultLauncher.execute(DefaultLauncher.java:85) ~[junit-platform-launcher-1.10.3.jar:1.10.3]
	at org.junit.platform.launcher.core.DelegatingLauncher.execute(DelegatingLauncher.java:47) ~[junit-platform-launcher-1.10.3.jar:1.10.3]
	at org.apache.maven.surefire.junitplatform.LazyLauncher.execute(LazyLauncher.java:56) ~[surefire-junit-platform-3.2.5.jar:3.2.5]
	at org.apache.maven.surefire.junitplatform.JUnitPlatformProvider.execute(JUnitPlatformProvider.java:184) ~[surefire-junit-platform-3.2.5.jar:3.2.5]
	at org.apache.maven.surefire.junitplatform.JUnitPlatformProvider.invokeAllTests(JUnitPlatformProvider.java:148) ~[surefire-junit-platform-3.2.5.jar:3.2.5]
	at org.apache.maven.surefire.junitplatform.JUnitPlatformProvider.invoke(JUnitPlatformProvider.java:122) ~[surefire-junit-platform-3.2.5.jar:3.2.5]
	at org.apache.maven.surefire.booter.ForkedBooter.runSuitesInProcess(ForkedBooter.java:385) ~[surefire-booter-3.2.5.jar:3.2.5]
	at org.apache.maven.surefire.booter.ForkedBooter.execute(ForkedBooter.java:162) ~[surefire-booter-3.2.5.jar:3.2.5]
	at org.apache.maven.surefire.booter.ForkedBooter.run(ForkedBooter.java:507) ~[surefire-booter-3.2.5.jar:3.2.5]
	at org.apache.maven.surefire.booter.ForkedBooter.main(ForkedBooter.java:495) ~[surefire-booter-3.2.5.jar:3.2.5]

[ERROR] Tests run: 13, Failures: 0, Errors: 13, Skipped: 0, Time elapsed: 0.101 s <<< FAILURE! -- in se.inera.nll.nlllight.api.controller.PrescriberControllerIntegrationTest
[ERROR] se.inera.nll.nlllight.api.controller.PrescriberControllerIntegrationTest.shouldCancelPrescriptionSuccessfully -- Time elapsed: 0.001 s <<< ERROR!
java.lang.IllegalStateException: ApplicationContext failure threshold (1) exceeded: skipping repeated attempt to load context for [WebMergedContextConfiguration@4978777f testClass = se.inera.nll.nlllight.api.controller.PrescriberControllerIntegrationTest, locations = [], classes = [se.inera.nll.nlllight.api.NllLightApiApplication], contextInitializerClasses = [], activeProfiles = ["test"], propertySourceDescriptors = [], propertySourceProperties = ["org.springframework.boot.test.context.SpringBootTestContextBootstrapper=true"], contextCustomizers = [[ImportsContextCustomizer@7bc6935c key = [org.springframework.boot.test.autoconfigure.web.servlet.MockMvcWebDriverAutoConfiguration, org.springframework.boot.test.autoconfigure.web.servlet.MockMvcAutoConfiguration, org.springframework.boot.autoconfigure.security.oauth2.client.servlet.OAuth2ClientAutoConfiguration, se.inera.nll.nlllight.config.TestSecurityConfig, org.springframework.boot.autoconfigure.security.servlet.SecurityAutoConfiguration, org.springframework.boot.autoconfigure.security.servlet.SecurityFilterAutoConfiguration, org.springframework.boot.autoconfigure.security.servlet.UserDetailsServiceAutoConfiguration, org.springframework.boot.autoconfigure.security.oauth2.resource.servlet.OAuth2ResourceServerAutoConfiguration, org.springframework.boot.test.autoconfigure.web.servlet.MockMvcSecurityConfiguration, org.springframework.boot.test.autoconfigure.web.servlet.MockMvcWebClientAutoConfiguration, org.springframework.boot.test.autoconfigure.web.reactive.WebTestClientAutoConfiguration]], org.springframework.boot.test.context.filter.ExcludeFilterContextCustomizer@1f75a668, org.springframework.boot.test.json.DuplicateJsonObjectContextCustomizerFactory$DuplicateJsonObjectContextCustomizer@2812b107, org.springframework.boot.test.mock.mockito.MockitoContextCustomizer@0, org.springframework.boot.test.web.client.TestRestTemplateContextCustomizer@4eaf3684, org.springframework.boot.test.web.reactor.netty.DisableReactorResourceFactoryGlobalResourcesContextCustomizerFactory$DisableReactorResourceFactoryGlobalResourcesContextCustomizerCustomizer@4416d64f, org.springframework.boot.test.autoconfigure.actuate.observability.ObservabilityContextCustomizerFactory$DisableObservabilityContextCustomizer@1f, org.springframework.boot.test.autoconfigure.properties.PropertyMappingContextCustomizer@4b3fa0b3, org.springframework.boot.test.autoconfigure.web.servlet.WebDriverContextCustomizer@3b8f0a79, org.springframework.boot.test.context.SpringBootTestAnnotation@d0f4dd2a], resourceBasePath = "src/main/webapp", contextLoader = org.springframework.boot.test.context.SpringBootContextLoader, parent = null]
	at org.springframework.test.context.cache.DefaultCacheAwareContextLoaderDelegate.loadContext(DefaultCacheAwareContextLoaderDelegate.java:145)
	at org.springframework.test.context.support.DefaultTestContext.getApplicationContext(DefaultTestContext.java:130)
	at org.springframework.test.context.web.ServletTestExecutionListener.setUpRequestContextIfNecessary(ServletTestExecutionListener.java:191)
	at org.springframework.test.context.web.ServletTestExecutionListener.prepareTestInstance(ServletTestExecutionListener.java:130)
	at org.springframework.test.context.TestContextManager.prepareTestInstance(TestContextManager.java:260)
	at org.springframework.test.context.junit.jupiter.SpringExtension.postProcessTestInstance(SpringExtension.java:163)
	at java.base/java.util.stream.ReferencePipeline$3$1.accept(ReferencePipeline.java:197)
	at java.base/java.util.stream.ReferencePipeline$2$1.accept(ReferencePipeline.java:179)
	at java.base/java.util.ArrayList$ArrayListSpliterator.forEachRemaining(ArrayList.java:1708)
	at java.base/java.util.stream.AbstractPipeline.copyInto(AbstractPipeline.java:509)
	at java.base/java.util.stream.AbstractPipeline.wrapAndCopyInto(AbstractPipeline.java:499)
	at java.base/java.util.stream.StreamSpliterators$WrappingSpliterator.forEachRemaining(StreamSpliterators.java:310)
	at java.base/java.util.stream.Streams$ConcatSpliterator.forEachRemaining(Streams.java:735)
	at java.base/java.util.stream.Streams$ConcatSpliterator.forEachRemaining(Streams.java:734)
	at java.base/java.util.stream.ReferencePipeline$Head.forEach(ReferencePipeline.java:762)
	at java.base/java.util.Optional.orElseGet(Optional.java:364)
	at java.base/java.util.ArrayList.forEach(ArrayList.java:1596)
	at java.base/java.util.ArrayList.forEach(ArrayList.java:1596)

[ERROR] se.inera.nll.nlllight.api.controller.PrescriberControllerIntegrationTest.shouldReturnPrescriberPrescriptionDetails -- Time elapsed: 0.001 s <<< ERROR!
java.lang.IllegalStateException: ApplicationContext failure threshold (1) exceeded: skipping repeated attempt to load context for [WebMergedContextConfiguration@4978777f testClass = se.inera.nll.nlllight.api.controller.PrescriberControllerIntegrationTest, locations = [], classes = [se.inera.nll.nlllight.api.NllLightApiApplication], contextInitializerClasses = [], activeProfiles = ["test"], propertySourceDescriptors = [], propertySourceProperties = ["org.springframework.boot.test.context.SpringBootTestContextBootstrapper=true"], contextCustomizers = [[ImportsContextCustomizer@7bc6935c key = [org.springframework.boot.test.autoconfigure.web.servlet.MockMvcWebDriverAutoConfiguration, org.springframework.boot.test.autoconfigure.web.servlet.MockMvcAutoConfiguration, org.springframework.boot.autoconfigure.security.oauth2.client.servlet.OAuth2ClientAutoConfiguration, se.inera.nll.nlllight.config.TestSecurityConfig, org.springframework.boot.autoconfigure.security.servlet.SecurityAutoConfiguration, org.springframework.boot.autoconfigure.security.servlet.SecurityFilterAutoConfiguration, org.springframework.boot.autoconfigure.security.servlet.UserDetailsServiceAutoConfiguration, org.springframework.boot.autoconfigure.security.oauth2.resource.servlet.OAuth2ResourceServerAutoConfiguration, org.springframework.boot.test.autoconfigure.web.servlet.MockMvcSecurityConfiguration, org.springframework.boot.test.autoconfigure.web.servlet.MockMvcWebClientAutoConfiguration, org.springframework.boot.test.autoconfigure.web.reactive.WebTestClientAutoConfiguration]], org.springframework.boot.test.context.filter.ExcludeFilterContextCustomizer@1f75a668, org.springframework.boot.test.json.DuplicateJsonObjectContextCustomizerFactory$DuplicateJsonObjectContextCustomizer@2812b107, org.springframework.boot.test.mock.mockito.MockitoContextCustomizer@0, org.springframework.boot.test.web.client.TestRestTemplateContextCustomizer@4eaf3684, org.springframework.boot.test.web.reactor.netty.DisableReactorResourceFactoryGlobalResourcesContextCustomizerFactory$DisableReactorResourceFactoryGlobalResourcesContextCustomizerCustomizer@4416d64f, org.springframework.boot.test.autoconfigure.actuate.observability.ObservabilityContextCustomizerFactory$DisableObservabilityContextCustomizer@1f, org.springframework.boot.test.autoconfigure.properties.PropertyMappingContextCustomizer@4b3fa0b3, org.springframework.boot.test.autoconfigure.web.servlet.WebDriverContextCustomizer@3b8f0a79, org.springframework.boot.test.context.SpringBootTestAnnotation@d0f4dd2a], resourceBasePath = "src/main/webapp", contextLoader = org.springframework.boot.test.context.SpringBootContextLoader, parent = null]
	at org.springframework.test.context.cache.DefaultCacheAwareContextLoaderDelegate.loadContext(DefaultCacheAwareContextLoaderDelegate.java:145)
	at org.springframework.test.context.support.DefaultTestContext.getApplicationContext(DefaultTestContext.java:130)
	at org.springframework.test.context.web.ServletTestExecutionListener.setUpRequestContextIfNecessary(ServletTestExecutionListener.java:191)
	at org.springframework.test.context.web.ServletTestExecutionListener.prepareTestInstance(ServletTestExecutionListener.java:130)
	at org.springframework.test.context.TestContextManager.prepareTestInstance(TestContextManager.java:260)
	at org.springframework.test.context.junit.jupiter.SpringExtension.postProcessTestInstance(SpringExtension.java:163)
	at java.base/java.util.stream.ReferencePipeline$3$1.accept(ReferencePipeline.java:197)
	at java.base/java.util.stream.ReferencePipeline$2$1.accept(ReferencePipeline.java:179)
	at java.base/java.util.ArrayList$ArrayListSpliterator.forEachRemaining(ArrayList.java:1708)
	at java.base/java.util.stream.AbstractPipeline.copyInto(AbstractPipeline.java:509)
	at java.base/java.util.stream.AbstractPipeline.wrapAndCopyInto(AbstractPipeline.java:499)
	at java.base/java.util.stream.StreamSpliterators$WrappingSpliterator.forEachRemaining(StreamSpliterators.java:310)
	at java.base/java.util.stream.Streams$ConcatSpliterator.forEachRemaining(Streams.java:735)
	at java.base/java.util.stream.Streams$ConcatSpliterator.forEachRemaining(Streams.java:734)
	at java.base/java.util.stream.ReferencePipeline$Head.forEach(ReferencePipeline.java:762)
	at java.base/java.util.Optional.orElseGet(Optional.java:364)
	at java.base/java.util.ArrayList.forEach(ArrayList.java:1596)
	at java.base/java.util.ArrayList.forEach(ArrayList.java:1596)

[ERROR] se.inera.nll.nlllight.api.controller.PrescriberControllerIntegrationTest.shouldUpdatePrescriptionSuccessfully -- Time elapsed: 0.001 s <<< ERROR!
java.lang.IllegalStateException: ApplicationContext failure threshold (1) exceeded: skipping repeated attempt to load context for [WebMergedContextConfiguration@4978777f testClass = se.inera.nll.nlllight.api.controller.PrescriberControllerIntegrationTest, locations = [], classes = [se.inera.nll.nlllight.api.NllLightApiApplication], contextInitializerClasses = [], activeProfiles = ["test"], propertySourceDescriptors = [], propertySourceProperties = ["org.springframework.boot.test.context.SpringBootTestContextBootstrapper=true"], contextCustomizers = [[ImportsContextCustomizer@7bc6935c key = [org.springframework.boot.test.autoconfigure.web.servlet.MockMvcWebDriverAutoConfiguration, org.springframework.boot.test.autoconfigure.web.servlet.MockMvcAutoConfiguration, org.springframework.boot.autoconfigure.security.oauth2.client.servlet.OAuth2ClientAutoConfiguration, se.inera.nll.nlllight.config.TestSecurityConfig, org.springframework.boot.autoconfigure.security.servlet.SecurityAutoConfiguration, org.springframework.boot.autoconfigure.security.servlet.SecurityFilterAutoConfiguration, org.springframework.boot.autoconfigure.security.servlet.UserDetailsServiceAutoConfiguration, org.springframework.boot.autoconfigure.security.oauth2.resource.servlet.OAuth2ResourceServerAutoConfiguration, org.springframework.boot.test.autoconfigure.web.servlet.MockMvcSecurityConfiguration, org.springframework.boot.test.autoconfigure.web.servlet.MockMvcWebClientAutoConfiguration, org.springframework.boot.test.autoconfigure.web.reactive.WebTestClientAutoConfiguration]], org.springframework.boot.test.context.filter.ExcludeFilterContextCustomizer@1f75a668, org.springframework.boot.test.json.DuplicateJsonObjectContextCustomizerFactory$DuplicateJsonObjectContextCustomizer@2812b107, org.springframework.boot.test.mock.mockito.MockitoContextCustomizer@0, org.springframework.boot.test.web.client.TestRestTemplateContextCustomizer@4eaf3684, org.springframework.boot.test.web.reactor.netty.DisableReactorResourceFactoryGlobalResourcesContextCustomizerFactory$DisableReactorResourceFactoryGlobalResourcesContextCustomizerCustomizer@4416d64f, org.springframework.boot.test.autoconfigure.actuate.observability.ObservabilityContextCustomizerFactory$DisableObservabilityContextCustomizer@1f, org.springframework.boot.test.autoconfigure.properties.PropertyMappingContextCustomizer@4b3fa0b3, org.springframework.boot.test.autoconfigure.web.servlet.WebDriverContextCustomizer@3b8f0a79, org.springframework.boot.test.context.SpringBootTestAnnotation@d0f4dd2a], resourceBasePath = "src/main/webapp", contextLoader = org.springframework.boot.test.context.SpringBootContextLoader, parent = null]
	at org.springframework.test.context.cache.DefaultCacheAwareContextLoaderDelegate.loadContext(DefaultCacheAwareContextLoaderDelegate.java:145)
	at org.springframework.test.context.support.DefaultTestContext.getApplicationContext(DefaultTestContext.java:130)
	at org.springframework.test.context.web.ServletTestExecutionListener.setUpRequestContextIfNecessary(ServletTestExecutionListener.java:191)
	at org.springframework.test.context.web.ServletTestExecutionListener.prepareTestInstance(ServletTestExecutionListener.java:130)
	at org.springframework.test.context.TestContextManager.prepareTestInstance(TestContextManager.java:260)
	at org.springframework.test.context.junit.jupiter.SpringExtension.postProcessTestInstance(SpringExtension.java:163)
	at java.base/java.util.stream.ReferencePipeline$3$1.accept(ReferencePipeline.java:197)
	at java.base/java.util.stream.ReferencePipeline$2$1.accept(ReferencePipeline.java:179)
	at java.base/java.util.ArrayList$ArrayListSpliterator.forEachRemaining(ArrayList.java:1708)
	at java.base/java.util.stream.AbstractPipeline.copyInto(AbstractPipeline.java:509)
	at java.base/java.util.stream.AbstractPipeline.wrapAndCopyInto(AbstractPipeline.java:499)
	at java.base/java.util.stream.StreamSpliterators$WrappingSpliterator.forEachRemaining(StreamSpliterators.java:310)
	at java.base/java.util.stream.Streams$ConcatSpliterator.forEachRemaining(Streams.java:735)
	at java.base/java.util.stream.Streams$ConcatSpliterator.forEachRemaining(Streams.java:734)
	at java.base/java.util.stream.ReferencePipeline$Head.forEach(ReferencePipeline.java:762)
	at java.base/java.util.Optional.orElseGet(Optional.java:364)
	at java.base/java.util.ArrayList.forEach(ArrayList.java:1596)
	at java.base/java.util.ArrayList.forEach(ArrayList.java:1596)

[ERROR] se.inera.nll.nlllight.api.controller.PrescriberControllerIntegrationTest.shouldReturnAllPrescriberPrescriptions -- Time elapsed: 0.001 s <<< ERROR!
java.lang.IllegalStateException: ApplicationContext failure threshold (1) exceeded: skipping repeated attempt to load context for [WebMergedContextConfiguration@4978777f testClass = se.inera.nll.nlllight.api.controller.PrescriberControllerIntegrationTest, locations = [], classes = [se.inera.nll.nlllight.api.NllLightApiApplication], contextInitializerClasses = [], activeProfiles = ["test"], propertySourceDescriptors = [], propertySourceProperties = ["org.springframework.boot.test.context.SpringBootTestContextBootstrapper=true"], contextCustomizers = [[ImportsContextCustomizer@7bc6935c key = [org.springframework.boot.test.autoconfigure.web.servlet.MockMvcWebDriverAutoConfiguration, org.springframework.boot.test.autoconfigure.web.servlet.MockMvcAutoConfiguration, org.springframework.boot.autoconfigure.security.oauth2.client.servlet.OAuth2ClientAutoConfiguration, se.inera.nll.nlllight.config.TestSecurityConfig, org.springframework.boot.autoconfigure.security.servlet.SecurityAutoConfiguration, org.springframework.boot.autoconfigure.security.servlet.SecurityFilterAutoConfiguration, org.springframework.boot.autoconfigure.security.servlet.UserDetailsServiceAutoConfiguration, org.springframework.boot.autoconfigure.security.oauth2.resource.servlet.OAuth2ResourceServerAutoConfiguration, org.springframework.boot.test.autoconfigure.web.servlet.MockMvcSecurityConfiguration, org.springframework.boot.test.autoconfigure.web.servlet.MockMvcWebClientAutoConfiguration, org.springframework.boot.test.autoconfigure.web.reactive.WebTestClientAutoConfiguration]], org.springframework.boot.test.context.filter.ExcludeFilterContextCustomizer@1f75a668, org.springframework.boot.test.json.DuplicateJsonObjectContextCustomizerFactory$DuplicateJsonObjectContextCustomizer@2812b107, org.springframework.boot.test.mock.mockito.MockitoContextCustomizer@0, org.springframework.boot.test.web.client.TestRestTemplateContextCustomizer@4eaf3684, org.springframework.boot.test.web.reactor.netty.DisableReactorResourceFactoryGlobalResourcesContextCustomizerFactory$DisableReactorResourceFactoryGlobalResourcesContextCustomizerCustomizer@4416d64f, org.springframework.boot.test.autoconfigure.actuate.observability.ObservabilityContextCustomizerFactory$DisableObservabilityContextCustomizer@1f, org.springframework.boot.test.autoconfigure.properties.PropertyMappingContextCustomizer@4b3fa0b3, org.springframework.boot.test.autoconfigure.web.servlet.WebDriverContextCustomizer@3b8f0a79, org.springframework.boot.test.context.SpringBootTestAnnotation@d0f4dd2a], resourceBasePath = "src/main/webapp", contextLoader = org.springframework.boot.test.context.SpringBootContextLoader, parent = null]
	at org.springframework.test.context.cache.DefaultCacheAwareContextLoaderDelegate.loadContext(DefaultCacheAwareContextLoaderDelegate.java:145)
	at org.springframework.test.context.support.DefaultTestContext.getApplicationContext(DefaultTestContext.java:130)
	at org.springframework.test.context.web.ServletTestExecutionListener.setUpRequestContextIfNecessary(ServletTestExecutionListener.java:191)
	at org.springframework.test.context.web.ServletTestExecutionListener.prepareTestInstance(ServletTestExecutionListener.java:130)
	at org.springframework.test.context.TestContextManager.prepareTestInstance(TestContextManager.java:260)
	at org.springframework.test.context.junit.jupiter.SpringExtension.postProcessTestInstance(SpringExtension.java:163)
	at java.base/java.util.stream.ReferencePipeline$3$1.accept(ReferencePipeline.java:197)
	at java.base/java.util.stream.ReferencePipeline$2$1.accept(ReferencePipeline.java:179)
	at java.base/java.util.ArrayList$ArrayListSpliterator.forEachRemaining(ArrayList.java:1708)
	at java.base/java.util.stream.AbstractPipeline.copyInto(AbstractPipeline.java:509)
	at java.base/java.util.stream.AbstractPipeline.wrapAndCopyInto(AbstractPipeline.java:499)
	at java.base/java.util.stream.StreamSpliterators$WrappingSpliterator.forEachRemaining(StreamSpliterators.java:310)
	at java.base/java.util.stream.Streams$ConcatSpliterator.forEachRemaining(Streams.java:735)
	at java.base/java.util.stream.Streams$ConcatSpliterator.forEachRemaining(Streams.java:734)
	at java.base/java.util.stream.ReferencePipeline$Head.forEach(ReferencePipeline.java:762)
	at java.base/java.util.Optional.orElseGet(Optional.java:364)
	at java.base/java.util.ArrayList.forEach(ArrayList.java:1596)
	at java.base/java.util.ArrayList.forEach(ArrayList.java:1596)

[ERROR] se.inera.nll.nlllight.api.controller.PrescriberControllerIntegrationTest.shouldReturn403WhenUnauthorizedPrescriberUpdates -- Time elapsed: 0 s <<< ERROR!
java.lang.IllegalStateException: ApplicationContext failure threshold (1) exceeded: skipping repeated attempt to load context for [WebMergedContextConfiguration@4978777f testClass = se.inera.nll.nlllight.api.controller.PrescriberControllerIntegrationTest, locations = [], classes = [se.inera.nll.nlllight.api.NllLightApiApplication], contextInitializerClasses = [], activeProfiles = ["test"], propertySourceDescriptors = [], propertySourceProperties = ["org.springframework.boot.test.context.SpringBootTestContextBootstrapper=true"], contextCustomizers = [[ImportsContextCustomizer@7bc6935c key = [org.springframework.boot.test.autoconfigure.web.servlet.MockMvcWebDriverAutoConfiguration, org.springframework.boot.test.autoconfigure.web.servlet.MockMvcAutoConfiguration, org.springframework.boot.autoconfigure.security.oauth2.client.servlet.OAuth2ClientAutoConfiguration, se.inera.nll.nlllight.config.TestSecurityConfig, org.springframework.boot.autoconfigure.security.servlet.SecurityAutoConfiguration, org.springframework.boot.autoconfigure.security.servlet.SecurityFilterAutoConfiguration, org.springframework.boot.autoconfigure.security.servlet.UserDetailsServiceAutoConfiguration, org.springframework.boot.autoconfigure.security.oauth2.resource.servlet.OAuth2ResourceServerAutoConfiguration, org.springframework.boot.test.autoconfigure.web.servlet.MockMvcSecurityConfiguration, org.springframework.boot.test.autoconfigure.web.servlet.MockMvcWebClientAutoConfiguration, org.springframework.boot.test.autoconfigure.web.reactive.WebTestClientAutoConfiguration]], org.springframework.boot.test.context.filter.ExcludeFilterContextCustomizer@1f75a668, org.springframework.boot.test.json.DuplicateJsonObjectContextCustomizerFactory$DuplicateJsonObjectContextCustomizer@2812b107, org.springframework.boot.test.mock.mockito.MockitoContextCustomizer@0, org.springframework.boot.test.web.client.TestRestTemplateContextCustomizer@4eaf3684, org.springframework.boot.test.web.reactor.netty.DisableReactorResourceFactoryGlobalResourcesContextCustomizerFactory$DisableReactorResourceFactoryGlobalResourcesContextCustomizerCustomizer@4416d64f, org.springframework.boot.test.autoconfigure.actuate.observability.ObservabilityContextCustomizerFactory$DisableObservabilityContextCustomizer@1f, org.springframework.boot.test.autoconfigure.properties.PropertyMappingContextCustomizer@4b3fa0b3, org.springframework.boot.test.autoconfigure.web.servlet.WebDriverContextCustomizer@3b8f0a79, org.springframework.boot.test.context.SpringBootTestAnnotation@d0f4dd2a], resourceBasePath = "src/main/webapp", contextLoader = org.springframework.boot.test.context.SpringBootContextLoader, parent = null]
	at org.springframework.test.context.cache.DefaultCacheAwareContextLoaderDelegate.loadContext(DefaultCacheAwareContextLoaderDelegate.java:145)
	at org.springframework.test.context.support.DefaultTestContext.getApplicationContext(DefaultTestContext.java:130)
	at org.springframework.test.context.web.ServletTestExecutionListener.setUpRequestContextIfNecessary(ServletTestExecutionListener.java:191)
	at org.springframework.test.context.web.ServletTestExecutionListener.prepareTestInstance(ServletTestExecutionListener.java:130)
	at org.springframework.test.context.TestContextManager.prepareTestInstance(TestContextManager.java:260)
	at org.springframework.test.context.junit.jupiter.SpringExtension.postProcessTestInstance(SpringExtension.java:163)
	at java.base/java.util.stream.ReferencePipeline$3$1.accept(ReferencePipeline.java:197)
	at java.base/java.util.stream.ReferencePipeline$2$1.accept(ReferencePipeline.java:179)
	at java.base/java.util.ArrayList$ArrayListSpliterator.forEachRemaining(ArrayList.java:1708)
	at java.base/java.util.stream.AbstractPipeline.copyInto(AbstractPipeline.java:509)
	at java.base/java.util.stream.AbstractPipeline.wrapAndCopyInto(AbstractPipeline.java:499)
	at java.base/java.util.stream.StreamSpliterators$WrappingSpliterator.forEachRemaining(StreamSpliterators.java:310)
	at java.base/java.util.stream.Streams$ConcatSpliterator.forEachRemaining(Streams.java:735)
	at java.base/java.util.stream.Streams$ConcatSpliterator.forEachRemaining(Streams.java:734)
	at java.base/java.util.stream.ReferencePipeline$Head.forEach(ReferencePipeline.java:762)
	at java.base/java.util.Optional.orElseGet(Optional.java:364)
	at java.base/java.util.ArrayList.forEach(ArrayList.java:1596)
	at java.base/java.util.ArrayList.forEach(ArrayList.java:1596)

[ERROR] se.inera.nll.nlllight.api.controller.PrescriberControllerIntegrationTest.shouldReturn400WhenMedicationNotFound -- Time elapsed: 0 s <<< ERROR!
java.lang.IllegalStateException: ApplicationContext failure threshold (1) exceeded: skipping repeated attempt to load context for [WebMergedContextConfiguration@4978777f testClass = se.inera.nll.nlllight.api.controller.PrescriberControllerIntegrationTest, locations = [], classes = [se.inera.nll.nlllight.api.NllLightApiApplication], contextInitializerClasses = [], activeProfiles = ["test"], propertySourceDescriptors = [], propertySourceProperties = ["org.springframework.boot.test.context.SpringBootTestContextBootstrapper=true"], contextCustomizers = [[ImportsContextCustomizer@7bc6935c key = [org.springframework.boot.test.autoconfigure.web.servlet.MockMvcWebDriverAutoConfiguration, org.springframework.boot.test.autoconfigure.web.servlet.MockMvcAutoConfiguration, org.springframework.boot.autoconfigure.security.oauth2.client.servlet.OAuth2ClientAutoConfiguration, se.inera.nll.nlllight.config.TestSecurityConfig, org.springframework.boot.autoconfigure.security.servlet.SecurityAutoConfiguration, org.springframework.boot.autoconfigure.security.servlet.SecurityFilterAutoConfiguration, org.springframework.boot.autoconfigure.security.servlet.UserDetailsServiceAutoConfiguration, org.springframework.boot.autoconfigure.security.oauth2.resource.servlet.OAuth2ResourceServerAutoConfiguration, org.springframework.boot.test.autoconfigure.web.servlet.MockMvcSecurityConfiguration, org.springframework.boot.test.autoconfigure.web.servlet.MockMvcWebClientAutoConfiguration, org.springframework.boot.test.autoconfigure.web.reactive.WebTestClientAutoConfiguration]], org.springframework.boot.test.context.filter.ExcludeFilterContextCustomizer@1f75a668, org.springframework.boot.test.json.DuplicateJsonObjectContextCustomizerFactory$DuplicateJsonObjectContextCustomizer@2812b107, org.springframework.boot.test.mock.mockito.MockitoContextCustomizer@0, org.springframework.boot.test.web.client.TestRestTemplateContextCustomizer@4eaf3684, org.springframework.boot.test.web.reactor.netty.DisableReactorResourceFactoryGlobalResourcesContextCustomizerFactory$DisableReactorResourceFactoryGlobalResourcesContextCustomizerCustomizer@4416d64f, org.springframework.boot.test.autoconfigure.actuate.observability.ObservabilityContextCustomizerFactory$DisableObservabilityContextCustomizer@1f, org.springframework.boot.test.autoconfigure.properties.PropertyMappingContextCustomizer@4b3fa0b3, org.springframework.boot.test.autoconfigure.web.servlet.WebDriverContextCustomizer@3b8f0a79, org.springframework.boot.test.context.SpringBootTestAnnotation@d0f4dd2a], resourceBasePath = "src/main/webapp", contextLoader = org.springframework.boot.test.context.SpringBootContextLoader, parent = null]
	at org.springframework.test.context.cache.DefaultCacheAwareContextLoaderDelegate.loadContext(DefaultCacheAwareContextLoaderDelegate.java:145)
	at org.springframework.test.context.support.DefaultTestContext.getApplicationContext(DefaultTestContext.java:130)
	at org.springframework.test.context.web.ServletTestExecutionListener.setUpRequestContextIfNecessary(ServletTestExecutionListener.java:191)
	at org.springframework.test.context.web.ServletTestExecutionListener.prepareTestInstance(ServletTestExecutionListener.java:130)
	at org.springframework.test.context.TestContextManager.prepareTestInstance(TestContextManager.java:260)
	at org.springframework.test.context.junit.jupiter.SpringExtension.postProcessTestInstance(SpringExtension.java:163)
	at java.base/java.util.stream.ReferencePipeline$3$1.accept(ReferencePipeline.java:197)
	at java.base/java.util.stream.ReferencePipeline$2$1.accept(ReferencePipeline.java:179)
	at java.base/java.util.ArrayList$ArrayListSpliterator.forEachRemaining(ArrayList.java:1708)
	at java.base/java.util.stream.AbstractPipeline.copyInto(AbstractPipeline.java:509)
	at java.base/java.util.stream.AbstractPipeline.wrapAndCopyInto(AbstractPipeline.java:499)
	at java.base/java.util.stream.StreamSpliterators$WrappingSpliterator.forEachRemaining(StreamSpliterators.java:310)
	at java.base/java.util.stream.Streams$ConcatSpliterator.forEachRemaining(Streams.java:735)
	at java.base/java.util.stream.Streams$ConcatSpliterator.forEachRemaining(Streams.java:734)
	at java.base/java.util.stream.ReferencePipeline$Head.forEach(ReferencePipeline.java:762)
	at java.base/java.util.Optional.orElseGet(Optional.java:364)
	at java.base/java.util.ArrayList.forEach(ArrayList.java:1596)
	at java.base/java.util.ArrayList.forEach(ArrayList.java:1596)

[ERROR] se.inera.nll.nlllight.api.controller.PrescriberControllerIntegrationTest.shouldReturn400WhenUpdateValidationFails -- Time elapsed: 0.001 s <<< ERROR!
java.lang.IllegalStateException: ApplicationContext failure threshold (1) exceeded: skipping repeated attempt to load context for [WebMergedContextConfiguration@4978777f testClass = se.inera.nll.nlllight.api.controller.PrescriberControllerIntegrationTest, locations = [], classes = [se.inera.nll.nlllight.api.NllLightApiApplication], contextInitializerClasses = [], activeProfiles = ["test"], propertySourceDescriptors = [], propertySourceProperties = ["org.springframework.boot.test.context.SpringBootTestContextBootstrapper=true"], contextCustomizers = [[ImportsContextCustomizer@7bc6935c key = [org.springframework.boot.test.autoconfigure.web.servlet.MockMvcWebDriverAutoConfiguration, org.springframework.boot.test.autoconfigure.web.servlet.MockMvcAutoConfiguration, org.springframework.boot.autoconfigure.security.oauth2.client.servlet.OAuth2ClientAutoConfiguration, se.inera.nll.nlllight.config.TestSecurityConfig, org.springframework.boot.autoconfigure.security.servlet.SecurityAutoConfiguration, org.springframework.boot.autoconfigure.security.servlet.SecurityFilterAutoConfiguration, org.springframework.boot.autoconfigure.security.servlet.UserDetailsServiceAutoConfiguration, org.springframework.boot.autoconfigure.security.oauth2.resource.servlet.OAuth2ResourceServerAutoConfiguration, org.springframework.boot.test.autoconfigure.web.servlet.MockMvcSecurityConfiguration, org.springframework.boot.test.autoconfigure.web.servlet.MockMvcWebClientAutoConfiguration, org.springframework.boot.test.autoconfigure.web.reactive.WebTestClientAutoConfiguration]], org.springframework.boot.test.context.filter.ExcludeFilterContextCustomizer@1f75a668, org.springframework.boot.test.json.DuplicateJsonObjectContextCustomizerFactory$DuplicateJsonObjectContextCustomizer@2812b107, org.springframework.boot.test.mock.mockito.MockitoContextCustomizer@0, org.springframework.boot.test.web.client.TestRestTemplateContextCustomizer@4eaf3684, org.springframework.boot.test.web.reactor.netty.DisableReactorResourceFactoryGlobalResourcesContextCustomizerFactory$DisableReactorResourceFactoryGlobalResourcesContextCustomizerCustomizer@4416d64f, org.springframework.boot.test.autoconfigure.actuate.observability.ObservabilityContextCustomizerFactory$DisableObservabilityContextCustomizer@1f, org.springframework.boot.test.autoconfigure.properties.PropertyMappingContextCustomizer@4b3fa0b3, org.springframework.boot.test.autoconfigure.web.servlet.WebDriverContextCustomizer@3b8f0a79, org.springframework.boot.test.context.SpringBootTestAnnotation@d0f4dd2a], resourceBasePath = "src/main/webapp", contextLoader = org.springframework.boot.test.context.SpringBootContextLoader, parent = null]
	at org.springframework.test.context.cache.DefaultCacheAwareContextLoaderDelegate.loadContext(DefaultCacheAwareContextLoaderDelegate.java:145)
	at org.springframework.test.context.support.DefaultTestContext.getApplicationContext(DefaultTestContext.java:130)
	at org.springframework.test.context.web.ServletTestExecutionListener.setUpRequestContextIfNecessary(ServletTestExecutionListener.java:191)
	at org.springframework.test.context.web.ServletTestExecutionListener.prepareTestInstance(ServletTestExecutionListener.java:130)
	at org.springframework.test.context.TestContextManager.prepareTestInstance(TestContextManager.java:260)
	at org.springframework.test.context.junit.jupiter.SpringExtension.postProcessTestInstance(SpringExtension.java:163)
	at java.base/java.util.stream.ReferencePipeline$3$1.accept(ReferencePipeline.java:197)
	at java.base/java.util.stream.ReferencePipeline$2$1.accept(ReferencePipeline.java:179)
	at java.base/java.util.ArrayList$ArrayListSpliterator.forEachRemaining(ArrayList.java:1708)
	at java.base/java.util.stream.AbstractPipeline.copyInto(AbstractPipeline.java:509)
	at java.base/java.util.stream.AbstractPipeline.wrapAndCopyInto(AbstractPipeline.java:499)
	at java.base/java.util.stream.StreamSpliterators$WrappingSpliterator.forEachRemaining(StreamSpliterators.java:310)
	at java.base/java.util.stream.Streams$ConcatSpliterator.forEachRemaining(Streams.java:735)
	at java.base/java.util.stream.Streams$ConcatSpliterator.forEachRemaining(Streams.java:734)
	at java.base/java.util.stream.ReferencePipeline$Head.forEach(ReferencePipeline.java:762)
	at java.base/java.util.Optional.orElseGet(Optional.java:364)
	at java.base/java.util.ArrayList.forEach(ArrayList.java:1596)
	at java.base/java.util.ArrayList.forEach(ArrayList.java:1596)

[ERROR] se.inera.nll.nlllight.api.controller.PrescriberControllerIntegrationTest.shouldReturn404WhenCancellingNonExistentPrescription -- Time elapsed: 0 s <<< ERROR!
java.lang.IllegalStateException: ApplicationContext failure threshold (1) exceeded: skipping repeated attempt to load context for [WebMergedContextConfiguration@4978777f testClass = se.inera.nll.nlllight.api.controller.PrescriberControllerIntegrationTest, locations = [], classes = [se.inera.nll.nlllight.api.NllLightApiApplication], contextInitializerClasses = [], activeProfiles = ["test"], propertySourceDescriptors = [], propertySourceProperties = ["org.springframework.boot.test.context.SpringBootTestContextBootstrapper=true"], contextCustomizers = [[ImportsContextCustomizer@7bc6935c key = [org.springframework.boot.test.autoconfigure.web.servlet.MockMvcWebDriverAutoConfiguration, org.springframework.boot.test.autoconfigure.web.servlet.MockMvcAutoConfiguration, org.springframework.boot.autoconfigure.security.oauth2.client.servlet.OAuth2ClientAutoConfiguration, se.inera.nll.nlllight.config.TestSecurityConfig, org.springframework.boot.autoconfigure.security.servlet.SecurityAutoConfiguration, org.springframework.boot.autoconfigure.security.servlet.SecurityFilterAutoConfiguration, org.springframework.boot.autoconfigure.security.servlet.UserDetailsServiceAutoConfiguration, org.springframework.boot.autoconfigure.security.oauth2.resource.servlet.OAuth2ResourceServerAutoConfiguration, org.springframework.boot.test.autoconfigure.web.servlet.MockMvcSecurityConfiguration, org.springframework.boot.test.autoconfigure.web.servlet.MockMvcWebClientAutoConfiguration, org.springframework.boot.test.autoconfigure.web.reactive.WebTestClientAutoConfiguration]], org.springframework.boot.test.context.filter.ExcludeFilterContextCustomizer@1f75a668, org.springframework.boot.test.json.DuplicateJsonObjectContextCustomizerFactory$DuplicateJsonObjectContextCustomizer@2812b107, org.springframework.boot.test.mock.mockito.MockitoContextCustomizer@0, org.springframework.boot.test.web.client.TestRestTemplateContextCustomizer@4eaf3684, org.springframework.boot.test.web.reactor.netty.DisableReactorResourceFactoryGlobalResourcesContextCustomizerFactory$DisableReactorResourceFactoryGlobalResourcesContextCustomizerCustomizer@4416d64f, org.springframework.boot.test.autoconfigure.actuate.observability.ObservabilityContextCustomizerFactory$DisableObservabilityContextCustomizer@1f, org.springframework.boot.test.autoconfigure.properties.PropertyMappingContextCustomizer@4b3fa0b3, org.springframework.boot.test.autoconfigure.web.servlet.WebDriverContextCustomizer@3b8f0a79, org.springframework.boot.test.context.SpringBootTestAnnotation@d0f4dd2a], resourceBasePath = "src/main/webapp", contextLoader = org.springframework.boot.test.context.SpringBootContextLoader, parent = null]
	at org.springframework.test.context.cache.DefaultCacheAwareContextLoaderDelegate.loadContext(DefaultCacheAwareContextLoaderDelegate.java:145)
	at org.springframework.test.context.support.DefaultTestContext.getApplicationContext(DefaultTestContext.java:130)
	at org.springframework.test.context.web.ServletTestExecutionListener.setUpRequestContextIfNecessary(ServletTestExecutionListener.java:191)
	at org.springframework.test.context.web.ServletTestExecutionListener.prepareTestInstance(ServletTestExecutionListener.java:130)
	at org.springframework.test.context.TestContextManager.prepareTestInstance(TestContextManager.java:260)
	at org.springframework.test.context.junit.jupiter.SpringExtension.postProcessTestInstance(SpringExtension.java:163)
	at java.base/java.util.stream.ReferencePipeline$3$1.accept(ReferencePipeline.java:197)
	at java.base/java.util.stream.ReferencePipeline$2$1.accept(ReferencePipeline.java:179)
	at java.base/java.util.ArrayList$ArrayListSpliterator.forEachRemaining(ArrayList.java:1708)
	at java.base/java.util.stream.AbstractPipeline.copyInto(AbstractPipeline.java:509)
	at java.base/java.util.stream.AbstractPipeline.wrapAndCopyInto(AbstractPipeline.java:499)
	at java.base/java.util.stream.StreamSpliterators$WrappingSpliterator.forEachRemaining(StreamSpliterators.java:310)
	at java.base/java.util.stream.Streams$ConcatSpliterator.forEachRemaining(Streams.java:735)
	at java.base/java.util.stream.Streams$ConcatSpliterator.forEachRemaining(Streams.java:734)
	at java.base/java.util.stream.ReferencePipeline$Head.forEach(ReferencePipeline.java:762)
	at java.base/java.util.Optional.orElseGet(Optional.java:364)
	at java.base/java.util.ArrayList.forEach(ArrayList.java:1596)
	at java.base/java.util.ArrayList.forEach(ArrayList.java:1596)

[ERROR] se.inera.nll.nlllight.api.controller.PrescriberControllerIntegrationTest.shouldCreatePrescriptionSuccessfully -- Time elapsed: 0.001 s <<< ERROR!
java.lang.IllegalStateException: ApplicationContext failure threshold (1) exceeded: skipping repeated attempt to load context for [WebMergedContextConfiguration@4978777f testClass = se.inera.nll.nlllight.api.controller.PrescriberControllerIntegrationTest, locations = [], classes = [se.inera.nll.nlllight.api.NllLightApiApplication], contextInitializerClasses = [], activeProfiles = ["test"], propertySourceDescriptors = [], propertySourceProperties = ["org.springframework.boot.test.context.SpringBootTestContextBootstrapper=true"], contextCustomizers = [[ImportsContextCustomizer@7bc6935c key = [org.springframework.boot.test.autoconfigure.web.servlet.MockMvcWebDriverAutoConfiguration, org.springframework.boot.test.autoconfigure.web.servlet.MockMvcAutoConfiguration, org.springframework.boot.autoconfigure.security.oauth2.client.servlet.OAuth2ClientAutoConfiguration, se.inera.nll.nlllight.config.TestSecurityConfig, org.springframework.boot.autoconfigure.security.servlet.SecurityAutoConfiguration, org.springframework.boot.autoconfigure.security.servlet.SecurityFilterAutoConfiguration, org.springframework.boot.autoconfigure.security.servlet.UserDetailsServiceAutoConfiguration, org.springframework.boot.autoconfigure.security.oauth2.resource.servlet.OAuth2ResourceServerAutoConfiguration, org.springframework.boot.test.autoconfigure.web.servlet.MockMvcSecurityConfiguration, org.springframework.boot.test.autoconfigure.web.servlet.MockMvcWebClientAutoConfiguration, org.springframework.boot.test.autoconfigure.web.reactive.WebTestClientAutoConfiguration]], org.springframework.boot.test.context.filter.ExcludeFilterContextCustomizer@1f75a668, org.springframework.boot.test.json.DuplicateJsonObjectContextCustomizerFactory$DuplicateJsonObjectContextCustomizer@2812b107, org.springframework.boot.test.mock.mockito.MockitoContextCustomizer@0, org.springframework.boot.test.web.client.TestRestTemplateContextCustomizer@4eaf3684, org.springframework.boot.test.web.reactor.netty.DisableReactorResourceFactoryGlobalResourcesContextCustomizerFactory$DisableReactorResourceFactoryGlobalResourcesContextCustomizerCustomizer@4416d64f, org.springframework.boot.test.autoconfigure.actuate.observability.ObservabilityContextCustomizerFactory$DisableObservabilityContextCustomizer@1f, org.springframework.boot.test.autoconfigure.properties.PropertyMappingContextCustomizer@4b3fa0b3, org.springframework.boot.test.autoconfigure.web.servlet.WebDriverContextCustomizer@3b8f0a79, org.springframework.boot.test.context.SpringBootTestAnnotation@d0f4dd2a], resourceBasePath = "src/main/webapp", contextLoader = org.springframework.boot.test.context.SpringBootContextLoader, parent = null]
	at org.springframework.test.context.cache.DefaultCacheAwareContextLoaderDelegate.loadContext(DefaultCacheAwareContextLoaderDelegate.java:145)
	at org.springframework.test.context.support.DefaultTestContext.getApplicationContext(DefaultTestContext.java:130)
	at org.springframework.test.context.web.ServletTestExecutionListener.setUpRequestContextIfNecessary(ServletTestExecutionListener.java:191)
	at org.springframework.test.context.web.ServletTestExecutionListener.prepareTestInstance(ServletTestExecutionListener.java:130)
	at org.springframework.test.context.TestContextManager.prepareTestInstance(TestContextManager.java:260)
	at org.springframework.test.context.junit.jupiter.SpringExtension.postProcessTestInstance(SpringExtension.java:163)
	at java.base/java.util.stream.ReferencePipeline$3$1.accept(ReferencePipeline.java:197)
	at java.base/java.util.stream.ReferencePipeline$2$1.accept(ReferencePipeline.java:179)
	at java.base/java.util.ArrayList$ArrayListSpliterator.forEachRemaining(ArrayList.java:1708)
	at java.base/java.util.stream.AbstractPipeline.copyInto(AbstractPipeline.java:509)
	at java.base/java.util.stream.AbstractPipeline.wrapAndCopyInto(AbstractPipeline.java:499)
	at java.base/java.util.stream.StreamSpliterators$WrappingSpliterator.forEachRemaining(StreamSpliterators.java:310)
	at java.base/java.util.stream.Streams$ConcatSpliterator.forEachRemaining(Streams.java:735)
	at java.base/java.util.stream.Streams$ConcatSpliterator.forEachRemaining(Streams.java:734)
	at java.base/java.util.stream.ReferencePipeline$Head.forEach(ReferencePipeline.java:762)
	at java.base/java.util.Optional.orElseGet(Optional.java:364)
	at java.base/java.util.ArrayList.forEach(ArrayList.java:1596)
	at java.base/java.util.ArrayList.forEach(ArrayList.java:1596)

[ERROR] se.inera.nll.nlllight.api.controller.PrescriberControllerIntegrationTest.shouldReturn404WhenUpdatingNonExistentPrescription -- Time elapsed: 0.001 s <<< ERROR!
java.lang.IllegalStateException: ApplicationContext failure threshold (1) exceeded: skipping repeated attempt to load context for [WebMergedContextConfiguration@4978777f testClass = se.inera.nll.nlllight.api.controller.PrescriberControllerIntegrationTest, locations = [], classes = [se.inera.nll.nlllight.api.NllLightApiApplication], contextInitializerClasses = [], activeProfiles = ["test"], propertySourceDescriptors = [], propertySourceProperties = ["org.springframework.boot.test.context.SpringBootTestContextBootstrapper=true"], contextCustomizers = [[ImportsContextCustomizer@7bc6935c key = [org.springframework.boot.test.autoconfigure.web.servlet.MockMvcWebDriverAutoConfiguration, org.springframework.boot.test.autoconfigure.web.servlet.MockMvcAutoConfiguration, org.springframework.boot.autoconfigure.security.oauth2.client.servlet.OAuth2ClientAutoConfiguration, se.inera.nll.nlllight.config.TestSecurityConfig, org.springframework.boot.autoconfigure.security.servlet.SecurityAutoConfiguration, org.springframework.boot.autoconfigure.security.servlet.SecurityFilterAutoConfiguration, org.springframework.boot.autoconfigure.security.servlet.UserDetailsServiceAutoConfiguration, org.springframework.boot.autoconfigure.security.oauth2.resource.servlet.OAuth2ResourceServerAutoConfiguration, org.springframework.boot.test.autoconfigure.web.servlet.MockMvcSecurityConfiguration, org.springframework.boot.test.autoconfigure.web.servlet.MockMvcWebClientAutoConfiguration, org.springframework.boot.test.autoconfigure.web.reactive.WebTestClientAutoConfiguration]], org.springframework.boot.test.context.filter.ExcludeFilterContextCustomizer@1f75a668, org.springframework.boot.test.json.DuplicateJsonObjectContextCustomizerFactory$DuplicateJsonObjectContextCustomizer@2812b107, org.springframework.boot.test.mock.mockito.MockitoContextCustomizer@0, org.springframework.boot.test.web.client.TestRestTemplateContextCustomizer@4eaf3684, org.springframework.boot.test.web.reactor.netty.DisableReactorResourceFactoryGlobalResourcesContextCustomizerFactory$DisableReactorResourceFactoryGlobalResourcesContextCustomizerCustomizer@4416d64f, org.springframework.boot.test.autoconfigure.actuate.observability.ObservabilityContextCustomizerFactory$DisableObservabilityContextCustomizer@1f, org.springframework.boot.test.autoconfigure.properties.PropertyMappingContextCustomizer@4b3fa0b3, org.springframework.boot.test.autoconfigure.web.servlet.WebDriverContextCustomizer@3b8f0a79, org.springframework.boot.test.context.SpringBootTestAnnotation@d0f4dd2a], resourceBasePath = "src/main/webapp", contextLoader = org.springframework.boot.test.context.SpringBootContextLoader, parent = null]
	at org.springframework.test.context.cache.DefaultCacheAwareContextLoaderDelegate.loadContext(DefaultCacheAwareContextLoaderDelegate.java:145)
	at org.springframework.test.context.support.DefaultTestContext.getApplicationContext(DefaultTestContext.java:130)
	at org.springframework.test.context.web.ServletTestExecutionListener.setUpRequestContextIfNecessary(ServletTestExecutionListener.java:191)
	at org.springframework.test.context.web.ServletTestExecutionListener.prepareTestInstance(ServletTestExecutionListener.java:130)
	at org.springframework.test.context.TestContextManager.prepareTestInstance(TestContextManager.java:260)
	at org.springframework.test.context.junit.jupiter.SpringExtension.postProcessTestInstance(SpringExtension.java:163)
	at java.base/java.util.stream.ReferencePipeline$3$1.accept(ReferencePipeline.java:197)
	at java.base/java.util.stream.ReferencePipeline$2$1.accept(ReferencePipeline.java:179)
	at java.base/java.util.ArrayList$ArrayListSpliterator.forEachRemaining(ArrayList.java:1708)
	at java.base/java.util.stream.AbstractPipeline.copyInto(AbstractPipeline.java:509)
	at java.base/java.util.stream.AbstractPipeline.wrapAndCopyInto(AbstractPipeline.java:499)
	at java.base/java.util.stream.StreamSpliterators$WrappingSpliterator.forEachRemaining(StreamSpliterators.java:310)
	at java.base/java.util.stream.Streams$ConcatSpliterator.forEachRemaining(Streams.java:735)
	at java.base/java.util.stream.Streams$ConcatSpliterator.forEachRemaining(Streams.java:734)
	at java.base/java.util.stream.ReferencePipeline$Head.forEach(ReferencePipeline.java:762)
	at java.base/java.util.Optional.orElseGet(Optional.java:364)
	at java.base/java.util.ArrayList.forEach(ArrayList.java:1596)
	at java.base/java.util.ArrayList.forEach(ArrayList.java:1596)

[ERROR] se.inera.nll.nlllight.api.controller.PrescriberControllerIntegrationTest.shouldFilterPrescriberPrescriptionsByPatient -- Time elapsed: 0.001 s <<< ERROR!
java.lang.IllegalStateException: ApplicationContext failure threshold (1) exceeded: skipping repeated attempt to load context for [WebMergedContextConfiguration@4978777f testClass = se.inera.nll.nlllight.api.controller.PrescriberControllerIntegrationTest, locations = [], classes = [se.inera.nll.nlllight.api.NllLightApiApplication], contextInitializerClasses = [], activeProfiles = ["test"], propertySourceDescriptors = [], propertySourceProperties = ["org.springframework.boot.test.context.SpringBootTestContextBootstrapper=true"], contextCustomizers = [[ImportsContextCustomizer@7bc6935c key = [org.springframework.boot.test.autoconfigure.web.servlet.MockMvcWebDriverAutoConfiguration, org.springframework.boot.test.autoconfigure.web.servlet.MockMvcAutoConfiguration, org.springframework.boot.autoconfigure.security.oauth2.client.servlet.OAuth2ClientAutoConfiguration, se.inera.nll.nlllight.config.TestSecurityConfig, org.springframework.boot.autoconfigure.security.servlet.SecurityAutoConfiguration, org.springframework.boot.autoconfigure.security.servlet.SecurityFilterAutoConfiguration, org.springframework.boot.autoconfigure.security.servlet.UserDetailsServiceAutoConfiguration, org.springframework.boot.autoconfigure.security.oauth2.resource.servlet.OAuth2ResourceServerAutoConfiguration, org.springframework.boot.test.autoconfigure.web.servlet.MockMvcSecurityConfiguration, org.springframework.boot.test.autoconfigure.web.servlet.MockMvcWebClientAutoConfiguration, org.springframework.boot.test.autoconfigure.web.reactive.WebTestClientAutoConfiguration]], org.springframework.boot.test.context.filter.ExcludeFilterContextCustomizer@1f75a668, org.springframework.boot.test.json.DuplicateJsonObjectContextCustomizerFactory$DuplicateJsonObjectContextCustomizer@2812b107, org.springframework.boot.test.mock.mockito.MockitoContextCustomizer@0, org.springframework.boot.test.web.client.TestRestTemplateContextCustomizer@4eaf3684, org.springframework.boot.test.web.reactor.netty.DisableReactorResourceFactoryGlobalResourcesContextCustomizerFactory$DisableReactorResourceFactoryGlobalResourcesContextCustomizerCustomizer@4416d64f, org.springframework.boot.test.autoconfigure.actuate.observability.ObservabilityContextCustomizerFactory$DisableObservabilityContextCustomizer@1f, org.springframework.boot.test.autoconfigure.properties.PropertyMappingContextCustomizer@4b3fa0b3, org.springframework.boot.test.autoconfigure.web.servlet.WebDriverContextCustomizer@3b8f0a79, org.springframework.boot.test.context.SpringBootTestAnnotation@d0f4dd2a], resourceBasePath = "src/main/webapp", contextLoader = org.springframework.boot.test.context.SpringBootContextLoader, parent = null]
	at org.springframework.test.context.cache.DefaultCacheAwareContextLoaderDelegate.loadContext(DefaultCacheAwareContextLoaderDelegate.java:145)
	at org.springframework.test.context.support.DefaultTestContext.getApplicationContext(DefaultTestContext.java:130)
	at org.springframework.test.context.web.ServletTestExecutionListener.setUpRequestContextIfNecessary(ServletTestExecutionListener.java:191)
	at org.springframework.test.context.web.ServletTestExecutionListener.prepareTestInstance(ServletTestExecutionListener.java:130)
	at org.springframework.test.context.TestContextManager.prepareTestInstance(TestContextManager.java:260)
	at org.springframework.test.context.junit.jupiter.SpringExtension.postProcessTestInstance(SpringExtension.java:163)
	at java.base/java.util.stream.ReferencePipeline$3$1.accept(ReferencePipeline.java:197)
	at java.base/java.util.stream.ReferencePipeline$2$1.accept(ReferencePipeline.java:179)
	at java.base/java.util.ArrayList$ArrayListSpliterator.forEachRemaining(ArrayList.java:1708)
	at java.base/java.util.stream.AbstractPipeline.copyInto(AbstractPipeline.java:509)
	at java.base/java.util.stream.AbstractPipeline.wrapAndCopyInto(AbstractPipeline.java:499)
	at java.base/java.util.stream.StreamSpliterators$WrappingSpliterator.forEachRemaining(StreamSpliterators.java:310)
	at java.base/java.util.stream.Streams$ConcatSpliterator.forEachRemaining(Streams.java:735)
	at java.base/java.util.stream.Streams$ConcatSpliterator.forEachRemaining(Streams.java:734)
	at java.base/java.util.stream.ReferencePipeline$Head.forEach(ReferencePipeline.java:762)
	at java.base/java.util.Optional.orElseGet(Optional.java:364)
	at java.base/java.util.ArrayList.forEach(ArrayList.java:1596)
	at java.base/java.util.ArrayList.forEach(ArrayList.java:1596)

[ERROR] se.inera.nll.nlllight.api.controller.PrescriberControllerIntegrationTest.shouldReturn400WhenValidationFails -- Time elapsed: 0.001 s <<< ERROR!
java.lang.IllegalStateException: ApplicationContext failure threshold (1) exceeded: skipping repeated attempt to load context for [WebMergedContextConfiguration@4978777f testClass = se.inera.nll.nlllight.api.controller.PrescriberControllerIntegrationTest, locations = [], classes = [se.inera.nll.nlllight.api.NllLightApiApplication], contextInitializerClasses = [], activeProfiles = ["test"], propertySourceDescriptors = [], propertySourceProperties = ["org.springframework.boot.test.context.SpringBootTestContextBootstrapper=true"], contextCustomizers = [[ImportsContextCustomizer@7bc6935c key = [org.springframework.boot.test.autoconfigure.web.servlet.MockMvcWebDriverAutoConfiguration, org.springframework.boot.test.autoconfigure.web.servlet.MockMvcAutoConfiguration, org.springframework.boot.autoconfigure.security.oauth2.client.servlet.OAuth2ClientAutoConfiguration, se.inera.nll.nlllight.config.TestSecurityConfig, org.springframework.boot.autoconfigure.security.servlet.SecurityAutoConfiguration, org.springframework.boot.autoconfigure.security.servlet.SecurityFilterAutoConfiguration, org.springframework.boot.autoconfigure.security.servlet.UserDetailsServiceAutoConfiguration, org.springframework.boot.autoconfigure.security.oauth2.resource.servlet.OAuth2ResourceServerAutoConfiguration, org.springframework.boot.test.autoconfigure.web.servlet.MockMvcSecurityConfiguration, org.springframework.boot.test.autoconfigure.web.servlet.MockMvcWebClientAutoConfiguration, org.springframework.boot.test.autoconfigure.web.reactive.WebTestClientAutoConfiguration]], org.springframework.boot.test.context.filter.ExcludeFilterContextCustomizer@1f75a668, org.springframework.boot.test.json.DuplicateJsonObjectContextCustomizerFactory$DuplicateJsonObjectContextCustomizer@2812b107, org.springframework.boot.test.mock.mockito.MockitoContextCustomizer@0, org.springframework.boot.test.web.client.TestRestTemplateContextCustomizer@4eaf3684, org.springframework.boot.test.web.reactor.netty.DisableReactorResourceFactoryGlobalResourcesContextCustomizerFactory$DisableReactorResourceFactoryGlobalResourcesContextCustomizerCustomizer@4416d64f, org.springframework.boot.test.autoconfigure.actuate.observability.ObservabilityContextCustomizerFactory$DisableObservabilityContextCustomizer@1f, org.springframework.boot.test.autoconfigure.properties.PropertyMappingContextCustomizer@4b3fa0b3, org.springframework.boot.test.autoconfigure.web.servlet.WebDriverContextCustomizer@3b8f0a79, org.springframework.boot.test.context.SpringBootTestAnnotation@d0f4dd2a], resourceBasePath = "src/main/webapp", contextLoader = org.springframework.boot.test.context.SpringBootContextLoader, parent = null]
	at org.springframework.test.context.cache.DefaultCacheAwareContextLoaderDelegate.loadContext(DefaultCacheAwareContextLoaderDelegate.java:145)
	at org.springframework.test.context.support.DefaultTestContext.getApplicationContext(DefaultTestContext.java:130)
	at org.springframework.test.context.web.ServletTestExecutionListener.setUpRequestContextIfNecessary(ServletTestExecutionListener.java:191)
	at org.springframework.test.context.web.ServletTestExecutionListener.prepareTestInstance(ServletTestExecutionListener.java:130)
	at org.springframework.test.context.TestContextManager.prepareTestInstance(TestContextManager.java:260)
	at org.springframework.test.context.junit.jupiter.SpringExtension.postProcessTestInstance(SpringExtension.java:163)
	at java.base/java.util.stream.ReferencePipeline$3$1.accept(ReferencePipeline.java:197)
	at java.base/java.util.stream.ReferencePipeline$2$1.accept(ReferencePipeline.java:179)
	at java.base/java.util.ArrayList$ArrayListSpliterator.forEachRemaining(ArrayList.java:1708)
	at java.base/java.util.stream.AbstractPipeline.copyInto(AbstractPipeline.java:509)
	at java.base/java.util.stream.AbstractPipeline.wrapAndCopyInto(AbstractPipeline.java:499)
	at java.base/java.util.stream.StreamSpliterators$WrappingSpliterator.forEachRemaining(StreamSpliterators.java:310)
	at java.base/java.util.stream.Streams$ConcatSpliterator.forEachRemaining(Streams.java:735)
	at java.base/java.util.stream.Streams$ConcatSpliterator.forEachRemaining(Streams.java:734)
	at java.base/java.util.stream.ReferencePipeline$Head.forEach(ReferencePipeline.java:762)
	at java.base/java.util.Optional.orElseGet(Optional.java:364)
	at java.base/java.util.ArrayList.forEach(ArrayList.java:1596)
	at java.base/java.util.ArrayList.forEach(ArrayList.java:1596)

[ERROR] se.inera.nll.nlllight.api.controller.PrescriberControllerIntegrationTest.shouldReturn400WhenPatientNotFound -- Time elapsed: 0 s <<< ERROR!
java.lang.IllegalStateException: ApplicationContext failure threshold (1) exceeded: skipping repeated attempt to load context for [WebMergedContextConfiguration@4978777f testClass = se.inera.nll.nlllight.api.controller.PrescriberControllerIntegrationTest, locations = [], classes = [se.inera.nll.nlllight.api.NllLightApiApplication], contextInitializerClasses = [], activeProfiles = ["test"], propertySourceDescriptors = [], propertySourceProperties = ["org.springframework.boot.test.context.SpringBootTestContextBootstrapper=true"], contextCustomizers = [[ImportsContextCustomizer@7bc6935c key = [org.springframework.boot.test.autoconfigure.web.servlet.MockMvcWebDriverAutoConfiguration, org.springframework.boot.test.autoconfigure.web.servlet.MockMvcAutoConfiguration, org.springframework.boot.autoconfigure.security.oauth2.client.servlet.OAuth2ClientAutoConfiguration, se.inera.nll.nlllight.config.TestSecurityConfig, org.springframework.boot.autoconfigure.security.servlet.SecurityAutoConfiguration, org.springframework.boot.autoconfigure.security.servlet.SecurityFilterAutoConfiguration, org.springframework.boot.autoconfigure.security.servlet.UserDetailsServiceAutoConfiguration, org.springframework.boot.autoconfigure.security.oauth2.resource.servlet.OAuth2ResourceServerAutoConfiguration, org.springframework.boot.test.autoconfigure.web.servlet.MockMvcSecurityConfiguration, org.springframework.boot.test.autoconfigure.web.servlet.MockMvcWebClientAutoConfiguration, org.springframework.boot.test.autoconfigure.web.reactive.WebTestClientAutoConfiguration]], org.springframework.boot.test.context.filter.ExcludeFilterContextCustomizer@1f75a668, org.springframework.boot.test.json.DuplicateJsonObjectContextCustomizerFactory$DuplicateJsonObjectContextCustomizer@2812b107, org.springframework.boot.test.mock.mockito.MockitoContextCustomizer@0, org.springframework.boot.test.web.client.TestRestTemplateContextCustomizer@4eaf3684, org.springframework.boot.test.web.reactor.netty.DisableReactorResourceFactoryGlobalResourcesContextCustomizerFactory$DisableReactorResourceFactoryGlobalResourcesContextCustomizerCustomizer@4416d64f, org.springframework.boot.test.autoconfigure.actuate.observability.ObservabilityContextCustomizerFactory$DisableObservabilityContextCustomizer@1f, org.springframework.boot.test.autoconfigure.properties.PropertyMappingContextCustomizer@4b3fa0b3, org.springframework.boot.test.autoconfigure.web.servlet.WebDriverContextCustomizer@3b8f0a79, org.springframework.boot.test.context.SpringBootTestAnnotation@d0f4dd2a], resourceBasePath = "src/main/webapp", contextLoader = org.springframework.boot.test.context.SpringBootContextLoader, parent = null]
	at org.springframework.test.context.cache.DefaultCacheAwareContextLoaderDelegate.loadContext(DefaultCacheAwareContextLoaderDelegate.java:145)
	at org.springframework.test.context.support.DefaultTestContext.getApplicationContext(DefaultTestContext.java:130)
	at org.springframework.test.context.web.ServletTestExecutionListener.setUpRequestContextIfNecessary(ServletTestExecutionListener.java:191)
	at org.springframework.test.context.web.ServletTestExecutionListener.prepareTestInstance(ServletTestExecutionListener.java:130)
	at org.springframework.test.context.TestContextManager.prepareTestInstance(TestContextManager.java:260)
	at org.springframework.test.context.junit.jupiter.SpringExtension.postProcessTestInstance(SpringExtension.java:163)
	at java.base/java.util.stream.ReferencePipeline$3$1.accept(ReferencePipeline.java:197)
	at java.base/java.util.stream.ReferencePipeline$2$1.accept(ReferencePipeline.java:179)
	at java.base/java.util.ArrayList$ArrayListSpliterator.forEachRemaining(ArrayList.java:1708)
	at java.base/java.util.stream.AbstractPipeline.copyInto(AbstractPipeline.java:509)
	at java.base/java.util.stream.AbstractPipeline.wrapAndCopyInto(AbstractPipeline.java:499)
	at java.base/java.util.stream.StreamSpliterators$WrappingSpliterator.forEachRemaining(StreamSpliterators.java:310)
	at java.base/java.util.stream.Streams$ConcatSpliterator.forEachRemaining(Streams.java:735)
	at java.base/java.util.stream.Streams$ConcatSpliterator.forEachRemaining(Streams.java:734)
	at java.base/java.util.stream.ReferencePipeline$Head.forEach(ReferencePipeline.java:762)
	at java.base/java.util.Optional.orElseGet(Optional.java:364)
	at java.base/java.util.ArrayList.forEach(ArrayList.java:1596)
	at java.base/java.util.ArrayList.forEach(ArrayList.java:1596)

[INFO] Running se.inera.nll.nlllight.api.controller.PrescriptionControllerIntegrationTest
2025-10-12T09:06:31.268Z  INFO 144 --- [nll-light-api-test] [           main] t.c.s.AnnotationConfigContextLoaderUtils : Could not detect default configuration classes for test class [se.inera.nll.nlllight.api.controller.PrescriptionControllerIntegrationTest]: PrescriptionControllerIntegrationTest does not declare any static, non-private, non-final, nested classes annotated with @Configuration.
2025-10-12T09:06:31.284Z  INFO 144 --- [nll-light-api-test] [           main] .b.t.c.SpringBootTestContextBootstrapper : Found @SpringBootConfiguration se.inera.nll.nlllight.api.NllLightApiApplication for test class se.inera.nll.nlllight.api.controller.PrescriptionControllerIntegrationTest
2025-10-12T09:06:31.290Z  WARN 144 --- [nll-light-api-test] [           main] o.s.test.context.TestContextManager      : Caught exception while allowing TestExecutionListener [org.springframework.test.context.web.ServletTestExecutionListener] to prepare test instance [se.inera.nll.nlllight.api.controller.PrescriptionControllerIntegrationTest@2d2b6960]

java.lang.IllegalStateException: ApplicationContext failure threshold (1) exceeded: skipping repeated attempt to load context for [WebMergedContextConfiguration@72bd2871 testClass = se.inera.nll.nlllight.api.controller.PrescriptionControllerIntegrationTest, locations = [], classes = [se.inera.nll.nlllight.api.NllLightApiApplication], contextInitializerClasses = [], activeProfiles = ["test"], propertySourceDescriptors = [], propertySourceProperties = ["org.springframework.boot.test.context.SpringBootTestContextBootstrapper=true"], contextCustomizers = [[ImportsContextCustomizer@77429040 key = [org.springframework.boot.test.autoconfigure.web.servlet.MockMvcWebDriverAutoConfiguration, org.springframework.boot.test.autoconfigure.web.servlet.MockMvcAutoConfiguration, org.springframework.boot.autoconfigure.security.oauth2.client.servlet.OAuth2ClientAutoConfiguration, se.inera.nll.nlllight.config.TestSecurityConfig, org.springframework.boot.autoconfigure.security.servlet.SecurityAutoConfiguration, org.springframework.boot.autoconfigure.security.servlet.SecurityFilterAutoConfiguration, org.springframework.boot.autoconfigure.security.servlet.UserDetailsServiceAutoConfiguration, org.springframework.boot.autoconfigure.security.oauth2.resource.servlet.OAuth2ResourceServerAutoConfiguration, org.springframework.boot.test.autoconfigure.web.servlet.MockMvcSecurityConfiguration, org.springframework.boot.test.autoconfigure.web.servlet.MockMvcWebClientAutoConfiguration, org.springframework.boot.test.autoconfigure.web.reactive.WebTestClientAutoConfiguration]], org.springframework.boot.test.context.filter.ExcludeFilterContextCustomizer@1f75a668, org.springframework.boot.test.json.DuplicateJsonObjectContextCustomizerFactory$DuplicateJsonObjectContextCustomizer@2812b107, org.springframework.boot.test.mock.mockito.MockitoContextCustomizer@0, org.springframework.boot.test.web.client.TestRestTemplateContextCustomizer@4eaf3684, org.springframework.boot.test.web.reactor.netty.DisableReactorResourceFactoryGlobalResourcesContextCustomizerFactory$DisableReactorResourceFactoryGlobalResourcesContextCustomizerCustomizer@4416d64f, org.springframework.boot.test.autoconfigure.actuate.observability.ObservabilityContextCustomizerFactory$DisableObservabilityContextCustomizer@1f, org.springframework.boot.test.autoconfigure.properties.PropertyMappingContextCustomizer@4b3fa0b3, org.springframework.boot.test.autoconfigure.web.servlet.WebDriverContextCustomizer@3b8f0a79, org.springframework.boot.test.context.SpringBootTestAnnotation@d0f4dd2a], resourceBasePath = "src/main/webapp", contextLoader = org.springframework.boot.test.context.SpringBootContextLoader, parent = null]
	at org.springframework.test.context.cache.DefaultCacheAwareContextLoaderDelegate.loadContext(DefaultCacheAwareContextLoaderDelegate.java:145) ~[spring-test-6.1.12.jar:6.1.12]
	at org.springframework.test.context.support.DefaultTestContext.getApplicationContext(DefaultTestContext.java:130) ~[spring-test-6.1.12.jar:6.1.12]
	at org.springframework.test.context.web.ServletTestExecutionListener.setUpRequestContextIfNecessary(ServletTestExecutionListener.java:191) ~[spring-test-6.1.12.jar:6.1.12]
	at org.springframework.test.context.web.ServletTestExecutionListener.prepareTestInstance(ServletTestExecutionListener.java:130) ~[spring-test-6.1.12.jar:6.1.12]
	at org.springframework.test.context.TestContextManager.prepareTestInstance(TestContextManager.java:260) ~[spring-test-6.1.12.jar:6.1.12]
	at org.springframework.test.context.junit.jupiter.SpringExtension.postProcessTestInstance(SpringExtension.java:163) ~[spring-test-6.1.12.jar:6.1.12]
	at org.junit.jupiter.engine.descriptor.ClassBasedTestDescriptor.lambda$invokeTestInstancePostProcessors$10(ClassBasedTestDescriptor.java:378) ~[junit-jupiter-engine-5.10.3.jar:5.10.3]
	at org.junit.jupiter.engine.descriptor.ClassBasedTestDescriptor.executeAndMaskThrowable(ClassBasedTestDescriptor.java:383) ~[junit-jupiter-engine-5.10.3.jar:5.10.3]
	at org.junit.jupiter.engine.descriptor.ClassBasedTestDescriptor.lambda$invokeTestInstancePostProcessors$11(ClassBasedTestDescriptor.java:378) ~[junit-jupiter-engine-5.10.3.jar:5.10.3]
	at java.base/java.util.stream.ReferencePipeline$3$1.accept(ReferencePipeline.java:197) ~[na:na]
	at java.base/java.util.stream.ReferencePipeline$2$1.accept(ReferencePipeline.java:179) ~[na:na]
	at java.base/java.util.ArrayList$ArrayListSpliterator.forEachRemaining(ArrayList.java:1708) ~[na:na]
	at java.base/java.util.stream.AbstractPipeline.copyInto(AbstractPipeline.java:509) ~[na:na]
	at java.base/java.util.stream.AbstractPipeline.wrapAndCopyInto(AbstractPipeline.java:499) ~[na:na]
	at java.base/java.util.stream.StreamSpliterators$WrappingSpliterator.forEachRemaining(StreamSpliterators.java:310) ~[na:na]
	at java.base/java.util.stream.Streams$ConcatSpliterator.forEachRemaining(Streams.java:735) ~[na:na]
	at java.base/java.util.stream.Streams$ConcatSpliterator.forEachRemaining(Streams.java:734) ~[na:na]
	at java.base/java.util.stream.ReferencePipeline$Head.forEach(ReferencePipeline.java:762) ~[na:na]
	at org.junit.jupiter.engine.descriptor.ClassBasedTestDescriptor.invokeTestInstancePostProcessors(ClassBasedTestDescriptor.java:377) ~[junit-jupiter-engine-5.10.3.jar:5.10.3]
	at org.junit.jupiter.engine.descriptor.ClassBasedTestDescriptor.lambda$instantiateAndPostProcessTestInstance$6(ClassBasedTestDescriptor.java:290) ~[junit-jupiter-engine-5.10.3.jar:5.10.3]
	at org.junit.platform.engine.support.hierarchical.ThrowableCollector.execute(ThrowableCollector.java:73) ~[junit-platform-engine-1.10.3.jar:1.10.3]
	at org.junit.jupiter.engine.descriptor.ClassBasedTestDescriptor.instantiateAndPostProcessTestInstance(ClassBasedTestDescriptor.java:289) ~[junit-jupiter-engine-5.10.3.jar:5.10.3]
	at org.junit.jupiter.engine.descriptor.ClassBasedTestDescriptor.lambda$testInstancesProvider$4(ClassBasedTestDescriptor.java:279) ~[junit-jupiter-engine-5.10.3.jar:5.10.3]
	at java.base/java.util.Optional.orElseGet(Optional.java:364) ~[na:na]
	at org.junit.jupiter.engine.descriptor.ClassBasedTestDescriptor.lambda$testInstancesProvider$5(ClassBasedTestDescriptor.java:278) ~[junit-jupiter-engine-5.10.3.jar:5.10.3]
	at org.junit.jupiter.engine.execution.TestInstancesProvider.getTestInstances(TestInstancesProvider.java:31) ~[junit-jupiter-engine-5.10.3.jar:5.10.3]
	at org.junit.jupiter.engine.descriptor.TestMethodTestDescriptor.lambda$prepare$0(TestMethodTestDescriptor.java:106) ~[junit-jupiter-engine-5.10.3.jar:5.10.3]
	at org.junit.platform.engine.support.hierarchical.ThrowableCollector.execute(ThrowableCollector.java:73) ~[junit-platform-engine-1.10.3.jar:1.10.3]
	at org.junit.jupiter.engine.descriptor.TestMethodTestDescriptor.prepare(TestMethodTestDescriptor.java:105) ~[junit-jupiter-engine-5.10.3.jar:5.10.3]
	at org.junit.jupiter.engine.descriptor.TestMethodTestDescriptor.prepare(TestMethodTestDescriptor.java:69) ~[junit-jupiter-engine-5.10.3.jar:5.10.3]
	at org.junit.platform.engine.support.hierarchical.NodeTestTask.lambda$prepare$2(NodeTestTask.java:123) ~[junit-platform-engine-1.10.3.jar:1.10.3]
	at org.junit.platform.engine.support.hierarchical.ThrowableCollector.execute(ThrowableCollector.java:73) ~[junit-platform-engine-1.10.3.jar:1.10.3]
	at org.junit.platform.engine.support.hierarchical.NodeTestTask.prepare(NodeTestTask.java:123) ~[junit-platform-engine-1.10.3.jar:1.10.3]
	at org.junit.platform.engine.support.hierarchical.NodeTestTask.execute(NodeTestTask.java:90) ~[junit-platform-engine-1.10.3.jar:1.10.3]
	at java.base/java.util.ArrayList.forEach(ArrayList.java:1596) ~[na:na]
	at org.junit.platform.engine.support.hierarchical.SameThreadHierarchicalTestExecutorService.invokeAll(SameThreadHierarchicalTestExecutorService.java:41) ~[junit-platform-engine-1.10.3.jar:1.10.3]
	at org.junit.platform.engine.support.hierarchical.NodeTestTask.lambda$executeRecursively$6(NodeTestTask.java:155) ~[junit-platform-engine-1.10.3.jar:1.10.3]
	at org.junit.platform.engine.support.hierarchical.ThrowableCollector.execute(ThrowableCollector.java:73) ~[junit-platform-engine-1.10.3.jar:1.10.3]
	at org.junit.platform.engine.support.hierarchical.NodeTestTask.lambda$executeRecursively$8(NodeTestTask.java:141) ~[junit-platform-engine-1.10.3.jar:1.10.3]
	at org.junit.platform.engine.support.hierarchical.Node.around(Node.java:137) ~[junit-platform-engine-1.10.3.jar:1.10.3]
	at org.junit.platform.engine.support.hierarchical.NodeTestTask.lambda$executeRecursively$9(NodeTestTask.java:139) ~[junit-platform-engine-1.10.3.jar:1.10.3]
	at org.junit.platform.engine.support.hierarchical.ThrowableCollector.execute(ThrowableCollector.java:73) ~[junit-platform-engine-1.10.3.jar:1.10.3]
	at org.junit.platform.engine.support.hierarchical.NodeTestTask.executeRecursively(NodeTestTask.java:138) ~[junit-platform-engine-1.10.3.jar:1.10.3]
	at org.junit.platform.engine.support.hierarchical.NodeTestTask.execute(NodeTestTask.java:95) ~[junit-platform-engine-1.10.3.jar:1.10.3]
	at java.base/java.util.ArrayList.forEach(ArrayList.java:1596) ~[na:na]
	at org.junit.platform.engine.support.hierarchical.SameThreadHierarchicalTestExecutorService.invokeAll(SameThreadHierarchicalTestExecutorService.java:41) ~[junit-platform-engine-1.10.3.jar:1.10.3]
	at org.junit.platform.engine.support.hierarchical.NodeTestTask.lambda$executeRecursively$6(NodeTestTask.java:155) ~[junit-platform-engine-1.10.3.jar:1.10.3]
	at org.junit.platform.engine.support.hierarchical.ThrowableCollector.execute(ThrowableCollector.java:73) ~[junit-platform-engine-1.10.3.jar:1.10.3]
	at org.junit.platform.engine.support.hierarchical.NodeTestTask.lambda$executeRecursively$8(NodeTestTask.java:141) ~[junit-platform-engine-1.10.3.jar:1.10.3]
	at org.junit.platform.engine.support.hierarchical.Node.around(Node.java:137) ~[junit-platform-engine-1.10.3.jar:1.10.3]
	at org.junit.platform.engine.support.hierarchical.NodeTestTask.lambda$executeRecursively$9(NodeTestTask.java:139) ~[junit-platform-engine-1.10.3.jar:1.10.3]
	at org.junit.platform.engine.support.hierarchical.ThrowableCollector.execute(ThrowableCollector.java:73) ~[junit-platform-engine-1.10.3.jar:1.10.3]
	at org.junit.platform.engine.support.hierarchical.NodeTestTask.executeRecursively(NodeTestTask.java:138) ~[junit-platform-engine-1.10.3.jar:1.10.3]
	at org.junit.platform.engine.support.hierarchical.NodeTestTask.execute(NodeTestTask.java:95) ~[junit-platform-engine-1.10.3.jar:1.10.3]
	at org.junit.platform.engine.support.hierarchical.SameThreadHierarchicalTestExecutorService.submit(SameThreadHierarchicalTestExecutorService.java:35) ~[junit-platform-engine-1.10.3.jar:1.10.3]
	at org.junit.platform.engine.support.hierarchical.HierarchicalTestExecutor.execute(HierarchicalTestExecutor.java:57) ~[junit-platform-engine-1.10.3.jar:1.10.3]
	at org.junit.platform.engine.support.hierarchical.HierarchicalTestEngine.execute(HierarchicalTestEngine.java:54) ~[junit-platform-engine-1.10.3.jar:1.10.3]
	at org.junit.platform.launcher.core.EngineExecutionOrchestrator.execute(EngineExecutionOrchestrator.java:198) ~[junit-platform-launcher-1.10.3.jar:1.10.3]
	at org.junit.platform.launcher.core.EngineExecutionOrchestrator.execute(EngineExecutionOrchestrator.java:169) ~[junit-platform-launcher-1.10.3.jar:1.10.3]
	at org.junit.platform.launcher.core.EngineExecutionOrchestrator.execute(EngineExecutionOrchestrator.java:93) ~[junit-platform-launcher-1.10.3.jar:1.10.3]
	at org.junit.platform.launcher.core.EngineExecutionOrchestrator.lambda$execute$0(EngineExecutionOrchestrator.java:58) ~[junit-platform-launcher-1.10.3.jar:1.10.3]
	at org.junit.platform.launcher.core.EngineExecutionOrchestrator.withInterceptedStreams(EngineExecutionOrchestrator.java:141) ~[junit-platform-launcher-1.10.3.jar:1.10.3]
	at org.junit.platform.launcher.core.EngineExecutionOrchestrator.execute(EngineExecutionOrchestrator.java:57) ~[junit-platform-launcher-1.10.3.jar:1.10.3]
	at org.junit.platform.launcher.core.DefaultLauncher.execute(DefaultLauncher.java:103) ~[junit-platform-launcher-1.10.3.jar:1.10.3]
	at org.junit.platform.launcher.core.DefaultLauncher.execute(DefaultLauncher.java:85) ~[junit-platform-launcher-1.10.3.jar:1.10.3]
	at org.junit.platform.launcher.core.DelegatingLauncher.execute(DelegatingLauncher.java:47) ~[junit-platform-launcher-1.10.3.jar:1.10.3]
	at org.apache.maven.surefire.junitplatform.LazyLauncher.execute(LazyLauncher.java:56) ~[surefire-junit-platform-3.2.5.jar:3.2.5]
	at org.apache.maven.surefire.junitplatform.JUnitPlatformProvider.execute(JUnitPlatformProvider.java:184) ~[surefire-junit-platform-3.2.5.jar:3.2.5]
	at org.apache.maven.surefire.junitplatform.JUnitPlatformProvider.invokeAllTests(JUnitPlatformProvider.java:148) ~[surefire-junit-platform-3.2.5.jar:3.2.5]
	at org.apache.maven.surefire.junitplatform.JUnitPlatformProvider.invoke(JUnitPlatformProvider.java:122) ~[surefire-junit-platform-3.2.5.jar:3.2.5]
	at org.apache.maven.surefire.booter.ForkedBooter.runSuitesInProcess(ForkedBooter.java:385) ~[surefire-booter-3.2.5.jar:3.2.5]
	at org.apache.maven.surefire.booter.ForkedBooter.execute(ForkedBooter.java:162) ~[surefire-booter-3.2.5.jar:3.2.5]
	at org.apache.maven.surefire.booter.ForkedBooter.run(ForkedBooter.java:507) ~[surefire-booter-3.2.5.jar:3.2.5]
	at org.apache.maven.surefire.booter.ForkedBooter.main(ForkedBooter.java:495) ~[surefire-booter-3.2.5.jar:3.2.5]

2025-10-12T09:06:31.291Z  WARN 144 --- [nll-light-api-test] [           main] o.s.test.context.TestContextManager      : Caught exception while allowing TestExecutionListener [org.springframework.test.context.web.ServletTestExecutionListener] to prepare test instance [se.inera.nll.nlllight.api.controller.PrescriptionControllerIntegrationTest@234c5e41]

java.lang.IllegalStateException: ApplicationContext failure threshold (1) exceeded: skipping repeated attempt to load context for [WebMergedContextConfiguration@72bd2871 testClass = se.inera.nll.nlllight.api.controller.PrescriptionControllerIntegrationTest, locations = [], classes = [se.inera.nll.nlllight.api.NllLightApiApplication], contextInitializerClasses = [], activeProfiles = ["test"], propertySourceDescriptors = [], propertySourceProperties = ["org.springframework.boot.test.context.SpringBootTestContextBootstrapper=true"], contextCustomizers = [[ImportsContextCustomizer@77429040 key = [org.springframework.boot.test.autoconfigure.web.servlet.MockMvcWebDriverAutoConfiguration, org.springframework.boot.test.autoconfigure.web.servlet.MockMvcAutoConfiguration, org.springframework.boot.autoconfigure.security.oauth2.client.servlet.OAuth2ClientAutoConfiguration, se.inera.nll.nlllight.config.TestSecurityConfig, org.springframework.boot.autoconfigure.security.servlet.SecurityAutoConfiguration, org.springframework.boot.autoconfigure.security.servlet.SecurityFilterAutoConfiguration, org.springframework.boot.autoconfigure.security.servlet.UserDetailsServiceAutoConfiguration, org.springframework.boot.autoconfigure.security.oauth2.resource.servlet.OAuth2ResourceServerAutoConfiguration, org.springframework.boot.test.autoconfigure.web.servlet.MockMvcSecurityConfiguration, org.springframework.boot.test.autoconfigure.web.servlet.MockMvcWebClientAutoConfiguration, org.springframework.boot.test.autoconfigure.web.reactive.WebTestClientAutoConfiguration]], org.springframework.boot.test.context.filter.ExcludeFilterContextCustomizer@1f75a668, org.springframework.boot.test.json.DuplicateJsonObjectContextCustomizerFactory$DuplicateJsonObjectContextCustomizer@2812b107, org.springframework.boot.test.mock.mockito.MockitoContextCustomizer@0, org.springframework.boot.test.web.client.TestRestTemplateContextCustomizer@4eaf3684, org.springframework.boot.test.web.reactor.netty.DisableReactorResourceFactoryGlobalResourcesContextCustomizerFactory$DisableReactorResourceFactoryGlobalResourcesContextCustomizerCustomizer@4416d64f, org.springframework.boot.test.autoconfigure.actuate.observability.ObservabilityContextCustomizerFactory$DisableObservabilityContextCustomizer@1f, org.springframework.boot.test.autoconfigure.properties.PropertyMappingContextCustomizer@4b3fa0b3, org.springframework.boot.test.autoconfigure.web.servlet.WebDriverContextCustomizer@3b8f0a79, org.springframework.boot.test.context.SpringBootTestAnnotation@d0f4dd2a], resourceBasePath = "src/main/webapp", contextLoader = org.springframework.boot.test.context.SpringBootContextLoader, parent = null]
	at org.springframework.test.context.cache.DefaultCacheAwareContextLoaderDelegate.loadContext(DefaultCacheAwareContextLoaderDelegate.java:145) ~[spring-test-6.1.12.jar:6.1.12]
	at org.springframework.test.context.support.DefaultTestContext.getApplicationContext(DefaultTestContext.java:130) ~[spring-test-6.1.12.jar:6.1.12]
	at org.springframework.test.context.web.ServletTestExecutionListener.setUpRequestContextIfNecessary(ServletTestExecutionListener.java:191) ~[spring-test-6.1.12.jar:6.1.12]
	at org.springframework.test.context.web.ServletTestExecutionListener.prepareTestInstance(ServletTestExecutionListener.java:130) ~[spring-test-6.1.12.jar:6.1.12]
	at org.springframework.test.context.TestContextManager.prepareTestInstance(TestContextManager.java:260) ~[spring-test-6.1.12.jar:6.1.12]
	at org.springframework.test.context.junit.jupiter.SpringExtension.postProcessTestInstance(SpringExtension.java:163) ~[spring-test-6.1.12.jar:6.1.12]
	at org.junit.jupiter.engine.descriptor.ClassBasedTestDescriptor.lambda$invokeTestInstancePostProcessors$10(ClassBasedTestDescriptor.java:378) ~[junit-jupiter-engine-5.10.3.jar:5.10.3]
	at org.junit.jupiter.engine.descriptor.ClassBasedTestDescriptor.executeAndMaskThrowable(ClassBasedTestDescriptor.java:383) ~[junit-jupiter-engine-5.10.3.jar:5.10.3]
	at org.junit.jupiter.engine.descriptor.ClassBasedTestDescriptor.lambda$invokeTestInstancePostProcessors$11(ClassBasedTestDescriptor.java:378) ~[junit-jupiter-engine-5.10.3.jar:5.10.3]
	at java.base/java.util.stream.ReferencePipeline$3$1.accept(ReferencePipeline.java:197) ~[na:na]
	at java.base/java.util.stream.ReferencePipeline$2$1.accept(ReferencePipeline.java:179) ~[na:na]
	at java.base/java.util.ArrayList$ArrayListSpliterator.forEachRemaining(ArrayList.java:1708) ~[na:na]
	at java.base/java.util.stream.AbstractPipeline.copyInto(AbstractPipeline.java:509) ~[na:na]
	at java.base/java.util.stream.AbstractPipeline.wrapAndCopyInto(AbstractPipeline.java:499) ~[na:na]
	at java.base/java.util.stream.StreamSpliterators$WrappingSpliterator.forEachRemaining(StreamSpliterators.java:310) ~[na:na]
	at java.base/java.util.stream.Streams$ConcatSpliterator.forEachRemaining(Streams.java:735) ~[na:na]
	at java.base/java.util.stream.Streams$ConcatSpliterator.forEachRemaining(Streams.java:734) ~[na:na]
	at java.base/java.util.stream.ReferencePipeline$Head.forEach(ReferencePipeline.java:762) ~[na:na]
	at org.junit.jupiter.engine.descriptor.ClassBasedTestDescriptor.invokeTestInstancePostProcessors(ClassBasedTestDescriptor.java:377) ~[junit-jupiter-engine-5.10.3.jar:5.10.3]
	at org.junit.jupiter.engine.descriptor.ClassBasedTestDescriptor.lambda$instantiateAndPostProcessTestInstance$6(ClassBasedTestDescriptor.java:290) ~[junit-jupiter-engine-5.10.3.jar:5.10.3]
	at org.junit.platform.engine.support.hierarchical.ThrowableCollector.execute(ThrowableCollector.java:73) ~[junit-platform-engine-1.10.3.jar:1.10.3]
	at org.junit.jupiter.engine.descriptor.ClassBasedTestDescriptor.instantiateAndPostProcessTestInstance(ClassBasedTestDescriptor.java:289) ~[junit-jupiter-engine-5.10.3.jar:5.10.3]
	at org.junit.jupiter.engine.descriptor.ClassBasedTestDescriptor.lambda$testInstancesProvider$4(ClassBasedTestDescriptor.java:279) ~[junit-jupiter-engine-5.10.3.jar:5.10.3]
	at java.base/java.util.Optional.orElseGet(Optional.java:364) ~[na:na]
	at org.junit.jupiter.engine.descriptor.ClassBasedTestDescriptor.lambda$testInstancesProvider$5(ClassBasedTestDescriptor.java:278) ~[junit-jupiter-engine-5.10.3.jar:5.10.3]
	at org.junit.jupiter.engine.execution.TestInstancesProvider.getTestInstances(TestInstancesProvider.java:31) ~[junit-jupiter-engine-5.10.3.jar:5.10.3]
	at org.junit.jupiter.engine.descriptor.TestMethodTestDescriptor.lambda$prepare$0(TestMethodTestDescriptor.java:106) ~[junit-jupiter-engine-5.10.3.jar:5.10.3]
	at org.junit.platform.engine.support.hierarchical.ThrowableCollector.execute(ThrowableCollector.java:73) ~[junit-platform-engine-1.10.3.jar:1.10.3]
	at org.junit.jupiter.engine.descriptor.TestMethodTestDescriptor.prepare(TestMethodTestDescriptor.java:105) ~[junit-jupiter-engine-5.10.3.jar:5.10.3]
	at org.junit.jupiter.engine.descriptor.TestMethodTestDescriptor.prepare(TestMethodTestDescriptor.java:69) ~[junit-jupiter-engine-5.10.3.jar:5.10.3]
	at org.junit.platform.engine.support.hierarchical.NodeTestTask.lambda$prepare$2(NodeTestTask.java:123) ~[junit-platform-engine-1.10.3.jar:1.10.3]
	at org.junit.platform.engine.support.hierarchical.ThrowableCollector.execute(ThrowableCollector.java:73) ~[junit-platform-engine-1.10.3.jar:1.10.3]
	at org.junit.platform.engine.support.hierarchical.NodeTestTask.prepare(NodeTestTask.java:123) ~[junit-platform-engine-1.10.3.jar:1.10.3]
	at org.junit.platform.engine.support.hierarchical.NodeTestTask.execute(NodeTestTask.java:90) ~[junit-platform-engine-1.10.3.jar:1.10.3]
	at java.base/java.util.ArrayList.forEach(ArrayList.java:1596) ~[na:na]
	at org.junit.platform.engine.support.hierarchical.SameThreadHierarchicalTestExecutorService.invokeAll(SameThreadHierarchicalTestExecutorService.java:41) ~[junit-platform-engine-1.10.3.jar:1.10.3]
	at org.junit.platform.engine.support.hierarchical.NodeTestTask.lambda$executeRecursively$6(NodeTestTask.java:155) ~[junit-platform-engine-1.10.3.jar:1.10.3]
	at org.junit.platform.engine.support.hierarchical.ThrowableCollector.execute(ThrowableCollector.java:73) ~[junit-platform-engine-1.10.3.jar:1.10.3]
	at org.junit.platform.engine.support.hierarchical.NodeTestTask.lambda$executeRecursively$8(NodeTestTask.java:141) ~[junit-platform-engine-1.10.3.jar:1.10.3]
	at org.junit.platform.engine.support.hierarchical.Node.around(Node.java:137) ~[junit-platform-engine-1.10.3.jar:1.10.3]
	at org.junit.platform.engine.support.hierarchical.NodeTestTask.lambda$executeRecursively$9(NodeTestTask.java:139) ~[junit-platform-engine-1.10.3.jar:1.10.3]
	at org.junit.platform.engine.support.hierarchical.ThrowableCollector.execute(ThrowableCollector.java:73) ~[junit-platform-engine-1.10.3.jar:1.10.3]
	at org.junit.platform.engine.support.hierarchical.NodeTestTask.executeRecursively(NodeTestTask.java:138) ~[junit-platform-engine-1.10.3.jar:1.10.3]
	at org.junit.platform.engine.support.hierarchical.NodeTestTask.execute(NodeTestTask.java:95) ~[junit-platform-engine-1.10.3.jar:1.10.3]
	at java.base/java.util.ArrayList.forEach(ArrayList.java:1596) ~[na:na]
	at org.junit.platform.engine.support.hierarchical.SameThreadHierarchicalTestExecutorService.invokeAll(SameThreadHierarchicalTestExecutorService.java:41) ~[junit-platform-engine-1.10.3.jar:1.10.3]
	at org.junit.platform.engine.support.hierarchical.NodeTestTask.lambda$executeRecursively$6(NodeTestTask.java:155) ~[junit-platform-engine-1.10.3.jar:1.10.3]
	at org.junit.platform.engine.support.hierarchical.ThrowableCollector.execute(ThrowableCollector.java:73) ~[junit-platform-engine-1.10.3.jar:1.10.3]
	at org.junit.platform.engine.support.hierarchical.NodeTestTask.lambda$executeRecursively$8(NodeTestTask.java:141) ~[junit-platform-engine-1.10.3.jar:1.10.3]
	at org.junit.platform.engine.support.hierarchical.Node.around(Node.java:137) ~[junit-platform-engine-1.10.3.jar:1.10.3]
	at org.junit.platform.engine.support.hierarchical.NodeTestTask.lambda$executeRecursively$9(NodeTestTask.java:139) ~[junit-platform-engine-1.10.3.jar:1.10.3]
	at org.junit.platform.engine.support.hierarchical.ThrowableCollector.execute(ThrowableCollector.java:73) ~[junit-platform-engine-1.10.3.jar:1.10.3]
	at org.junit.platform.engine.support.hierarchical.NodeTestTask.executeRecursively(NodeTestTask.java:138) ~[junit-platform-engine-1.10.3.jar:1.10.3]
	at org.junit.platform.engine.support.hierarchical.NodeTestTask.execute(NodeTestTask.java:95) ~[junit-platform-engine-1.10.3.jar:1.10.3]
	at org.junit.platform.engine.support.hierarchical.SameThreadHierarchicalTestExecutorService.submit(SameThreadHierarchicalTestExecutorService.java:35) ~[junit-platform-engine-1.10.3.jar:1.10.3]
	at org.junit.platform.engine.support.hierarchical.HierarchicalTestExecutor.execute(HierarchicalTestExecutor.java:57) ~[junit-platform-engine-1.10.3.jar:1.10.3]
	at org.junit.platform.engine.support.hierarchical.HierarchicalTestEngine.execute(HierarchicalTestEngine.java:54) ~[junit-platform-engine-1.10.3.jar:1.10.3]
	at org.junit.platform.launcher.core.EngineExecutionOrchestrator.execute(EngineExecutionOrchestrator.java:198) ~[junit-platform-launcher-1.10.3.jar:1.10.3]
	at org.junit.platform.launcher.core.EngineExecutionOrchestrator.execute(EngineExecutionOrchestrator.java:169) ~[junit-platform-launcher-1.10.3.jar:1.10.3]
	at org.junit.platform.launcher.core.EngineExecutionOrchestrator.execute(EngineExecutionOrchestrator.java:93) ~[junit-platform-launcher-1.10.3.jar:1.10.3]
	at org.junit.platform.launcher.core.EngineExecutionOrchestrator.lambda$execute$0(EngineExecutionOrchestrator.java:58) ~[junit-platform-launcher-1.10.3.jar:1.10.3]
	at org.junit.platform.launcher.core.EngineExecutionOrchestrator.withInterceptedStreams(EngineExecutionOrchestrator.java:141) ~[junit-platform-launcher-1.10.3.jar:1.10.3]
	at org.junit.platform.launcher.core.EngineExecutionOrchestrator.execute(EngineExecutionOrchestrator.java:57) ~[junit-platform-launcher-1.10.3.jar:1.10.3]
	at org.junit.platform.launcher.core.DefaultLauncher.execute(DefaultLauncher.java:103) ~[junit-platform-launcher-1.10.3.jar:1.10.3]
	at org.junit.platform.launcher.core.DefaultLauncher.execute(DefaultLauncher.java:85) ~[junit-platform-launcher-1.10.3.jar:1.10.3]
	at org.junit.platform.launcher.core.DelegatingLauncher.execute(DelegatingLauncher.java:47) ~[junit-platform-launcher-1.10.3.jar:1.10.3]
	at org.apache.maven.surefire.junitplatform.LazyLauncher.execute(LazyLauncher.java:56) ~[surefire-junit-platform-3.2.5.jar:3.2.5]
	at org.apache.maven.surefire.junitplatform.JUnitPlatformProvider.execute(JUnitPlatformProvider.java:184) ~[surefire-junit-platform-3.2.5.jar:3.2.5]
	at org.apache.maven.surefire.junitplatform.JUnitPlatformProvider.invokeAllTests(JUnitPlatformProvider.java:148) ~[surefire-junit-platform-3.2.5.jar:3.2.5]
	at org.apache.maven.surefire.junitplatform.JUnitPlatformProvider.invoke(JUnitPlatformProvider.java:122) ~[surefire-junit-platform-3.2.5.jar:3.2.5]
	at org.apache.maven.surefire.booter.ForkedBooter.runSuitesInProcess(ForkedBooter.java:385) ~[surefire-booter-3.2.5.jar:3.2.5]
	at org.apache.maven.surefire.booter.ForkedBooter.execute(ForkedBooter.java:162) ~[surefire-booter-3.2.5.jar:3.2.5]
	at org.apache.maven.surefire.booter.ForkedBooter.run(ForkedBooter.java:507) ~[surefire-booter-3.2.5.jar:3.2.5]
	at org.apache.maven.surefire.booter.ForkedBooter.main(ForkedBooter.java:495) ~[surefire-booter-3.2.5.jar:3.2.5]

2025-10-12T09:06:31.293Z  WARN 144 --- [nll-light-api-test] [           main] o.s.test.context.TestContextManager      : Caught exception while allowing TestExecutionListener [org.springframework.test.context.web.ServletTestExecutionListener] to prepare test instance [se.inera.nll.nlllight.api.controller.PrescriptionControllerIntegrationTest@36790bec]

java.lang.IllegalStateException: ApplicationContext failure threshold (1) exceeded: skipping repeated attempt to load context for [WebMergedContextConfiguration@72bd2871 testClass = se.inera.nll.nlllight.api.controller.PrescriptionControllerIntegrationTest, locations = [], classes = [se.inera.nll.nlllight.api.NllLightApiApplication], contextInitializerClasses = [], activeProfiles = ["test"], propertySourceDescriptors = [], propertySourceProperties = ["org.springframework.boot.test.context.SpringBootTestContextBootstrapper=true"], contextCustomizers = [[ImportsContextCustomizer@77429040 key = [org.springframework.boot.test.autoconfigure.web.servlet.MockMvcWebDriverAutoConfiguration, org.springframework.boot.test.autoconfigure.web.servlet.MockMvcAutoConfiguration, org.springframework.boot.autoconfigure.security.oauth2.client.servlet.OAuth2ClientAutoConfiguration, se.inera.nll.nlllight.config.TestSecurityConfig, org.springframework.boot.autoconfigure.security.servlet.SecurityAutoConfiguration, org.springframework.boot.autoconfigure.security.servlet.SecurityFilterAutoConfiguration, org.springframework.boot.autoconfigure.security.servlet.UserDetailsServiceAutoConfiguration, org.springframework.boot.autoconfigure.security.oauth2.resource.servlet.OAuth2ResourceServerAutoConfiguration, org.springframework.boot.test.autoconfigure.web.servlet.MockMvcSecurityConfiguration, org.springframework.boot.test.autoconfigure.web.servlet.MockMvcWebClientAutoConfiguration, org.springframework.boot.test.autoconfigure.web.reactive.WebTestClientAutoConfiguration]], org.springframework.boot.test.context.filter.ExcludeFilterContextCustomizer@1f75a668, org.springframework.boot.test.json.DuplicateJsonObjectContextCustomizerFactory$DuplicateJsonObjectContextCustomizer@2812b107, org.springframework.boot.test.mock.mockito.MockitoContextCustomizer@0, org.springframework.boot.test.web.client.TestRestTemplateContextCustomizer@4eaf3684, org.springframework.boot.test.web.reactor.netty.DisableReactorResourceFactoryGlobalResourcesContextCustomizerFactory$DisableReactorResourceFactoryGlobalResourcesContextCustomizerCustomizer@4416d64f, org.springframework.boot.test.autoconfigure.actuate.observability.ObservabilityContextCustomizerFactory$DisableObservabilityContextCustomizer@1f, org.springframework.boot.test.autoconfigure.properties.PropertyMappingContextCustomizer@4b3fa0b3, org.springframework.boot.test.autoconfigure.web.servlet.WebDriverContextCustomizer@3b8f0a79, org.springframework.boot.test.context.SpringBootTestAnnotation@d0f4dd2a], resourceBasePath = "src/main/webapp", contextLoader = org.springframework.boot.test.context.SpringBootContextLoader, parent = null]
	at org.springframework.test.context.cache.DefaultCacheAwareContextLoaderDelegate.loadContext(DefaultCacheAwareContextLoaderDelegate.java:145) ~[spring-test-6.1.12.jar:6.1.12]
	at org.springframework.test.context.support.DefaultTestContext.getApplicationContext(DefaultTestContext.java:130) ~[spring-test-6.1.12.jar:6.1.12]
	at org.springframework.test.context.web.ServletTestExecutionListener.setUpRequestContextIfNecessary(ServletTestExecutionListener.java:191) ~[spring-test-6.1.12.jar:6.1.12]
	at org.springframework.test.context.web.ServletTestExecutionListener.prepareTestInstance(ServletTestExecutionListener.java:130) ~[spring-test-6.1.12.jar:6.1.12]
	at org.springframework.test.context.TestContextManager.prepareTestInstance(TestContextManager.java:260) ~[spring-test-6.1.12.jar:6.1.12]
	at org.springframework.test.context.junit.jupiter.SpringExtension.postProcessTestInstance(SpringExtension.java:163) ~[spring-test-6.1.12.jar:6.1.12]
	at org.junit.jupiter.engine.descriptor.ClassBasedTestDescriptor.lambda$invokeTestInstancePostProcessors$10(ClassBasedTestDescriptor.java:378) ~[junit-jupiter-engine-5.10.3.jar:5.10.3]
	at org.junit.jupiter.engine.descriptor.ClassBasedTestDescriptor.executeAndMaskThrowable(ClassBasedTestDescriptor.java:383) ~[junit-jupiter-engine-5.10.3.jar:5.10.3]
	at org.junit.jupiter.engine.descriptor.ClassBasedTestDescriptor.lambda$invokeTestInstancePostProcessors$11(ClassBasedTestDescriptor.java:378) ~[junit-jupiter-engine-5.10.3.jar:5.10.3]
	at java.base/java.util.stream.ReferencePipeline$3$1.accept(ReferencePipeline.java:197) ~[na:na]
	at java.base/java.util.stream.ReferencePipeline$2$1.accept(ReferencePipeline.java:179) ~[na:na]
	at java.base/java.util.ArrayList$ArrayListSpliterator.forEachRemaining(ArrayList.java:1708) ~[na:na]
	at java.base/java.util.stream.AbstractPipeline.copyInto(AbstractPipeline.java:509) ~[na:na]
	at java.base/java.util.stream.AbstractPipeline.wrapAndCopyInto(AbstractPipeline.java:499) ~[na:na]
	at java.base/java.util.stream.StreamSpliterators$WrappingSpliterator.forEachRemaining(StreamSpliterators.java:310) ~[na:na]
	at java.base/java.util.stream.Streams$ConcatSpliterator.forEachRemaining(Streams.java:735) ~[na:na]
	at java.base/java.util.stream.Streams$ConcatSpliterator.forEachRemaining(Streams.java:734) ~[na:na]
	at java.base/java.util.stream.ReferencePipeline$Head.forEach(ReferencePipeline.java:762) ~[na:na]
	at org.junit.jupiter.engine.descriptor.ClassBasedTestDescriptor.invokeTestInstancePostProcessors(ClassBasedTestDescriptor.java:377) ~[junit-jupiter-engine-5.10.3.jar:5.10.3]
	at org.junit.jupiter.engine.descriptor.ClassBasedTestDescriptor.lambda$instantiateAndPostProcessTestInstance$6(ClassBasedTestDescriptor.java:290) ~[junit-jupiter-engine-5.10.3.jar:5.10.3]
	at org.junit.platform.engine.support.hierarchical.ThrowableCollector.execute(ThrowableCollector.java:73) ~[junit-platform-engine-1.10.3.jar:1.10.3]
	at org.junit.jupiter.engine.descriptor.ClassBasedTestDescriptor.instantiateAndPostProcessTestInstance(ClassBasedTestDescriptor.java:289) ~[junit-jupiter-engine-5.10.3.jar:5.10.3]
	at org.junit.jupiter.engine.descriptor.ClassBasedTestDescriptor.lambda$testInstancesProvider$4(ClassBasedTestDescriptor.java:279) ~[junit-jupiter-engine-5.10.3.jar:5.10.3]
	at java.base/java.util.Optional.orElseGet(Optional.java:364) ~[na:na]
	at org.junit.jupiter.engine.descriptor.ClassBasedTestDescriptor.lambda$testInstancesProvider$5(ClassBasedTestDescriptor.java:278) ~[junit-jupiter-engine-5.10.3.jar:5.10.3]
	at org.junit.jupiter.engine.execution.TestInstancesProvider.getTestInstances(TestInstancesProvider.java:31) ~[junit-jupiter-engine-5.10.3.jar:5.10.3]
	at org.junit.jupiter.engine.descriptor.TestMethodTestDescriptor.lambda$prepare$0(TestMethodTestDescriptor.java:106) ~[junit-jupiter-engine-5.10.3.jar:5.10.3]
	at org.junit.platform.engine.support.hierarchical.ThrowableCollector.execute(ThrowableCollector.java:73) ~[junit-platform-engine-1.10.3.jar:1.10.3]
	at org.junit.jupiter.engine.descriptor.TestMethodTestDescriptor.prepare(TestMethodTestDescriptor.java:105) ~[junit-jupiter-engine-5.10.3.jar:5.10.3]
	at org.junit.jupiter.engine.descriptor.TestMethodTestDescriptor.prepare(TestMethodTestDescriptor.java:69) ~[junit-jupiter-engine-5.10.3.jar:5.10.3]
	at org.junit.platform.engine.support.hierarchical.NodeTestTask.lambda$prepare$2(NodeTestTask.java:123) ~[junit-platform-engine-1.10.3.jar:1.10.3]
	at org.junit.platform.engine.support.hierarchical.ThrowableCollector.execute(ThrowableCollector.java:73) ~[junit-platform-engine-1.10.3.jar:1.10.3]
	at org.junit.platform.engine.support.hierarchical.NodeTestTask.prepare(NodeTestTask.java:123) ~[junit-platform-engine-1.10.3.jar:1.10.3]
	at org.junit.platform.engine.support.hierarchical.NodeTestTask.execute(NodeTestTask.java:90) ~[junit-platform-engine-1.10.3.jar:1.10.3]
	at java.base/java.util.ArrayList.forEach(ArrayList.java:1596) ~[na:na]
	at org.junit.platform.engine.support.hierarchical.SameThreadHierarchicalTestExecutorService.invokeAll(SameThreadHierarchicalTestExecutorService.java:41) ~[junit-platform-engine-1.10.3.jar:1.10.3]
	at org.junit.platform.engine.support.hierarchical.NodeTestTask.lambda$executeRecursively$6(NodeTestTask.java:155) ~[junit-platform-engine-1.10.3.jar:1.10.3]
	at org.junit.platform.engine.support.hierarchical.ThrowableCollector.execute(ThrowableCollector.java:73) ~[junit-platform-engine-1.10.3.jar:1.10.3]
	at org.junit.platform.engine.support.hierarchical.NodeTestTask.lambda$executeRecursively$8(NodeTestTask.java:141) ~[junit-platform-engine-1.10.3.jar:1.10.3]
	at org.junit.platform.engine.support.hierarchical.Node.around(Node.java:137) ~[junit-platform-engine-1.10.3.jar:1.10.3]
	at org.junit.platform.engine.support.hierarchical.NodeTestTask.lambda$executeRecursively$9(NodeTestTask.java:139) ~[junit-platform-engine-1.10.3.jar:1.10.3]
	at org.junit.platform.engine.support.hierarchical.ThrowableCollector.execute(ThrowableCollector.java:73) ~[junit-platform-engine-1.10.3.jar:1.10.3]
	at org.junit.platform.engine.support.hierarchical.NodeTestTask.executeRecursively(NodeTestTask.java:138) ~[junit-platform-engine-1.10.3.jar:1.10.3]
	at org.junit.platform.engine.support.hierarchical.NodeTestTask.execute(NodeTestTask.java:95) ~[junit-platform-engine-1.10.3.jar:1.10.3]
	at java.base/java.util.ArrayList.forEach(ArrayList.java:1596) ~[na:na]
	at org.junit.platform.engine.support.hierarchical.SameThreadHierarchicalTestExecutorService.invokeAll(SameThreadHierarchicalTestExecutorService.java:41) ~[junit-platform-engine-1.10.3.jar:1.10.3]
	at org.junit.platform.engine.support.hierarchical.NodeTestTask.lambda$executeRecursively$6(NodeTestTask.java:155) ~[junit-platform-engine-1.10.3.jar:1.10.3]
	at org.junit.platform.engine.support.hierarchical.ThrowableCollector.execute(ThrowableCollector.java:73) ~[junit-platform-engine-1.10.3.jar:1.10.3]
	at org.junit.platform.engine.support.hierarchical.NodeTestTask.lambda$executeRecursively$8(NodeTestTask.java:141) ~[junit-platform-engine-1.10.3.jar:1.10.3]
	at org.junit.platform.engine.support.hierarchical.Node.around(Node.java:137) ~[junit-platform-engine-1.10.3.jar:1.10.3]
	at org.junit.platform.engine.support.hierarchical.NodeTestTask.lambda$executeRecursively$9(NodeTestTask.java:139) ~[junit-platform-engine-1.10.3.jar:1.10.3]
	at org.junit.platform.engine.support.hierarchical.ThrowableCollector.execute(ThrowableCollector.java:73) ~[junit-platform-engine-1.10.3.jar:1.10.3]
	at org.junit.platform.engine.support.hierarchical.NodeTestTask.executeRecursively(NodeTestTask.java:138) ~[junit-platform-engine-1.10.3.jar:1.10.3]
	at org.junit.platform.engine.support.hierarchical.NodeTestTask.execute(NodeTestTask.java:95) ~[junit-platform-engine-1.10.3.jar:1.10.3]
	at org.junit.platform.engine.support.hierarchical.SameThreadHierarchicalTestExecutorService.submit(SameThreadHierarchicalTestExecutorService.java:35) ~[junit-platform-engine-1.10.3.jar:1.10.3]
	at org.junit.platform.engine.support.hierarchical.HierarchicalTestExecutor.execute(HierarchicalTestExecutor.java:57) ~[junit-platform-engine-1.10.3.jar:1.10.3]
	at org.junit.platform.engine.support.hierarchical.HierarchicalTestEngine.execute(HierarchicalTestEngine.java:54) ~[junit-platform-engine-1.10.3.jar:1.10.3]
	at org.junit.platform.launcher.core.EngineExecutionOrchestrator.execute(EngineExecutionOrchestrator.java:198) ~[junit-platform-launcher-1.10.3.jar:1.10.3]
	at org.junit.platform.launcher.core.EngineExecutionOrchestrator.execute(EngineExecutionOrchestrator.java:169) ~[junit-platform-launcher-1.10.3.jar:1.10.3]
	at org.junit.platform.launcher.core.EngineExecutionOrchestrator.execute(EngineExecutionOrchestrator.java:93) ~[junit-platform-launcher-1.10.3.jar:1.10.3]
	at org.junit.platform.launcher.core.EngineExecutionOrchestrator.lambda$execute$0(EngineExecutionOrchestrator.java:58) ~[junit-platform-launcher-1.10.3.jar:1.10.3]
	at org.junit.platform.launcher.core.EngineExecutionOrchestrator.withInterceptedStreams(EngineExecutionOrchestrator.java:141) ~[junit-platform-launcher-1.10.3.jar:1.10.3]
	at org.junit.platform.launcher.core.EngineExecutionOrchestrator.execute(EngineExecutionOrchestrator.java:57) ~[junit-platform-launcher-1.10.3.jar:1.10.3]
	at org.junit.platform.launcher.core.DefaultLauncher.execute(DefaultLauncher.java:103) ~[junit-platform-launcher-1.10.3.jar:1.10.3]
	at org.junit.platform.launcher.core.DefaultLauncher.execute(DefaultLauncher.java:85) ~[junit-platform-launcher-1.10.3.jar:1.10.3]
	at org.junit.platform.launcher.core.DelegatingLauncher.execute(DelegatingLauncher.java:47) ~[junit-platform-launcher-1.10.3.jar:1.10.3]
	at org.apache.maven.surefire.junitplatform.LazyLauncher.execute(LazyLauncher.java:56) ~[surefire-junit-platform-3.2.5.jar:3.2.5]
	at org.apache.maven.surefire.junitplatform.JUnitPlatformProvider.execute(JUnitPlatformProvider.java:184) ~[surefire-junit-platform-3.2.5.jar:3.2.5]
	at org.apache.maven.surefire.junitplatform.JUnitPlatformProvider.invokeAllTests(JUnitPlatformProvider.java:148) ~[surefire-junit-platform-3.2.5.jar:3.2.5]
	at org.apache.maven.surefire.junitplatform.JUnitPlatformProvider.invoke(JUnitPlatformProvider.java:122) ~[surefire-junit-platform-3.2.5.jar:3.2.5]
	at org.apache.maven.surefire.booter.ForkedBooter.runSuitesInProcess(ForkedBooter.java:385) ~[surefire-booter-3.2.5.jar:3.2.5]
	at org.apache.maven.surefire.booter.ForkedBooter.execute(ForkedBooter.java:162) ~[surefire-booter-3.2.5.jar:3.2.5]
	at org.apache.maven.surefire.booter.ForkedBooter.run(ForkedBooter.java:507) ~[surefire-booter-3.2.5.jar:3.2.5]
	at org.apache.maven.surefire.booter.ForkedBooter.main(ForkedBooter.java:495) ~[surefire-booter-3.2.5.jar:3.2.5]

2025-10-12T09:06:31.294Z  WARN 144 --- [nll-light-api-test] [           main] o.s.test.context.TestContextManager      : Caught exception while allowing TestExecutionListener [org.springframework.test.context.web.ServletTestExecutionListener] to prepare test instance [se.inera.nll.nlllight.api.controller.PrescriptionControllerIntegrationTest@7e3d7dd]

java.lang.IllegalStateException: ApplicationContext failure threshold (1) exceeded: skipping repeated attempt to load context for [WebMergedContextConfiguration@72bd2871 testClass = se.inera.nll.nlllight.api.controller.PrescriptionControllerIntegrationTest, locations = [], classes = [se.inera.nll.nlllight.api.NllLightApiApplication], contextInitializerClasses = [], activeProfiles = ["test"], propertySourceDescriptors = [], propertySourceProperties = ["org.springframework.boot.test.context.SpringBootTestContextBootstrapper=true"], contextCustomizers = [[ImportsContextCustomizer@77429040 key = [org.springframework.boot.test.autoconfigure.web.servlet.MockMvcWebDriverAutoConfiguration, org.springframework.boot.test.autoconfigure.web.servlet.MockMvcAutoConfiguration, org.springframework.boot.autoconfigure.security.oauth2.client.servlet.OAuth2ClientAutoConfiguration, se.inera.nll.nlllight.config.TestSecurityConfig, org.springframework.boot.autoconfigure.security.servlet.SecurityAutoConfiguration, org.springframework.boot.autoconfigure.security.servlet.SecurityFilterAutoConfiguration, org.springframework.boot.autoconfigure.security.servlet.UserDetailsServiceAutoConfiguration, org.springframework.boot.autoconfigure.security.oauth2.resource.servlet.OAuth2ResourceServerAutoConfiguration, org.springframework.boot.test.autoconfigure.web.servlet.MockMvcSecurityConfiguration, org.springframework.boot.test.autoconfigure.web.servlet.MockMvcWebClientAutoConfiguration, org.springframework.boot.test.autoconfigure.web.reactive.WebTestClientAutoConfiguration]], org.springframework.boot.test.context.filter.ExcludeFilterContextCustomizer@1f75a668, org.springframework.boot.test.json.DuplicateJsonObjectContextCustomizerFactory$DuplicateJsonObjectContextCustomizer@2812b107, org.springframework.boot.test.mock.mockito.MockitoContextCustomizer@0, org.springframework.boot.test.web.client.TestRestTemplateContextCustomizer@4eaf3684, org.springframework.boot.test.web.reactor.netty.DisableReactorResourceFactoryGlobalResourcesContextCustomizerFactory$DisableReactorResourceFactoryGlobalResourcesContextCustomizerCustomizer@4416d64f, org.springframework.boot.test.autoconfigure.actuate.observability.ObservabilityContextCustomizerFactory$DisableObservabilityContextCustomizer@1f, org.springframework.boot.test.autoconfigure.properties.PropertyMappingContextCustomizer@4b3fa0b3, org.springframework.boot.test.autoconfigure.web.servlet.WebDriverContextCustomizer@3b8f0a79, org.springframework.boot.test.context.SpringBootTestAnnotation@d0f4dd2a], resourceBasePath = "src/main/webapp", contextLoader = org.springframework.boot.test.context.SpringBootContextLoader, parent = null]
	at org.springframework.test.context.cache.DefaultCacheAwareContextLoaderDelegate.loadContext(DefaultCacheAwareContextLoaderDelegate.java:145) ~[spring-test-6.1.12.jar:6.1.12]
	at org.springframework.test.context.support.DefaultTestContext.getApplicationContext(DefaultTestContext.java:130) ~[spring-test-6.1.12.jar:6.1.12]
	at org.springframework.test.context.web.ServletTestExecutionListener.setUpRequestContextIfNecessary(ServletTestExecutionListener.java:191) ~[spring-test-6.1.12.jar:6.1.12]
	at org.springframework.test.context.web.ServletTestExecutionListener.prepareTestInstance(ServletTestExecutionListener.java:130) ~[spring-test-6.1.12.jar:6.1.12]
	at org.springframework.test.context.TestContextManager.prepareTestInstance(TestContextManager.java:260) ~[spring-test-6.1.12.jar:6.1.12]
	at org.springframework.test.context.junit.jupiter.SpringExtension.postProcessTestInstance(SpringExtension.java:163) ~[spring-test-6.1.12.jar:6.1.12]
	at org.junit.jupiter.engine.descriptor.ClassBasedTestDescriptor.lambda$invokeTestInstancePostProcessors$10(ClassBasedTestDescriptor.java:378) ~[junit-jupiter-engine-5.10.3.jar:5.10.3]
	at org.junit.jupiter.engine.descriptor.ClassBasedTestDescriptor.executeAndMaskThrowable(ClassBasedTestDescriptor.java:383) ~[junit-jupiter-engine-5.10.3.jar:5.10.3]
	at org.junit.jupiter.engine.descriptor.ClassBasedTestDescriptor.lambda$invokeTestInstancePostProcessors$11(ClassBasedTestDescriptor.java:378) ~[junit-jupiter-engine-5.10.3.jar:5.10.3]
	at java.base/java.util.stream.ReferencePipeline$3$1.accept(ReferencePipeline.java:197) ~[na:na]
	at java.base/java.util.stream.ReferencePipeline$2$1.accept(ReferencePipeline.java:179) ~[na:na]
	at java.base/java.util.ArrayList$ArrayListSpliterator.forEachRemaining(ArrayList.java:1708) ~[na:na]
	at java.base/java.util.stream.AbstractPipeline.copyInto(AbstractPipeline.java:509) ~[na:na]
	at java.base/java.util.stream.AbstractPipeline.wrapAndCopyInto(AbstractPipeline.java:499) ~[na:na]
	at java.base/java.util.stream.StreamSpliterators$WrappingSpliterator.forEachRemaining(StreamSpliterators.java:310) ~[na:na]
	at java.base/java.util.stream.Streams$ConcatSpliterator.forEachRemaining(Streams.java:735) ~[na:na]
	at java.base/java.util.stream.Streams$ConcatSpliterator.forEachRemaining(Streams.java:734) ~[na:na]
	at java.base/java.util.stream.ReferencePipeline$Head.forEach(ReferencePipeline.java:762) ~[na:na]
	at org.junit.jupiter.engine.descriptor.ClassBasedTestDescriptor.invokeTestInstancePostProcessors(ClassBasedTestDescriptor.java:377) ~[junit-jupiter-engine-5.10.3.jar:5.10.3]
	at org.junit.jupiter.engine.descriptor.ClassBasedTestDescriptor.lambda$instantiateAndPostProcessTestInstance$6(ClassBasedTestDescriptor.java:290) ~[junit-jupiter-engine-5.10.3.jar:5.10.3]
	at org.junit.platform.engine.support.hierarchical.ThrowableCollector.execute(ThrowableCollector.java:73) ~[junit-platform-engine-1.10.3.jar:1.10.3]
	at org.junit.jupiter.engine.descriptor.ClassBasedTestDescriptor.instantiateAndPostProcessTestInstance(ClassBasedTestDescriptor.java:289) ~[junit-jupiter-engine-5.10.3.jar:5.10.3]
	at org.junit.jupiter.engine.descriptor.ClassBasedTestDescriptor.lambda$testInstancesProvider$4(ClassBasedTestDescriptor.java:279) ~[junit-jupiter-engine-5.10.3.jar:5.10.3]
	at java.base/java.util.Optional.orElseGet(Optional.java:364) ~[na:na]
	at org.junit.jupiter.engine.descriptor.ClassBasedTestDescriptor.lambda$testInstancesProvider$5(ClassBasedTestDescriptor.java:278) ~[junit-jupiter-engine-5.10.3.jar:5.10.3]
	at org.junit.jupiter.engine.execution.TestInstancesProvider.getTestInstances(TestInstancesProvider.java:31) ~[junit-jupiter-engine-5.10.3.jar:5.10.3]
	at org.junit.jupiter.engine.descriptor.TestMethodTestDescriptor.lambda$prepare$0(TestMethodTestDescriptor.java:106) ~[junit-jupiter-engine-5.10.3.jar:5.10.3]
	at org.junit.platform.engine.support.hierarchical.ThrowableCollector.execute(ThrowableCollector.java:73) ~[junit-platform-engine-1.10.3.jar:1.10.3]
	at org.junit.jupiter.engine.descriptor.TestMethodTestDescriptor.prepare(TestMethodTestDescriptor.java:105) ~[junit-jupiter-engine-5.10.3.jar:5.10.3]
	at org.junit.jupiter.engine.descriptor.TestMethodTestDescriptor.prepare(TestMethodTestDescriptor.java:69) ~[junit-jupiter-engine-5.10.3.jar:5.10.3]
	at org.junit.platform.engine.support.hierarchical.NodeTestTask.lambda$prepare$2(NodeTestTask.java:123) ~[junit-platform-engine-1.10.3.jar:1.10.3]
	at org.junit.platform.engine.support.hierarchical.ThrowableCollector.execute(ThrowableCollector.java:73) ~[junit-platform-engine-1.10.3.jar:1.10.3]
	at org.junit.platform.engine.support.hierarchical.NodeTestTask.prepare(NodeTestTask.java:123) ~[junit-platform-engine-1.10.3.jar:1.10.3]
	at org.junit.platform.engine.support.hierarchical.NodeTestTask.execute(NodeTestTask.java:90) ~[junit-platform-engine-1.10.3.jar:1.10.3]
	at java.base/java.util.ArrayList.forEach(ArrayList.java:1596) ~[na:na]
	at org.junit.platform.engine.support.hierarchical.SameThreadHierarchicalTestExecutorService.invokeAll(SameThreadHierarchicalTestExecutorService.java:41) ~[junit-platform-engine-1.10.3.jar:1.10.3]
	at org.junit.platform.engine.support.hierarchical.NodeTestTask.lambda$executeRecursively$6(NodeTestTask.java:155) ~[junit-platform-engine-1.10.3.jar:1.10.3]
	at org.junit.platform.engine.support.hierarchical.ThrowableCollector.execute(ThrowableCollector.java:73) ~[junit-platform-engine-1.10.3.jar:1.10.3]
	at org.junit.platform.engine.support.hierarchical.NodeTestTask.lambda$executeRecursively$8(NodeTestTask.java:141) ~[junit-platform-engine-1.10.3.jar:1.10.3]
	at org.junit.platform.engine.support.hierarchical.Node.around(Node.java:137) ~[junit-platform-engine-1.10.3.jar:1.10.3]
	at org.junit.platform.engine.support.hierarchical.NodeTestTask.lambda$executeRecursively$9(NodeTestTask.java:139) ~[junit-platform-engine-1.10.3.jar:1.10.3]
	at org.junit.platform.engine.support.hierarchical.ThrowableCollector.execute(ThrowableCollector.java:73) ~[junit-platform-engine-1.10.3.jar:1.10.3]
	at org.junit.platform.engine.support.hierarchical.NodeTestTask.executeRecursively(NodeTestTask.java:138) ~[junit-platform-engine-1.10.3.jar:1.10.3]
	at org.junit.platform.engine.support.hierarchical.NodeTestTask.execute(NodeTestTask.java:95) ~[junit-platform-engine-1.10.3.jar:1.10.3]
	at java.base/java.util.ArrayList.forEach(ArrayList.java:1596) ~[na:na]
	at org.junit.platform.engine.support.hierarchical.SameThreadHierarchicalTestExecutorService.invokeAll(SameThreadHierarchicalTestExecutorService.java:41) ~[junit-platform-engine-1.10.3.jar:1.10.3]
	at org.junit.platform.engine.support.hierarchical.NodeTestTask.lambda$executeRecursively$6(NodeTestTask.java:155) ~[junit-platform-engine-1.10.3.jar:1.10.3]
	at org.junit.platform.engine.support.hierarchical.ThrowableCollector.execute(ThrowableCollector.java:73) ~[junit-platform-engine-1.10.3.jar:1.10.3]
	at org.junit.platform.engine.support.hierarchical.NodeTestTask.lambda$executeRecursively$8(NodeTestTask.java:141) ~[junit-platform-engine-1.10.3.jar:1.10.3]
	at org.junit.platform.engine.support.hierarchical.Node.around(Node.java:137) ~[junit-platform-engine-1.10.3.jar:1.10.3]
	at org.junit.platform.engine.support.hierarchical.NodeTestTask.lambda$executeRecursively$9(NodeTestTask.java:139) ~[junit-platform-engine-1.10.3.jar:1.10.3]
	at org.junit.platform.engine.support.hierarchical.ThrowableCollector.execute(ThrowableCollector.java:73) ~[junit-platform-engine-1.10.3.jar:1.10.3]
	at org.junit.platform.engine.support.hierarchical.NodeTestTask.executeRecursively(NodeTestTask.java:138) ~[junit-platform-engine-1.10.3.jar:1.10.3]
	at org.junit.platform.engine.support.hierarchical.NodeTestTask.execute(NodeTestTask.java:95) ~[junit-platform-engine-1.10.3.jar:1.10.3]
	at org.junit.platform.engine.support.hierarchical.SameThreadHierarchicalTestExecutorService.submit(SameThreadHierarchicalTestExecutorService.java:35) ~[junit-platform-engine-1.10.3.jar:1.10.3]
	at org.junit.platform.engine.support.hierarchical.HierarchicalTestExecutor.execute(HierarchicalTestExecutor.java:57) ~[junit-platform-engine-1.10.3.jar:1.10.3]
	at org.junit.platform.engine.support.hierarchical.HierarchicalTestEngine.execute(HierarchicalTestEngine.java:54) ~[junit-platform-engine-1.10.3.jar:1.10.3]
	at org.junit.platform.launcher.core.EngineExecutionOrchestrator.execute(EngineExecutionOrchestrator.java:198) ~[junit-platform-launcher-1.10.3.jar:1.10.3]
	at org.junit.platform.launcher.core.EngineExecutionOrchestrator.execute(EngineExecutionOrchestrator.java:169) ~[junit-platform-launcher-1.10.3.jar:1.10.3]
	at org.junit.platform.launcher.core.EngineExecutionOrchestrator.execute(EngineExecutionOrchestrator.java:93) ~[junit-platform-launcher-1.10.3.jar:1.10.3]
	at org.junit.platform.launcher.core.EngineExecutionOrchestrator.lambda$execute$0(EngineExecutionOrchestrator.java:58) ~[junit-platform-launcher-1.10.3.jar:1.10.3]
	at org.junit.platform.launcher.core.EngineExecutionOrchestrator.withInterceptedStreams(EngineExecutionOrchestrator.java:141) ~[junit-platform-launcher-1.10.3.jar:1.10.3]
	at org.junit.platform.launcher.core.EngineExecutionOrchestrator.execute(EngineExecutionOrchestrator.java:57) ~[junit-platform-launcher-1.10.3.jar:1.10.3]
	at org.junit.platform.launcher.core.DefaultLauncher.execute(DefaultLauncher.java:103) ~[junit-platform-launcher-1.10.3.jar:1.10.3]
	at org.junit.platform.launcher.core.DefaultLauncher.execute(DefaultLauncher.java:85) ~[junit-platform-launcher-1.10.3.jar:1.10.3]
	at org.junit.platform.launcher.core.DelegatingLauncher.execute(DelegatingLauncher.java:47) ~[junit-platform-launcher-1.10.3.jar:1.10.3]
	at org.apache.maven.surefire.junitplatform.LazyLauncher.execute(LazyLauncher.java:56) ~[surefire-junit-platform-3.2.5.jar:3.2.5]
	at org.apache.maven.surefire.junitplatform.JUnitPlatformProvider.execute(JUnitPlatformProvider.java:184) ~[surefire-junit-platform-3.2.5.jar:3.2.5]
	at org.apache.maven.surefire.junitplatform.JUnitPlatformProvider.invokeAllTests(JUnitPlatformProvider.java:148) ~[surefire-junit-platform-3.2.5.jar:3.2.5]
	at org.apache.maven.surefire.junitplatform.JUnitPlatformProvider.invoke(JUnitPlatformProvider.java:122) ~[surefire-junit-platform-3.2.5.jar:3.2.5]
	at org.apache.maven.surefire.booter.ForkedBooter.runSuitesInProcess(ForkedBooter.java:385) ~[surefire-booter-3.2.5.jar:3.2.5]
	at org.apache.maven.surefire.booter.ForkedBooter.execute(ForkedBooter.java:162) ~[surefire-booter-3.2.5.jar:3.2.5]
	at org.apache.maven.surefire.booter.ForkedBooter.run(ForkedBooter.java:507) ~[surefire-booter-3.2.5.jar:3.2.5]
	at org.apache.maven.surefire.booter.ForkedBooter.main(ForkedBooter.java:495) ~[surefire-booter-3.2.5.jar:3.2.5]

2025-10-12T09:06:31.295Z  WARN 144 --- [nll-light-api-test] [           main] o.s.test.context.TestContextManager      : Caught exception while allowing TestExecutionListener [org.springframework.test.context.web.ServletTestExecutionListener] to prepare test instance [se.inera.nll.nlllight.api.controller.PrescriptionControllerIntegrationTest@413bef78]

java.lang.IllegalStateException: ApplicationContext failure threshold (1) exceeded: skipping repeated attempt to load context for [WebMergedContextConfiguration@72bd2871 testClass = se.inera.nll.nlllight.api.controller.PrescriptionControllerIntegrationTest, locations = [], classes = [se.inera.nll.nlllight.api.NllLightApiApplication], contextInitializerClasses = [], activeProfiles = ["test"], propertySourceDescriptors = [], propertySourceProperties = ["org.springframework.boot.test.context.SpringBootTestContextBootstrapper=true"], contextCustomizers = [[ImportsContextCustomizer@77429040 key = [org.springframework.boot.test.autoconfigure.web.servlet.MockMvcWebDriverAutoConfiguration, org.springframework.boot.test.autoconfigure.web.servlet.MockMvcAutoConfiguration, org.springframework.boot.autoconfigure.security.oauth2.client.servlet.OAuth2ClientAutoConfiguration, se.inera.nll.nlllight.config.TestSecurityConfig, org.springframework.boot.autoconfigure.security.servlet.SecurityAutoConfiguration, org.springframework.boot.autoconfigure.security.servlet.SecurityFilterAutoConfiguration, org.springframework.boot.autoconfigure.security.servlet.UserDetailsServiceAutoConfiguration, org.springframework.boot.autoconfigure.security.oauth2.resource.servlet.OAuth2ResourceServerAutoConfiguration, org.springframework.boot.test.autoconfigure.web.servlet.MockMvcSecurityConfiguration, org.springframework.boot.test.autoconfigure.web.servlet.MockMvcWebClientAutoConfiguration, org.springframework.boot.test.autoconfigure.web.reactive.WebTestClientAutoConfiguration]], org.springframework.boot.test.context.filter.ExcludeFilterContextCustomizer@1f75a668, org.springframework.boot.test.json.DuplicateJsonObjectContextCustomizerFactory$DuplicateJsonObjectContextCustomizer@2812b107, org.springframework.boot.test.mock.mockito.MockitoContextCustomizer@0, org.springframework.boot.test.web.client.TestRestTemplateContextCustomizer@4eaf3684, org.springframework.boot.test.web.reactor.netty.DisableReactorResourceFactoryGlobalResourcesContextCustomizerFactory$DisableReactorResourceFactoryGlobalResourcesContextCustomizerCustomizer@4416d64f, org.springframework.boot.test.autoconfigure.actuate.observability.ObservabilityContextCustomizerFactory$DisableObservabilityContextCustomizer@1f, org.springframework.boot.test.autoconfigure.properties.PropertyMappingContextCustomizer@4b3fa0b3, org.springframework.boot.test.autoconfigure.web.servlet.WebDriverContextCustomizer@3b8f0a79, org.springframework.boot.test.context.SpringBootTestAnnotation@d0f4dd2a], resourceBasePath = "src/main/webapp", contextLoader = org.springframework.boot.test.context.SpringBootContextLoader, parent = null]
	at org.springframework.test.context.cache.DefaultCacheAwareContextLoaderDelegate.loadContext(DefaultCacheAwareContextLoaderDelegate.java:145) ~[spring-test-6.1.12.jar:6.1.12]
	at org.springframework.test.context.support.DefaultTestContext.getApplicationContext(DefaultTestContext.java:130) ~[spring-test-6.1.12.jar:6.1.12]
	at org.springframework.test.context.web.ServletTestExecutionListener.setUpRequestContextIfNecessary(ServletTestExecutionListener.java:191) ~[spring-test-6.1.12.jar:6.1.12]
	at org.springframework.test.context.web.ServletTestExecutionListener.prepareTestInstance(ServletTestExecutionListener.java:130) ~[spring-test-6.1.12.jar:6.1.12]
	at org.springframework.test.context.TestContextManager.prepareTestInstance(TestContextManager.java:260) ~[spring-test-6.1.12.jar:6.1.12]
	at org.springframework.test.context.junit.jupiter.SpringExtension.postProcessTestInstance(SpringExtension.java:163) ~[spring-test-6.1.12.jar:6.1.12]
	at org.junit.jupiter.engine.descriptor.ClassBasedTestDescriptor.lambda$invokeTestInstancePostProcessors$10(ClassBasedTestDescriptor.java:378) ~[junit-jupiter-engine-5.10.3.jar:5.10.3]
	at org.junit.jupiter.engine.descriptor.ClassBasedTestDescriptor.executeAndMaskThrowable(ClassBasedTestDescriptor.java:383) ~[junit-jupiter-engine-5.10.3.jar:5.10.3]
	at org.junit.jupiter.engine.descriptor.ClassBasedTestDescriptor.lambda$invokeTestInstancePostProcessors$11(ClassBasedTestDescriptor.java:378) ~[junit-jupiter-engine-5.10.3.jar:5.10.3]
	at java.base/java.util.stream.ReferencePipeline$3$1.accept(ReferencePipeline.java:197) ~[na:na]
	at java.base/java.util.stream.ReferencePipeline$2$1.accept(ReferencePipeline.java:179) ~[na:na]
	at java.base/java.util.ArrayList$ArrayListSpliterator.forEachRemaining(ArrayList.java:1708) ~[na:na]
	at java.base/java.util.stream.AbstractPipeline.copyInto(AbstractPipeline.java:509) ~[na:na]
	at java.base/java.util.stream.AbstractPipeline.wrapAndCopyInto(AbstractPipeline.java:499) ~[na:na]
	at java.base/java.util.stream.StreamSpliterators$WrappingSpliterator.forEachRemaining(StreamSpliterators.java:310) ~[na:na]
	at java.base/java.util.stream.Streams$ConcatSpliterator.forEachRemaining(Streams.java:735) ~[na:na]
	at java.base/java.util.stream.Streams$ConcatSpliterator.forEachRemaining(Streams.java:734) ~[na:na]
	at java.base/java.util.stream.ReferencePipeline$Head.forEach(ReferencePipeline.java:762) ~[na:na]
	at org.junit.jupiter.engine.descriptor.ClassBasedTestDescriptor.invokeTestInstancePostProcessors(ClassBasedTestDescriptor.java:377) ~[junit-jupiter-engine-5.10.3.jar:5.10.3]
	at org.junit.jupiter.engine.descriptor.ClassBasedTestDescriptor.lambda$instantiateAndPostProcessTestInstance$6(ClassBasedTestDescriptor.java:290) ~[junit-jupiter-engine-5.10.3.jar:5.10.3]
	at org.junit.platform.engine.support.hierarchical.ThrowableCollector.execute(ThrowableCollector.java:73) ~[junit-platform-engine-1.10.3.jar:1.10.3]
	at org.junit.jupiter.engine.descriptor.ClassBasedTestDescriptor.instantiateAndPostProcessTestInstance(ClassBasedTestDescriptor.java:289) ~[junit-jupiter-engine-5.10.3.jar:5.10.3]
	at org.junit.jupiter.engine.descriptor.ClassBasedTestDescriptor.lambda$testInstancesProvider$4(ClassBasedTestDescriptor.java:279) ~[junit-jupiter-engine-5.10.3.jar:5.10.3]
	at java.base/java.util.Optional.orElseGet(Optional.java:364) ~[na:na]
	at org.junit.jupiter.engine.descriptor.ClassBasedTestDescriptor.lambda$testInstancesProvider$5(ClassBasedTestDescriptor.java:278) ~[junit-jupiter-engine-5.10.3.jar:5.10.3]
	at org.junit.jupiter.engine.execution.TestInstancesProvider.getTestInstances(TestInstancesProvider.java:31) ~[junit-jupiter-engine-5.10.3.jar:5.10.3]
	at org.junit.jupiter.engine.descriptor.TestMethodTestDescriptor.lambda$prepare$0(TestMethodTestDescriptor.java:106) ~[junit-jupiter-engine-5.10.3.jar:5.10.3]
	at org.junit.platform.engine.support.hierarchical.ThrowableCollector.execute(ThrowableCollector.java:73) ~[junit-platform-engine-1.10.3.jar:1.10.3]
	at org.junit.jupiter.engine.descriptor.TestMethodTestDescriptor.prepare(TestMethodTestDescriptor.java:105) ~[junit-jupiter-engine-5.10.3.jar:5.10.3]
	at org.junit.jupiter.engine.descriptor.TestMethodTestDescriptor.prepare(TestMethodTestDescriptor.java:69) ~[junit-jupiter-engine-5.10.3.jar:5.10.3]
	at org.junit.platform.engine.support.hierarchical.NodeTestTask.lambda$prepare$2(NodeTestTask.java:123) ~[junit-platform-engine-1.10.3.jar:1.10.3]
	at org.junit.platform.engine.support.hierarchical.ThrowableCollector.execute(ThrowableCollector.java:73) ~[junit-platform-engine-1.10.3.jar:1.10.3]
	at org.junit.platform.engine.support.hierarchical.NodeTestTask.prepare(NodeTestTask.java:123) ~[junit-platform-engine-1.10.3.jar:1.10.3]
	at org.junit.platform.engine.support.hierarchical.NodeTestTask.execute(NodeTestTask.java:90) ~[junit-platform-engine-1.10.3.jar:1.10.3]
	at java.base/java.util.ArrayList.forEach(ArrayList.java:1596) ~[na:na]
	at org.junit.platform.engine.support.hierarchical.SameThreadHierarchicalTestExecutorService.invokeAll(SameThreadHierarchicalTestExecutorService.java:41) ~[junit-platform-engine-1.10.3.jar:1.10.3]
	at org.junit.platform.engine.support.hierarchical.NodeTestTask.lambda$executeRecursively$6(NodeTestTask.java:155) ~[junit-platform-engine-1.10.3.jar:1.10.3]
	at org.junit.platform.engine.support.hierarchical.ThrowableCollector.execute(ThrowableCollector.java:73) ~[junit-platform-engine-1.10.3.jar:1.10.3]
	at org.junit.platform.engine.support.hierarchical.NodeTestTask.lambda$executeRecursively$8(NodeTestTask.java:141) ~[junit-platform-engine-1.10.3.jar:1.10.3]
	at org.junit.platform.engine.support.hierarchical.Node.around(Node.java:137) ~[junit-platform-engine-1.10.3.jar:1.10.3]
	at org.junit.platform.engine.support.hierarchical.NodeTestTask.lambda$executeRecursively$9(NodeTestTask.java:139) ~[junit-platform-engine-1.10.3.jar:1.10.3]
	at org.junit.platform.engine.support.hierarchical.ThrowableCollector.execute(ThrowableCollector.java:73) ~[junit-platform-engine-1.10.3.jar:1.10.3]
	at org.junit.platform.engine.support.hierarchical.NodeTestTask.executeRecursively(NodeTestTask.java:138) ~[junit-platform-engine-1.10.3.jar:1.10.3]
	at org.junit.platform.engine.support.hierarchical.NodeTestTask.execute(NodeTestTask.java:95) ~[junit-platform-engine-1.10.3.jar:1.10.3]
	at java.base/java.util.ArrayList.forEach(ArrayList.java:1596) ~[na:na]
	at org.junit.platform.engine.support.hierarchical.SameThreadHierarchicalTestExecutorService.invokeAll(SameThreadHierarchicalTestExecutorService.java:41) ~[junit-platform-engine-1.10.3.jar:1.10.3]
	at org.junit.platform.engine.support.hierarchical.NodeTestTask.lambda$executeRecursively$6(NodeTestTask.java:155) ~[junit-platform-engine-1.10.3.jar:1.10.3]
	at org.junit.platform.engine.support.hierarchical.ThrowableCollector.execute(ThrowableCollector.java:73) ~[junit-platform-engine-1.10.3.jar:1.10.3]
	at org.junit.platform.engine.support.hierarchical.NodeTestTask.lambda$executeRecursively$8(NodeTestTask.java:141) ~[junit-platform-engine-1.10.3.jar:1.10.3]
	at org.junit.platform.engine.support.hierarchical.Node.around(Node.java:137) ~[junit-platform-engine-1.10.3.jar:1.10.3]
	at org.junit.platform.engine.support.hierarchical.NodeTestTask.lambda$executeRecursively$9(NodeTestTask.java:139) ~[junit-platform-engine-1.10.3.jar:1.10.3]
	at org.junit.platform.engine.support.hierarchical.ThrowableCollector.execute(ThrowableCollector.java:73) ~[junit-platform-engine-1.10.3.jar:1.10.3]
	at org.junit.platform.engine.support.hierarchical.NodeTestTask.executeRecursively(NodeTestTask.java:138) ~[junit-platform-engine-1.10.3.jar:1.10.3]
	at org.junit.platform.engine.support.hierarchical.NodeTestTask.execute(NodeTestTask.java:95) ~[junit-platform-engine-1.10.3.jar:1.10.3]
	at org.junit.platform.engine.support.hierarchical.SameThreadHierarchicalTestExecutorService.submit(SameThreadHierarchicalTestExecutorService.java:35) ~[junit-platform-engine-1.10.3.jar:1.10.3]
	at org.junit.platform.engine.support.hierarchical.HierarchicalTestExecutor.execute(HierarchicalTestExecutor.java:57) ~[junit-platform-engine-1.10.3.jar:1.10.3]
	at org.junit.platform.engine.support.hierarchical.HierarchicalTestEngine.execute(HierarchicalTestEngine.java:54) ~[junit-platform-engine-1.10.3.jar:1.10.3]
	at org.junit.platform.launcher.core.EngineExecutionOrchestrator.execute(EngineExecutionOrchestrator.java:198) ~[junit-platform-launcher-1.10.3.jar:1.10.3]
	at org.junit.platform.launcher.core.EngineExecutionOrchestrator.execute(EngineExecutionOrchestrator.java:169) ~[junit-platform-launcher-1.10.3.jar:1.10.3]
	at org.junit.platform.launcher.core.EngineExecutionOrchestrator.execute(EngineExecutionOrchestrator.java:93) ~[junit-platform-launcher-1.10.3.jar:1.10.3]
	at org.junit.platform.launcher.core.EngineExecutionOrchestrator.lambda$execute$0(EngineExecutionOrchestrator.java:58) ~[junit-platform-launcher-1.10.3.jar:1.10.3]
	at org.junit.platform.launcher.core.EngineExecutionOrchestrator.withInterceptedStreams(EngineExecutionOrchestrator.java:141) ~[junit-platform-launcher-1.10.3.jar:1.10.3]
	at org.junit.platform.launcher.core.EngineExecutionOrchestrator.execute(EngineExecutionOrchestrator.java:57) ~[junit-platform-launcher-1.10.3.jar:1.10.3]
	at org.junit.platform.launcher.core.DefaultLauncher.execute(DefaultLauncher.java:103) ~[junit-platform-launcher-1.10.3.jar:1.10.3]
	at org.junit.platform.launcher.core.DefaultLauncher.execute(DefaultLauncher.java:85) ~[junit-platform-launcher-1.10.3.jar:1.10.3]
	at org.junit.platform.launcher.core.DelegatingLauncher.execute(DelegatingLauncher.java:47) ~[junit-platform-launcher-1.10.3.jar:1.10.3]
	at org.apache.maven.surefire.junitplatform.LazyLauncher.execute(LazyLauncher.java:56) ~[surefire-junit-platform-3.2.5.jar:3.2.5]
	at org.apache.maven.surefire.junitplatform.JUnitPlatformProvider.execute(JUnitPlatformProvider.java:184) ~[surefire-junit-platform-3.2.5.jar:3.2.5]
	at org.apache.maven.surefire.junitplatform.JUnitPlatformProvider.invokeAllTests(JUnitPlatformProvider.java:148) ~[surefire-junit-platform-3.2.5.jar:3.2.5]
	at org.apache.maven.surefire.junitplatform.JUnitPlatformProvider.invoke(JUnitPlatformProvider.java:122) ~[surefire-junit-platform-3.2.5.jar:3.2.5]
	at org.apache.maven.surefire.booter.ForkedBooter.runSuitesInProcess(ForkedBooter.java:385) ~[surefire-booter-3.2.5.jar:3.2.5]
	at org.apache.maven.surefire.booter.ForkedBooter.execute(ForkedBooter.java:162) ~[surefire-booter-3.2.5.jar:3.2.5]
	at org.apache.maven.surefire.booter.ForkedBooter.run(ForkedBooter.java:507) ~[surefire-booter-3.2.5.jar:3.2.5]
	at org.apache.maven.surefire.booter.ForkedBooter.main(ForkedBooter.java:495) ~[surefire-booter-3.2.5.jar:3.2.5]

2025-10-12T09:06:31.297Z  WARN 144 --- [nll-light-api-test] [           main] o.s.test.context.TestContextManager      : Caught exception while allowing TestExecutionListener [org.springframework.test.context.web.ServletTestExecutionListener] to prepare test instance [se.inera.nll.nlllight.api.controller.PrescriptionControllerIntegrationTest@7f7c420c]

java.lang.IllegalStateException: ApplicationContext failure threshold (1) exceeded: skipping repeated attempt to load context for [WebMergedContextConfiguration@72bd2871 testClass = se.inera.nll.nlllight.api.controller.PrescriptionControllerIntegrationTest, locations = [], classes = [se.inera.nll.nlllight.api.NllLightApiApplication], contextInitializerClasses = [], activeProfiles = ["test"], propertySourceDescriptors = [], propertySourceProperties = ["org.springframework.boot.test.context.SpringBootTestContextBootstrapper=true"], contextCustomizers = [[ImportsContextCustomizer@77429040 key = [org.springframework.boot.test.autoconfigure.web.servlet.MockMvcWebDriverAutoConfiguration, org.springframework.boot.test.autoconfigure.web.servlet.MockMvcAutoConfiguration, org.springframework.boot.autoconfigure.security.oauth2.client.servlet.OAuth2ClientAutoConfiguration, se.inera.nll.nlllight.config.TestSecurityConfig, org.springframework.boot.autoconfigure.security.servlet.SecurityAutoConfiguration, org.springframework.boot.autoconfigure.security.servlet.SecurityFilterAutoConfiguration, org.springframework.boot.autoconfigure.security.servlet.UserDetailsServiceAutoConfiguration, org.springframework.boot.autoconfigure.security.oauth2.resource.servlet.OAuth2ResourceServerAutoConfiguration, org.springframework.boot.test.autoconfigure.web.servlet.MockMvcSecurityConfiguration, org.springframework.boot.test.autoconfigure.web.servlet.MockMvcWebClientAutoConfiguration, org.springframework.boot.test.autoconfigure.web.reactive.WebTestClientAutoConfiguration]], org.springframework.boot.test.context.filter.ExcludeFilterContextCustomizer@1f75a668, org.springframework.boot.test.json.DuplicateJsonObjectContextCustomizerFactory$DuplicateJsonObjectContextCustomizer@2812b107, org.springframework.boot.test.mock.mockito.MockitoContextCustomizer@0, org.springframework.boot.test.web.client.TestRestTemplateContextCustomizer@4eaf3684, org.springframework.boot.test.web.reactor.netty.DisableReactorResourceFactoryGlobalResourcesContextCustomizerFactory$DisableReactorResourceFactoryGlobalResourcesContextCustomizerCustomizer@4416d64f, org.springframework.boot.test.autoconfigure.actuate.observability.ObservabilityContextCustomizerFactory$DisableObservabilityContextCustomizer@1f, org.springframework.boot.test.autoconfigure.properties.PropertyMappingContextCustomizer@4b3fa0b3, org.springframework.boot.test.autoconfigure.web.servlet.WebDriverContextCustomizer@3b8f0a79, org.springframework.boot.test.context.SpringBootTestAnnotation@d0f4dd2a], resourceBasePath = "src/main/webapp", contextLoader = org.springframework.boot.test.context.SpringBootContextLoader, parent = null]
	at org.springframework.test.context.cache.DefaultCacheAwareContextLoaderDelegate.loadContext(DefaultCacheAwareContextLoaderDelegate.java:145) ~[spring-test-6.1.12.jar:6.1.12]
	at org.springframework.test.context.support.DefaultTestContext.getApplicationContext(DefaultTestContext.java:130) ~[spring-test-6.1.12.jar:6.1.12]
	at org.springframework.test.context.web.ServletTestExecutionListener.setUpRequestContextIfNecessary(ServletTestExecutionListener.java:191) ~[spring-test-6.1.12.jar:6.1.12]
	at org.springframework.test.context.web.ServletTestExecutionListener.prepareTestInstance(ServletTestExecutionListener.java:130) ~[spring-test-6.1.12.jar:6.1.12]
	at org.springframework.test.context.TestContextManager.prepareTestInstance(TestContextManager.java:260) ~[spring-test-6.1.12.jar:6.1.12]
	at org.springframework.test.context.junit.jupiter.SpringExtension.postProcessTestInstance(SpringExtension.java:163) ~[spring-test-6.1.12.jar:6.1.12]
	at org.junit.jupiter.engine.descriptor.ClassBasedTestDescriptor.lambda$invokeTestInstancePostProcessors$10(ClassBasedTestDescriptor.java:378) ~[junit-jupiter-engine-5.10.3.jar:5.10.3]
	at org.junit.jupiter.engine.descriptor.ClassBasedTestDescriptor.executeAndMaskThrowable(ClassBasedTestDescriptor.java:383) ~[junit-jupiter-engine-5.10.3.jar:5.10.3]
	at org.junit.jupiter.engine.descriptor.ClassBasedTestDescriptor.lambda$invokeTestInstancePostProcessors$11(ClassBasedTestDescriptor.java:378) ~[junit-jupiter-engine-5.10.3.jar:5.10.3]
	at java.base/java.util.stream.ReferencePipeline$3$1.accept(ReferencePipeline.java:197) ~[na:na]
	at java.base/java.util.stream.ReferencePipeline$2$1.accept(ReferencePipeline.java:179) ~[na:na]
	at java.base/java.util.ArrayList$ArrayListSpliterator.forEachRemaining(ArrayList.java:1708) ~[na:na]
	at java.base/java.util.stream.AbstractPipeline.copyInto(AbstractPipeline.java:509) ~[na:na]
	at java.base/java.util.stream.AbstractPipeline.wrapAndCopyInto(AbstractPipeline.java:499) ~[na:na]
	at java.base/java.util.stream.StreamSpliterators$WrappingSpliterator.forEachRemaining(StreamSpliterators.java:310) ~[na:na]
	at java.base/java.util.stream.Streams$ConcatSpliterator.forEachRemaining(Streams.java:735) ~[na:na]
	at java.base/java.util.stream.Streams$ConcatSpliterator.forEachRemaining(Streams.java:734) ~[na:na]
	at java.base/java.util.stream.ReferencePipeline$Head.forEach(ReferencePipeline.java:762) ~[na:na]
	at org.junit.jupiter.engine.descriptor.ClassBasedTestDescriptor.invokeTestInstancePostProcessors(ClassBasedTestDescriptor.java:377) ~[junit-jupiter-engine-5.10.3.jar:5.10.3]
	at org.junit.jupiter.engine.descriptor.ClassBasedTestDescriptor.lambda$instantiateAndPostProcessTestInstance$6(ClassBasedTestDescriptor.java:290) ~[junit-jupiter-engine-5.10.3.jar:5.10.3]
	at org.junit.platform.engine.support.hierarchical.ThrowableCollector.execute(ThrowableCollector.java:73) ~[junit-platform-engine-1.10.3.jar:1.10.3]
	at org.junit.jupiter.engine.descriptor.ClassBasedTestDescriptor.instantiateAndPostProcessTestInstance(ClassBasedTestDescriptor.java:289) ~[junit-jupiter-engine-5.10.3.jar:5.10.3]
	at org.junit.jupiter.engine.descriptor.ClassBasedTestDescriptor.lambda$testInstancesProvider$4(ClassBasedTestDescriptor.java:279) ~[junit-jupiter-engine-5.10.3.jar:5.10.3]
	at java.base/java.util.Optional.orElseGet(Optional.java:364) ~[na:na]
	at org.junit.jupiter.engine.descriptor.ClassBasedTestDescriptor.lambda$testInstancesProvider$5(ClassBasedTestDescriptor.java:278) ~[junit-jupiter-engine-5.10.3.jar:5.10.3]
	at org.junit.jupiter.engine.execution.TestInstancesProvider.getTestInstances(TestInstancesProvider.java:31) ~[junit-jupiter-engine-5.10.3.jar:5.10.3]
	at org.junit.jupiter.engine.descriptor.TestMethodTestDescriptor.lambda$prepare$0(TestMethodTestDescriptor.java:106) ~[junit-jupiter-engine-5.10.3.jar:5.10.3]
	at org.junit.platform.engine.support.hierarchical.ThrowableCollector.execute(ThrowableCollector.java:73) ~[junit-platform-engine-1.10.3.jar:1.10.3]
	at org.junit.jupiter.engine.descriptor.TestMethodTestDescriptor.prepare(TestMethodTestDescriptor.java:105) ~[junit-jupiter-engine-5.10.3.jar:5.10.3]
	at org.junit.jupiter.engine.descriptor.TestMethodTestDescriptor.prepare(TestMethodTestDescriptor.java:69) ~[junit-jupiter-engine-5.10.3.jar:5.10.3]
	at org.junit.platform.engine.support.hierarchical.NodeTestTask.lambda$prepare$2(NodeTestTask.java:123) ~[junit-platform-engine-1.10.3.jar:1.10.3]
	at org.junit.platform.engine.support.hierarchical.ThrowableCollector.execute(ThrowableCollector.java:73) ~[junit-platform-engine-1.10.3.jar:1.10.3]
	at org.junit.platform.engine.support.hierarchical.NodeTestTask.prepare(NodeTestTask.java:123) ~[junit-platform-engine-1.10.3.jar:1.10.3]
	at org.junit.platform.engine.support.hierarchical.NodeTestTask.execute(NodeTestTask.java:90) ~[junit-platform-engine-1.10.3.jar:1.10.3]
	at java.base/java.util.ArrayList.forEach(ArrayList.java:1596) ~[na:na]
	at org.junit.platform.engine.support.hierarchical.SameThreadHierarchicalTestExecutorService.invokeAll(SameThreadHierarchicalTestExecutorService.java:41) ~[junit-platform-engine-1.10.3.jar:1.10.3]
	at org.junit.platform.engine.support.hierarchical.NodeTestTask.lambda$executeRecursively$6(NodeTestTask.java:155) ~[junit-platform-engine-1.10.3.jar:1.10.3]
	at org.junit.platform.engine.support.hierarchical.ThrowableCollector.execute(ThrowableCollector.java:73) ~[junit-platform-engine-1.10.3.jar:1.10.3]
	at org.junit.platform.engine.support.hierarchical.NodeTestTask.lambda$executeRecursively$8(NodeTestTask.java:141) ~[junit-platform-engine-1.10.3.jar:1.10.3]
	at org.junit.platform.engine.support.hierarchical.Node.around(Node.java:137) ~[junit-platform-engine-1.10.3.jar:1.10.3]
	at org.junit.platform.engine.support.hierarchical.NodeTestTask.lambda$executeRecursively$9(NodeTestTask.java:139) ~[junit-platform-engine-1.10.3.jar:1.10.3]
	at org.junit.platform.engine.support.hierarchical.ThrowableCollector.execute(ThrowableCollector.java:73) ~[junit-platform-engine-1.10.3.jar:1.10.3]
	at org.junit.platform.engine.support.hierarchical.NodeTestTask.executeRecursively(NodeTestTask.java:138) ~[junit-platform-engine-1.10.3.jar:1.10.3]
	at org.junit.platform.engine.support.hierarchical.NodeTestTask.execute(NodeTestTask.java:95) ~[junit-platform-engine-1.10.3.jar:1.10.3]
	at java.base/java.util.ArrayList.forEach(ArrayList.java:1596) ~[na:na]
	at org.junit.platform.engine.support.hierarchical.SameThreadHierarchicalTestExecutorService.invokeAll(SameThreadHierarchicalTestExecutorService.java:41) ~[junit-platform-engine-1.10.3.jar:1.10.3]
	at org.junit.platform.engine.support.hierarchical.NodeTestTask.lambda$executeRecursively$6(NodeTestTask.java:155) ~[junit-platform-engine-1.10.3.jar:1.10.3]
	at org.junit.platform.engine.support.hierarchical.ThrowableCollector.execute(ThrowableCollector.java:73) ~[junit-platform-engine-1.10.3.jar:1.10.3]
	at org.junit.platform.engine.support.hierarchical.NodeTestTask.lambda$executeRecursively$8(NodeTestTask.java:141) ~[junit-platform-engine-1.10.3.jar:1.10.3]
	at org.junit.platform.engine.support.hierarchical.Node.around(Node.java:137) ~[junit-platform-engine-1.10.3.jar:1.10.3]
	at org.junit.platform.engine.support.hierarchical.NodeTestTask.lambda$executeRecursively$9(NodeTestTask.java:139) ~[junit-platform-engine-1.10.3.jar:1.10.3]
	at org.junit.platform.engine.support.hierarchical.ThrowableCollector.execute(ThrowableCollector.java:73) ~[junit-platform-engine-1.10.3.jar:1.10.3]
	at org.junit.platform.engine.support.hierarchical.NodeTestTask.executeRecursively(NodeTestTask.java:138) ~[junit-platform-engine-1.10.3.jar:1.10.3]
	at org.junit.platform.engine.support.hierarchical.NodeTestTask.execute(NodeTestTask.java:95) ~[junit-platform-engine-1.10.3.jar:1.10.3]
	at org.junit.platform.engine.support.hierarchical.SameThreadHierarchicalTestExecutorService.submit(SameThreadHierarchicalTestExecutorService.java:35) ~[junit-platform-engine-1.10.3.jar:1.10.3]
	at org.junit.platform.engine.support.hierarchical.HierarchicalTestExecutor.execute(HierarchicalTestExecutor.java:57) ~[junit-platform-engine-1.10.3.jar:1.10.3]
	at org.junit.platform.engine.support.hierarchical.HierarchicalTestEngine.execute(HierarchicalTestEngine.java:54) ~[junit-platform-engine-1.10.3.jar:1.10.3]
	at org.junit.platform.launcher.core.EngineExecutionOrchestrator.execute(EngineExecutionOrchestrator.java:198) ~[junit-platform-launcher-1.10.3.jar:1.10.3]
	at org.junit.platform.launcher.core.EngineExecutionOrchestrator.execute(EngineExecutionOrchestrator.java:169) ~[junit-platform-launcher-1.10.3.jar:1.10.3]
	at org.junit.platform.launcher.core.EngineExecutionOrchestrator.execute(EngineExecutionOrchestrator.java:93) ~[junit-platform-launcher-1.10.3.jar:1.10.3]
	at org.junit.platform.launcher.core.EngineExecutionOrchestrator.lambda$execute$0(EngineExecutionOrchestrator.java:58) ~[junit-platform-launcher-1.10.3.jar:1.10.3]
	at org.junit.platform.launcher.core.EngineExecutionOrchestrator.withInterceptedStreams(EngineExecutionOrchestrator.java:141) ~[junit-platform-launcher-1.10.3.jar:1.10.3]
	at org.junit.platform.launcher.core.EngineExecutionOrchestrator.execute(EngineExecutionOrchestrator.java:57) ~[junit-platform-launcher-1.10.3.jar:1.10.3]
	at org.junit.platform.launcher.core.DefaultLauncher.execute(DefaultLauncher.java:103) ~[junit-platform-launcher-1.10.3.jar:1.10.3]
	at org.junit.platform.launcher.core.DefaultLauncher.execute(DefaultLauncher.java:85) ~[junit-platform-launcher-1.10.3.jar:1.10.3]
	at org.junit.platform.launcher.core.DelegatingLauncher.execute(DelegatingLauncher.java:47) ~[junit-platform-launcher-1.10.3.jar:1.10.3]
	at org.apache.maven.surefire.junitplatform.LazyLauncher.execute(LazyLauncher.java:56) ~[surefire-junit-platform-3.2.5.jar:3.2.5]
	at org.apache.maven.surefire.junitplatform.JUnitPlatformProvider.execute(JUnitPlatformProvider.java:184) ~[surefire-junit-platform-3.2.5.jar:3.2.5]
	at org.apache.maven.surefire.junitplatform.JUnitPlatformProvider.invokeAllTests(JUnitPlatformProvider.java:148) ~[surefire-junit-platform-3.2.5.jar:3.2.5]
	at org.apache.maven.surefire.junitplatform.JUnitPlatformProvider.invoke(JUnitPlatformProvider.java:122) ~[surefire-junit-platform-3.2.5.jar:3.2.5]
	at org.apache.maven.surefire.booter.ForkedBooter.runSuitesInProcess(ForkedBooter.java:385) ~[surefire-booter-3.2.5.jar:3.2.5]
	at org.apache.maven.surefire.booter.ForkedBooter.execute(ForkedBooter.java:162) ~[surefire-booter-3.2.5.jar:3.2.5]
	at org.apache.maven.surefire.booter.ForkedBooter.run(ForkedBooter.java:507) ~[surefire-booter-3.2.5.jar:3.2.5]
	at org.apache.maven.surefire.booter.ForkedBooter.main(ForkedBooter.java:495) ~[surefire-booter-3.2.5.jar:3.2.5]

2025-10-12T09:06:31.299Z  WARN 144 --- [nll-light-api-test] [           main] o.s.test.context.TestContextManager      : Caught exception while allowing TestExecutionListener [org.springframework.test.context.web.ServletTestExecutionListener] to prepare test instance [se.inera.nll.nlllight.api.controller.PrescriptionControllerIntegrationTest@43cb5f38]

java.lang.IllegalStateException: ApplicationContext failure threshold (1) exceeded: skipping repeated attempt to load context for [WebMergedContextConfiguration@72bd2871 testClass = se.inera.nll.nlllight.api.controller.PrescriptionControllerIntegrationTest, locations = [], classes = [se.inera.nll.nlllight.api.NllLightApiApplication], contextInitializerClasses = [], activeProfiles = ["test"], propertySourceDescriptors = [], propertySourceProperties = ["org.springframework.boot.test.context.SpringBootTestContextBootstrapper=true"], contextCustomizers = [[ImportsContextCustomizer@77429040 key = [org.springframework.boot.test.autoconfigure.web.servlet.MockMvcWebDriverAutoConfiguration, org.springframework.boot.test.autoconfigure.web.servlet.MockMvcAutoConfiguration, org.springframework.boot.autoconfigure.security.oauth2.client.servlet.OAuth2ClientAutoConfiguration, se.inera.nll.nlllight.config.TestSecurityConfig, org.springframework.boot.autoconfigure.security.servlet.SecurityAutoConfiguration, org.springframework.boot.autoconfigure.security.servlet.SecurityFilterAutoConfiguration, org.springframework.boot.autoconfigure.security.servlet.UserDetailsServiceAutoConfiguration, org.springframework.boot.autoconfigure.security.oauth2.resource.servlet.OAuth2ResourceServerAutoConfiguration, org.springframework.boot.test.autoconfigure.web.servlet.MockMvcSecurityConfiguration, org.springframework.boot.test.autoconfigure.web.servlet.MockMvcWebClientAutoConfiguration, org.springframework.boot.test.autoconfigure.web.reactive.WebTestClientAutoConfiguration]], org.springframework.boot.test.context.filter.ExcludeFilterContextCustomizer@1f75a668, org.springframework.boot.test.json.DuplicateJsonObjectContextCustomizerFactory$DuplicateJsonObjectContextCustomizer@2812b107, org.springframework.boot.test.mock.mockito.MockitoContextCustomizer@0, org.springframework.boot.test.web.client.TestRestTemplateContextCustomizer@4eaf3684, org.springframework.boot.test.web.reactor.netty.DisableReactorResourceFactoryGlobalResourcesContextCustomizerFactory$DisableReactorResourceFactoryGlobalResourcesContextCustomizerCustomizer@4416d64f, org.springframework.boot.test.autoconfigure.actuate.observability.ObservabilityContextCustomizerFactory$DisableObservabilityContextCustomizer@1f, org.springframework.boot.test.autoconfigure.properties.PropertyMappingContextCustomizer@4b3fa0b3, org.springframework.boot.test.autoconfigure.web.servlet.WebDriverContextCustomizer@3b8f0a79, org.springframework.boot.test.context.SpringBootTestAnnotation@d0f4dd2a], resourceBasePath = "src/main/webapp", contextLoader = org.springframework.boot.test.context.SpringBootContextLoader, parent = null]
	at org.springframework.test.context.cache.DefaultCacheAwareContextLoaderDelegate.loadContext(DefaultCacheAwareContextLoaderDelegate.java:145) ~[spring-test-6.1.12.jar:6.1.12]
	at org.springframework.test.context.support.DefaultTestContext.getApplicationContext(DefaultTestContext.java:130) ~[spring-test-6.1.12.jar:6.1.12]
	at org.springframework.test.context.web.ServletTestExecutionListener.setUpRequestContextIfNecessary(ServletTestExecutionListener.java:191) ~[spring-test-6.1.12.jar:6.1.12]
	at org.springframework.test.context.web.ServletTestExecutionListener.prepareTestInstance(ServletTestExecutionListener.java:130) ~[spring-test-6.1.12.jar:6.1.12]
	at org.springframework.test.context.TestContextManager.prepareTestInstance(TestContextManager.java:260) ~[spring-test-6.1.12.jar:6.1.12]
	at org.springframework.test.context.junit.jupiter.SpringExtension.postProcessTestInstance(SpringExtension.java:163) ~[spring-test-6.1.12.jar:6.1.12]
	at org.junit.jupiter.engine.descriptor.ClassBasedTestDescriptor.lambda$invokeTestInstancePostProcessors$10(ClassBasedTestDescriptor.java:378) ~[junit-jupiter-engine-5.10.3.jar:5.10.3]
	at org.junit.jupiter.engine.descriptor.ClassBasedTestDescriptor.executeAndMaskThrowable(ClassBasedTestDescriptor.java:383) ~[junit-jupiter-engine-5.10.3.jar:5.10.3]
	at org.junit.jupiter.engine.descriptor.ClassBasedTestDescriptor.lambda$invokeTestInstancePostProcessors$11(ClassBasedTestDescriptor.java:378) ~[junit-jupiter-engine-5.10.3.jar:5.10.3]
	at java.base/java.util.stream.ReferencePipeline$3$1.accept(ReferencePipeline.java:197) ~[na:na]
	at java.base/java.util.stream.ReferencePipeline$2$1.accept(ReferencePipeline.java:179) ~[na:na]
	at java.base/java.util.ArrayList$ArrayListSpliterator.forEachRemaining(ArrayList.java:1708) ~[na:na]
	at java.base/java.util.stream.AbstractPipeline.copyInto(AbstractPipeline.java:509) ~[na:na]
	at java.base/java.util.stream.AbstractPipeline.wrapAndCopyInto(AbstractPipeline.java:499) ~[na:na]
	at java.base/java.util.stream.StreamSpliterators$WrappingSpliterator.forEachRemaining(StreamSpliterators.java:310) ~[na:na]
	at java.base/java.util.stream.Streams$ConcatSpliterator.forEachRemaining(Streams.java:735) ~[na:na]
	at java.base/java.util.stream.Streams$ConcatSpliterator.forEachRemaining(Streams.java:734) ~[na:na]
	at java.base/java.util.stream.ReferencePipeline$Head.forEach(ReferencePipeline.java:762) ~[na:na]
	at org.junit.jupiter.engine.descriptor.ClassBasedTestDescriptor.invokeTestInstancePostProcessors(ClassBasedTestDescriptor.java:377) ~[junit-jupiter-engine-5.10.3.jar:5.10.3]
	at org.junit.jupiter.engine.descriptor.ClassBasedTestDescriptor.lambda$instantiateAndPostProcessTestInstance$6(ClassBasedTestDescriptor.java:290) ~[junit-jupiter-engine-5.10.3.jar:5.10.3]
	at org.junit.platform.engine.support.hierarchical.ThrowableCollector.execute(ThrowableCollector.java:73) ~[junit-platform-engine-1.10.3.jar:1.10.3]
	at org.junit.jupiter.engine.descriptor.ClassBasedTestDescriptor.instantiateAndPostProcessTestInstance(ClassBasedTestDescriptor.java:289) ~[junit-jupiter-engine-5.10.3.jar:5.10.3]
	at org.junit.jupiter.engine.descriptor.ClassBasedTestDescriptor.lambda$testInstancesProvider$4(ClassBasedTestDescriptor.java:279) ~[junit-jupiter-engine-5.10.3.jar:5.10.3]
	at java.base/java.util.Optional.orElseGet(Optional.java:364) ~[na:na]
	at org.junit.jupiter.engine.descriptor.ClassBasedTestDescriptor.lambda$testInstancesProvider$5(ClassBasedTestDescriptor.java:278) ~[junit-jupiter-engine-5.10.3.jar:5.10.3]
	at org.junit.jupiter.engine.execution.TestInstancesProvider.getTestInstances(TestInstancesProvider.java:31) ~[junit-jupiter-engine-5.10.3.jar:5.10.3]
	at org.junit.jupiter.engine.descriptor.TestMethodTestDescriptor.lambda$prepare$0(TestMethodTestDescriptor.java:106) ~[junit-jupiter-engine-5.10.3.jar:5.10.3]
	at org.junit.platform.engine.support.hierarchical.ThrowableCollector.execute(ThrowableCollector.java:73) ~[junit-platform-engine-1.10.3.jar:1.10.3]
	at org.junit.jupiter.engine.descriptor.TestMethodTestDescriptor.prepare(TestMethodTestDescriptor.java:105) ~[junit-jupiter-engine-5.10.3.jar:5.10.3]
	at org.junit.jupiter.engine.descriptor.TestMethodTestDescriptor.prepare(TestMethodTestDescriptor.java:69) ~[junit-jupiter-engine-5.10.3.jar:5.10.3]
	at org.junit.platform.engine.support.hierarchical.NodeTestTask.lambda$prepare$2(NodeTestTask.java:123) ~[junit-platform-engine-1.10.3.jar:1.10.3]
	at org.junit.platform.engine.support.hierarchical.ThrowableCollector.execute(ThrowableCollector.java:73) ~[junit-platform-engine-1.10.3.jar:1.10.3]
	at org.junit.platform.engine.support.hierarchical.NodeTestTask.prepare(NodeTestTask.java:123) ~[junit-platform-engine-1.10.3.jar:1.10.3]
	at org.junit.platform.engine.support.hierarchical.NodeTestTask.execute(NodeTestTask.java:90) ~[junit-platform-engine-1.10.3.jar:1.10.3]
	at java.base/java.util.ArrayList.forEach(ArrayList.java:1596) ~[na:na]
	at org.junit.platform.engine.support.hierarchical.SameThreadHierarchicalTestExecutorService.invokeAll(SameThreadHierarchicalTestExecutorService.java:41) ~[junit-platform-engine-1.10.3.jar:1.10.3]
	at org.junit.platform.engine.support.hierarchical.NodeTestTask.lambda$executeRecursively$6(NodeTestTask.java:155) ~[junit-platform-engine-1.10.3.jar:1.10.3]
	at org.junit.platform.engine.support.hierarchical.ThrowableCollector.execute(ThrowableCollector.java:73) ~[junit-platform-engine-1.10.3.jar:1.10.3]
	at org.junit.platform.engine.support.hierarchical.NodeTestTask.lambda$executeRecursively$8(NodeTestTask.java:141) ~[junit-platform-engine-1.10.3.jar:1.10.3]
	at org.junit.platform.engine.support.hierarchical.Node.around(Node.java:137) ~[junit-platform-engine-1.10.3.jar:1.10.3]
	at org.junit.platform.engine.support.hierarchical.NodeTestTask.lambda$executeRecursively$9(NodeTestTask.java:139) ~[junit-platform-engine-1.10.3.jar:1.10.3]
	at org.junit.platform.engine.support.hierarchical.ThrowableCollector.execute(ThrowableCollector.java:73) ~[junit-platform-engine-1.10.3.jar:1.10.3]
	at org.junit.platform.engine.support.hierarchical.NodeTestTask.executeRecursively(NodeTestTask.java:138) ~[junit-platform-engine-1.10.3.jar:1.10.3]
	at org.junit.platform.engine.support.hierarchical.NodeTestTask.execute(NodeTestTask.java:95) ~[junit-platform-engine-1.10.3.jar:1.10.3]
	at java.base/java.util.ArrayList.forEach(ArrayList.java:1596) ~[na:na]
	at org.junit.platform.engine.support.hierarchical.SameThreadHierarchicalTestExecutorService.invokeAll(SameThreadHierarchicalTestExecutorService.java:41) ~[junit-platform-engine-1.10.3.jar:1.10.3]
	at org.junit.platform.engine.support.hierarchical.NodeTestTask.lambda$executeRecursively$6(NodeTestTask.java:155) ~[junit-platform-engine-1.10.3.jar:1.10.3]
	at org.junit.platform.engine.support.hierarchical.ThrowableCollector.execute(ThrowableCollector.java:73) ~[junit-platform-engine-1.10.3.jar:1.10.3]
	at org.junit.platform.engine.support.hierarchical.NodeTestTask.lambda$executeRecursively$8(NodeTestTask.java:141) ~[junit-platform-engine-1.10.3.jar:1.10.3]
	at org.junit.platform.engine.support.hierarchical.Node.around(Node.java:137) ~[junit-platform-engine-1.10.3.jar:1.10.3]
	at org.junit.platform.engine.support.hierarchical.NodeTestTask.lambda$executeRecursively$9(NodeTestTask.java:139) ~[junit-platform-engine-1.10.3.jar:1.10.3]
	at org.junit.platform.engine.support.hierarchical.ThrowableCollector.execute(ThrowableCollector.java:73) ~[junit-platform-engine-1.10.3.jar:1.10.3]
	at org.junit.platform.engine.support.hierarchical.NodeTestTask.executeRecursively(NodeTestTask.java:138) ~[junit-platform-engine-1.10.3.jar:1.10.3]
	at org.junit.platform.engine.support.hierarchical.NodeTestTask.execute(NodeTestTask.java:95) ~[junit-platform-engine-1.10.3.jar:1.10.3]
	at org.junit.platform.engine.support.hierarchical.SameThreadHierarchicalTestExecutorService.submit(SameThreadHierarchicalTestExecutorService.java:35) ~[junit-platform-engine-1.10.3.jar:1.10.3]
	at org.junit.platform.engine.support.hierarchical.HierarchicalTestExecutor.execute(HierarchicalTestExecutor.java:57) ~[junit-platform-engine-1.10.3.jar:1.10.3]
	at org.junit.platform.engine.support.hierarchical.HierarchicalTestEngine.execute(HierarchicalTestEngine.java:54) ~[junit-platform-engine-1.10.3.jar:1.10.3]
	at org.junit.platform.launcher.core.EngineExecutionOrchestrator.execute(EngineExecutionOrchestrator.java:198) ~[junit-platform-launcher-1.10.3.jar:1.10.3]
	at org.junit.platform.launcher.core.EngineExecutionOrchestrator.execute(EngineExecutionOrchestrator.java:169) ~[junit-platform-launcher-1.10.3.jar:1.10.3]
	at org.junit.platform.launcher.core.EngineExecutionOrchestrator.execute(EngineExecutionOrchestrator.java:93) ~[junit-platform-launcher-1.10.3.jar:1.10.3]
	at org.junit.platform.launcher.core.EngineExecutionOrchestrator.lambda$execute$0(EngineExecutionOrchestrator.java:58) ~[junit-platform-launcher-1.10.3.jar:1.10.3]
	at org.junit.platform.launcher.core.EngineExecutionOrchestrator.withInterceptedStreams(EngineExecutionOrchestrator.java:141) ~[junit-platform-launcher-1.10.3.jar:1.10.3]
	at org.junit.platform.launcher.core.EngineExecutionOrchestrator.execute(EngineExecutionOrchestrator.java:57) ~[junit-platform-launcher-1.10.3.jar:1.10.3]
	at org.junit.platform.launcher.core.DefaultLauncher.execute(DefaultLauncher.java:103) ~[junit-platform-launcher-1.10.3.jar:1.10.3]
	at org.junit.platform.launcher.core.DefaultLauncher.execute(DefaultLauncher.java:85) ~[junit-platform-launcher-1.10.3.jar:1.10.3]
	at org.junit.platform.launcher.core.DelegatingLauncher.execute(DelegatingLauncher.java:47) ~[junit-platform-launcher-1.10.3.jar:1.10.3]
	at org.apache.maven.surefire.junitplatform.LazyLauncher.execute(LazyLauncher.java:56) ~[surefire-junit-platform-3.2.5.jar:3.2.5]
	at org.apache.maven.surefire.junitplatform.JUnitPlatformProvider.execute(JUnitPlatformProvider.java:184) ~[surefire-junit-platform-3.2.5.jar:3.2.5]
	at org.apache.maven.surefire.junitplatform.JUnitPlatformProvider.invokeAllTests(JUnitPlatformProvider.java:148) ~[surefire-junit-platform-3.2.5.jar:3.2.5]
	at org.apache.maven.surefire.junitplatform.JUnitPlatformProvider.invoke(JUnitPlatformProvider.java:122) ~[surefire-junit-platform-3.2.5.jar:3.2.5]
	at org.apache.maven.surefire.booter.ForkedBooter.runSuitesInProcess(ForkedBooter.java:385) ~[surefire-booter-3.2.5.jar:3.2.5]
	at org.apache.maven.surefire.booter.ForkedBooter.execute(ForkedBooter.java:162) ~[surefire-booter-3.2.5.jar:3.2.5]
	at org.apache.maven.surefire.booter.ForkedBooter.run(ForkedBooter.java:507) ~[surefire-booter-3.2.5.jar:3.2.5]
	at org.apache.maven.surefire.booter.ForkedBooter.main(ForkedBooter.java:495) ~[surefire-booter-3.2.5.jar:3.2.5]

[ERROR] Tests run: 7, Failures: 0, Errors: 7, Skipped: 0, Time elapsed: 0.050 s <<< FAILURE! -- in se.inera.nll.nlllight.api.controller.PrescriptionControllerIntegrationTest
[ERROR] se.inera.nll.nlllight.api.controller.PrescriptionControllerIntegrationTest.shouldReturnEmptyWhenNoRefillEligible -- Time elapsed: 0.001 s <<< ERROR!
java.lang.IllegalStateException: ApplicationContext failure threshold (1) exceeded: skipping repeated attempt to load context for [WebMergedContextConfiguration@72bd2871 testClass = se.inera.nll.nlllight.api.controller.PrescriptionControllerIntegrationTest, locations = [], classes = [se.inera.nll.nlllight.api.NllLightApiApplication], contextInitializerClasses = [], activeProfiles = ["test"], propertySourceDescriptors = [], propertySourceProperties = ["org.springframework.boot.test.context.SpringBootTestContextBootstrapper=true"], contextCustomizers = [[ImportsContextCustomizer@77429040 key = [org.springframework.boot.test.autoconfigure.web.servlet.MockMvcWebDriverAutoConfiguration, org.springframework.boot.test.autoconfigure.web.servlet.MockMvcAutoConfiguration, org.springframework.boot.autoconfigure.security.oauth2.client.servlet.OAuth2ClientAutoConfiguration, se.inera.nll.nlllight.config.TestSecurityConfig, org.springframework.boot.autoconfigure.security.servlet.SecurityAutoConfiguration, org.springframework.boot.autoconfigure.security.servlet.SecurityFilterAutoConfiguration, org.springframework.boot.autoconfigure.security.servlet.UserDetailsServiceAutoConfiguration, org.springframework.boot.autoconfigure.security.oauth2.resource.servlet.OAuth2ResourceServerAutoConfiguration, org.springframework.boot.test.autoconfigure.web.servlet.MockMvcSecurityConfiguration, org.springframework.boot.test.autoconfigure.web.servlet.MockMvcWebClientAutoConfiguration, org.springframework.boot.test.autoconfigure.web.reactive.WebTestClientAutoConfiguration]], org.springframework.boot.test.context.filter.ExcludeFilterContextCustomizer@1f75a668, org.springframework.boot.test.json.DuplicateJsonObjectContextCustomizerFactory$DuplicateJsonObjectContextCustomizer@2812b107, org.springframework.boot.test.mock.mockito.MockitoContextCustomizer@0, org.springframework.boot.test.web.client.TestRestTemplateContextCustomizer@4eaf3684, org.springframework.boot.test.web.reactor.netty.DisableReactorResourceFactoryGlobalResourcesContextCustomizerFactory$DisableReactorResourceFactoryGlobalResourcesContextCustomizerCustomizer@4416d64f, org.springframework.boot.test.autoconfigure.actuate.observability.ObservabilityContextCustomizerFactory$DisableObservabilityContextCustomizer@1f, org.springframework.boot.test.autoconfigure.properties.PropertyMappingContextCustomizer@4b3fa0b3, org.springframework.boot.test.autoconfigure.web.servlet.WebDriverContextCustomizer@3b8f0a79, org.springframework.boot.test.context.SpringBootTestAnnotation@d0f4dd2a], resourceBasePath = "src/main/webapp", contextLoader = org.springframework.boot.test.context.SpringBootContextLoader, parent = null]
	at org.springframework.test.context.cache.DefaultCacheAwareContextLoaderDelegate.loadContext(DefaultCacheAwareContextLoaderDelegate.java:145)
	at org.springframework.test.context.support.DefaultTestContext.getApplicationContext(DefaultTestContext.java:130)
	at org.springframework.test.context.web.ServletTestExecutionListener.setUpRequestContextIfNecessary(ServletTestExecutionListener.java:191)
	at org.springframework.test.context.web.ServletTestExecutionListener.prepareTestInstance(ServletTestExecutionListener.java:130)
	at org.springframework.test.context.TestContextManager.prepareTestInstance(TestContextManager.java:260)
	at org.springframework.test.context.junit.jupiter.SpringExtension.postProcessTestInstance(SpringExtension.java:163)
	at java.base/java.util.stream.ReferencePipeline$3$1.accept(ReferencePipeline.java:197)
	at java.base/java.util.stream.ReferencePipeline$2$1.accept(ReferencePipeline.java:179)
	at java.base/java.util.ArrayList$ArrayListSpliterator.forEachRemaining(ArrayList.java:1708)
	at java.base/java.util.stream.AbstractPipeline.copyInto(AbstractPipeline.java:509)
	at java.base/java.util.stream.AbstractPipeline.wrapAndCopyInto(AbstractPipeline.java:499)
	at java.base/java.util.stream.StreamSpliterators$WrappingSpliterator.forEachRemaining(StreamSpliterators.java:310)
	at java.base/java.util.stream.Streams$ConcatSpliterator.forEachRemaining(Streams.java:735)
	at java.base/java.util.stream.Streams$ConcatSpliterator.forEachRemaining(Streams.java:734)
	at java.base/java.util.stream.ReferencePipeline$Head.forEach(ReferencePipeline.java:762)
	at java.base/java.util.Optional.orElseGet(Optional.java:364)
	at java.base/java.util.ArrayList.forEach(ArrayList.java:1596)
	at java.base/java.util.ArrayList.forEach(ArrayList.java:1596)

[ERROR] se.inera.nll.nlllight.api.controller.PrescriptionControllerIntegrationTest.shouldFilterPrescriptionsByStatus -- Time elapsed: 0 s <<< ERROR!
java.lang.IllegalStateException: ApplicationContext failure threshold (1) exceeded: skipping repeated attempt to load context for [WebMergedContextConfiguration@72bd2871 testClass = se.inera.nll.nlllight.api.controller.PrescriptionControllerIntegrationTest, locations = [], classes = [se.inera.nll.nlllight.api.NllLightApiApplication], contextInitializerClasses = [], activeProfiles = ["test"], propertySourceDescriptors = [], propertySourceProperties = ["org.springframework.boot.test.context.SpringBootTestContextBootstrapper=true"], contextCustomizers = [[ImportsContextCustomizer@77429040 key = [org.springframework.boot.test.autoconfigure.web.servlet.MockMvcWebDriverAutoConfiguration, org.springframework.boot.test.autoconfigure.web.servlet.MockMvcAutoConfiguration, org.springframework.boot.autoconfigure.security.oauth2.client.servlet.OAuth2ClientAutoConfiguration, se.inera.nll.nlllight.config.TestSecurityConfig, org.springframework.boot.autoconfigure.security.servlet.SecurityAutoConfiguration, org.springframework.boot.autoconfigure.security.servlet.SecurityFilterAutoConfiguration, org.springframework.boot.autoconfigure.security.servlet.UserDetailsServiceAutoConfiguration, org.springframework.boot.autoconfigure.security.oauth2.resource.servlet.OAuth2ResourceServerAutoConfiguration, org.springframework.boot.test.autoconfigure.web.servlet.MockMvcSecurityConfiguration, org.springframework.boot.test.autoconfigure.web.servlet.MockMvcWebClientAutoConfiguration, org.springframework.boot.test.autoconfigure.web.reactive.WebTestClientAutoConfiguration]], org.springframework.boot.test.context.filter.ExcludeFilterContextCustomizer@1f75a668, org.springframework.boot.test.json.DuplicateJsonObjectContextCustomizerFactory$DuplicateJsonObjectContextCustomizer@2812b107, org.springframework.boot.test.mock.mockito.MockitoContextCustomizer@0, org.springframework.boot.test.web.client.TestRestTemplateContextCustomizer@4eaf3684, org.springframework.boot.test.web.reactor.netty.DisableReactorResourceFactoryGlobalResourcesContextCustomizerFactory$DisableReactorResourceFactoryGlobalResourcesContextCustomizerCustomizer@4416d64f, org.springframework.boot.test.autoconfigure.actuate.observability.ObservabilityContextCustomizerFactory$DisableObservabilityContextCustomizer@1f, org.springframework.boot.test.autoconfigure.properties.PropertyMappingContextCustomizer@4b3fa0b3, org.springframework.boot.test.autoconfigure.web.servlet.WebDriverContextCustomizer@3b8f0a79, org.springframework.boot.test.context.SpringBootTestAnnotation@d0f4dd2a], resourceBasePath = "src/main/webapp", contextLoader = org.springframework.boot.test.context.SpringBootContextLoader, parent = null]
	at org.springframework.test.context.cache.DefaultCacheAwareContextLoaderDelegate.loadContext(DefaultCacheAwareContextLoaderDelegate.java:145)
	at org.springframework.test.context.support.DefaultTestContext.getApplicationContext(DefaultTestContext.java:130)
	at org.springframework.test.context.web.ServletTestExecutionListener.setUpRequestContextIfNecessary(ServletTestExecutionListener.java:191)
	at org.springframework.test.context.web.ServletTestExecutionListener.prepareTestInstance(ServletTestExecutionListener.java:130)
	at org.springframework.test.context.TestContextManager.prepareTestInstance(TestContextManager.java:260)
	at org.springframework.test.context.junit.jupiter.SpringExtension.postProcessTestInstance(SpringExtension.java:163)
	at java.base/java.util.stream.ReferencePipeline$3$1.accept(ReferencePipeline.java:197)
	at java.base/java.util.stream.ReferencePipeline$2$1.accept(ReferencePipeline.java:179)
	at java.base/java.util.ArrayList$ArrayListSpliterator.forEachRemaining(ArrayList.java:1708)
	at java.base/java.util.stream.AbstractPipeline.copyInto(AbstractPipeline.java:509)
	at java.base/java.util.stream.AbstractPipeline.wrapAndCopyInto(AbstractPipeline.java:499)
	at java.base/java.util.stream.StreamSpliterators$WrappingSpliterator.forEachRemaining(StreamSpliterators.java:310)
	at java.base/java.util.stream.Streams$ConcatSpliterator.forEachRemaining(Streams.java:735)
	at java.base/java.util.stream.Streams$ConcatSpliterator.forEachRemaining(Streams.java:734)
	at java.base/java.util.stream.ReferencePipeline$Head.forEach(ReferencePipeline.java:762)
	at java.base/java.util.Optional.orElseGet(Optional.java:364)
	at java.base/java.util.ArrayList.forEach(ArrayList.java:1596)
	at java.base/java.util.ArrayList.forEach(ArrayList.java:1596)

[ERROR] se.inera.nll.nlllight.api.controller.PrescriptionControllerIntegrationTest.shouldReturnEmptyListWhenNoPrescriptions -- Time elapsed: 0 s <<< ERROR!
java.lang.IllegalStateException: ApplicationContext failure threshold (1) exceeded: skipping repeated attempt to load context for [WebMergedContextConfiguration@72bd2871 testClass = se.inera.nll.nlllight.api.controller.PrescriptionControllerIntegrationTest, locations = [], classes = [se.inera.nll.nlllight.api.NllLightApiApplication], contextInitializerClasses = [], activeProfiles = ["test"], propertySourceDescriptors = [], propertySourceProperties = ["org.springframework.boot.test.context.SpringBootTestContextBootstrapper=true"], contextCustomizers = [[ImportsContextCustomizer@77429040 key = [org.springframework.boot.test.autoconfigure.web.servlet.MockMvcWebDriverAutoConfiguration, org.springframework.boot.test.autoconfigure.web.servlet.MockMvcAutoConfiguration, org.springframework.boot.autoconfigure.security.oauth2.client.servlet.OAuth2ClientAutoConfiguration, se.inera.nll.nlllight.config.TestSecurityConfig, org.springframework.boot.autoconfigure.security.servlet.SecurityAutoConfiguration, org.springframework.boot.autoconfigure.security.servlet.SecurityFilterAutoConfiguration, org.springframework.boot.autoconfigure.security.servlet.UserDetailsServiceAutoConfiguration, org.springframework.boot.autoconfigure.security.oauth2.resource.servlet.OAuth2ResourceServerAutoConfiguration, org.springframework.boot.test.autoconfigure.web.servlet.MockMvcSecurityConfiguration, org.springframework.boot.test.autoconfigure.web.servlet.MockMvcWebClientAutoConfiguration, org.springframework.boot.test.autoconfigure.web.reactive.WebTestClientAutoConfiguration]], org.springframework.boot.test.context.filter.ExcludeFilterContextCustomizer@1f75a668, org.springframework.boot.test.json.DuplicateJsonObjectContextCustomizerFactory$DuplicateJsonObjectContextCustomizer@2812b107, org.springframework.boot.test.mock.mockito.MockitoContextCustomizer@0, org.springframework.boot.test.web.client.TestRestTemplateContextCustomizer@4eaf3684, org.springframework.boot.test.web.reactor.netty.DisableReactorResourceFactoryGlobalResourcesContextCustomizerFactory$DisableReactorResourceFactoryGlobalResourcesContextCustomizerCustomizer@4416d64f, org.springframework.boot.test.autoconfigure.actuate.observability.ObservabilityContextCustomizerFactory$DisableObservabilityContextCustomizer@1f, org.springframework.boot.test.autoconfigure.properties.PropertyMappingContextCustomizer@4b3fa0b3, org.springframework.boot.test.autoconfigure.web.servlet.WebDriverContextCustomizer@3b8f0a79, org.springframework.boot.test.context.SpringBootTestAnnotation@d0f4dd2a], resourceBasePath = "src/main/webapp", contextLoader = org.springframework.boot.test.context.SpringBootContextLoader, parent = null]
	at org.springframework.test.context.cache.DefaultCacheAwareContextLoaderDelegate.loadContext(DefaultCacheAwareContextLoaderDelegate.java:145)
	at org.springframework.test.context.support.DefaultTestContext.getApplicationContext(DefaultTestContext.java:130)
	at org.springframework.test.context.web.ServletTestExecutionListener.setUpRequestContextIfNecessary(ServletTestExecutionListener.java:191)
	at org.springframework.test.context.web.ServletTestExecutionListener.prepareTestInstance(ServletTestExecutionListener.java:130)
	at org.springframework.test.context.TestContextManager.prepareTestInstance(TestContextManager.java:260)
	at org.springframework.test.context.junit.jupiter.SpringExtension.postProcessTestInstance(SpringExtension.java:163)
	at java.base/java.util.stream.ReferencePipeline$3$1.accept(ReferencePipeline.java:197)
	at java.base/java.util.stream.ReferencePipeline$2$1.accept(ReferencePipeline.java:179)
	at java.base/java.util.ArrayList$ArrayListSpliterator.forEachRemaining(ArrayList.java:1708)
	at java.base/java.util.stream.AbstractPipeline.copyInto(AbstractPipeline.java:509)
	at java.base/java.util.stream.AbstractPipeline.wrapAndCopyInto(AbstractPipeline.java:499)
	at java.base/java.util.stream.StreamSpliterators$WrappingSpliterator.forEachRemaining(StreamSpliterators.java:310)
	at java.base/java.util.stream.Streams$ConcatSpliterator.forEachRemaining(Streams.java:735)
	at java.base/java.util.stream.Streams$ConcatSpliterator.forEachRemaining(Streams.java:734)
	at java.base/java.util.stream.ReferencePipeline$Head.forEach(ReferencePipeline.java:762)
	at java.base/java.util.Optional.orElseGet(Optional.java:364)
	at java.base/java.util.ArrayList.forEach(ArrayList.java:1596)
	at java.base/java.util.ArrayList.forEach(ArrayList.java:1596)

[ERROR] se.inera.nll.nlllight.api.controller.PrescriptionControllerIntegrationTest.shouldReturn404WhenPrescriptionNotFound -- Time elapsed: 0.001 s <<< ERROR!
java.lang.IllegalStateException: ApplicationContext failure threshold (1) exceeded: skipping repeated attempt to load context for [WebMergedContextConfiguration@72bd2871 testClass = se.inera.nll.nlllight.api.controller.PrescriptionControllerIntegrationTest, locations = [], classes = [se.inera.nll.nlllight.api.NllLightApiApplication], contextInitializerClasses = [], activeProfiles = ["test"], propertySourceDescriptors = [], propertySourceProperties = ["org.springframework.boot.test.context.SpringBootTestContextBootstrapper=true"], contextCustomizers = [[ImportsContextCustomizer@77429040 key = [org.springframework.boot.test.autoconfigure.web.servlet.MockMvcWebDriverAutoConfiguration, org.springframework.boot.test.autoconfigure.web.servlet.MockMvcAutoConfiguration, org.springframework.boot.autoconfigure.security.oauth2.client.servlet.OAuth2ClientAutoConfiguration, se.inera.nll.nlllight.config.TestSecurityConfig, org.springframework.boot.autoconfigure.security.servlet.SecurityAutoConfiguration, org.springframework.boot.autoconfigure.security.servlet.SecurityFilterAutoConfiguration, org.springframework.boot.autoconfigure.security.servlet.UserDetailsServiceAutoConfiguration, org.springframework.boot.autoconfigure.security.oauth2.resource.servlet.OAuth2ResourceServerAutoConfiguration, org.springframework.boot.test.autoconfigure.web.servlet.MockMvcSecurityConfiguration, org.springframework.boot.test.autoconfigure.web.servlet.MockMvcWebClientAutoConfiguration, org.springframework.boot.test.autoconfigure.web.reactive.WebTestClientAutoConfiguration]], org.springframework.boot.test.context.filter.ExcludeFilterContextCustomizer@1f75a668, org.springframework.boot.test.json.DuplicateJsonObjectContextCustomizerFactory$DuplicateJsonObjectContextCustomizer@2812b107, org.springframework.boot.test.mock.mockito.MockitoContextCustomizer@0, org.springframework.boot.test.web.client.TestRestTemplateContextCustomizer@4eaf3684, org.springframework.boot.test.web.reactor.netty.DisableReactorResourceFactoryGlobalResourcesContextCustomizerFactory$DisableReactorResourceFactoryGlobalResourcesContextCustomizerCustomizer@4416d64f, org.springframework.boot.test.autoconfigure.actuate.observability.ObservabilityContextCustomizerFactory$DisableObservabilityContextCustomizer@1f, org.springframework.boot.test.autoconfigure.properties.PropertyMappingContextCustomizer@4b3fa0b3, org.springframework.boot.test.autoconfigure.web.servlet.WebDriverContextCustomizer@3b8f0a79, org.springframework.boot.test.context.SpringBootTestAnnotation@d0f4dd2a], resourceBasePath = "src/main/webapp", contextLoader = org.springframework.boot.test.context.SpringBootContextLoader, parent = null]
	at org.springframework.test.context.cache.DefaultCacheAwareContextLoaderDelegate.loadContext(DefaultCacheAwareContextLoaderDelegate.java:145)
	at org.springframework.test.context.support.DefaultTestContext.getApplicationContext(DefaultTestContext.java:130)
	at org.springframework.test.context.web.ServletTestExecutionListener.setUpRequestContextIfNecessary(ServletTestExecutionListener.java:191)
	at org.springframework.test.context.web.ServletTestExecutionListener.prepareTestInstance(ServletTestExecutionListener.java:130)
	at org.springframework.test.context.TestContextManager.prepareTestInstance(TestContextManager.java:260)
	at org.springframework.test.context.junit.jupiter.SpringExtension.postProcessTestInstance(SpringExtension.java:163)
	at java.base/java.util.stream.ReferencePipeline$3$1.accept(ReferencePipeline.java:197)
	at java.base/java.util.stream.ReferencePipeline$2$1.accept(ReferencePipeline.java:179)
	at java.base/java.util.ArrayList$ArrayListSpliterator.forEachRemaining(ArrayList.java:1708)
	at java.base/java.util.stream.AbstractPipeline.copyInto(AbstractPipeline.java:509)
	at java.base/java.util.stream.AbstractPipeline.wrapAndCopyInto(AbstractPipeline.java:499)
	at java.base/java.util.stream.StreamSpliterators$WrappingSpliterator.forEachRemaining(StreamSpliterators.java:310)
	at java.base/java.util.stream.Streams$ConcatSpliterator.forEachRemaining(Streams.java:735)
	at java.base/java.util.stream.Streams$ConcatSpliterator.forEachRemaining(Streams.java:734)
	at java.base/java.util.stream.ReferencePipeline$Head.forEach(ReferencePipeline.java:762)
	at java.base/java.util.Optional.orElseGet(Optional.java:364)
	at java.base/java.util.ArrayList.forEach(ArrayList.java:1596)
	at java.base/java.util.ArrayList.forEach(ArrayList.java:1596)

[ERROR] se.inera.nll.nlllight.api.controller.PrescriptionControllerIntegrationTest.shouldReturnRefillEligiblePrescriptions -- Time elapsed: 0 s <<< ERROR!
java.lang.IllegalStateException: ApplicationContext failure threshold (1) exceeded: skipping repeated attempt to load context for [WebMergedContextConfiguration@72bd2871 testClass = se.inera.nll.nlllight.api.controller.PrescriptionControllerIntegrationTest, locations = [], classes = [se.inera.nll.nlllight.api.NllLightApiApplication], contextInitializerClasses = [], activeProfiles = ["test"], propertySourceDescriptors = [], propertySourceProperties = ["org.springframework.boot.test.context.SpringBootTestContextBootstrapper=true"], contextCustomizers = [[ImportsContextCustomizer@77429040 key = [org.springframework.boot.test.autoconfigure.web.servlet.MockMvcWebDriverAutoConfiguration, org.springframework.boot.test.autoconfigure.web.servlet.MockMvcAutoConfiguration, org.springframework.boot.autoconfigure.security.oauth2.client.servlet.OAuth2ClientAutoConfiguration, se.inera.nll.nlllight.config.TestSecurityConfig, org.springframework.boot.autoconfigure.security.servlet.SecurityAutoConfiguration, org.springframework.boot.autoconfigure.security.servlet.SecurityFilterAutoConfiguration, org.springframework.boot.autoconfigure.security.servlet.UserDetailsServiceAutoConfiguration, org.springframework.boot.autoconfigure.security.oauth2.resource.servlet.OAuth2ResourceServerAutoConfiguration, org.springframework.boot.test.autoconfigure.web.servlet.MockMvcSecurityConfiguration, org.springframework.boot.test.autoconfigure.web.servlet.MockMvcWebClientAutoConfiguration, org.springframework.boot.test.autoconfigure.web.reactive.WebTestClientAutoConfiguration]], org.springframework.boot.test.context.filter.ExcludeFilterContextCustomizer@1f75a668, org.springframework.boot.test.json.DuplicateJsonObjectContextCustomizerFactory$DuplicateJsonObjectContextCustomizer@2812b107, org.springframework.boot.test.mock.mockito.MockitoContextCustomizer@0, org.springframework.boot.test.web.client.TestRestTemplateContextCustomizer@4eaf3684, org.springframework.boot.test.web.reactor.netty.DisableReactorResourceFactoryGlobalResourcesContextCustomizerFactory$DisableReactorResourceFactoryGlobalResourcesContextCustomizerCustomizer@4416d64f, org.springframework.boot.test.autoconfigure.actuate.observability.ObservabilityContextCustomizerFactory$DisableObservabilityContextCustomizer@1f, org.springframework.boot.test.autoconfigure.properties.PropertyMappingContextCustomizer@4b3fa0b3, org.springframework.boot.test.autoconfigure.web.servlet.WebDriverContextCustomizer@3b8f0a79, org.springframework.boot.test.context.SpringBootTestAnnotation@d0f4dd2a], resourceBasePath = "src/main/webapp", contextLoader = org.springframework.boot.test.context.SpringBootContextLoader, parent = null]
	at org.springframework.test.context.cache.DefaultCacheAwareContextLoaderDelegate.loadContext(DefaultCacheAwareContextLoaderDelegate.java:145)
	at org.springframework.test.context.support.DefaultTestContext.getApplicationContext(DefaultTestContext.java:130)
	at org.springframework.test.context.web.ServletTestExecutionListener.setUpRequestContextIfNecessary(ServletTestExecutionListener.java:191)
	at org.springframework.test.context.web.ServletTestExecutionListener.prepareTestInstance(ServletTestExecutionListener.java:130)
	at org.springframework.test.context.TestContextManager.prepareTestInstance(TestContextManager.java:260)
	at org.springframework.test.context.junit.jupiter.SpringExtension.postProcessTestInstance(SpringExtension.java:163)
	at java.base/java.util.stream.ReferencePipeline$3$1.accept(ReferencePipeline.java:197)
	at java.base/java.util.stream.ReferencePipeline$2$1.accept(ReferencePipeline.java:179)
	at java.base/java.util.ArrayList$ArrayListSpliterator.forEachRemaining(ArrayList.java:1708)
	at java.base/java.util.stream.AbstractPipeline.copyInto(AbstractPipeline.java:509)
	at java.base/java.util.stream.AbstractPipeline.wrapAndCopyInto(AbstractPipeline.java:499)
	at java.base/java.util.stream.StreamSpliterators$WrappingSpliterator.forEachRemaining(StreamSpliterators.java:310)
	at java.base/java.util.stream.Streams$ConcatSpliterator.forEachRemaining(Streams.java:735)
	at java.base/java.util.stream.Streams$ConcatSpliterator.forEachRemaining(Streams.java:734)
	at java.base/java.util.stream.ReferencePipeline$Head.forEach(ReferencePipeline.java:762)
	at java.base/java.util.Optional.orElseGet(Optional.java:364)
	at java.base/java.util.ArrayList.forEach(ArrayList.java:1596)
	at java.base/java.util.ArrayList.forEach(ArrayList.java:1596)

[ERROR] se.inera.nll.nlllight.api.controller.PrescriptionControllerIntegrationTest.shouldReturnAllActivePrescriptionsForPatient -- Time elapsed: 0.001 s <<< ERROR!
java.lang.IllegalStateException: ApplicationContext failure threshold (1) exceeded: skipping repeated attempt to load context for [WebMergedContextConfiguration@72bd2871 testClass = se.inera.nll.nlllight.api.controller.PrescriptionControllerIntegrationTest, locations = [], classes = [se.inera.nll.nlllight.api.NllLightApiApplication], contextInitializerClasses = [], activeProfiles = ["test"], propertySourceDescriptors = [], propertySourceProperties = ["org.springframework.boot.test.context.SpringBootTestContextBootstrapper=true"], contextCustomizers = [[ImportsContextCustomizer@77429040 key = [org.springframework.boot.test.autoconfigure.web.servlet.MockMvcWebDriverAutoConfiguration, org.springframework.boot.test.autoconfigure.web.servlet.MockMvcAutoConfiguration, org.springframework.boot.autoconfigure.security.oauth2.client.servlet.OAuth2ClientAutoConfiguration, se.inera.nll.nlllight.config.TestSecurityConfig, org.springframework.boot.autoconfigure.security.servlet.SecurityAutoConfiguration, org.springframework.boot.autoconfigure.security.servlet.SecurityFilterAutoConfiguration, org.springframework.boot.autoconfigure.security.servlet.UserDetailsServiceAutoConfiguration, org.springframework.boot.autoconfigure.security.oauth2.resource.servlet.OAuth2ResourceServerAutoConfiguration, org.springframework.boot.test.autoconfigure.web.servlet.MockMvcSecurityConfiguration, org.springframework.boot.test.autoconfigure.web.servlet.MockMvcWebClientAutoConfiguration, org.springframework.boot.test.autoconfigure.web.reactive.WebTestClientAutoConfiguration]], org.springframework.boot.test.context.filter.ExcludeFilterContextCustomizer@1f75a668, org.springframework.boot.test.json.DuplicateJsonObjectContextCustomizerFactory$DuplicateJsonObjectContextCustomizer@2812b107, org.springframework.boot.test.mock.mockito.MockitoContextCustomizer@0, org.springframework.boot.test.web.client.TestRestTemplateContextCustomizer@4eaf3684, org.springframework.boot.test.web.reactor.netty.DisableReactorResourceFactoryGlobalResourcesContextCustomizerFactory$DisableReactorResourceFactoryGlobalResourcesContextCustomizerCustomizer@4416d64f, org.springframework.boot.test.autoconfigure.actuate.observability.ObservabilityContextCustomizerFactory$DisableObservabilityContextCustomizer@1f, org.springframework.boot.test.autoconfigure.properties.PropertyMappingContextCustomizer@4b3fa0b3, org.springframework.boot.test.autoconfigure.web.servlet.WebDriverContextCustomizer@3b8f0a79, org.springframework.boot.test.context.SpringBootTestAnnotation@d0f4dd2a], resourceBasePath = "src/main/webapp", contextLoader = org.springframework.boot.test.context.SpringBootContextLoader, parent = null]
	at org.springframework.test.context.cache.DefaultCacheAwareContextLoaderDelegate.loadContext(DefaultCacheAwareContextLoaderDelegate.java:145)
	at org.springframework.test.context.support.DefaultTestContext.getApplicationContext(DefaultTestContext.java:130)
	at org.springframework.test.context.web.ServletTestExecutionListener.setUpRequestContextIfNecessary(ServletTestExecutionListener.java:191)
	at org.springframework.test.context.web.ServletTestExecutionListener.prepareTestInstance(ServletTestExecutionListener.java:130)
	at org.springframework.test.context.TestContextManager.prepareTestInstance(TestContextManager.java:260)
	at org.springframework.test.context.junit.jupiter.SpringExtension.postProcessTestInstance(SpringExtension.java:163)
	at java.base/java.util.stream.ReferencePipeline$3$1.accept(ReferencePipeline.java:197)
	at java.base/java.util.stream.ReferencePipeline$2$1.accept(ReferencePipeline.java:179)
	at java.base/java.util.ArrayList$ArrayListSpliterator.forEachRemaining(ArrayList.java:1708)
	at java.base/java.util.stream.AbstractPipeline.copyInto(AbstractPipeline.java:509)
	at java.base/java.util.stream.AbstractPipeline.wrapAndCopyInto(AbstractPipeline.java:499)
	at java.base/java.util.stream.StreamSpliterators$WrappingSpliterator.forEachRemaining(StreamSpliterators.java:310)
	at java.base/java.util.stream.Streams$ConcatSpliterator.forEachRemaining(Streams.java:735)
	at java.base/java.util.stream.Streams$ConcatSpliterator.forEachRemaining(Streams.java:734)
	at java.base/java.util.stream.ReferencePipeline$Head.forEach(ReferencePipeline.java:762)
	at java.base/java.util.Optional.orElseGet(Optional.java:364)
	at java.base/java.util.ArrayList.forEach(ArrayList.java:1596)
	at java.base/java.util.ArrayList.forEach(ArrayList.java:1596)

[ERROR] se.inera.nll.nlllight.api.controller.PrescriptionControllerIntegrationTest.shouldReturnPrescriptionDetails -- Time elapsed: 0.001 s <<< ERROR!
java.lang.IllegalStateException: ApplicationContext failure threshold (1) exceeded: skipping repeated attempt to load context for [WebMergedContextConfiguration@72bd2871 testClass = se.inera.nll.nlllight.api.controller.PrescriptionControllerIntegrationTest, locations = [], classes = [se.inera.nll.nlllight.api.NllLightApiApplication], contextInitializerClasses = [], activeProfiles = ["test"], propertySourceDescriptors = [], propertySourceProperties = ["org.springframework.boot.test.context.SpringBootTestContextBootstrapper=true"], contextCustomizers = [[ImportsContextCustomizer@77429040 key = [org.springframework.boot.test.autoconfigure.web.servlet.MockMvcWebDriverAutoConfiguration, org.springframework.boot.test.autoconfigure.web.servlet.MockMvcAutoConfiguration, org.springframework.boot.autoconfigure.security.oauth2.client.servlet.OAuth2ClientAutoConfiguration, se.inera.nll.nlllight.config.TestSecurityConfig, org.springframework.boot.autoconfigure.security.servlet.SecurityAutoConfiguration, org.springframework.boot.autoconfigure.security.servlet.SecurityFilterAutoConfiguration, org.springframework.boot.autoconfigure.security.servlet.UserDetailsServiceAutoConfiguration, org.springframework.boot.autoconfigure.security.oauth2.resource.servlet.OAuth2ResourceServerAutoConfiguration, org.springframework.boot.test.autoconfigure.web.servlet.MockMvcSecurityConfiguration, org.springframework.boot.test.autoconfigure.web.servlet.MockMvcWebClientAutoConfiguration, org.springframework.boot.test.autoconfigure.web.reactive.WebTestClientAutoConfiguration]], org.springframework.boot.test.context.filter.ExcludeFilterContextCustomizer@1f75a668, org.springframework.boot.test.json.DuplicateJsonObjectContextCustomizerFactory$DuplicateJsonObjectContextCustomizer@2812b107, org.springframework.boot.test.mock.mockito.MockitoContextCustomizer@0, org.springframework.boot.test.web.client.TestRestTemplateContextCustomizer@4eaf3684, org.springframework.boot.test.web.reactor.netty.DisableReactorResourceFactoryGlobalResourcesContextCustomizerFactory$DisableReactorResourceFactoryGlobalResourcesContextCustomizerCustomizer@4416d64f, org.springframework.boot.test.autoconfigure.actuate.observability.ObservabilityContextCustomizerFactory$DisableObservabilityContextCustomizer@1f, org.springframework.boot.test.autoconfigure.properties.PropertyMappingContextCustomizer@4b3fa0b3, org.springframework.boot.test.autoconfigure.web.servlet.WebDriverContextCustomizer@3b8f0a79, org.springframework.boot.test.context.SpringBootTestAnnotation@d0f4dd2a], resourceBasePath = "src/main/webapp", contextLoader = org.springframework.boot.test.context.SpringBootContextLoader, parent = null]
	at org.springframework.test.context.cache.DefaultCacheAwareContextLoaderDelegate.loadContext(DefaultCacheAwareContextLoaderDelegate.java:145)
	at org.springframework.test.context.support.DefaultTestContext.getApplicationContext(DefaultTestContext.java:130)
	at org.springframework.test.context.web.ServletTestExecutionListener.setUpRequestContextIfNecessary(ServletTestExecutionListener.java:191)
	at org.springframework.test.context.web.ServletTestExecutionListener.prepareTestInstance(ServletTestExecutionListener.java:130)
	at org.springframework.test.context.TestContextManager.prepareTestInstance(TestContextManager.java:260)
	at org.springframework.test.context.junit.jupiter.SpringExtension.postProcessTestInstance(SpringExtension.java:163)
	at java.base/java.util.stream.ReferencePipeline$3$1.accept(ReferencePipeline.java:197)
	at java.base/java.util.stream.ReferencePipeline$2$1.accept(ReferencePipeline.java:179)
	at java.base/java.util.ArrayList$ArrayListSpliterator.forEachRemaining(ArrayList.java:1708)
	at java.base/java.util.stream.AbstractPipeline.copyInto(AbstractPipeline.java:509)
	at java.base/java.util.stream.AbstractPipeline.wrapAndCopyInto(AbstractPipeline.java:499)
	at java.base/java.util.stream.StreamSpliterators$WrappingSpliterator.forEachRemaining(StreamSpliterators.java:310)
	at java.base/java.util.stream.Streams$ConcatSpliterator.forEachRemaining(Streams.java:735)
	at java.base/java.util.stream.Streams$ConcatSpliterator.forEachRemaining(Streams.java:734)
	at java.base/java.util.stream.ReferencePipeline$Head.forEach(ReferencePipeline.java:762)
	at java.base/java.util.Optional.orElseGet(Optional.java:364)
	at java.base/java.util.ArrayList.forEach(ArrayList.java:1596)
	at java.base/java.util.ArrayList.forEach(ArrayList.java:1596)

[INFO] Running se.inera.nll.nlllight.api.medication.MedicationControllerTest
2025-10-12T09:06:31.329Z  INFO 144 --- [nll-light-api-test] [           main] t.c.s.AnnotationConfigContextLoaderUtils : Could not detect default configuration classes for test class [se.inera.nll.nlllight.api.medication.MedicationControllerTest]: MedicationControllerTest does not declare any static, non-private, non-final, nested classes annotated with @Configuration.
2025-10-12T09:06:31.570Z  INFO 144 --- [nll-light-api-test] [           main] .b.t.c.SpringBootTestContextBootstrapper : Found @SpringBootConfiguration se.inera.nll.nlllight.api.NllLightApiApplication for test class se.inera.nll.nlllight.api.medication.MedicationControllerTest

  .   ____          _            __ _ _
 /\\ / ___'_ __ _ _(_)_ __  __ _ \ \ \ \
( ( )\___ | '_ | '_| | '_ \/ _` | \ \ \ \
 \\/  ___)| |_)| | | | | || (_| |  ) ) ) )
  '  |____| .__|_| |_|_| |_\__, | / / / /
 =========|_|==============|___/=/_/_/_/

 :: Spring Boot ::                (v3.3.3)

2025-10-12T09:06:31.724Z  INFO 144 --- [medication-api] [           main] s.i.n.n.a.m.MedicationControllerTest     : Starting MedicationControllerTest using Java 21.0.7 with PID 144 (started by root in /src/medication-api)
2025-10-12T09:06:31.725Z  INFO 144 --- [medication-api] [           main] s.i.n.n.a.m.MedicationControllerTest     : No active profile set, falling back to 1 default profile: "default"
2025-10-12T09:06:34.468Z  INFO 144 --- [medication-api] [           main] .s.d.r.c.RepositoryConfigurationDelegate : Bootstrapping Spring Data JPA repositories in DEFAULT mode.
2025-10-12T09:06:34.966Z  INFO 144 --- [medication-api] [           main] .s.d.r.c.RepositoryConfigurationDelegate : Finished Spring Data repository scanning in 470 ms. Found 5 JPA repository interfaces.
2025-10-12T09:06:39.996Z  INFO 144 --- [medication-api] [           main] o.s.b.w.embedded.tomcat.TomcatWebServer  : Tomcat initialized with port 0 (http)
2025-10-12T09:06:40.040Z  INFO 144 --- [medication-api] [           main] o.apache.catalina.core.StandardService   : Starting service [Tomcat]
2025-10-12T09:06:40.041Z  INFO 144 --- [medication-api] [           main] o.apache.catalina.core.StandardEngine    : Starting Servlet engine: [Apache Tomcat/10.1.28]
2025-10-12T09:06:40.199Z  INFO 144 --- [medication-api] [           main] o.a.c.c.C.[Tomcat].[localhost].[/]       : Initializing Spring embedded WebApplicationContext
2025-10-12T09:06:40.200Z  INFO 144 --- [medication-api] [           main] w.s.c.ServletWebServerApplicationContext : Root WebApplicationContext: initialization completed in 8467 ms
2025-10-12T09:06:40.957Z  WARN 144 --- [medication-api] [           main] ConfigServletWebServerApplicationContext : Exception encountered during context initialization - cancelling refresh attempt: org.springframework.beans.factory.BeanCreationException: Error creating bean with name 'entityManagerFactory' defined in class path resource [org/springframework/boot/autoconfigure/orm/jpa/HibernateJpaConfiguration.class]: Failed to initialize dependency 'flyway' of LoadTimeWeaverAware bean 'entityManagerFactory': Error creating bean with name 'flyway' defined in class path resource [org/springframework/boot/autoconfigure/flyway/FlywayAutoConfiguration$FlywayConfiguration.class]: Circular depends-on relationship between 'flyway' and 'entityManagerFactory'
2025-10-12T09:06:40.958Z  INFO 144 --- [medication-api] [           main] o.apache.catalina.core.StandardService   : Stopping service [Tomcat]
2025-10-12T09:06:41.004Z  INFO 144 --- [medication-api] [           main] .s.b.a.l.ConditionEvaluationReportLogger : 

Error starting ApplicationContext. To display the condition evaluation report re-run your application with 'debug' enabled.
2025-10-12T09:06:41.009Z ERROR 144 --- [medication-api] [           main] o.s.boot.SpringApplication               : Application run failed

org.springframework.beans.factory.BeanCreationException: Error creating bean with name 'entityManagerFactory' defined in class path resource [org/springframework/boot/autoconfigure/orm/jpa/HibernateJpaConfiguration.class]: Failed to initialize dependency 'flyway' of LoadTimeWeaverAware bean 'entityManagerFactory': Error creating bean with name 'flyway' defined in class path resource [org/springframework/boot/autoconfigure/flyway/FlywayAutoConfiguration$FlywayConfiguration.class]: Circular depends-on relationship between 'flyway' and 'entityManagerFactory'
	at org.springframework.beans.factory.support.AbstractBeanFactory.doGetBean(AbstractBeanFactory.java:326) ~[spring-beans-6.1.12.jar:6.1.12]
	at org.springframework.beans.factory.support.AbstractBeanFactory.getBean(AbstractBeanFactory.java:205) ~[spring-beans-6.1.12.jar:6.1.12]
	at org.springframework.context.support.AbstractApplicationContext.finishBeanFactoryInitialization(AbstractApplicationContext.java:954) ~[spring-context-6.1.12.jar:6.1.12]
	at org.springframework.context.support.AbstractApplicationContext.refresh(AbstractApplicationContext.java:625) ~[spring-context-6.1.12.jar:6.1.12]
	at org.springframework.boot.web.servlet.context.ServletWebServerApplicationContext.refresh(ServletWebServerApplicationContext.java:146) ~[spring-boot-3.3.3.jar:3.3.3]
	at org.springframework.boot.SpringApplication.refresh(SpringApplication.java:754) ~[spring-boot-3.3.3.jar:3.3.3]
	at org.springframework.boot.SpringApplication.refreshContext(SpringApplication.java:456) ~[spring-boot-3.3.3.jar:3.3.3]
	at org.springframework.boot.SpringApplication.run(SpringApplication.java:335) ~[spring-boot-3.3.3.jar:3.3.3]
	at org.springframework.boot.test.context.SpringBootContextLoader.lambda$loadContext$3(SpringBootContextLoader.java:137) ~[spring-boot-test-3.3.3.jar:3.3.3]
	at org.springframework.util.function.ThrowingSupplier.get(ThrowingSupplier.java:58) ~[spring-core-6.1.12.jar:6.1.12]
	at org.springframework.util.function.ThrowingSupplier.get(ThrowingSupplier.java:46) ~[spring-core-6.1.12.jar:6.1.12]
	at org.springframework.boot.SpringApplication.withHook(SpringApplication.java:1463) ~[spring-boot-3.3.3.jar:3.3.3]
	at org.springframework.boot.test.context.SpringBootContextLoader$ContextLoaderHook.run(SpringBootContextLoader.java:553) ~[spring-boot-test-3.3.3.jar:3.3.3]
	at org.springframework.boot.test.context.SpringBootContextLoader.loadContext(SpringBootContextLoader.java:137) ~[spring-boot-test-3.3.3.jar:3.3.3]
	at org.springframework.boot.test.context.SpringBootContextLoader.loadContext(SpringBootContextLoader.java:108) ~[spring-boot-test-3.3.3.jar:3.3.3]
	at org.springframework.test.context.cache.DefaultCacheAwareContextLoaderDelegate.loadContextInternal(DefaultCacheAwareContextLoaderDelegate.java:225) ~[spring-test-6.1.12.jar:6.1.12]
	at org.springframework.test.context.cache.DefaultCacheAwareContextLoaderDelegate.loadContext(DefaultCacheAwareContextLoaderDelegate.java:152) ~[spring-test-6.1.12.jar:6.1.12]
	at org.springframework.test.context.support.DefaultTestContext.getApplicationContext(DefaultTestContext.java:130) ~[spring-test-6.1.12.jar:6.1.12]
	at org.springframework.test.context.support.DependencyInjectionTestExecutionListener.injectDependencies(DependencyInjectionTestExecutionListener.java:142) ~[spring-test-6.1.12.jar:6.1.12]
	at org.springframework.test.context.support.DependencyInjectionTestExecutionListener.prepareTestInstance(DependencyInjectionTestExecutionListener.java:98) ~[spring-test-6.1.12.jar:6.1.12]
	at org.springframework.test.context.TestContextManager.prepareTestInstance(TestContextManager.java:260) ~[spring-test-6.1.12.jar:6.1.12]
	at org.springframework.test.context.junit.jupiter.SpringExtension.postProcessTestInstance(SpringExtension.java:163) ~[spring-test-6.1.12.jar:6.1.12]
	at org.junit.jupiter.engine.descriptor.ClassBasedTestDescriptor.lambda$invokeTestInstancePostProcessors$10(ClassBasedTestDescriptor.java:378) ~[junit-jupiter-engine-5.10.3.jar:5.10.3]
	at org.junit.jupiter.engine.descriptor.ClassBasedTestDescriptor.executeAndMaskThrowable(ClassBasedTestDescriptor.java:383) ~[junit-jupiter-engine-5.10.3.jar:5.10.3]
	at org.junit.jupiter.engine.descriptor.ClassBasedTestDescriptor.lambda$invokeTestInstancePostProcessors$11(ClassBasedTestDescriptor.java:378) ~[junit-jupiter-engine-5.10.3.jar:5.10.3]
	at java.base/java.util.stream.ReferencePipeline$3$1.accept(ReferencePipeline.java:197) ~[na:na]
	at java.base/java.util.stream.ReferencePipeline$2$1.accept(ReferencePipeline.java:179) ~[na:na]
	at java.base/java.util.ArrayList$ArrayListSpliterator.forEachRemaining(ArrayList.java:1708) ~[na:na]
	at java.base/java.util.stream.AbstractPipeline.copyInto(AbstractPipeline.java:509) ~[na:na]
	at java.base/java.util.stream.AbstractPipeline.wrapAndCopyInto(AbstractPipeline.java:499) ~[na:na]
	at java.base/java.util.stream.StreamSpliterators$WrappingSpliterator.forEachRemaining(StreamSpliterators.java:310) ~[na:na]
	at java.base/java.util.stream.Streams$ConcatSpliterator.forEachRemaining(Streams.java:735) ~[na:na]
	at java.base/java.util.stream.Streams$ConcatSpliterator.forEachRemaining(Streams.java:734) ~[na:na]
	at java.base/java.util.stream.ReferencePipeline$Head.forEach(ReferencePipeline.java:762) ~[na:na]
	at org.junit.jupiter.engine.descriptor.ClassBasedTestDescriptor.invokeTestInstancePostProcessors(ClassBasedTestDescriptor.java:377) ~[junit-jupiter-engine-5.10.3.jar:5.10.3]
	at org.junit.jupiter.engine.descriptor.ClassBasedTestDescriptor.lambda$instantiateAndPostProcessTestInstance$6(ClassBasedTestDescriptor.java:290) ~[junit-jupiter-engine-5.10.3.jar:5.10.3]
	at org.junit.platform.engine.support.hierarchical.ThrowableCollector.execute(ThrowableCollector.java:73) ~[junit-platform-engine-1.10.3.jar:1.10.3]
	at org.junit.jupiter.engine.descriptor.ClassBasedTestDescriptor.instantiateAndPostProcessTestInstance(ClassBasedTestDescriptor.java:289) ~[junit-jupiter-engine-5.10.3.jar:5.10.3]
	at org.junit.jupiter.engine.descriptor.ClassBasedTestDescriptor.lambda$testInstancesProvider$4(ClassBasedTestDescriptor.java:279) ~[junit-jupiter-engine-5.10.3.jar:5.10.3]
	at java.base/java.util.Optional.orElseGet(Optional.java:364) ~[na:na]
	at org.junit.jupiter.engine.descriptor.ClassBasedTestDescriptor.lambda$testInstancesProvider$5(ClassBasedTestDescriptor.java:278) ~[junit-jupiter-engine-5.10.3.jar:5.10.3]
	at org.junit.jupiter.engine.execution.TestInstancesProvider.getTestInstances(TestInstancesProvider.java:31) ~[junit-jupiter-engine-5.10.3.jar:5.10.3]
	at org.junit.jupiter.engine.descriptor.TestMethodTestDescriptor.lambda$prepare$0(TestMethodTestDescriptor.java:106) ~[junit-jupiter-engine-5.10.3.jar:5.10.3]
	at org.junit.platform.engine.support.hierarchical.ThrowableCollector.execute(ThrowableCollector.java:73) ~[junit-platform-engine-1.10.3.jar:1.10.3]
	at org.junit.jupiter.engine.descriptor.TestMethodTestDescriptor.prepare(TestMethodTestDescriptor.java:105) ~[junit-jupiter-engine-5.10.3.jar:5.10.3]
	at org.junit.jupiter.engine.descriptor.TestMethodTestDescriptor.prepare(TestMethodTestDescriptor.java:69) ~[junit-jupiter-engine-5.10.3.jar:5.10.3]
	at org.junit.platform.engine.support.hierarchical.NodeTestTask.lambda$prepare$2(NodeTestTask.java:123) ~[junit-platform-engine-1.10.3.jar:1.10.3]
	at org.junit.platform.engine.support.hierarchical.ThrowableCollector.execute(ThrowableCollector.java:73) ~[junit-platform-engine-1.10.3.jar:1.10.3]
	at org.junit.platform.engine.support.hierarchical.NodeTestTask.prepare(NodeTestTask.java:123) ~[junit-platform-engine-1.10.3.jar:1.10.3]
	at org.junit.platform.engine.support.hierarchical.NodeTestTask.execute(NodeTestTask.java:90) ~[junit-platform-engine-1.10.3.jar:1.10.3]
	at java.base/java.util.ArrayList.forEach(ArrayList.java:1596) ~[na:na]
	at org.junit.platform.engine.support.hierarchical.SameThreadHierarchicalTestExecutorService.invokeAll(SameThreadHierarchicalTestExecutorService.java:41) ~[junit-platform-engine-1.10.3.jar:1.10.3]
	at org.junit.platform.engine.support.hierarchical.NodeTestTask.lambda$executeRecursively$6(NodeTestTask.java:155) ~[junit-platform-engine-1.10.3.jar:1.10.3]
	at org.junit.platform.engine.support.hierarchical.ThrowableCollector.execute(ThrowableCollector.java:73) ~[junit-platform-engine-1.10.3.jar:1.10.3]
	at org.junit.platform.engine.support.hierarchical.NodeTestTask.lambda$executeRecursively$8(NodeTestTask.java:141) ~[junit-platform-engine-1.10.3.jar:1.10.3]
	at org.junit.platform.engine.support.hierarchical.Node.around(Node.java:137) ~[junit-platform-engine-1.10.3.jar:1.10.3]
	at org.junit.platform.engine.support.hierarchical.NodeTestTask.lambda$executeRecursively$9(NodeTestTask.java:139) ~[junit-platform-engine-1.10.3.jar:1.10.3]
	at org.junit.platform.engine.support.hierarchical.ThrowableCollector.execute(ThrowableCollector.java:73) ~[junit-platform-engine-1.10.3.jar:1.10.3]
	at org.junit.platform.engine.support.hierarchical.NodeTestTask.executeRecursively(NodeTestTask.java:138) ~[junit-platform-engine-1.10.3.jar:1.10.3]
	at org.junit.platform.engine.support.hierarchical.NodeTestTask.execute(NodeTestTask.java:95) ~[junit-platform-engine-1.10.3.jar:1.10.3]
	at java.base/java.util.ArrayList.forEach(ArrayList.java:1596) ~[na:na]
	at org.junit.platform.engine.support.hierarchical.SameThreadHierarchicalTestExecutorService.invokeAll(SameThreadHierarchicalTestExecutorService.java:41) ~[junit-platform-engine-1.10.3.jar:1.10.3]
	at org.junit.platform.engine.support.hierarchical.NodeTestTask.lambda$executeRecursively$6(NodeTestTask.java:155) ~[junit-platform-engine-1.10.3.jar:1.10.3]
	at org.junit.platform.engine.support.hierarchical.ThrowableCollector.execute(ThrowableCollector.java:73) ~[junit-platform-engine-1.10.3.jar:1.10.3]
	at org.junit.platform.engine.support.hierarchical.NodeTestTask.lambda$executeRecursively$8(NodeTestTask.java:141) ~[junit-platform-engine-1.10.3.jar:1.10.3]
	at org.junit.platform.engine.support.hierarchical.Node.around(Node.java:137) ~[junit-platform-engine-1.10.3.jar:1.10.3]
	at org.junit.platform.engine.support.hierarchical.NodeTestTask.lambda$executeRecursively$9(NodeTestTask.java:139) ~[junit-platform-engine-1.10.3.jar:1.10.3]
	at org.junit.platform.engine.support.hierarchical.ThrowableCollector.execute(ThrowableCollector.java:73) ~[junit-platform-engine-1.10.3.jar:1.10.3]
	at org.junit.platform.engine.support.hierarchical.NodeTestTask.executeRecursively(NodeTestTask.java:138) ~[junit-platform-engine-1.10.3.jar:1.10.3]
	at org.junit.platform.engine.support.hierarchical.NodeTestTask.execute(NodeTestTask.java:95) ~[junit-platform-engine-1.10.3.jar:1.10.3]
	at org.junit.platform.engine.support.hierarchical.SameThreadHierarchicalTestExecutorService.submit(SameThreadHierarchicalTestExecutorService.java:35) ~[junit-platform-engine-1.10.3.jar:1.10.3]
	at org.junit.platform.engine.support.hierarchical.HierarchicalTestExecutor.execute(HierarchicalTestExecutor.java:57) ~[junit-platform-engine-1.10.3.jar:1.10.3]
	at org.junit.platform.engine.support.hierarchical.HierarchicalTestEngine.execute(HierarchicalTestEngine.java:54) ~[junit-platform-engine-1.10.3.jar:1.10.3]
	at org.junit.platform.launcher.core.EngineExecutionOrchestrator.execute(EngineExecutionOrchestrator.java:198) ~[junit-platform-launcher-1.10.3.jar:1.10.3]
	at org.junit.platform.launcher.core.EngineExecutionOrchestrator.execute(EngineExecutionOrchestrator.java:169) ~[junit-platform-launcher-1.10.3.jar:1.10.3]
	at org.junit.platform.launcher.core.EngineExecutionOrchestrator.execute(EngineExecutionOrchestrator.java:93) ~[junit-platform-launcher-1.10.3.jar:1.10.3]
	at org.junit.platform.launcher.core.EngineExecutionOrchestrator.lambda$execute$0(EngineExecutionOrchestrator.java:58) ~[junit-platform-launcher-1.10.3.jar:1.10.3]



============================
CONDITIONS EVALUATION REPORT
============================


Positive matches:
-----------------

    None


Negative matches:
-----------------

    None


Exclusions:
-----------

    None


Unconditional classes:
----------------------

    None



	at org.junit.platform.launcher.core.EngineExecutionOrchestrator.withInterceptedStreams(EngineExecutionOrchestrator.java:141) ~[junit-platform-launcher-1.10.3.jar:1.10.3]
	at org.junit.platform.launcher.core.EngineExecutionOrchestrator.execute(EngineExecutionOrchestrator.java:57) ~[junit-platform-launcher-1.10.3.jar:1.10.3]
	at org.junit.platform.launcher.core.DefaultLauncher.execute(DefaultLauncher.java:103) ~[junit-platform-launcher-1.10.3.jar:1.10.3]
	at org.junit.platform.launcher.core.DefaultLauncher.execute(DefaultLauncher.java:85) ~[junit-platform-launcher-1.10.3.jar:1.10.3]
	at org.junit.platform.launcher.core.DelegatingLauncher.execute(DelegatingLauncher.java:47) ~[junit-platform-launcher-1.10.3.jar:1.10.3]
	at org.apache.maven.surefire.junitplatform.LazyLauncher.execute(LazyLauncher.java:56) ~[surefire-junit-platform-3.2.5.jar:3.2.5]
	at org.apache.maven.surefire.junitplatform.JUnitPlatformProvider.execute(JUnitPlatformProvider.java:184) ~[surefire-junit-platform-3.2.5.jar:3.2.5]
	at org.apache.maven.surefire.junitplatform.JUnitPlatformProvider.invokeAllTests(JUnitPlatformProvider.java:148) ~[surefire-junit-platform-3.2.5.jar:3.2.5]
	at org.apache.maven.surefire.junitplatform.JUnitPlatformProvider.invoke(JUnitPlatformProvider.java:122) ~[surefire-junit-platform-3.2.5.jar:3.2.5]
	at org.apache.maven.surefire.booter.ForkedBooter.runSuitesInProcess(ForkedBooter.java:385) ~[surefire-booter-3.2.5.jar:3.2.5]
	at org.apache.maven.surefire.booter.ForkedBooter.execute(ForkedBooter.java:162) ~[surefire-booter-3.2.5.jar:3.2.5]
	at org.apache.maven.surefire.booter.ForkedBooter.run(ForkedBooter.java:507) ~[surefire-booter-3.2.5.jar:3.2.5]
	at org.apache.maven.surefire.booter.ForkedBooter.main(ForkedBooter.java:495) ~[surefire-booter-3.2.5.jar:3.2.5]
Caused by: org.springframework.beans.factory.BeanCreationException: Error creating bean with name 'flyway' defined in class path resource [org/springframework/boot/autoconfigure/flyway/FlywayAutoConfiguration$FlywayConfiguration.class]: Circular depends-on relationship between 'flyway' and 'entityManagerFactory'
	at org.springframework.beans.factory.support.AbstractBeanFactory.doGetBean(AbstractBeanFactory.java:308) ~[spring-beans-6.1.12.jar:6.1.12]
	at org.springframework.beans.factory.support.AbstractBeanFactory.getBean(AbstractBeanFactory.java:200) ~[spring-beans-6.1.12.jar:6.1.12]
	at org.springframework.beans.factory.support.AbstractBeanFactory.doGetBean(AbstractBeanFactory.java:313) ~[spring-beans-6.1.12.jar:6.1.12]
	... 89 common frames omitted

2025-10-12T09:06:41.012Z  WARN 144 --- [medication-api] [           main] o.s.test.context.TestContextManager      : Caught exception while allowing TestExecutionListener [org.springframework.test.context.support.DependencyInjectionTestExecutionListener] to prepare test instance [se.inera.nll.nlllight.api.medication.MedicationControllerTest@568c9ee1]

java.lang.IllegalStateException: Failed to load ApplicationContext for [WebMergedContextConfiguration@6ba08a09 testClass = se.inera.nll.nlllight.api.medication.MedicationControllerTest, locations = [], classes = [se.inera.nll.nlllight.api.NllLightApiApplication], contextInitializerClasses = [], activeProfiles = [], propertySourceDescriptors = [], propertySourceProperties = ["org.springframework.boot.test.context.SpringBootTestContextBootstrapper=true", "server.port=0"], contextCustomizers = [org.springframework.boot.test.context.filter.ExcludeFilterContextCustomizer@1f75a668, org.springframework.boot.test.json.DuplicateJsonObjectContextCustomizerFactory$DuplicateJsonObjectContextCustomizer@2812b107, org.springframework.boot.test.mock.mockito.MockitoContextCustomizer@0, org.springframework.boot.test.web.client.TestRestTemplateContextCustomizer@4eaf3684, org.springframework.boot.test.web.reactor.netty.DisableReactorResourceFactoryGlobalResourcesContextCustomizerFactory$DisableReactorResourceFactoryGlobalResourcesContextCustomizerCustomizer@4416d64f, org.springframework.boot.test.autoconfigure.actuate.observability.ObservabilityContextCustomizerFactory$DisableObservabilityContextCustomizer@1f, org.springframework.boot.test.autoconfigure.properties.PropertyMappingContextCustomizer@0, org.springframework.boot.test.autoconfigure.web.servlet.WebDriverContextCustomizer@3b8f0a79, org.springframework.boot.test.context.SpringBootTestAnnotation@1500a9ed], resourceBasePath = "src/main/webapp", contextLoader = org.springframework.boot.test.context.SpringBootContextLoader, parent = null]
	at org.springframework.test.context.cache.DefaultCacheAwareContextLoaderDelegate.loadContext(DefaultCacheAwareContextLoaderDelegate.java:180) ~[spring-test-6.1.12.jar:6.1.12]
	at org.springframework.test.context.support.DefaultTestContext.getApplicationContext(DefaultTestContext.java:130) ~[spring-test-6.1.12.jar:6.1.12]
	at org.springframework.test.context.support.DependencyInjectionTestExecutionListener.injectDependencies(DependencyInjectionTestExecutionListener.java:142) ~[spring-test-6.1.12.jar:6.1.12]
	at org.springframework.test.context.support.DependencyInjectionTestExecutionListener.prepareTestInstance(DependencyInjectionTestExecutionListener.java:98) ~[spring-test-6.1.12.jar:6.1.12]
	at org.springframework.test.context.TestContextManager.prepareTestInstance(TestContextManager.java:260) ~[spring-test-6.1.12.jar:6.1.12]
	at org.springframework.test.context.junit.jupiter.SpringExtension.postProcessTestInstance(SpringExtension.java:163) ~[spring-test-6.1.12.jar:6.1.12]
	at org.junit.jupiter.engine.descriptor.ClassBasedTestDescriptor.lambda$invokeTestInstancePostProcessors$10(ClassBasedTestDescriptor.java:378) ~[junit-jupiter-engine-5.10.3.jar:5.10.3]
	at org.junit.jupiter.engine.descriptor.ClassBasedTestDescriptor.executeAndMaskThrowable(ClassBasedTestDescriptor.java:383) ~[junit-jupiter-engine-5.10.3.jar:5.10.3]
	at org.junit.jupiter.engine.descriptor.ClassBasedTestDescriptor.lambda$invokeTestInstancePostProcessors$11(ClassBasedTestDescriptor.java:378) ~[junit-jupiter-engine-5.10.3.jar:5.10.3]
	at java.base/java.util.stream.ReferencePipeline$3$1.accept(ReferencePipeline.java:197) ~[na:na]
	at java.base/java.util.stream.ReferencePipeline$2$1.accept(ReferencePipeline.java:179) ~[na:na]
	at java.base/java.util.ArrayList$ArrayListSpliterator.forEachRemaining(ArrayList.java:1708) ~[na:na]
	at java.base/java.util.stream.AbstractPipeline.copyInto(AbstractPipeline.java:509) ~[na:na]
	at java.base/java.util.stream.AbstractPipeline.wrapAndCopyInto(AbstractPipeline.java:499) ~[na:na]
	at java.base/java.util.stream.StreamSpliterators$WrappingSpliterator.forEachRemaining(StreamSpliterators.java:310) ~[na:na]
	at java.base/java.util.stream.Streams$ConcatSpliterator.forEachRemaining(Streams.java:735) ~[na:na]
	at java.base/java.util.stream.Streams$ConcatSpliterator.forEachRemaining(Streams.java:734) ~[na:na]
	at java.base/java.util.stream.ReferencePipeline$Head.forEach(ReferencePipeline.java:762) ~[na:na]
	at org.junit.jupiter.engine.descriptor.ClassBasedTestDescriptor.invokeTestInstancePostProcessors(ClassBasedTestDescriptor.java:377) ~[junit-jupiter-engine-5.10.3.jar:5.10.3]
	at org.junit.jupiter.engine.descriptor.ClassBasedTestDescriptor.lambda$instantiateAndPostProcessTestInstance$6(ClassBasedTestDescriptor.java:290) ~[junit-jupiter-engine-5.10.3.jar:5.10.3]
	at org.junit.platform.engine.support.hierarchical.ThrowableCollector.execute(ThrowableCollector.java:73) ~[junit-platform-engine-1.10.3.jar:1.10.3]
	at org.junit.jupiter.engine.descriptor.ClassBasedTestDescriptor.instantiateAndPostProcessTestInstance(ClassBasedTestDescriptor.java:289) ~[junit-jupiter-engine-5.10.3.jar:5.10.3]
	at org.junit.jupiter.engine.descriptor.ClassBasedTestDescriptor.lambda$testInstancesProvider$4(ClassBasedTestDescriptor.java:279) ~[junit-jupiter-engine-5.10.3.jar:5.10.3]
	at java.base/java.util.Optional.orElseGet(Optional.java:364) ~[na:na]
	at org.junit.jupiter.engine.descriptor.ClassBasedTestDescriptor.lambda$testInstancesProvider$5(ClassBasedTestDescriptor.java:278) ~[junit-jupiter-engine-5.10.3.jar:5.10.3]
	at org.junit.jupiter.engine.execution.TestInstancesProvider.getTestInstances(TestInstancesProvider.java:31) ~[junit-jupiter-engine-5.10.3.jar:5.10.3]
	at org.junit.jupiter.engine.descriptor.TestMethodTestDescriptor.lambda$prepare$0(TestMethodTestDescriptor.java:106) ~[junit-jupiter-engine-5.10.3.jar:5.10.3]
	at org.junit.platform.engine.support.hierarchical.ThrowableCollector.execute(ThrowableCollector.java:73) ~[junit-platform-engine-1.10.3.jar:1.10.3]
	at org.junit.jupiter.engine.descriptor.TestMethodTestDescriptor.prepare(TestMethodTestDescriptor.java:105) ~[junit-jupiter-engine-5.10.3.jar:5.10.3]
	at org.junit.jupiter.engine.descriptor.TestMethodTestDescriptor.prepare(TestMethodTestDescriptor.java:69) ~[junit-jupiter-engine-5.10.3.jar:5.10.3]
	at org.junit.platform.engine.support.hierarchical.NodeTestTask.lambda$prepare$2(NodeTestTask.java:123) ~[junit-platform-engine-1.10.3.jar:1.10.3]
	at org.junit.platform.engine.support.hierarchical.ThrowableCollector.execute(ThrowableCollector.java:73) ~[junit-platform-engine-1.10.3.jar:1.10.3]
	at org.junit.platform.engine.support.hierarchical.NodeTestTask.prepare(NodeTestTask.java:123) ~[junit-platform-engine-1.10.3.jar:1.10.3]
	at org.junit.platform.engine.support.hierarchical.NodeTestTask.execute(NodeTestTask.java:90) ~[junit-platform-engine-1.10.3.jar:1.10.3]
	at java.base/java.util.ArrayList.forEach(ArrayList.java:1596) ~[na:na]
	at org.junit.platform.engine.support.hierarchical.SameThreadHierarchicalTestExecutorService.invokeAll(SameThreadHierarchicalTestExecutorService.java:41) ~[junit-platform-engine-1.10.3.jar:1.10.3]
	at org.junit.platform.engine.support.hierarchical.NodeTestTask.lambda$executeRecursively$6(NodeTestTask.java:155) ~[junit-platform-engine-1.10.3.jar:1.10.3]
	at org.junit.platform.engine.support.hierarchical.ThrowableCollector.execute(ThrowableCollector.java:73) ~[junit-platform-engine-1.10.3.jar:1.10.3]
	at org.junit.platform.engine.support.hierarchical.NodeTestTask.lambda$executeRecursively$8(NodeTestTask.java:141) ~[junit-platform-engine-1.10.3.jar:1.10.3]
	at org.junit.platform.engine.support.hierarchical.Node.around(Node.java:137) ~[junit-platform-engine-1.10.3.jar:1.10.3]
	at org.junit.platform.engine.support.hierarchical.NodeTestTask.lambda$executeRecursively$9(NodeTestTask.java:139) ~[junit-platform-engine-1.10.3.jar:1.10.3]
	at org.junit.platform.engine.support.hierarchical.ThrowableCollector.execute(ThrowableCollector.java:73) ~[junit-platform-engine-1.10.3.jar:1.10.3]
	at org.junit.platform.engine.support.hierarchical.NodeTestTask.executeRecursively(NodeTestTask.java:138) ~[junit-platform-engine-1.10.3.jar:1.10.3]
	at org.junit.platform.engine.support.hierarchical.NodeTestTask.execute(NodeTestTask.java:95) ~[junit-platform-engine-1.10.3.jar:1.10.3]
	at java.base/java.util.ArrayList.forEach(ArrayList.java:1596) ~[na:na]
	at org.junit.platform.engine.support.hierarchical.SameThreadHierarchicalTestExecutorService.invokeAll(SameThreadHierarchicalTestExecutorService.java:41) ~[junit-platform-engine-1.10.3.jar:1.10.3]
	at org.junit.platform.engine.support.hierarchical.NodeTestTask.lambda$executeRecursively$6(NodeTestTask.java:155) ~[junit-platform-engine-1.10.3.jar:1.10.3]
	at org.junit.platform.engine.support.hierarchical.ThrowableCollector.execute(ThrowableCollector.java:73) ~[junit-platform-engine-1.10.3.jar:1.10.3]
	at org.junit.platform.engine.support.hierarchical.NodeTestTask.lambda$executeRecursively$8(NodeTestTask.java:141) ~[junit-platform-engine-1.10.3.jar:1.10.3]
	at org.junit.platform.engine.support.hierarchical.Node.around(Node.java:137) ~[junit-platform-engine-1.10.3.jar:1.10.3]
	at org.junit.platform.engine.support.hierarchical.NodeTestTask.lambda$executeRecursively$9(NodeTestTask.java:139) ~[junit-platform-engine-1.10.3.jar:1.10.3]
	at org.junit.platform.engine.support.hierarchical.ThrowableCollector.execute(ThrowableCollector.java:73) ~[junit-platform-engine-1.10.3.jar:1.10.3]
	at org.junit.platform.engine.support.hierarchical.NodeTestTask.executeRecursively(NodeTestTask.java:138) ~[junit-platform-engine-1.10.3.jar:1.10.3]
	at org.junit.platform.engine.support.hierarchical.NodeTestTask.execute(NodeTestTask.java:95) ~[junit-platform-engine-1.10.3.jar:1.10.3]
	at org.junit.platform.engine.support.hierarchical.SameThreadHierarchicalTestExecutorService.submit(SameThreadHierarchicalTestExecutorService.java:35) ~[junit-platform-engine-1.10.3.jar:1.10.3]
	at org.junit.platform.engine.support.hierarchical.HierarchicalTestExecutor.execute(HierarchicalTestExecutor.java:57) ~[junit-platform-engine-1.10.3.jar:1.10.3]
	at org.junit.platform.engine.support.hierarchical.HierarchicalTestEngine.execute(HierarchicalTestEngine.java:54) ~[junit-platform-engine-1.10.3.jar:1.10.3]
	at org.junit.platform.launcher.core.EngineExecutionOrchestrator.execute(EngineExecutionOrchestrator.java:198) ~[junit-platform-launcher-1.10.3.jar:1.10.3]
	at org.junit.platform.launcher.core.EngineExecutionOrchestrator.execute(EngineExecutionOrchestrator.java:169) ~[junit-platform-launcher-1.10.3.jar:1.10.3]
	at org.junit.platform.launcher.core.EngineExecutionOrchestrator.execute(EngineExecutionOrchestrator.java:93) ~[junit-platform-launcher-1.10.3.jar:1.10.3]
	at org.junit.platform.launcher.core.EngineExecutionOrchestrator.lambda$execute$0(EngineExecutionOrchestrator.java:58) ~[junit-platform-launcher-1.10.3.jar:1.10.3]
	at org.junit.platform.launcher.core.EngineExecutionOrchestrator.withInterceptedStreams(EngineExecutionOrchestrator.java:141) ~[junit-platform-launcher-1.10.3.jar:1.10.3]
	at org.junit.platform.launcher.core.EngineExecutionOrchestrator.execute(EngineExecutionOrchestrator.java:57) ~[junit-platform-launcher-1.10.3.jar:1.10.3]
	at org.junit.platform.launcher.core.DefaultLauncher.execute(DefaultLauncher.java:103) ~[junit-platform-launcher-1.10.3.jar:1.10.3]
	at org.junit.platform.launcher.core.DefaultLauncher.execute(DefaultLauncher.java:85) ~[junit-platform-launcher-1.10.3.jar:1.10.3]
	at org.junit.platform.launcher.core.DelegatingLauncher.execute(DelegatingLauncher.java:47) ~[junit-platform-launcher-1.10.3.jar:1.10.3]
	at org.apache.maven.surefire.junitplatform.LazyLauncher.execute(LazyLauncher.java:56) ~[surefire-junit-platform-3.2.5.jar:3.2.5]
	at org.apache.maven.surefire.junitplatform.JUnitPlatformProvider.execute(JUnitPlatformProvider.java:184) ~[surefire-junit-platform-3.2.5.jar:3.2.5]
	at org.apache.maven.surefire.junitplatform.JUnitPlatformProvider.invokeAllTests(JUnitPlatformProvider.java:148) ~[surefire-junit-platform-3.2.5.jar:3.2.5]
	at org.apache.maven.surefire.junitplatform.JUnitPlatformProvider.invoke(JUnitPlatformProvider.java:122) ~[surefire-junit-platform-3.2.5.jar:3.2.5]
	at org.apache.maven.surefire.booter.ForkedBooter.runSuitesInProcess(ForkedBooter.java:385) ~[surefire-booter-3.2.5.jar:3.2.5]
	at org.apache.maven.surefire.booter.ForkedBooter.execute(ForkedBooter.java:162) ~[surefire-booter-3.2.5.jar:3.2.5]
	at org.apache.maven.surefire.booter.ForkedBooter.run(ForkedBooter.java:507) ~[surefire-booter-3.2.5.jar:3.2.5]
	at org.apache.maven.surefire.booter.ForkedBooter.main(ForkedBooter.java:495) ~[surefire-booter-3.2.5.jar:3.2.5]
Caused by: org.springframework.beans.factory.BeanCreationException: Error creating bean with name 'entityManagerFactory' defined in class path resource [org/springframework/boot/autoconfigure/orm/jpa/HibernateJpaConfiguration.class]: Failed to initialize dependency 'flyway' of LoadTimeWeaverAware bean 'entityManagerFactory': Error creating bean with name 'flyway' defined in class path resource [org/springframework/boot/autoconfigure/flyway/FlywayAutoConfiguration$FlywayConfiguration.class]: Circular depends-on relationship between 'flyway' and 'entityManagerFactory'
	at org.springframework.beans.factory.support.AbstractBeanFactory.doGetBean(AbstractBeanFactory.java:326) ~[spring-beans-6.1.12.jar:6.1.12]
	at org.springframework.beans.factory.support.AbstractBeanFactory.getBean(AbstractBeanFactory.java:205) ~[spring-beans-6.1.12.jar:6.1.12]
	at org.springframework.context.support.AbstractApplicationContext.finishBeanFactoryInitialization(AbstractApplicationContext.java:954) ~[spring-context-6.1.12.jar:6.1.12]
	at org.springframework.context.support.AbstractApplicationContext.refresh(AbstractApplicationContext.java:625) ~[spring-context-6.1.12.jar:6.1.12]
	at org.springframework.boot.web.servlet.context.ServletWebServerApplicationContext.refresh(ServletWebServerApplicationContext.java:146) ~[spring-boot-3.3.3.jar:3.3.3]
	at org.springframework.boot.SpringApplication.refresh(SpringApplication.java:754) ~[spring-boot-3.3.3.jar:3.3.3]
	at org.springframework.boot.SpringApplication.refreshContext(SpringApplication.java:456) ~[spring-boot-3.3.3.jar:3.3.3]
	at org.springframework.boot.SpringApplication.run(SpringApplication.java:335) ~[spring-boot-3.3.3.jar:3.3.3]
	at org.springframework.boot.test.context.SpringBootContextLoader.lambda$loadContext$3(SpringBootContextLoader.java:137) ~[spring-boot-test-3.3.3.jar:3.3.3]
	at org.springframework.util.function.ThrowingSupplier.get(ThrowingSupplier.java:58) ~[spring-core-6.1.12.jar:6.1.12]
	at org.springframework.util.function.ThrowingSupplier.get(ThrowingSupplier.java:46) ~[spring-core-6.1.12.jar:6.1.12]
	at org.springframework.boot.SpringApplication.withHook(SpringApplication.java:1463) ~[spring-boot-3.3.3.jar:3.3.3]
	at org.springframework.boot.test.context.SpringBootContextLoader$ContextLoaderHook.run(SpringBootContextLoader.java:553) ~[spring-boot-test-3.3.3.jar:3.3.3]
	at org.springframework.boot.test.context.SpringBootContextLoader.loadContext(SpringBootContextLoader.java:137) ~[spring-boot-test-3.3.3.jar:3.3.3]
	at org.springframework.boot.test.context.SpringBootContextLoader.loadContext(SpringBootContextLoader.java:108) ~[spring-boot-test-3.3.3.jar:3.3.3]
	at org.springframework.test.context.cache.DefaultCacheAwareContextLoaderDelegate.loadContextInternal(DefaultCacheAwareContextLoaderDelegate.java:225) ~[spring-test-6.1.12.jar:6.1.12]
	at org.springframework.test.context.cache.DefaultCacheAwareContextLoaderDelegate.loadContext(DefaultCacheAwareContextLoaderDelegate.java:152) ~[spring-test-6.1.12.jar:6.1.12]
	... 73 common frames omitted
Caused by: org.springframework.beans.factory.BeanCreationException: Error creating bean with name 'flyway' defined in class path resource [org/springframework/boot/autoconfigure/flyway/FlywayAutoConfiguration$FlywayConfiguration.class]: Circular depends-on relationship between 'flyway' and 'entityManagerFactory'
	at org.springframework.beans.factory.support.AbstractBeanFactory.doGetBean(AbstractBeanFactory.java:308) ~[spring-beans-6.1.12.jar:6.1.12]
	at org.springframework.beans.factory.support.AbstractBeanFactory.getBean(AbstractBeanFactory.java:200) ~[spring-beans-6.1.12.jar:6.1.12]
	at org.springframework.beans.factory.support.AbstractBeanFactory.doGetBean(AbstractBeanFactory.java:313) ~[spring-beans-6.1.12.jar:6.1.12]
	... 89 common frames omitted

2025-10-12T09:06:41.016Z  WARN 144 --- [medication-api] [           main] o.s.test.context.TestContextManager      : Caught exception while allowing TestExecutionListener [org.springframework.test.context.support.DependencyInjectionTestExecutionListener] to prepare test instance [se.inera.nll.nlllight.api.medication.MedicationControllerTest@538a90a5]

java.lang.IllegalStateException: ApplicationContext failure threshold (1) exceeded: skipping repeated attempt to load context for [WebMergedContextConfiguration@6ba08a09 testClass = se.inera.nll.nlllight.api.medication.MedicationControllerTest, locations = [], classes = [se.inera.nll.nlllight.api.NllLightApiApplication], contextInitializerClasses = [], activeProfiles = [], propertySourceDescriptors = [], propertySourceProperties = ["org.springframework.boot.test.context.SpringBootTestContextBootstrapper=true", "server.port=0"], contextCustomizers = [org.springframework.boot.test.context.filter.ExcludeFilterContextCustomizer@1f75a668, org.springframework.boot.test.json.DuplicateJsonObjectContextCustomizerFactory$DuplicateJsonObjectContextCustomizer@2812b107, org.springframework.boot.test.mock.mockito.MockitoContextCustomizer@0, org.springframework.boot.test.web.client.TestRestTemplateContextCustomizer@4eaf3684, org.springframework.boot.test.web.reactor.netty.DisableReactorResourceFactoryGlobalResourcesContextCustomizerFactory$DisableReactorResourceFactoryGlobalResourcesContextCustomizerCustomizer@4416d64f, org.springframework.boot.test.autoconfigure.actuate.observability.ObservabilityContextCustomizerFactory$DisableObservabilityContextCustomizer@1f, org.springframework.boot.test.autoconfigure.properties.PropertyMappingContextCustomizer@0, org.springframework.boot.test.autoconfigure.web.servlet.WebDriverContextCustomizer@3b8f0a79, org.springframework.boot.test.context.SpringBootTestAnnotation@1500a9ed], resourceBasePath = "src/main/webapp", contextLoader = org.springframework.boot.test.context.SpringBootContextLoader, parent = null]
	at org.springframework.test.context.cache.DefaultCacheAwareContextLoaderDelegate.loadContext(DefaultCacheAwareContextLoaderDelegate.java:145) ~[spring-test-6.1.12.jar:6.1.12]
	at org.springframework.test.context.support.DefaultTestContext.getApplicationContext(DefaultTestContext.java:130) ~[spring-test-6.1.12.jar:6.1.12]
	at org.springframework.test.context.support.DependencyInjectionTestExecutionListener.injectDependencies(DependencyInjectionTestExecutionListener.java:142) ~[spring-test-6.1.12.jar:6.1.12]
	at org.springframework.test.context.support.DependencyInjectionTestExecutionListener.prepareTestInstance(DependencyInjectionTestExecutionListener.java:98) ~[spring-test-6.1.12.jar:6.1.12]
	at org.springframework.test.context.TestContextManager.prepareTestInstance(TestContextManager.java:260) ~[spring-test-6.1.12.jar:6.1.12]
	at org.springframework.test.context.junit.jupiter.SpringExtension.postProcessTestInstance(SpringExtension.java:163) ~[spring-test-6.1.12.jar:6.1.12]
	at org.junit.jupiter.engine.descriptor.ClassBasedTestDescriptor.lambda$invokeTestInstancePostProcessors$10(ClassBasedTestDescriptor.java:378) ~[junit-jupiter-engine-5.10.3.jar:5.10.3]
	at org.junit.jupiter.engine.descriptor.ClassBasedTestDescriptor.executeAndMaskThrowable(ClassBasedTestDescriptor.java:383) ~[junit-jupiter-engine-5.10.3.jar:5.10.3]
	at org.junit.jupiter.engine.descriptor.ClassBasedTestDescriptor.lambda$invokeTestInstancePostProcessors$11(ClassBasedTestDescriptor.java:378) ~[junit-jupiter-engine-5.10.3.jar:5.10.3]
	at java.base/java.util.stream.ReferencePipeline$3$1.accept(ReferencePipeline.java:197) ~[na:na]
	at java.base/java.util.stream.ReferencePipeline$2$1.accept(ReferencePipeline.java:179) ~[na:na]
	at java.base/java.util.ArrayList$ArrayListSpliterator.forEachRemaining(ArrayList.java:1708) ~[na:na]
	at java.base/java.util.stream.AbstractPipeline.copyInto(AbstractPipeline.java:509) ~[na:na]
	at java.base/java.util.stream.AbstractPipeline.wrapAndCopyInto(AbstractPipeline.java:499) ~[na:na]
	at java.base/java.util.stream.StreamSpliterators$WrappingSpliterator.forEachRemaining(StreamSpliterators.java:310) ~[na:na]
	at java.base/java.util.stream.Streams$ConcatSpliterator.forEachRemaining(Streams.java:735) ~[na:na]
	at java.base/java.util.stream.Streams$ConcatSpliterator.forEachRemaining(Streams.java:734) ~[na:na]
	at java.base/java.util.stream.ReferencePipeline$Head.forEach(ReferencePipeline.java:762) ~[na:na]
	at org.junit.jupiter.engine.descriptor.ClassBasedTestDescriptor.invokeTestInstancePostProcessors(ClassBasedTestDescriptor.java:377) ~[junit-jupiter-engine-5.10.3.jar:5.10.3]
	at org.junit.jupiter.engine.descriptor.ClassBasedTestDescriptor.lambda$instantiateAndPostProcessTestInstance$6(ClassBasedTestDescriptor.java:290) ~[junit-jupiter-engine-5.10.3.jar:5.10.3]
	at org.junit.platform.engine.support.hierarchical.ThrowableCollector.execute(ThrowableCollector.java:73) ~[junit-platform-engine-1.10.3.jar:1.10.3]
	at org.junit.jupiter.engine.descriptor.ClassBasedTestDescriptor.instantiateAndPostProcessTestInstance(ClassBasedTestDescriptor.java:289) ~[junit-jupiter-engine-5.10.3.jar:5.10.3]
	at org.junit.jupiter.engine.descriptor.ClassBasedTestDescriptor.lambda$testInstancesProvider$4(ClassBasedTestDescriptor.java:279) ~[junit-jupiter-engine-5.10.3.jar:5.10.3]
	at java.base/java.util.Optional.orElseGet(Optional.java:364) ~[na:na]
	at org.junit.jupiter.engine.descriptor.ClassBasedTestDescriptor.lambda$testInstancesProvider$5(ClassBasedTestDescriptor.java:278) ~[junit-jupiter-engine-5.10.3.jar:5.10.3]
	at org.junit.jupiter.engine.execution.TestInstancesProvider.getTestInstances(TestInstancesProvider.java:31) ~[junit-jupiter-engine-5.10.3.jar:5.10.3]
	at org.junit.jupiter.engine.descriptor.TestMethodTestDescriptor.lambda$prepare$0(TestMethodTestDescriptor.java:106) ~[junit-jupiter-engine-5.10.3.jar:5.10.3]
	at org.junit.platform.engine.support.hierarchical.ThrowableCollector.execute(ThrowableCollector.java:73) ~[junit-platform-engine-1.10.3.jar:1.10.3]
	at org.junit.jupiter.engine.descriptor.TestMethodTestDescriptor.prepare(TestMethodTestDescriptor.java:105) ~[junit-jupiter-engine-5.10.3.jar:5.10.3]
	at org.junit.jupiter.engine.descriptor.TestMethodTestDescriptor.prepare(TestMethodTestDescriptor.java:69) ~[junit-jupiter-engine-5.10.3.jar:5.10.3]
	at org.junit.platform.engine.support.hierarchical.NodeTestTask.lambda$prepare$2(NodeTestTask.java:123) ~[junit-platform-engine-1.10.3.jar:1.10.3]
	at org.junit.platform.engine.support.hierarchical.ThrowableCollector.execute(ThrowableCollector.java:73) ~[junit-platform-engine-1.10.3.jar:1.10.3]
	at org.junit.platform.engine.support.hierarchical.NodeTestTask.prepare(NodeTestTask.java:123) ~[junit-platform-engine-1.10.3.jar:1.10.3]
	at org.junit.platform.engine.support.hierarchical.NodeTestTask.execute(NodeTestTask.java:90) ~[junit-platform-engine-1.10.3.jar:1.10.3]
	at java.base/java.util.ArrayList.forEach(ArrayList.java:1596) ~[na:na]
	at org.junit.platform.engine.support.hierarchical.SameThreadHierarchicalTestExecutorService.invokeAll(SameThreadHierarchicalTestExecutorService.java:41) ~[junit-platform-engine-1.10.3.jar:1.10.3]
	at org.junit.platform.engine.support.hierarchical.NodeTestTask.lambda$executeRecursively$6(NodeTestTask.java:155) ~[junit-platform-engine-1.10.3.jar:1.10.3]
	at org.junit.platform.engine.support.hierarchical.ThrowableCollector.execute(ThrowableCollector.java:73) ~[junit-platform-engine-1.10.3.jar:1.10.3]
	at org.junit.platform.engine.support.hierarchical.NodeTestTask.lambda$executeRecursively$8(NodeTestTask.java:141) ~[junit-platform-engine-1.10.3.jar:1.10.3]
	at org.junit.platform.engine.support.hierarchical.Node.around(Node.java:137) ~[junit-platform-engine-1.10.3.jar:1.10.3]
	at org.junit.platform.engine.support.hierarchical.NodeTestTask.lambda$executeRecursively$9(NodeTestTask.java:139) ~[junit-platform-engine-1.10.3.jar:1.10.3]
	at org.junit.platform.engine.support.hierarchical.ThrowableCollector.execute(ThrowableCollector.java:73) ~[junit-platform-engine-1.10.3.jar:1.10.3]
	at org.junit.platform.engine.support.hierarchical.NodeTestTask.executeRecursively(NodeTestTask.java:138) ~[junit-platform-engine-1.10.3.jar:1.10.3]
	at org.junit.platform.engine.support.hierarchical.NodeTestTask.execute(NodeTestTask.java:95) ~[junit-platform-engine-1.10.3.jar:1.10.3]
	at java.base/java.util.ArrayList.forEach(ArrayList.java:1596) ~[na:na]
	at org.junit.platform.engine.support.hierarchical.SameThreadHierarchicalTestExecutorService.invokeAll(SameThreadHierarchicalTestExecutorService.java:41) ~[junit-platform-engine-1.10.3.jar:1.10.3]
	at org.junit.platform.engine.support.hierarchical.NodeTestTask.lambda$executeRecursively$6(NodeTestTask.java:155) ~[junit-platform-engine-1.10.3.jar:1.10.3]
	at org.junit.platform.engine.support.hierarchical.ThrowableCollector.execute(ThrowableCollector.java:73) ~[junit-platform-engine-1.10.3.jar:1.10.3]
	at org.junit.platform.engine.support.hierarchical.NodeTestTask.lambda$executeRecursively$8(NodeTestTask.java:141) ~[junit-platform-engine-1.10.3.jar:1.10.3]
	at org.junit.platform.engine.support.hierarchical.Node.around(Node.java:137) ~[junit-platform-engine-1.10.3.jar:1.10.3]
	at org.junit.platform.engine.support.hierarchical.NodeTestTask.lambda$executeRecursively$9(NodeTestTask.java:139) ~[junit-platform-engine-1.10.3.jar:1.10.3]
	at org.junit.platform.engine.support.hierarchical.ThrowableCollector.execute(ThrowableCollector.java:73) ~[junit-platform-engine-1.10.3.jar:1.10.3]
	at org.junit.platform.engine.support.hierarchical.NodeTestTask.executeRecursively(NodeTestTask.java:138) ~[junit-platform-engine-1.10.3.jar:1.10.3]
	at org.junit.platform.engine.support.hierarchical.NodeTestTask.execute(NodeTestTask.java:95) ~[junit-platform-engine-1.10.3.jar:1.10.3]
	at org.junit.platform.engine.support.hierarchical.SameThreadHierarchicalTestExecutorService.submit(SameThreadHierarchicalTestExecutorService.java:35) ~[junit-platform-engine-1.10.3.jar:1.10.3]
	at org.junit.platform.engine.support.hierarchical.HierarchicalTestExecutor.execute(HierarchicalTestExecutor.java:57) ~[junit-platform-engine-1.10.3.jar:1.10.3]
	at org.junit.platform.engine.support.hierarchical.HierarchicalTestEngine.execute(HierarchicalTestEngine.java:54) ~[junit-platform-engine-1.10.3.jar:1.10.3]
	at org.junit.platform.launcher.core.EngineExecutionOrchestrator.execute(EngineExecutionOrchestrator.java:198) ~[junit-platform-launcher-1.10.3.jar:1.10.3]
	at org.junit.platform.launcher.core.EngineExecutionOrchestrator.execute(EngineExecutionOrchestrator.java:169) ~[junit-platform-launcher-1.10.3.jar:1.10.3]
	at org.junit.platform.launcher.core.EngineExecutionOrchestrator.execute(EngineExecutionOrchestrator.java:93) ~[junit-platform-launcher-1.10.3.jar:1.10.3]
	at org.junit.platform.launcher.core.EngineExecutionOrchestrator.lambda$execute$0(EngineExecutionOrchestrator.java:58) ~[junit-platform-launcher-1.10.3.jar:1.10.3]
	at org.junit.platform.launcher.core.EngineExecutionOrchestrator.withInterceptedStreams(EngineExecutionOrchestrator.java:141) ~[junit-platform-launcher-1.10.3.jar:1.10.3]
	at org.junit.platform.launcher.core.EngineExecutionOrchestrator.execute(EngineExecutionOrchestrator.java:57) ~[junit-platform-launcher-1.10.3.jar:1.10.3]
	at org.junit.platform.launcher.core.DefaultLauncher.execute(DefaultLauncher.java:103) ~[junit-platform-launcher-1.10.3.jar:1.10.3]
	at org.junit.platform.launcher.core.DefaultLauncher.execute(DefaultLauncher.java:85) ~[junit-platform-launcher-1.10.3.jar:1.10.3]
	at org.junit.platform.launcher.core.DelegatingLauncher.execute(DelegatingLauncher.java:47) ~[junit-platform-launcher-1.10.3.jar:1.10.3]
	at org.apache.maven.surefire.junitplatform.LazyLauncher.execute(LazyLauncher.java:56) ~[surefire-junit-platform-3.2.5.jar:3.2.5]
	at org.apache.maven.surefire.junitplatform.JUnitPlatformProvider.execute(JUnitPlatformProvider.java:184) ~[surefire-junit-platform-3.2.5.jar:3.2.5]
	at org.apache.maven.surefire.junitplatform.JUnitPlatformProvider.invokeAllTests(JUnitPlatformProvider.java:148) ~[surefire-junit-platform-3.2.5.jar:3.2.5]
	at org.apache.maven.surefire.junitplatform.JUnitPlatformProvider.invoke(JUnitPlatformProvider.java:122) ~[surefire-junit-platform-3.2.5.jar:3.2.5]
	at org.apache.maven.surefire.booter.ForkedBooter.runSuitesInProcess(ForkedBooter.java:385) ~[surefire-booter-3.2.5.jar:3.2.5]
	at org.apache.maven.surefire.booter.ForkedBooter.execute(ForkedBooter.java:162) ~[surefire-booter-3.2.5.jar:3.2.5]
	at org.apache.maven.surefire.booter.ForkedBooter.run(ForkedBooter.java:507) ~[surefire-booter-3.2.5.jar:3.2.5]
	at org.apache.maven.surefire.booter.ForkedBooter.main(ForkedBooter.java:495) ~[surefire-booter-3.2.5.jar:3.2.5]

2025-10-12T09:06:41.019Z  WARN 144 --- [medication-api] [           main] o.s.test.context.TestContextManager      : Caught exception while allowing TestExecutionListener [org.springframework.test.context.support.DependencyInjectionTestExecutionListener] to prepare test instance [se.inera.nll.nlllight.api.medication.MedicationControllerTest@18f27a81]

java.lang.IllegalStateException: ApplicationContext failure threshold (1) exceeded: skipping repeated attempt to load context for [WebMergedContextConfiguration@6ba08a09 testClass = se.inera.nll.nlllight.api.medication.MedicationControllerTest, locations = [], classes = [se.inera.nll.nlllight.api.NllLightApiApplication], contextInitializerClasses = [], activeProfiles = [], propertySourceDescriptors = [], propertySourceProperties = ["org.springframework.boot.test.context.SpringBootTestContextBootstrapper=true", "server.port=0"], contextCustomizers = [org.springframework.boot.test.context.filter.ExcludeFilterContextCustomizer@1f75a668, org.springframework.boot.test.json.DuplicateJsonObjectContextCustomizerFactory$DuplicateJsonObjectContextCustomizer@2812b107, org.springframework.boot.test.mock.mockito.MockitoContextCustomizer@0, org.springframework.boot.test.web.client.TestRestTemplateContextCustomizer@4eaf3684, org.springframework.boot.test.web.reactor.netty.DisableReactorResourceFactoryGlobalResourcesContextCustomizerFactory$DisableReactorResourceFactoryGlobalResourcesContextCustomizerCustomizer@4416d64f, org.springframework.boot.test.autoconfigure.actuate.observability.ObservabilityContextCustomizerFactory$DisableObservabilityContextCustomizer@1f, org.springframework.boot.test.autoconfigure.properties.PropertyMappingContextCustomizer@0, org.springframework.boot.test.autoconfigure.web.servlet.WebDriverContextCustomizer@3b8f0a79, org.springframework.boot.test.context.SpringBootTestAnnotation@1500a9ed], resourceBasePath = "src/main/webapp", contextLoader = org.springframework.boot.test.context.SpringBootContextLoader, parent = null]
	at org.springframework.test.context.cache.DefaultCacheAwareContextLoaderDelegate.loadContext(DefaultCacheAwareContextLoaderDelegate.java:145) ~[spring-test-6.1.12.jar:6.1.12]
	at org.springframework.test.context.support.DefaultTestContext.getApplicationContext(DefaultTestContext.java:130) ~[spring-test-6.1.12.jar:6.1.12]
	at org.springframework.test.context.support.DependencyInjectionTestExecutionListener.injectDependencies(DependencyInjectionTestExecutionListener.java:142) ~[spring-test-6.1.12.jar:6.1.12]
	at org.springframework.test.context.support.DependencyInjectionTestExecutionListener.prepareTestInstance(DependencyInjectionTestExecutionListener.java:98) ~[spring-test-6.1.12.jar:6.1.12]
	at org.springframework.test.context.TestContextManager.prepareTestInstance(TestContextManager.java:260) ~[spring-test-6.1.12.jar:6.1.12]
	at org.springframework.test.context.junit.jupiter.SpringExtension.postProcessTestInstance(SpringExtension.java:163) ~[spring-test-6.1.12.jar:6.1.12]
	at org.junit.jupiter.engine.descriptor.ClassBasedTestDescriptor.lambda$invokeTestInstancePostProcessors$10(ClassBasedTestDescriptor.java:378) ~[junit-jupiter-engine-5.10.3.jar:5.10.3]
	at org.junit.jupiter.engine.descriptor.ClassBasedTestDescriptor.executeAndMaskThrowable(ClassBasedTestDescriptor.java:383) ~[junit-jupiter-engine-5.10.3.jar:5.10.3]
	at org.junit.jupiter.engine.descriptor.ClassBasedTestDescriptor.lambda$invokeTestInstancePostProcessors$11(ClassBasedTestDescriptor.java:378) ~[junit-jupiter-engine-5.10.3.jar:5.10.3]
	at java.base/java.util.stream.ReferencePipeline$3$1.accept(ReferencePipeline.java:197) ~[na:na]
	at java.base/java.util.stream.ReferencePipeline$2$1.accept(ReferencePipeline.java:179) ~[na:na]
	at java.base/java.util.ArrayList$ArrayListSpliterator.forEachRemaining(ArrayList.java:1708) ~[na:na]
	at java.base/java.util.stream.AbstractPipeline.copyInto(AbstractPipeline.java:509) ~[na:na]
	at java.base/java.util.stream.AbstractPipeline.wrapAndCopyInto(AbstractPipeline.java:499) ~[na:na]
	at java.base/java.util.stream.StreamSpliterators$WrappingSpliterator.forEachRemaining(StreamSpliterators.java:310) ~[na:na]
	at java.base/java.util.stream.Streams$ConcatSpliterator.forEachRemaining(Streams.java:735) ~[na:na]
	at java.base/java.util.stream.Streams$ConcatSpliterator.forEachRemaining(Streams.java:734) ~[na:na]
	at java.base/java.util.stream.ReferencePipeline$Head.forEach(ReferencePipeline.java:762) ~[na:na]
	at org.junit.jupiter.engine.descriptor.ClassBasedTestDescriptor.invokeTestInstancePostProcessors(ClassBasedTestDescriptor.java:377) ~[junit-jupiter-engine-5.10.3.jar:5.10.3]
	at org.junit.jupiter.engine.descriptor.ClassBasedTestDescriptor.lambda$instantiateAndPostProcessTestInstance$6(ClassBasedTestDescriptor.java:290) ~[junit-jupiter-engine-5.10.3.jar:5.10.3]
	at org.junit.platform.engine.support.hierarchical.ThrowableCollector.execute(ThrowableCollector.java:73) ~[junit-platform-engine-1.10.3.jar:1.10.3]
	at org.junit.jupiter.engine.descriptor.ClassBasedTestDescriptor.instantiateAndPostProcessTestInstance(ClassBasedTestDescriptor.java:289) ~[junit-jupiter-engine-5.10.3.jar:5.10.3]
	at org.junit.jupiter.engine.descriptor.ClassBasedTestDescriptor.lambda$testInstancesProvider$4(ClassBasedTestDescriptor.java:279) ~[junit-jupiter-engine-5.10.3.jar:5.10.3]
	at java.base/java.util.Optional.orElseGet(Optional.java:364) ~[na:na]
	at org.junit.jupiter.engine.descriptor.ClassBasedTestDescriptor.lambda$testInstancesProvider$5(ClassBasedTestDescriptor.java:278) ~[junit-jupiter-engine-5.10.3.jar:5.10.3]
	at org.junit.jupiter.engine.execution.TestInstancesProvider.getTestInstances(TestInstancesProvider.java:31) ~[junit-jupiter-engine-5.10.3.jar:5.10.3]
	at org.junit.jupiter.engine.descriptor.TestMethodTestDescriptor.lambda$prepare$0(TestMethodTestDescriptor.java:106) ~[junit-jupiter-engine-5.10.3.jar:5.10.3]
	at org.junit.platform.engine.support.hierarchical.ThrowableCollector.execute(ThrowableCollector.java:73) ~[junit-platform-engine-1.10.3.jar:1.10.3]
	at org.junit.jupiter.engine.descriptor.TestMethodTestDescriptor.prepare(TestMethodTestDescriptor.java:105) ~[junit-jupiter-engine-5.10.3.jar:5.10.3]
	at org.junit.jupiter.engine.descriptor.TestMethodTestDescriptor.prepare(TestMethodTestDescriptor.java:69) ~[junit-jupiter-engine-5.10.3.jar:5.10.3]
	at org.junit.platform.engine.support.hierarchical.NodeTestTask.lambda$prepare$2(NodeTestTask.java:123) ~[junit-platform-engine-1.10.3.jar:1.10.3]
	at org.junit.platform.engine.support.hierarchical.ThrowableCollector.execute(ThrowableCollector.java:73) ~[junit-platform-engine-1.10.3.jar:1.10.3]
	at org.junit.platform.engine.support.hierarchical.NodeTestTask.prepare(NodeTestTask.java:123) ~[junit-platform-engine-1.10.3.jar:1.10.3]
	at org.junit.platform.engine.support.hierarchical.NodeTestTask.execute(NodeTestTask.java:90) ~[junit-platform-engine-1.10.3.jar:1.10.3]
	at java.base/java.util.ArrayList.forEach(ArrayList.java:1596) ~[na:na]
	at org.junit.platform.engine.support.hierarchical.SameThreadHierarchicalTestExecutorService.invokeAll(SameThreadHierarchicalTestExecutorService.java:41) ~[junit-platform-engine-1.10.3.jar:1.10.3]
	at org.junit.platform.engine.support.hierarchical.NodeTestTask.lambda$executeRecursively$6(NodeTestTask.java:155) ~[junit-platform-engine-1.10.3.jar:1.10.3]
	at org.junit.platform.engine.support.hierarchical.ThrowableCollector.execute(ThrowableCollector.java:73) ~[junit-platform-engine-1.10.3.jar:1.10.3]
	at org.junit.platform.engine.support.hierarchical.NodeTestTask.lambda$executeRecursively$8(NodeTestTask.java:141) ~[junit-platform-engine-1.10.3.jar:1.10.3]
	at org.junit.platform.engine.support.hierarchical.Node.around(Node.java:137) ~[junit-platform-engine-1.10.3.jar:1.10.3]
	at org.junit.platform.engine.support.hierarchical.NodeTestTask.lambda$executeRecursively$9(NodeTestTask.java:139) ~[junit-platform-engine-1.10.3.jar:1.10.3]
	at org.junit.platform.engine.support.hierarchical.ThrowableCollector.execute(ThrowableCollector.java:73) ~[junit-platform-engine-1.10.3.jar:1.10.3]
	at org.junit.platform.engine.support.hierarchical.NodeTestTask.executeRecursively(NodeTestTask.java:138) ~[junit-platform-engine-1.10.3.jar:1.10.3]
	at org.junit.platform.engine.support.hierarchical.NodeTestTask.execute(NodeTestTask.java:95) ~[junit-platform-engine-1.10.3.jar:1.10.3]
	at java.base/java.util.ArrayList.forEach(ArrayList.java:1596) ~[na:na]
	at org.junit.platform.engine.support.hierarchical.SameThreadHierarchicalTestExecutorService.invokeAll(SameThreadHierarchicalTestExecutorService.java:41) ~[junit-platform-engine-1.10.3.jar:1.10.3]
	at org.junit.platform.engine.support.hierarchical.NodeTestTask.lambda$executeRecursively$6(NodeTestTask.java:155) ~[junit-platform-engine-1.10.3.jar:1.10.3]
	at org.junit.platform.engine.support.hierarchical.ThrowableCollector.execute(ThrowableCollector.java:73) ~[junit-platform-engine-1.10.3.jar:1.10.3]
	at org.junit.platform.engine.support.hierarchical.NodeTestTask.lambda$executeRecursively$8(NodeTestTask.java:141) ~[junit-platform-engine-1.10.3.jar:1.10.3]
	at org.junit.platform.engine.support.hierarchical.Node.around(Node.java:137) ~[junit-platform-engine-1.10.3.jar:1.10.3]
	at org.junit.platform.engine.support.hierarchical.NodeTestTask.lambda$executeRecursively$9(NodeTestTask.java:139) ~[junit-platform-engine-1.10.3.jar:1.10.3]
	at org.junit.platform.engine.support.hierarchical.ThrowableCollector.execute(ThrowableCollector.java:73) ~[junit-platform-engine-1.10.3.jar:1.10.3]
	at org.junit.platform.engine.support.hierarchical.NodeTestTask.executeRecursively(NodeTestTask.java:138) ~[junit-platform-engine-1.10.3.jar:1.10.3]
	at org.junit.platform.engine.support.hierarchical.NodeTestTask.execute(NodeTestTask.java:95) ~[junit-platform-engine-1.10.3.jar:1.10.3]
	at org.junit.platform.engine.support.hierarchical.SameThreadHierarchicalTestExecutorService.submit(SameThreadHierarchicalTestExecutorService.java:35) ~[junit-platform-engine-1.10.3.jar:1.10.3]
	at org.junit.platform.engine.support.hierarchical.HierarchicalTestExecutor.execute(HierarchicalTestExecutor.java:57) ~[junit-platform-engine-1.10.3.jar:1.10.3]
	at org.junit.platform.engine.support.hierarchical.HierarchicalTestEngine.execute(HierarchicalTestEngine.java:54) ~[junit-platform-engine-1.10.3.jar:1.10.3]
	at org.junit.platform.launcher.core.EngineExecutionOrchestrator.execute(EngineExecutionOrchestrator.java:198) ~[junit-platform-launcher-1.10.3.jar:1.10.3]
	at org.junit.platform.launcher.core.EngineExecutionOrchestrator.execute(EngineExecutionOrchestrator.java:169) ~[junit-platform-launcher-1.10.3.jar:1.10.3]
	at org.junit.platform.launcher.core.EngineExecutionOrchestrator.execute(EngineExecutionOrchestrator.java:93) ~[junit-platform-launcher-1.10.3.jar:1.10.3]
	at org.junit.platform.launcher.core.EngineExecutionOrchestrator.lambda$execute$0(EngineExecutionOrchestrator.java:58) ~[junit-platform-launcher-1.10.3.jar:1.10.3]
	at org.junit.platform.launcher.core.EngineExecutionOrchestrator.withInterceptedStreams(EngineExecutionOrchestrator.java:141) ~[junit-platform-launcher-1.10.3.jar:1.10.3]
	at org.junit.platform.launcher.core.EngineExecutionOrchestrator.execute(EngineExecutionOrchestrator.java:57) ~[junit-platform-launcher-1.10.3.jar:1.10.3]
	at org.junit.platform.launcher.core.DefaultLauncher.execute(DefaultLauncher.java:103) ~[junit-platform-launcher-1.10.3.jar:1.10.3]
	at org.junit.platform.launcher.core.DefaultLauncher.execute(DefaultLauncher.java:85) ~[junit-platform-launcher-1.10.3.jar:1.10.3]
	at org.junit.platform.launcher.core.DelegatingLauncher.execute(DelegatingLauncher.java:47) ~[junit-platform-launcher-1.10.3.jar:1.10.3]
	at org.apache.maven.surefire.junitplatform.LazyLauncher.execute(LazyLauncher.java:56) ~[surefire-junit-platform-3.2.5.jar:3.2.5]
	at org.apache.maven.surefire.junitplatform.JUnitPlatformProvider.execute(JUnitPlatformProvider.java:184) ~[surefire-junit-platform-3.2.5.jar:3.2.5]
	at org.apache.maven.surefire.junitplatform.JUnitPlatformProvider.invokeAllTests(JUnitPlatformProvider.java:148) ~[surefire-junit-platform-3.2.5.jar:3.2.5]
	at org.apache.maven.surefire.junitplatform.JUnitPlatformProvider.invoke(JUnitPlatformProvider.java:122) ~[surefire-junit-platform-3.2.5.jar:3.2.5]
	at org.apache.maven.surefire.booter.ForkedBooter.runSuitesInProcess(ForkedBooter.java:385) ~[surefire-booter-3.2.5.jar:3.2.5]
	at org.apache.maven.surefire.booter.ForkedBooter.execute(ForkedBooter.java:162) ~[surefire-booter-3.2.5.jar:3.2.5]
	at org.apache.maven.surefire.booter.ForkedBooter.run(ForkedBooter.java:507) ~[surefire-booter-3.2.5.jar:3.2.5]
	at org.apache.maven.surefire.booter.ForkedBooter.main(ForkedBooter.java:495) ~[surefire-booter-3.2.5.jar:3.2.5]

[ERROR] Tests run: 3, Failures: 0, Errors: 3, Skipped: 0, Time elapsed: 9.716 s <<< FAILURE! -- in se.inera.nll.nlllight.api.medication.MedicationControllerTest
[ERROR] se.inera.nll.nlllight.api.medication.MedicationControllerTest.get_shouldReturnSingleMedication -- Time elapsed: 0.001 s <<< ERROR!
java.lang.IllegalStateException: Failed to load ApplicationContext for [WebMergedContextConfiguration@6ba08a09 testClass = se.inera.nll.nlllight.api.medication.MedicationControllerTest, locations = [], classes = [se.inera.nll.nlllight.api.NllLightApiApplication], contextInitializerClasses = [], activeProfiles = [], propertySourceDescriptors = [], propertySourceProperties = ["org.springframework.boot.test.context.SpringBootTestContextBootstrapper=true", "server.port=0"], contextCustomizers = [org.springframework.boot.test.context.filter.ExcludeFilterContextCustomizer@1f75a668, org.springframework.boot.test.json.DuplicateJsonObjectContextCustomizerFactory$DuplicateJsonObjectContextCustomizer@2812b107, org.springframework.boot.test.mock.mockito.MockitoContextCustomizer@0, org.springframework.boot.test.web.client.TestRestTemplateContextCustomizer@4eaf3684, org.springframework.boot.test.web.reactor.netty.DisableReactorResourceFactoryGlobalResourcesContextCustomizerFactory$DisableReactorResourceFactoryGlobalResourcesContextCustomizerCustomizer@4416d64f, org.springframework.boot.test.autoconfigure.actuate.observability.ObservabilityContextCustomizerFactory$DisableObservabilityContextCustomizer@1f, org.springframework.boot.test.autoconfigure.properties.PropertyMappingContextCustomizer@0, org.springframework.boot.test.autoconfigure.web.servlet.WebDriverContextCustomizer@3b8f0a79, org.springframework.boot.test.context.SpringBootTestAnnotation@1500a9ed], resourceBasePath = "src/main/webapp", contextLoader = org.springframework.boot.test.context.SpringBootContextLoader, parent = null]
	at org.springframework.test.context.cache.DefaultCacheAwareContextLoaderDelegate.loadContext(DefaultCacheAwareContextLoaderDelegate.java:180)
	at org.springframework.test.context.support.DefaultTestContext.getApplicationContext(DefaultTestContext.java:130)
	at org.springframework.test.context.support.DependencyInjectionTestExecutionListener.injectDependencies(DependencyInjectionTestExecutionListener.java:142)
	at org.springframework.test.context.support.DependencyInjectionTestExecutionListener.prepareTestInstance(DependencyInjectionTestExecutionListener.java:98)
	at org.springframework.test.context.TestContextManager.prepareTestInstance(TestContextManager.java:260)
	at org.springframework.test.context.junit.jupiter.SpringExtension.postProcessTestInstance(SpringExtension.java:163)
	at java.base/java.util.stream.ReferencePipeline$3$1.accept(ReferencePipeline.java:197)
	at java.base/java.util.stream.ReferencePipeline$2$1.accept(ReferencePipeline.java:179)
	at java.base/java.util.ArrayList$ArrayListSpliterator.forEachRemaining(ArrayList.java:1708)
	at java.base/java.util.stream.AbstractPipeline.copyInto(AbstractPipeline.java:509)
	at java.base/java.util.stream.AbstractPipeline.wrapAndCopyInto(AbstractPipeline.java:499)
	at java.base/java.util.stream.StreamSpliterators$WrappingSpliterator.forEachRemaining(StreamSpliterators.java:310)
	at java.base/java.util.stream.Streams$ConcatSpliterator.forEachRemaining(Streams.java:735)
	at java.base/java.util.stream.Streams$ConcatSpliterator.forEachRemaining(Streams.java:734)
	at java.base/java.util.stream.ReferencePipeline$Head.forEach(ReferencePipeline.java:762)
	at java.base/java.util.Optional.orElseGet(Optional.java:364)
	at java.base/java.util.ArrayList.forEach(ArrayList.java:1596)
	at java.base/java.util.ArrayList.forEach(ArrayList.java:1596)
Caused by: org.springframework.beans.factory.BeanCreationException: Error creating bean with name 'entityManagerFactory' defined in class path resource [org/springframework/boot/autoconfigure/orm/jpa/HibernateJpaConfiguration.class]: Failed to initialize dependency 'flyway' of LoadTimeWeaverAware bean 'entityManagerFactory': Error creating bean with name 'flyway' defined in class path resource [org/springframework/boot/autoconfigure/flyway/FlywayAutoConfiguration$FlywayConfiguration.class]: Circular depends-on relationship between 'flyway' and 'entityManagerFactory'
	at org.springframework.beans.factory.support.AbstractBeanFactory.doGetBean(AbstractBeanFactory.java:326)
	at org.springframework.beans.factory.support.AbstractBeanFactory.getBean(AbstractBeanFactory.java:205)
	at org.springframework.context.support.AbstractApplicationContext.finishBeanFactoryInitialization(AbstractApplicationContext.java:954)
	at org.springframework.context.support.AbstractApplicationContext.refresh(AbstractApplicationContext.java:625)
	at org.springframework.boot.web.servlet.context.ServletWebServerApplicationContext.refresh(ServletWebServerApplicationContext.java:146)
	at org.springframework.boot.SpringApplication.refresh(SpringApplication.java:754)
	at org.springframework.boot.SpringApplication.refreshContext(SpringApplication.java:456)
	at org.springframework.boot.SpringApplication.run(SpringApplication.java:335)
	at org.springframework.boot.test.context.SpringBootContextLoader.lambda$loadContext$3(SpringBootContextLoader.java:137)
	at org.springframework.util.function.ThrowingSupplier.get(ThrowingSupplier.java:58)
	at org.springframework.util.function.ThrowingSupplier.get(ThrowingSupplier.java:46)
	at org.springframework.boot.SpringApplication.withHook(SpringApplication.java:1463)
	at org.springframework.boot.test.context.SpringBootContextLoader$ContextLoaderHook.run(SpringBootContextLoader.java:553)
	at org.springframework.boot.test.context.SpringBootContextLoader.loadContext(SpringBootContextLoader.java:137)
	at org.springframework.boot.test.context.SpringBootContextLoader.loadContext(SpringBootContextLoader.java:108)
	at org.springframework.test.context.cache.DefaultCacheAwareContextLoaderDelegate.loadContextInternal(DefaultCacheAwareContextLoaderDelegate.java:225)
	at org.springframework.test.context.cache.DefaultCacheAwareContextLoaderDelegate.loadContext(DefaultCacheAwareContextLoaderDelegate.java:152)
	... 17 more
Caused by: org.springframework.beans.factory.BeanCreationException: Error creating bean with name 'flyway' defined in class path resource [org/springframework/boot/autoconfigure/flyway/FlywayAutoConfiguration$FlywayConfiguration.class]: Circular depends-on relationship between 'flyway' and 'entityManagerFactory'
	at org.springframework.beans.factory.support.AbstractBeanFactory.doGetBean(AbstractBeanFactory.java:308)
	at org.springframework.beans.factory.support.AbstractBeanFactory.getBean(AbstractBeanFactory.java:200)
	at org.springframework.beans.factory.support.AbstractBeanFactory.doGetBean(AbstractBeanFactory.java:313)
	... 33 more

[ERROR] se.inera.nll.nlllight.api.medication.MedicationControllerTest.list_shouldReturnSeededMedications -- Time elapsed: 0 s <<< ERROR!
java.lang.IllegalStateException: ApplicationContext failure threshold (1) exceeded: skipping repeated attempt to load context for [WebMergedContextConfiguration@6ba08a09 testClass = se.inera.nll.nlllight.api.medication.MedicationControllerTest, locations = [], classes = [se.inera.nll.nlllight.api.NllLightApiApplication], contextInitializerClasses = [], activeProfiles = [], propertySourceDescriptors = [], propertySourceProperties = ["org.springframework.boot.test.context.SpringBootTestContextBootstrapper=true", "server.port=0"], contextCustomizers = [org.springframework.boot.test.context.filter.ExcludeFilterContextCustomizer@1f75a668, org.springframework.boot.test.json.DuplicateJsonObjectContextCustomizerFactory$DuplicateJsonObjectContextCustomizer@2812b107, org.springframework.boot.test.mock.mockito.MockitoContextCustomizer@0, org.springframework.boot.test.web.client.TestRestTemplateContextCustomizer@4eaf3684, org.springframework.boot.test.web.reactor.netty.DisableReactorResourceFactoryGlobalResourcesContextCustomizerFactory$DisableReactorResourceFactoryGlobalResourcesContextCustomizerCustomizer@4416d64f, org.springframework.boot.test.autoconfigure.actuate.observability.ObservabilityContextCustomizerFactory$DisableObservabilityContextCustomizer@1f, org.springframework.boot.test.autoconfigure.properties.PropertyMappingContextCustomizer@0, org.springframework.boot.test.autoconfigure.web.servlet.WebDriverContextCustomizer@3b8f0a79, org.springframework.boot.test.context.SpringBootTestAnnotation@1500a9ed], resourceBasePath = "src/main/webapp", contextLoader = org.springframework.boot.test.context.SpringBootContextLoader, parent = null]
	at org.springframework.test.context.cache.DefaultCacheAwareContextLoaderDelegate.loadContext(DefaultCacheAwareContextLoaderDelegate.java:145)
	at org.springframework.test.context.support.DefaultTestContext.getApplicationContext(DefaultTestContext.java:130)
	at org.springframework.test.context.support.DependencyInjectionTestExecutionListener.injectDependencies(DependencyInjectionTestExecutionListener.java:142)
	at org.springframework.test.context.support.DependencyInjectionTestExecutionListener.prepareTestInstance(DependencyInjectionTestExecutionListener.java:98)
	at org.springframework.test.context.TestContextManager.prepareTestInstance(TestContextManager.java:260)
	at org.springframework.test.context.junit.jupiter.SpringExtension.postProcessTestInstance(SpringExtension.java:163)
	at java.base/java.util.stream.ReferencePipeline$3$1.accept(ReferencePipeline.java:197)
	at java.base/java.util.stream.ReferencePipeline$2$1.accept(ReferencePipeline.java:179)
	at java.base/java.util.ArrayList$ArrayListSpliterator.forEachRemaining(ArrayList.java:1708)
	at java.base/java.util.stream.AbstractPipeline.copyInto(AbstractPipeline.java:509)
	at java.base/java.util.stream.AbstractPipeline.wrapAndCopyInto(AbstractPipeline.java:499)
	at java.base/java.util.stream.StreamSpliterators$WrappingSpliterator.forEachRemaining(StreamSpliterators.java:310)
	at java.base/java.util.stream.Streams$ConcatSpliterator.forEachRemaining(Streams.java:735)
	at java.base/java.util.stream.Streams$ConcatSpliterator.forEachRemaining(Streams.java:734)
	at java.base/java.util.stream.ReferencePipeline$Head.forEach(ReferencePipeline.java:762)
	at java.base/java.util.Optional.orElseGet(Optional.java:364)
	at java.base/java.util.ArrayList.forEach(ArrayList.java:1596)
	at java.base/java.util.ArrayList.forEach(ArrayList.java:1596)

[ERROR] se.inera.nll.nlllight.api.medication.MedicationControllerTest.search_shouldFindMelatoninByPartial -- Time elapsed: 0 s <<< ERROR!
java.lang.IllegalStateException: ApplicationContext failure threshold (1) exceeded: skipping repeated attempt to load context for [WebMergedContextConfiguration@6ba08a09 testClass = se.inera.nll.nlllight.api.medication.MedicationControllerTest, locations = [], classes = [se.inera.nll.nlllight.api.NllLightApiApplication], contextInitializerClasses = [], activeProfiles = [], propertySourceDescriptors = [], propertySourceProperties = ["org.springframework.boot.test.context.SpringBootTestContextBootstrapper=true", "server.port=0"], contextCustomizers = [org.springframework.boot.test.context.filter.ExcludeFilterContextCustomizer@1f75a668, org.springframework.boot.test.json.DuplicateJsonObjectContextCustomizerFactory$DuplicateJsonObjectContextCustomizer@2812b107, org.springframework.boot.test.mock.mockito.MockitoContextCustomizer@0, org.springframework.boot.test.web.client.TestRestTemplateContextCustomizer@4eaf3684, org.springframework.boot.test.web.reactor.netty.DisableReactorResourceFactoryGlobalResourcesContextCustomizerFactory$DisableReactorResourceFactoryGlobalResourcesContextCustomizerCustomizer@4416d64f, org.springframework.boot.test.autoconfigure.actuate.observability.ObservabilityContextCustomizerFactory$DisableObservabilityContextCustomizer@1f, org.springframework.boot.test.autoconfigure.properties.PropertyMappingContextCustomizer@0, org.springframework.boot.test.autoconfigure.web.servlet.WebDriverContextCustomizer@3b8f0a79, org.springframework.boot.test.context.SpringBootTestAnnotation@1500a9ed], resourceBasePath = "src/main/webapp", contextLoader = org.springframework.boot.test.context.SpringBootContextLoader, parent = null]
	at org.springframework.test.context.cache.DefaultCacheAwareContextLoaderDelegate.loadContext(DefaultCacheAwareContextLoaderDelegate.java:145)
	at org.springframework.test.context.support.DefaultTestContext.getApplicationContext(DefaultTestContext.java:130)
	at org.springframework.test.context.support.DependencyInjectionTestExecutionListener.injectDependencies(DependencyInjectionTestExecutionListener.java:142)
	at org.springframework.test.context.support.DependencyInjectionTestExecutionListener.prepareTestInstance(DependencyInjectionTestExecutionListener.java:98)
	at org.springframework.test.context.TestContextManager.prepareTestInstance(TestContextManager.java:260)
	at org.springframework.test.context.junit.jupiter.SpringExtension.postProcessTestInstance(SpringExtension.java:163)
	at java.base/java.util.stream.ReferencePipeline$3$1.accept(ReferencePipeline.java:197)
	at java.base/java.util.stream.ReferencePipeline$2$1.accept(ReferencePipeline.java:179)
	at java.base/java.util.ArrayList$ArrayListSpliterator.forEachRemaining(ArrayList.java:1708)
	at java.base/java.util.stream.AbstractPipeline.copyInto(AbstractPipeline.java:509)
	at java.base/java.util.stream.AbstractPipeline.wrapAndCopyInto(AbstractPipeline.java:499)
	at java.base/java.util.stream.StreamSpliterators$WrappingSpliterator.forEachRemaining(StreamSpliterators.java:310)
	at java.base/java.util.stream.Streams$ConcatSpliterator.forEachRemaining(Streams.java:735)
	at java.base/java.util.stream.Streams$ConcatSpliterator.forEachRemaining(Streams.java:734)
	at java.base/java.util.stream.ReferencePipeline$Head.forEach(ReferencePipeline.java:762)
	at java.base/java.util.Optional.orElseGet(Optional.java:364)
	at java.base/java.util.ArrayList.forEach(ArrayList.java:1596)
	at java.base/java.util.ArrayList.forEach(ArrayList.java:1596)

[INFO] Running se.inera.nll.nlllight.api.repository.RepositoryTest
2025-10-12T09:06:41.059Z  INFO 144 --- [medication-api] [           main] t.c.s.AnnotationConfigContextLoaderUtils : Could not detect default configuration classes for test class [se.inera.nll.nlllight.api.repository.RepositoryTest]: RepositoryTest does not declare any static, non-private, non-final, nested classes annotated with @Configuration.
2025-10-12T09:06:41.725Z  INFO 144 --- [medication-api] [           main] .b.t.c.SpringBootTestContextBootstrapper : Found @SpringBootConfiguration se.inera.nll.nlllight.api.NllLightApiApplication for test class se.inera.nll.nlllight.api.repository.RepositoryTest

  .   ____          _            __ _ _
 /\\ / ___'_ __ _ _(_)_ __  __ _ \ \ \ \
( ( )\___ | '_ | '_| | '_ \/ _` | \ \ \ \
 \\/  ___)| |_)| | | | | || (_| |  ) ) ) )
  '  |____| .__|_| |_|_| |_\__, | / / / /
 =========|_|==============|___/=/_/_/_/

 :: Spring Boot ::                (v3.3.3)

2025-10-12T09:06:41.914Z  INFO 144 --- [nll-light-api-test] [           main] s.i.n.n.api.repository.RepositoryTest    : Starting RepositoryTest using Java 21.0.7 with PID 144 (started by root in /src/medication-api)
2025-10-12T09:06:41.915Z DEBUG 144 --- [nll-light-api-test] [           main] s.i.n.n.api.repository.RepositoryTest    : Running with Spring Boot v3.3.3, Spring v6.1.12
2025-10-12T09:06:41.915Z  INFO 144 --- [nll-light-api-test] [           main] s.i.n.n.api.repository.RepositoryTest    : The following 1 profile is active: "test"
2025-10-12T09:06:42.705Z  INFO 144 --- [nll-light-api-test] [           main] .s.d.r.c.RepositoryConfigurationDelegate : Bootstrapping Spring Data JPA repositories in DEFAULT mode.
2025-10-12T09:06:43.113Z  INFO 144 --- [nll-light-api-test] [           main] .s.d.r.c.RepositoryConfigurationDelegate : Finished Spring Data repository scanning in 408 ms. Found 5 JPA repository interfaces.
2025-10-12T09:06:43.146Z  INFO 144 --- [nll-light-api-test] [           main] beddedDataSourceBeanFactoryPostProcessor : Replacing 'dataSource' DataSource bean with embedded version
2025-10-12T09:06:43.161Z  WARN 144 --- [nll-light-api-test] [           main] s.c.a.AnnotationConfigApplicationContext : Exception encountered during context initialization - cancelling refresh attempt: org.springframework.beans.factory.BeanCreationException: Error creating bean with name 'entityManagerFactory' defined in class path resource [org/springframework/boot/autoconfigure/orm/jpa/HibernateJpaConfiguration.class]: Failed to initialize dependency 'flyway' of LoadTimeWeaverAware bean 'entityManagerFactory': Error creating bean with name 'flyway' defined in class path resource [org/springframework/boot/autoconfigure/flyway/FlywayAutoConfiguration$FlywayConfiguration.class]: Circular depends-on relationship between 'flyway' and 'entityManagerFactory'
2025-10-12T09:06:43.162Z  INFO 144 --- [nll-light-api-test] [           main] .s.b.a.l.ConditionEvaluationReportLogger : 

Error starting ApplicationContext. To display the condition evaluation report re-run your application with 'debug' enabled.
2025-10-12T09:06:43.166Z ERROR 144 --- [nll-light-api-test] [           main] o.s.boot.SpringApplication               : Application run failed

org.springframework.beans.factory.BeanCreationException: Error creating bean with name 'entityManagerFactory' defined in class path resource [org/springframework/boot/autoconfigure/orm/jpa/HibernateJpaConfiguration.class]: Failed to initialize dependency 'flyway' of LoadTimeWeaverAware bean 'entityManagerFactory': Error creating bean with name 'flyway' defined in class path resource [org/springframework/boot/autoconfigure/flyway/FlywayAutoConfiguration$FlywayConfiguration.class]: Circular depends-on relationship between 'flyway' and 'entityManagerFactory'
	at org.springframework.beans.factory.support.AbstractBeanFactory.doGetBean(AbstractBeanFactory.java:326) ~[spring-beans-6.1.12.jar:6.1.12]
	at org.springframework.beans.factory.support.AbstractBeanFactory.getBean(AbstractBeanFactory.java:205) ~[spring-beans-6.1.12.jar:6.1.12]
	at org.springframework.context.support.AbstractApplicationContext.finishBeanFactoryInitialization(AbstractApplicationContext.java:954) ~[spring-context-6.1.12.jar:6.1.12]
	at org.springframework.context.support.AbstractApplicationContext.refresh(AbstractApplicationContext.java:625) ~[spring-context-6.1.12.jar:6.1.12]
	at org.springframework.boot.SpringApplication.refresh(SpringApplication.java:754) ~[spring-boot-3.3.3.jar:3.3.3]
	at org.springframework.boot.SpringApplication.refreshContext(SpringApplication.java:456) ~[spring-boot-3.3.3.jar:3.3.3]
	at org.springframework.boot.SpringApplication.run(SpringApplication.java:335) ~[spring-boot-3.3.3.jar:3.3.3]
	at org.springframework.boot.test.context.SpringBootContextLoader.lambda$loadContext$3(SpringBootContextLoader.java:137) ~[spring-boot-test-3.3.3.jar:3.3.3]
	at org.springframework.util.function.ThrowingSupplier.get(ThrowingSupplier.java:58) ~[spring-core-6.1.12.jar:6.1.12]
	at org.springframework.util.function.ThrowingSupplier.get(ThrowingSupplier.java:46) ~[spring-core-6.1.12.jar:6.1.12]
	at org.springframework.boot.SpringApplication.withHook(SpringApplication.java:1463) ~[spring-boot-3.3.3.jar:3.3.3]
	at org.springframework.boot.test.context.SpringBootContextLoader$ContextLoaderHook.run(SpringBootContextLoader.java:553) ~[spring-boot-test-3.3.3.jar:3.3.3]
	at org.springframework.boot.test.context.SpringBootContextLoader.loadContext(SpringBootContextLoader.java:137) ~[spring-boot-test-3.3.3.jar:3.3.3]
	at org.springframework.boot.test.context.SpringBootContextLoader.loadContext(SpringBootContextLoader.java:108) ~[spring-boot-test-3.3.3.jar:3.3.3]
	at org.springframework.test.context.cache.DefaultCacheAwareContextLoaderDelegate.loadContextInternal(DefaultCacheAwareContextLoaderDelegate.java:225) ~[spring-test-6.1.12.jar:6.1.12]
	at org.springframework.test.context.cache.DefaultCacheAwareContextLoaderDelegate.loadContext(DefaultCacheAwareContextLoaderDelegate.java:152) ~[spring-test-6.1.12.jar:6.1.12]
	at org.springframework.test.context.support.DefaultTestContext.getApplicationContext(DefaultTestContext.java:130) ~[spring-test-6.1.12.jar:6.1.12]
	at org.springframework.test.context.support.DependencyInjectionTestExecutionListener.injectDependencies(DependencyInjectionTestExecutionListener.java:142) ~[spring-test-6.1.12.jar:6.1.12]
	at org.springframework.test.context.support.DependencyInjectionTestExecutionListener.prepareTestInstance(DependencyInjectionTestExecutionListener.java:98) ~[spring-test-6.1.12.jar:6.1.12]
	at org.springframework.test.context.TestContextManager.prepareTestInstance(TestContextManager.java:260) ~[spring-test-6.1.12.jar:6.1.12]
	at org.springframework.test.context.junit.jupiter.SpringExtension.postProcessTestInstance(SpringExtension.java:163) ~[spring-test-6.1.12.jar:6.1.12]
	at org.junit.jupiter.engine.descriptor.ClassBasedTestDescriptor.lambda$invokeTestInstancePostProcessors$10(ClassBasedTestDescriptor.java:378) ~[junit-jupiter-engine-5.10.3.jar:5.10.3]
	at org.junit.jupiter.engine.descriptor.ClassBasedTestDescriptor.executeAndMaskThrowable(ClassBasedTestDescriptor.java:383) ~[junit-jupiter-engine-5.10.3.jar:5.10.3]
	at org.junit.jupiter.engine.descriptor.ClassBasedTestDescriptor.lambda$invokeTestInstancePostProcessors$11(ClassBasedTestDescriptor.java:378) ~[junit-jupiter-engine-5.10.3.jar:5.10.3]
	at java.base/java.util.stream.ReferencePipeline$3$1.accept(ReferencePipeline.java:197) ~[na:na]
	at java.base/java.util.stream.ReferencePipeline$2$1.accept(ReferencePipeline.java:179) ~[na:na]
	at java.base/java.util.ArrayList$ArrayListSpliterator.forEachRemaining(ArrayList.java:1708) ~[na:na]
	at java.base/java.util.stream.AbstractPipeline.copyInto(AbstractPipeline.java:509) ~[na:na]
	at java.base/java.util.stream.AbstractPipeline.wrapAndCopyInto(AbstractPipeline.java:499) ~[na:na]
	at java.base/java.util.stream.StreamSpliterators$WrappingSpliterator.forEachRemaining(StreamSpliterators.java:310) ~[na:na]
	at java.base/java.util.stream.Streams$ConcatSpliterator.forEachRemaining(Streams.java:735) ~[na:na]
	at java.base/java.util.stream.Streams$ConcatSpliterator.forEachRemaining(Streams.java:734) ~[na:na]
	at java.base/java.util.stream.ReferencePipeline$Head.forEach(ReferencePipeline.java:762) ~[na:na]
	at org.junit.jupiter.engine.descriptor.ClassBasedTestDescriptor.invokeTestInstancePostProcessors(ClassBasedTestDescriptor.java:377) ~[junit-jupiter-engine-5.10.3.jar:5.10.3]
	at org.junit.jupiter.engine.descriptor.ClassBasedTestDescriptor.lambda$instantiateAndPostProcessTestInstance$6(ClassBasedTestDescriptor.java:290) ~[junit-jupiter-engine-5.10.3.jar:5.10.3]
	at org.junit.platform.engine.support.hierarchical.ThrowableCollector.execute(ThrowableCollector.java:73) ~[junit-platform-engine-1.10.3.jar:1.10.3]
	at org.junit.jupiter.engine.descriptor.ClassBasedTestDescriptor.instantiateAndPostProcessTestInstance(ClassBasedTestDescriptor.java:289) ~[junit-jupiter-engine-5.10.3.jar:5.10.3]
	at org.junit.jupiter.engine.descriptor.ClassBasedTestDescriptor.lambda$testInstancesProvider$4(ClassBasedTestDescriptor.java:279) ~[junit-jupiter-engine-5.10.3.jar:5.10.3]
	at java.base/java.util.Optional.orElseGet(Optional.java:364) ~[na:na]
	at org.junit.jupiter.engine.descriptor.ClassBasedTestDescriptor.lambda$testInstancesProvider$5(ClassBasedTestDescriptor.java:278) ~[junit-jupiter-engine-5.10.3.jar:5.10.3]
	at org.junit.jupiter.engine.execution.TestInstancesProvider.getTestInstances(TestInstancesProvider.java:31) ~[junit-jupiter-engine-5.10.3.jar:5.10.3]
	at org.junit.jupiter.engine.descriptor.TestMethodTestDescriptor.lambda$prepare$0(TestMethodTestDescriptor.java:106) ~[junit-jupiter-engine-5.10.3.jar:5.10.3]
	at org.junit.platform.engine.support.hierarchical.ThrowableCollector.execute(ThrowableCollector.java:73) ~[junit-platform-engine-1.10.3.jar:1.10.3]
	at org.junit.jupiter.engine.descriptor.TestMethodTestDescriptor.prepare(TestMethodTestDescriptor.java:105) ~[junit-jupiter-engine-5.10.3.jar:5.10.3]
	at org.junit.jupiter.engine.descriptor.TestMethodTestDescriptor.prepare(TestMethodTestDescriptor.java:69) ~[junit-jupiter-engine-5.10.3.jar:5.10.3]
	at org.junit.platform.engine.support.hierarchical.NodeTestTask.lambda$prepare$2(NodeTestTask.java:123) ~[junit-platform-engine-1.10.3.jar:1.10.3]
	at org.junit.platform.engine.support.hierarchical.ThrowableCollector.execute(ThrowableCollector.java:73) ~[junit-platform-engine-1.10.3.jar:1.10.3]
	at org.junit.platform.engine.support.hierarchical.NodeTestTask.prepare(NodeTestTask.java:123) ~[junit-platform-engine-1.10.3.jar:1.10.3]
	at org.junit.platform.engine.support.hierarchical.NodeTestTask.execute(NodeTestTask.java:90) ~[junit-platform-engine-1.10.3.jar:1.10.3]
	at java.base/java.util.ArrayList.forEach(ArrayList.java:1596) ~[na:na]
	at org.junit.platform.engine.support.hierarchical.SameThreadHierarchicalTestExecutorService.invokeAll(SameThreadHierarchicalTestExecutorService.java:41) ~[junit-platform-engine-1.10.3.jar:1.10.3]
	at org.junit.platform.engine.support.hierarchical.NodeTestTask.lambda$executeRecursively$6(NodeTestTask.java:155) ~[junit-platform-engine-1.10.3.jar:1.10.3]
	at org.junit.platform.engine.support.hierarchical.ThrowableCollector.execute(ThrowableCollector.java:73) ~[junit-platform-engine-1.10.3.jar:1.10.3]
	at org.junit.platform.engine.support.hierarchical.NodeTestTask.lambda$executeRecursively$8(NodeTestTask.java:141) ~[junit-platform-engine-1.10.3.jar:1.10.3]
	at org.junit.platform.engine.support.hierarchical.Node.around(Node.java:137) ~[junit-platform-engine-1.10.3.jar:1.10.3]
	at org.junit.platform.engine.support.hierarchical.NodeTestTask.lambda$executeRecursively$9(NodeTestTask.java:139) ~[junit-platform-engine-1.10.3.jar:1.10.3]
	at org.junit.platform.engine.support.hierarchical.ThrowableCollector.execute(ThrowableCollector.java:73) ~[junit-platform-engine-1.10.3.jar:1.10.3]
	at org.junit.platform.engine.support.hierarchical.NodeTestTask.executeRecursively(NodeTestTask.java:138) ~[junit-platform-engine-1.10.3.jar:1.10.3]
	at org.junit.platform.engine.support.hierarchical.NodeTestTask.execute(NodeTestTask.java:95) ~[junit-platform-engine-1.10.3.jar:1.10.3]
	at java.base/java.util.ArrayList.forEach(ArrayList.java:1596) ~[na:na]
	at org.junit.platform.engine.support.hierarchical.SameThreadHierarchicalTestExecutorService.invokeAll(SameThreadHierarchicalTestExecutorService.java:41) ~[junit-platform-engine-1.10.3.jar:1.10.3]
	at org.junit.platform.engine.support.hierarchical.NodeTestTask.lambda$executeRecursively$6(NodeTestTask.java:155) ~[junit-platform-engine-1.10.3.jar:1.10.3]
	at org.junit.platform.engine.support.hierarchical.ThrowableCollector.execute(ThrowableCollector.java:73) ~[junit-platform-engine-1.10.3.jar:1.10.3]
	at org.junit.platform.engine.support.hierarchical.NodeTestTask.lambda$executeRecursively$8(NodeTestTask.java:141) ~[junit-platform-engine-1.10.3.jar:1.10.3]
	at org.junit.platform.engine.support.hierarchical.Node.around(Node.java:137) ~[junit-platform-engine-1.10.3.jar:1.10.3]
	at org.junit.platform.engine.support.hierarchical.NodeTestTask.lambda$executeRecursively$9(NodeTestTask.java:139) ~[junit-platform-engine-1.10.3.jar:1.10.3]
	at org.junit.platform.engine.support.hierarchical.ThrowableCollector.execute(ThrowableCollector.java:73) ~[junit-platform-engine-1.10.3.jar:1.10.3]
	at org.junit.platform.engine.support.hierarchical.NodeTestTask.executeRecursively(NodeTestTask.java:138) ~[junit-platform-engine-1.10.3.jar:1.10.3]
	at org.junit.platform.engine.support.hierarchical.NodeTestTask.execute(NodeTestTask.java:95) ~[junit-platform-engine-1.10.3.jar:1.10.3]
	at org.junit.platform.engine.support.hierarchical.SameThreadHierarchicalTestExecutorService.submit(SameThreadHierarchicalTestExecutorService.java:35) ~[junit-platform-engine-1.10.3.jar:1.10.3]
	at org.junit.platform.engine.support.hierarchical.HierarchicalTestExecutor.execute(HierarchicalTestExecutor.java:57) ~[junit-platform-engine-1.10.3.jar:1.10.3]
	at org.junit.platform.engine.support.hierarchical.HierarchicalTestEngine.execute(HierarchicalTestEngine.java:54) ~[junit-platform-engine-1.10.3.jar:1.10.3]
	at org.junit.platform.launcher.core.EngineExecutionOrchestrator.execute(EngineExecutionOrchestrator.java:198) ~[junit-platform-launcher-1.10.3.jar:1.10.3]
	at org.junit.platform.launcher.core.EngineExecutionOrchestrator.execute(EngineExecutionOrchestrator.java:169) ~[junit-platform-launcher-1.10.3.jar:1.10.3]
	at org.junit.platform.launcher.core.EngineExecutionOrchestrator.execute(EngineExecutionOrchestrator.java:93) ~[junit-platform-launcher-1.10.3.jar:1.10.3]
	at org.junit.platform.launcher.core.EngineExecutionOrchestrator.lambda$execute$0(EngineExecutionOrchestrator.java:58) ~[junit-platform-launcher-1.10.3.jar:1.10.3]
	at org.junit.platform.launcher.core.EngineExecutionOrchestrator.withInterceptedStreams(EngineExecutionOrchestrator.java:141) ~[junit-platform-launcher-1.10.3.jar:1.10.3]
	at org.junit.platform.launcher.core.EngineExecutionOrchestrator.execute(EngineExecutionOrchestrator.java:57) ~[junit-platform-launcher-1.10.3.jar:1.10.3]
	at org.junit.platform.launcher.core.DefaultLauncher.execute(DefaultLauncher.java:103) ~[junit-platform-launcher-1.10.3.jar:1.10.3]
	at org.junit.platform.launcher.core.DefaultLauncher.execute(DefaultLauncher.java:85) ~[junit-platform-launcher-1.10.3.jar:1.10.3]
	at org.junit.platform.launcher.core.DelegatingLauncher.execute(DelegatingLauncher.java:47) ~[junit-platform-launcher-1.10.3.jar:1.10.3]
	at org.apache.maven.surefire.junitplatform.LazyLauncher.execute(LazyLauncher.java:56) ~[surefire-junit-platform-3.2.5.jar:3.2.5]
	at org.apache.maven.surefire.junitplatform.JUnitPlatformProvider.execute(JUnitPlatformProvider.java:184) ~[surefire-junit-platform-3.2.5.jar:3.2.5]
	at org.apache.maven.surefire.junitplatform.JUnitPlatformProvider.invokeAllTests(JUnitPlatformProvider.java:148) ~[surefire-junit-platform-3.2.5.jar:3.2.5]
	at org.apache.maven.surefire.junitplatform.JUnitPlatformProvider.invoke(JUnitPlatformProvider.java:122) ~[surefire-junit-platform-3.2.5.jar:3.2.5]
	at org.apache.maven.surefire.booter.ForkedBooter.runSuitesInProcess(ForkedBooter.java:385) ~[surefire-booter-3.2.5.jar:3.2.5]
	at org.apache.maven.surefire.booter.ForkedBooter.execute(ForkedBooter.java:162) ~[surefire-booter-3.2.5.jar:3.2.5]
	at org.apache.maven.surefire.booter.ForkedBooter.run(ForkedBooter.java:507) ~[surefire-booter-3.2.5.jar:3.2.5]
	at org.apache.maven.surefire.booter.ForkedBooter.main(ForkedBooter.java:495) ~[surefire-booter-3.2.5.jar:3.2.5]
Caused by: org.springframework.beans.factory.BeanCreationException: Error creating bean with name 'flyway' defined in class path resource [org/springframework/boot/autoconfigure/flyway/FlywayAutoConfiguration$FlywayConfiguration.class]: Circular depends-on relationship between 'flyway' and 'entityManagerFactory'
	at org.springframework.beans.factory.support.AbstractBeanFactory.doGetBean(AbstractBeanFactory.java:308) ~[spring-beans-6.1.12.jar:6.1.12]
	at org.springframework.beans.factory.support.AbstractBeanFactory.getBean(AbstractBeanFactory.java:200) ~[spring-beans-6.1.12.jar:6.1.12]
	at org.springframework.beans.factory.support.AbstractBeanFactory.doGetBean(AbstractBeanFactory.java:313) ~[spring-beans-6.1.12.jar:6.1.12]
	... 88 common frames omitted




============================
CONDITIONS EVALUATION REPORT
============================


Positive matches:
-----------------

    None


Negative matches:
-----------------

    None


Exclusions:
-----------

    None
2025-10-12T09:06:43.168Z  WARN 144 --- [nll-light-api-test] [           main] o.s.test.context.TestContextManager      : Caught exception while allowing TestExecutionListener [org.springframework.test.context.support.DependencyInjectionTestExecutionListener] to prepare test instance [se.inera.nll.nlllight.api.repository.RepositoryTest@4c0bfe9e]

java.lang.IllegalStateException: Failed to load ApplicationContext for [MergedContextConfiguration@234bfc8c testClass = se.inera.nll.nlllight.api.repository.RepositoryTest, locations = [], classes = [se.inera.nll.nlllight.api.NllLightApiApplication], contextInitializerClasses = [], activeProfiles = ["test"], propertySourceDescriptors = [], propertySourceProperties = ["org.springframework.boot.test.autoconfigure.orm.jpa.DataJpaTestContextBootstrapper=true"], contextCustomizers = [[ImportsContextCustomizer@5008559a key = [org.springframework.boot.autoconfigure.transaction.TransactionAutoConfiguration, org.springframework.boot.autoconfigure.data.jpa.JpaRepositoriesAutoConfiguration, org.springframework.boot.test.autoconfigure.orm.jpa.TestEntityManagerAutoConfiguration, org.springframework.boot.autoconfigure.cache.CacheAutoConfiguration, org.springframework.boot.autoconfigure.orm.jpa.HibernateJpaAutoConfiguration, org.springframework.boot.autoconfigure.sql.init.SqlInitializationAutoConfiguration, org.springframework.boot.test.autoconfigure.jdbc.TestDatabaseAutoConfiguration, org.springframework.boot.autoconfigure.flyway.FlywayAutoConfiguration, org.springframework.boot.autoconfigure.jdbc.DataSourceTransactionManagerAutoConfiguration, org.springframework.boot.autoconfigure.liquibase.LiquibaseAutoConfiguration, org.springframework.boot.autoconfigure.jdbc.JdbcClientAutoConfiguration, org.springframework.boot.autoconfigure.jdbc.DataSourceAutoConfiguration, org.springframework.boot.autoconfigure.jdbc.JdbcTemplateAutoConfiguration]], org.springframework.boot.test.context.filter.ExcludeFilterContextCustomizer@1f75a668, org.springframework.boot.test.json.DuplicateJsonObjectContextCustomizerFactory$DuplicateJsonObjectContextCustomizer@2812b107, org.springframework.boot.test.mock.mockito.MockitoContextCustomizer@0, org.springframework.boot.test.web.reactor.netty.DisableReactorResourceFactoryGlobalResourcesContextCustomizerFactory$DisableReactorResourceFactoryGlobalResourcesContextCustomizerCustomizer@4416d64f, org.springframework.boot.test.autoconfigure.OverrideAutoConfigurationContextCustomizerFactory$DisableAutoConfigurationContextCustomizer@73d7d676, org.springframework.boot.test.autoconfigure.actuate.observability.ObservabilityContextCustomizerFactory$DisableObservabilityContextCustomizer@1f, org.springframework.boot.test.autoconfigure.filter.TypeExcludeFiltersContextCustomizer@34be3d80, org.springframework.boot.test.autoconfigure.properties.PropertyMappingContextCustomizer@f866b79d, org.springframework.boot.test.autoconfigure.web.servlet.WebDriverContextCustomizer@3b8f0a79, org.springframework.boot.test.context.SpringBootTestAnnotation@f6fa0202], contextLoader = org.springframework.boot.test.context.SpringBootContextLoader, parent = null]
	at org.springframework.test.context.cache.DefaultCacheAwareContextLoaderDelegate.loadContext(DefaultCacheAwareContextLoaderDelegate.java:180) ~[spring-test-6.1.12.jar:6.1.12]
	at org.springframework.test.context.support.DefaultTestContext.getApplicationContext(DefaultTestContext.java:130) ~[spring-test-6.1.12.jar:6.1.12]
	at org.springframework.test.context.support.DependencyInjectionTestExecutionListener.injectDependencies(DependencyInjectionTestExecutionListener.java:142) ~[spring-test-6.1.12.jar:6.1.12]
	at org.springframework.test.context.support.DependencyInjectionTestExecutionListener.prepareTestInstance(DependencyInjectionTestExecutionListener.java:98) ~[spring-test-6.1.12.jar:6.1.12]
	at org.springframework.test.context.TestContextManager.prepareTestInstance(TestContextManager.java:260) ~[spring-test-6.1.12.jar:6.1.12]
	at org.springframework.test.context.junit.jupiter.SpringExtension.postProcessTestInstance(SpringExtension.java:163) ~[spring-test-6.1.12.jar:6.1.12]


Unconditional classes:
----------------------

    None



	at org.junit.jupiter.engine.descriptor.ClassBasedTestDescriptor.lambda$invokeTestInstancePostProcessors$10(ClassBasedTestDescriptor.java:378) ~[junit-jupiter-engine-5.10.3.jar:5.10.3]
	at org.junit.jupiter.engine.descriptor.ClassBasedTestDescriptor.executeAndMaskThrowable(ClassBasedTestDescriptor.java:383) ~[junit-jupiter-engine-5.10.3.jar:5.10.3]
	at org.junit.jupiter.engine.descriptor.ClassBasedTestDescriptor.lambda$invokeTestInstancePostProcessors$11(ClassBasedTestDescriptor.java:378) ~[junit-jupiter-engine-5.10.3.jar:5.10.3]
	at java.base/java.util.stream.ReferencePipeline$3$1.accept(ReferencePipeline.java:197) ~[na:na]
	at java.base/java.util.stream.ReferencePipeline$2$1.accept(ReferencePipeline.java:179) ~[na:na]
	at java.base/java.util.ArrayList$ArrayListSpliterator.forEachRemaining(ArrayList.java:1708) ~[na:na]
	at java.base/java.util.stream.AbstractPipeline.copyInto(AbstractPipeline.java:509) ~[na:na]
	at java.base/java.util.stream.AbstractPipeline.wrapAndCopyInto(AbstractPipeline.java:499) ~[na:na]
	at java.base/java.util.stream.StreamSpliterators$WrappingSpliterator.forEachRemaining(StreamSpliterators.java:310) ~[na:na]
	at java.base/java.util.stream.Streams$ConcatSpliterator.forEachRemaining(Streams.java:735) ~[na:na]
	at java.base/java.util.stream.Streams$ConcatSpliterator.forEachRemaining(Streams.java:734) ~[na:na]
	at java.base/java.util.stream.ReferencePipeline$Head.forEach(ReferencePipeline.java:762) ~[na:na]
	at org.junit.jupiter.engine.descriptor.ClassBasedTestDescriptor.invokeTestInstancePostProcessors(ClassBasedTestDescriptor.java:377) ~[junit-jupiter-engine-5.10.3.jar:5.10.3]
	at org.junit.jupiter.engine.descriptor.ClassBasedTestDescriptor.lambda$instantiateAndPostProcessTestInstance$6(ClassBasedTestDescriptor.java:290) ~[junit-jupiter-engine-5.10.3.jar:5.10.3]
	at org.junit.platform.engine.support.hierarchical.ThrowableCollector.execute(ThrowableCollector.java:73) ~[junit-platform-engine-1.10.3.jar:1.10.3]
	at org.junit.jupiter.engine.descriptor.ClassBasedTestDescriptor.instantiateAndPostProcessTestInstance(ClassBasedTestDescriptor.java:289) ~[junit-jupiter-engine-5.10.3.jar:5.10.3]
	at org.junit.jupiter.engine.descriptor.ClassBasedTestDescriptor.lambda$testInstancesProvider$4(ClassBasedTestDescriptor.java:279) ~[junit-jupiter-engine-5.10.3.jar:5.10.3]
	at java.base/java.util.Optional.orElseGet(Optional.java:364) ~[na:na]
	at org.junit.jupiter.engine.descriptor.ClassBasedTestDescriptor.lambda$testInstancesProvider$5(ClassBasedTestDescriptor.java:278) ~[junit-jupiter-engine-5.10.3.jar:5.10.3]
	at org.junit.jupiter.engine.execution.TestInstancesProvider.getTestInstances(TestInstancesProvider.java:31) ~[junit-jupiter-engine-5.10.3.jar:5.10.3]
	at org.junit.jupiter.engine.descriptor.TestMethodTestDescriptor.lambda$prepare$0(TestMethodTestDescriptor.java:106) ~[junit-jupiter-engine-5.10.3.jar:5.10.3]
	at org.junit.platform.engine.support.hierarchical.ThrowableCollector.execute(ThrowableCollector.java:73) ~[junit-platform-engine-1.10.3.jar:1.10.3]
	at org.junit.jupiter.engine.descriptor.TestMethodTestDescriptor.prepare(TestMethodTestDescriptor.java:105) ~[junit-jupiter-engine-5.10.3.jar:5.10.3]
	at org.junit.jupiter.engine.descriptor.TestMethodTestDescriptor.prepare(TestMethodTestDescriptor.java:69) ~[junit-jupiter-engine-5.10.3.jar:5.10.3]
	at org.junit.platform.engine.support.hierarchical.NodeTestTask.lambda$prepare$2(NodeTestTask.java:123) ~[junit-platform-engine-1.10.3.jar:1.10.3]
	at org.junit.platform.engine.support.hierarchical.ThrowableCollector.execute(ThrowableCollector.java:73) ~[junit-platform-engine-1.10.3.jar:1.10.3]
	at org.junit.platform.engine.support.hierarchical.NodeTestTask.prepare(NodeTestTask.java:123) ~[junit-platform-engine-1.10.3.jar:1.10.3]
	at org.junit.platform.engine.support.hierarchical.NodeTestTask.execute(NodeTestTask.java:90) ~[junit-platform-engine-1.10.3.jar:1.10.3]
	at java.base/java.util.ArrayList.forEach(ArrayList.java:1596) ~[na:na]
	at org.junit.platform.engine.support.hierarchical.SameThreadHierarchicalTestExecutorService.invokeAll(SameThreadHierarchicalTestExecutorService.java:41) ~[junit-platform-engine-1.10.3.jar:1.10.3]
	at org.junit.platform.engine.support.hierarchical.NodeTestTask.lambda$executeRecursively$6(NodeTestTask.java:155) ~[junit-platform-engine-1.10.3.jar:1.10.3]
	at org.junit.platform.engine.support.hierarchical.ThrowableCollector.execute(ThrowableCollector.java:73) ~[junit-platform-engine-1.10.3.jar:1.10.3]
	at org.junit.platform.engine.support.hierarchical.NodeTestTask.lambda$executeRecursively$8(NodeTestTask.java:141) ~[junit-platform-engine-1.10.3.jar:1.10.3]
	at org.junit.platform.engine.support.hierarchical.Node.around(Node.java:137) ~[junit-platform-engine-1.10.3.jar:1.10.3]
	at org.junit.platform.engine.support.hierarchical.NodeTestTask.lambda$executeRecursively$9(NodeTestTask.java:139) ~[junit-platform-engine-1.10.3.jar:1.10.3]
	at org.junit.platform.engine.support.hierarchical.ThrowableCollector.execute(ThrowableCollector.java:73) ~[junit-platform-engine-1.10.3.jar:1.10.3]
	at org.junit.platform.engine.support.hierarchical.NodeTestTask.executeRecursively(NodeTestTask.java:138) ~[junit-platform-engine-1.10.3.jar:1.10.3]
	at org.junit.platform.engine.support.hierarchical.NodeTestTask.execute(NodeTestTask.java:95) ~[junit-platform-engine-1.10.3.jar:1.10.3]
	at java.base/java.util.ArrayList.forEach(ArrayList.java:1596) ~[na:na]
	at org.junit.platform.engine.support.hierarchical.SameThreadHierarchicalTestExecutorService.invokeAll(SameThreadHierarchicalTestExecutorService.java:41) ~[junit-platform-engine-1.10.3.jar:1.10.3]
	at org.junit.platform.engine.support.hierarchical.NodeTestTask.lambda$executeRecursively$6(NodeTestTask.java:155) ~[junit-platform-engine-1.10.3.jar:1.10.3]
	at org.junit.platform.engine.support.hierarchical.ThrowableCollector.execute(ThrowableCollector.java:73) ~[junit-platform-engine-1.10.3.jar:1.10.3]
	at org.junit.platform.engine.support.hierarchical.NodeTestTask.lambda$executeRecursively$8(NodeTestTask.java:141) ~[junit-platform-engine-1.10.3.jar:1.10.3]
	at org.junit.platform.engine.support.hierarchical.Node.around(Node.java:137) ~[junit-platform-engine-1.10.3.jar:1.10.3]
	at org.junit.platform.engine.support.hierarchical.NodeTestTask.lambda$executeRecursively$9(NodeTestTask.java:139) ~[junit-platform-engine-1.10.3.jar:1.10.3]
	at org.junit.platform.engine.support.hierarchical.ThrowableCollector.execute(ThrowableCollector.java:73) ~[junit-platform-engine-1.10.3.jar:1.10.3]
	at org.junit.platform.engine.support.hierarchical.NodeTestTask.executeRecursively(NodeTestTask.java:138) ~[junit-platform-engine-1.10.3.jar:1.10.3]
	at org.junit.platform.engine.support.hierarchical.NodeTestTask.execute(NodeTestTask.java:95) ~[junit-platform-engine-1.10.3.jar:1.10.3]
	at org.junit.platform.engine.support.hierarchical.SameThreadHierarchicalTestExecutorService.submit(SameThreadHierarchicalTestExecutorService.java:35) ~[junit-platform-engine-1.10.3.jar:1.10.3]
	at org.junit.platform.engine.support.hierarchical.HierarchicalTestExecutor.execute(HierarchicalTestExecutor.java:57) ~[junit-platform-engine-1.10.3.jar:1.10.3]
	at org.junit.platform.engine.support.hierarchical.HierarchicalTestEngine.execute(HierarchicalTestEngine.java:54) ~[junit-platform-engine-1.10.3.jar:1.10.3]
	at org.junit.platform.launcher.core.EngineExecutionOrchestrator.execute(EngineExecutionOrchestrator.java:198) ~[junit-platform-launcher-1.10.3.jar:1.10.3]
	at org.junit.platform.launcher.core.EngineExecutionOrchestrator.execute(EngineExecutionOrchestrator.java:169) ~[junit-platform-launcher-1.10.3.jar:1.10.3]
	at org.junit.platform.launcher.core.EngineExecutionOrchestrator.execute(EngineExecutionOrchestrator.java:93) ~[junit-platform-launcher-1.10.3.jar:1.10.3]
	at org.junit.platform.launcher.core.EngineExecutionOrchestrator.lambda$execute$0(EngineExecutionOrchestrator.java:58) ~[junit-platform-launcher-1.10.3.jar:1.10.3]
	at org.junit.platform.launcher.core.EngineExecutionOrchestrator.withInterceptedStreams(EngineExecutionOrchestrator.java:141) ~[junit-platform-launcher-1.10.3.jar:1.10.3]
	at org.junit.platform.launcher.core.EngineExecutionOrchestrator.execute(EngineExecutionOrchestrator.java:57) ~[junit-platform-launcher-1.10.3.jar:1.10.3]
	at org.junit.platform.launcher.core.DefaultLauncher.execute(DefaultLauncher.java:103) ~[junit-platform-launcher-1.10.3.jar:1.10.3]
	at org.junit.platform.launcher.core.DefaultLauncher.execute(DefaultLauncher.java:85) ~[junit-platform-launcher-1.10.3.jar:1.10.3]
	at org.junit.platform.launcher.core.DelegatingLauncher.execute(DelegatingLauncher.java:47) ~[junit-platform-launcher-1.10.3.jar:1.10.3]
	at org.apache.maven.surefire.junitplatform.LazyLauncher.execute(LazyLauncher.java:56) ~[surefire-junit-platform-3.2.5.jar:3.2.5]
	at org.apache.maven.surefire.junitplatform.JUnitPlatformProvider.execute(JUnitPlatformProvider.java:184) ~[surefire-junit-platform-3.2.5.jar:3.2.5]
	at org.apache.maven.surefire.junitplatform.JUnitPlatformProvider.invokeAllTests(JUnitPlatformProvider.java:148) ~[surefire-junit-platform-3.2.5.jar:3.2.5]
	at org.apache.maven.surefire.junitplatform.JUnitPlatformProvider.invoke(JUnitPlatformProvider.java:122) ~[surefire-junit-platform-3.2.5.jar:3.2.5]
	at org.apache.maven.surefire.booter.ForkedBooter.runSuitesInProcess(ForkedBooter.java:385) ~[surefire-booter-3.2.5.jar:3.2.5]
	at org.apache.maven.surefire.booter.ForkedBooter.execute(ForkedBooter.java:162) ~[surefire-booter-3.2.5.jar:3.2.5]
	at org.apache.maven.surefire.booter.ForkedBooter.run(ForkedBooter.java:507) ~[surefire-booter-3.2.5.jar:3.2.5]
	at org.apache.maven.surefire.booter.ForkedBooter.main(ForkedBooter.java:495) ~[surefire-booter-3.2.5.jar:3.2.5]
Caused by: org.springframework.beans.factory.BeanCreationException: Error creating bean with name 'entityManagerFactory' defined in class path resource [org/springframework/boot/autoconfigure/orm/jpa/HibernateJpaConfiguration.class]: Failed to initialize dependency 'flyway' of LoadTimeWeaverAware bean 'entityManagerFactory': Error creating bean with name 'flyway' defined in class path resource [org/springframework/boot/autoconfigure/flyway/FlywayAutoConfiguration$FlywayConfiguration.class]: Circular depends-on relationship between 'flyway' and 'entityManagerFactory'
	at org.springframework.beans.factory.support.AbstractBeanFactory.doGetBean(AbstractBeanFactory.java:326) ~[spring-beans-6.1.12.jar:6.1.12]
	at org.springframework.beans.factory.support.AbstractBeanFactory.getBean(AbstractBeanFactory.java:205) ~[spring-beans-6.1.12.jar:6.1.12]
	at org.springframework.context.support.AbstractApplicationContext.finishBeanFactoryInitialization(AbstractApplicationContext.java:954) ~[spring-context-6.1.12.jar:6.1.12]
	at org.springframework.context.support.AbstractApplicationContext.refresh(AbstractApplicationContext.java:625) ~[spring-context-6.1.12.jar:6.1.12]
	at org.springframework.boot.SpringApplication.refresh(SpringApplication.java:754) ~[spring-boot-3.3.3.jar:3.3.3]
	at org.springframework.boot.SpringApplication.refreshContext(SpringApplication.java:456) ~[spring-boot-3.3.3.jar:3.3.3]
	at org.springframework.boot.SpringApplication.run(SpringApplication.java:335) ~[spring-boot-3.3.3.jar:3.3.3]
	at org.springframework.boot.test.context.SpringBootContextLoader.lambda$loadContext$3(SpringBootContextLoader.java:137) ~[spring-boot-test-3.3.3.jar:3.3.3]
	at org.springframework.util.function.ThrowingSupplier.get(ThrowingSupplier.java:58) ~[spring-core-6.1.12.jar:6.1.12]
	at org.springframework.util.function.ThrowingSupplier.get(ThrowingSupplier.java:46) ~[spring-core-6.1.12.jar:6.1.12]
	at org.springframework.boot.SpringApplication.withHook(SpringApplication.java:1463) ~[spring-boot-3.3.3.jar:3.3.3]
	at org.springframework.boot.test.context.SpringBootContextLoader$ContextLoaderHook.run(SpringBootContextLoader.java:553) ~[spring-boot-test-3.3.3.jar:3.3.3]
	at org.springframework.boot.test.context.SpringBootContextLoader.loadContext(SpringBootContextLoader.java:137) ~[spring-boot-test-3.3.3.jar:3.3.3]
	at org.springframework.boot.test.context.SpringBootContextLoader.loadContext(SpringBootContextLoader.java:108) ~[spring-boot-test-3.3.3.jar:3.3.3]
	at org.springframework.test.context.cache.DefaultCacheAwareContextLoaderDelegate.loadContextInternal(DefaultCacheAwareContextLoaderDelegate.java:225) ~[spring-test-6.1.12.jar:6.1.12]
	at org.springframework.test.context.cache.DefaultCacheAwareContextLoaderDelegate.loadContext(DefaultCacheAwareContextLoaderDelegate.java:152) ~[spring-test-6.1.12.jar:6.1.12]
	... 73 common frames omitted
Caused by: org.springframework.beans.factory.BeanCreationException: Error creating bean with name 'flyway' defined in class path resource [org/springframework/boot/autoconfigure/flyway/FlywayAutoConfiguration$FlywayConfiguration.class]: Circular depends-on relationship between 'flyway' and 'entityManagerFactory'
	at org.springframework.beans.factory.support.AbstractBeanFactory.doGetBean(AbstractBeanFactory.java:308) ~[spring-beans-6.1.12.jar:6.1.12]
	at org.springframework.beans.factory.support.AbstractBeanFactory.getBean(AbstractBeanFactory.java:200) ~[spring-beans-6.1.12.jar:6.1.12]
	at org.springframework.beans.factory.support.AbstractBeanFactory.doGetBean(AbstractBeanFactory.java:313) ~[spring-beans-6.1.12.jar:6.1.12]
	... 88 common frames omitted

2025-10-12T09:06:43.175Z  WARN 144 --- [nll-light-api-test] [           main] o.s.test.context.TestContextManager      : Caught exception while allowing TestExecutionListener [org.springframework.test.context.support.DependencyInjectionTestExecutionListener] to prepare test instance [se.inera.nll.nlllight.api.repository.RepositoryTest@63551c66]

java.lang.IllegalStateException: ApplicationContext failure threshold (1) exceeded: skipping repeated attempt to load context for [MergedContextConfiguration@234bfc8c testClass = se.inera.nll.nlllight.api.repository.RepositoryTest, locations = [], classes = [se.inera.nll.nlllight.api.NllLightApiApplication], contextInitializerClasses = [], activeProfiles = ["test"], propertySourceDescriptors = [], propertySourceProperties = ["org.springframework.boot.test.autoconfigure.orm.jpa.DataJpaTestContextBootstrapper=true"], contextCustomizers = [[ImportsContextCustomizer@5008559a key = [org.springframework.boot.autoconfigure.transaction.TransactionAutoConfiguration, org.springframework.boot.autoconfigure.data.jpa.JpaRepositoriesAutoConfiguration, org.springframework.boot.test.autoconfigure.orm.jpa.TestEntityManagerAutoConfiguration, org.springframework.boot.autoconfigure.cache.CacheAutoConfiguration, org.springframework.boot.autoconfigure.orm.jpa.HibernateJpaAutoConfiguration, org.springframework.boot.autoconfigure.sql.init.SqlInitializationAutoConfiguration, org.springframework.boot.test.autoconfigure.jdbc.TestDatabaseAutoConfiguration, org.springframework.boot.autoconfigure.flyway.FlywayAutoConfiguration, org.springframework.boot.autoconfigure.jdbc.DataSourceTransactionManagerAutoConfiguration, org.springframework.boot.autoconfigure.liquibase.LiquibaseAutoConfiguration, org.springframework.boot.autoconfigure.jdbc.JdbcClientAutoConfiguration, org.springframework.boot.autoconfigure.jdbc.DataSourceAutoConfiguration, org.springframework.boot.autoconfigure.jdbc.JdbcTemplateAutoConfiguration]], org.springframework.boot.test.context.filter.ExcludeFilterContextCustomizer@1f75a668, org.springframework.boot.test.json.DuplicateJsonObjectContextCustomizerFactory$DuplicateJsonObjectContextCustomizer@2812b107, org.springframework.boot.test.mock.mockito.MockitoContextCustomizer@0, org.springframework.boot.test.web.reactor.netty.DisableReactorResourceFactoryGlobalResourcesContextCustomizerFactory$DisableReactorResourceFactoryGlobalResourcesContextCustomizerCustomizer@4416d64f, org.springframework.boot.test.autoconfigure.OverrideAutoConfigurationContextCustomizerFactory$DisableAutoConfigurationContextCustomizer@73d7d676, org.springframework.boot.test.autoconfigure.actuate.observability.ObservabilityContextCustomizerFactory$DisableObservabilityContextCustomizer@1f, org.springframework.boot.test.autoconfigure.filter.TypeExcludeFiltersContextCustomizer@34be3d80, org.springframework.boot.test.autoconfigure.properties.PropertyMappingContextCustomizer@f866b79d, org.springframework.boot.test.autoconfigure.web.servlet.WebDriverContextCustomizer@3b8f0a79, org.springframework.boot.test.context.SpringBootTestAnnotation@f6fa0202], contextLoader = org.springframework.boot.test.context.SpringBootContextLoader, parent = null]
	at org.springframework.test.context.cache.DefaultCacheAwareContextLoaderDelegate.loadContext(DefaultCacheAwareContextLoaderDelegate.java:145) ~[spring-test-6.1.12.jar:6.1.12]
	at org.springframework.test.context.support.DefaultTestContext.getApplicationContext(DefaultTestContext.java:130) ~[spring-test-6.1.12.jar:6.1.12]
	at org.springframework.test.context.support.DependencyInjectionTestExecutionListener.injectDependencies(DependencyInjectionTestExecutionListener.java:142) ~[spring-test-6.1.12.jar:6.1.12]
	at org.springframework.test.context.support.DependencyInjectionTestExecutionListener.prepareTestInstance(DependencyInjectionTestExecutionListener.java:98) ~[spring-test-6.1.12.jar:6.1.12]
	at org.springframework.test.context.TestContextManager.prepareTestInstance(TestContextManager.java:260) ~[spring-test-6.1.12.jar:6.1.12]
	at org.springframework.test.context.junit.jupiter.SpringExtension.postProcessTestInstance(SpringExtension.java:163) ~[spring-test-6.1.12.jar:6.1.12]
	at org.junit.jupiter.engine.descriptor.ClassBasedTestDescriptor.lambda$invokeTestInstancePostProcessors$10(ClassBasedTestDescriptor.java:378) ~[junit-jupiter-engine-5.10.3.jar:5.10.3]
	at org.junit.jupiter.engine.descriptor.ClassBasedTestDescriptor.executeAndMaskThrowable(ClassBasedTestDescriptor.java:383) ~[junit-jupiter-engine-5.10.3.jar:5.10.3]
	at org.junit.jupiter.engine.descriptor.ClassBasedTestDescriptor.lambda$invokeTestInstancePostProcessors$11(ClassBasedTestDescriptor.java:378) ~[junit-jupiter-engine-5.10.3.jar:5.10.3]
	at java.base/java.util.stream.ReferencePipeline$3$1.accept(ReferencePipeline.java:197) ~[na:na]
	at java.base/java.util.stream.ReferencePipeline$2$1.accept(ReferencePipeline.java:179) ~[na:na]
	at java.base/java.util.ArrayList$ArrayListSpliterator.forEachRemaining(ArrayList.java:1708) ~[na:na]
	at java.base/java.util.stream.AbstractPipeline.copyInto(AbstractPipeline.java:509) ~[na:na]
	at java.base/java.util.stream.AbstractPipeline.wrapAndCopyInto(AbstractPipeline.java:499) ~[na:na]
	at java.base/java.util.stream.StreamSpliterators$WrappingSpliterator.forEachRemaining(StreamSpliterators.java:310) ~[na:na]
	at java.base/java.util.stream.Streams$ConcatSpliterator.forEachRemaining(Streams.java:735) ~[na:na]
	at java.base/java.util.stream.Streams$ConcatSpliterator.forEachRemaining(Streams.java:734) ~[na:na]
	at java.base/java.util.stream.ReferencePipeline$Head.forEach(ReferencePipeline.java:762) ~[na:na]
	at org.junit.jupiter.engine.descriptor.ClassBasedTestDescriptor.invokeTestInstancePostProcessors(ClassBasedTestDescriptor.java:377) ~[junit-jupiter-engine-5.10.3.jar:5.10.3]
	at org.junit.jupiter.engine.descriptor.ClassBasedTestDescriptor.lambda$instantiateAndPostProcessTestInstance$6(ClassBasedTestDescriptor.java:290) ~[junit-jupiter-engine-5.10.3.jar:5.10.3]
	at org.junit.platform.engine.support.hierarchical.ThrowableCollector.execute(ThrowableCollector.java:73) ~[junit-platform-engine-1.10.3.jar:1.10.3]
	at org.junit.jupiter.engine.descriptor.ClassBasedTestDescriptor.instantiateAndPostProcessTestInstance(ClassBasedTestDescriptor.java:289) ~[junit-jupiter-engine-5.10.3.jar:5.10.3]
	at org.junit.jupiter.engine.descriptor.ClassBasedTestDescriptor.lambda$testInstancesProvider$4(ClassBasedTestDescriptor.java:279) ~[junit-jupiter-engine-5.10.3.jar:5.10.3]
	at java.base/java.util.Optional.orElseGet(Optional.java:364) ~[na:na]
	at org.junit.jupiter.engine.descriptor.ClassBasedTestDescriptor.lambda$testInstancesProvider$5(ClassBasedTestDescriptor.java:278) ~[junit-jupiter-engine-5.10.3.jar:5.10.3]
	at org.junit.jupiter.engine.execution.TestInstancesProvider.getTestInstances(TestInstancesProvider.java:31) ~[junit-jupiter-engine-5.10.3.jar:5.10.3]
	at org.junit.jupiter.engine.descriptor.TestMethodTestDescriptor.lambda$prepare$0(TestMethodTestDescriptor.java:106) ~[junit-jupiter-engine-5.10.3.jar:5.10.3]
	at org.junit.platform.engine.support.hierarchical.ThrowableCollector.execute(ThrowableCollector.java:73) ~[junit-platform-engine-1.10.3.jar:1.10.3]
	at org.junit.jupiter.engine.descriptor.TestMethodTestDescriptor.prepare(TestMethodTestDescriptor.java:105) ~[junit-jupiter-engine-5.10.3.jar:5.10.3]
	at org.junit.jupiter.engine.descriptor.TestMethodTestDescriptor.prepare(TestMethodTestDescriptor.java:69) ~[junit-jupiter-engine-5.10.3.jar:5.10.3]
	at org.junit.platform.engine.support.hierarchical.NodeTestTask.lambda$prepare$2(NodeTestTask.java:123) ~[junit-platform-engine-1.10.3.jar:1.10.3]
	at org.junit.platform.engine.support.hierarchical.ThrowableCollector.execute(ThrowableCollector.java:73) ~[junit-platform-engine-1.10.3.jar:1.10.3]
	at org.junit.platform.engine.support.hierarchical.NodeTestTask.prepare(NodeTestTask.java:123) ~[junit-platform-engine-1.10.3.jar:1.10.3]
	at org.junit.platform.engine.support.hierarchical.NodeTestTask.execute(NodeTestTask.java:90) ~[junit-platform-engine-1.10.3.jar:1.10.3]
	at java.base/java.util.ArrayList.forEach(ArrayList.java:1596) ~[na:na]
	at org.junit.platform.engine.support.hierarchical.SameThreadHierarchicalTestExecutorService.invokeAll(SameThreadHierarchicalTestExecutorService.java:41) ~[junit-platform-engine-1.10.3.jar:1.10.3]
	at org.junit.platform.engine.support.hierarchical.NodeTestTask.lambda$executeRecursively$6(NodeTestTask.java:155) ~[junit-platform-engine-1.10.3.jar:1.10.3]
	at org.junit.platform.engine.support.hierarchical.ThrowableCollector.execute(ThrowableCollector.java:73) ~[junit-platform-engine-1.10.3.jar:1.10.3]
	at org.junit.platform.engine.support.hierarchical.NodeTestTask.lambda$executeRecursively$8(NodeTestTask.java:141) ~[junit-platform-engine-1.10.3.jar:1.10.3]
	at org.junit.platform.engine.support.hierarchical.Node.around(Node.java:137) ~[junit-platform-engine-1.10.3.jar:1.10.3]
	at org.junit.platform.engine.support.hierarchical.NodeTestTask.lambda$executeRecursively$9(NodeTestTask.java:139) ~[junit-platform-engine-1.10.3.jar:1.10.3]
	at org.junit.platform.engine.support.hierarchical.ThrowableCollector.execute(ThrowableCollector.java:73) ~[junit-platform-engine-1.10.3.jar:1.10.3]
	at org.junit.platform.engine.support.hierarchical.NodeTestTask.executeRecursively(NodeTestTask.java:138) ~[junit-platform-engine-1.10.3.jar:1.10.3]
	at org.junit.platform.engine.support.hierarchical.NodeTestTask.execute(NodeTestTask.java:95) ~[junit-platform-engine-1.10.3.jar:1.10.3]
	at java.base/java.util.ArrayList.forEach(ArrayList.java:1596) ~[na:na]
	at org.junit.platform.engine.support.hierarchical.SameThreadHierarchicalTestExecutorService.invokeAll(SameThreadHierarchicalTestExecutorService.java:41) ~[junit-platform-engine-1.10.3.jar:1.10.3]
	at org.junit.platform.engine.support.hierarchical.NodeTestTask.lambda$executeRecursively$6(NodeTestTask.java:155) ~[junit-platform-engine-1.10.3.jar:1.10.3]
	at org.junit.platform.engine.support.hierarchical.ThrowableCollector.execute(ThrowableCollector.java:73) ~[junit-platform-engine-1.10.3.jar:1.10.3]
	at org.junit.platform.engine.support.hierarchical.NodeTestTask.lambda$executeRecursively$8(NodeTestTask.java:141) ~[junit-platform-engine-1.10.3.jar:1.10.3]
	at org.junit.platform.engine.support.hierarchical.Node.around(Node.java:137) ~[junit-platform-engine-1.10.3.jar:1.10.3]
	at org.junit.platform.engine.support.hierarchical.NodeTestTask.lambda$executeRecursively$9(NodeTestTask.java:139) ~[junit-platform-engine-1.10.3.jar:1.10.3]
	at org.junit.platform.engine.support.hierarchical.ThrowableCollector.execute(ThrowableCollector.java:73) ~[junit-platform-engine-1.10.3.jar:1.10.3]
	at org.junit.platform.engine.support.hierarchical.NodeTestTask.executeRecursively(NodeTestTask.java:138) ~[junit-platform-engine-1.10.3.jar:1.10.3]
	at org.junit.platform.engine.support.hierarchical.NodeTestTask.execute(NodeTestTask.java:95) ~[junit-platform-engine-1.10.3.jar:1.10.3]
	at org.junit.platform.engine.support.hierarchical.SameThreadHierarchicalTestExecutorService.submit(SameThreadHierarchicalTestExecutorService.java:35) ~[junit-platform-engine-1.10.3.jar:1.10.3]
	at org.junit.platform.engine.support.hierarchical.HierarchicalTestExecutor.execute(HierarchicalTestExecutor.java:57) ~[junit-platform-engine-1.10.3.jar:1.10.3]
	at org.junit.platform.engine.support.hierarchical.HierarchicalTestEngine.execute(HierarchicalTestEngine.java:54) ~[junit-platform-engine-1.10.3.jar:1.10.3]
	at org.junit.platform.launcher.core.EngineExecutionOrchestrator.execute(EngineExecutionOrchestrator.java:198) ~[junit-platform-launcher-1.10.3.jar:1.10.3]
	at org.junit.platform.launcher.core.EngineExecutionOrchestrator.execute(EngineExecutionOrchestrator.java:169) ~[junit-platform-launcher-1.10.3.jar:1.10.3]
	at org.junit.platform.launcher.core.EngineExecutionOrchestrator.execute(EngineExecutionOrchestrator.java:93) ~[junit-platform-launcher-1.10.3.jar:1.10.3]
	at org.junit.platform.launcher.core.EngineExecutionOrchestrator.lambda$execute$0(EngineExecutionOrchestrator.java:58) ~[junit-platform-launcher-1.10.3.jar:1.10.3]
	at org.junit.platform.launcher.core.EngineExecutionOrchestrator.withInterceptedStreams(EngineExecutionOrchestrator.java:141) ~[junit-platform-launcher-1.10.3.jar:1.10.3]
	at org.junit.platform.launcher.core.EngineExecutionOrchestrator.execute(EngineExecutionOrchestrator.java:57) ~[junit-platform-launcher-1.10.3.jar:1.10.3]
	at org.junit.platform.launcher.core.DefaultLauncher.execute(DefaultLauncher.java:103) ~[junit-platform-launcher-1.10.3.jar:1.10.3]
	at org.junit.platform.launcher.core.DefaultLauncher.execute(DefaultLauncher.java:85) ~[junit-platform-launcher-1.10.3.jar:1.10.3]
	at org.junit.platform.launcher.core.DelegatingLauncher.execute(DelegatingLauncher.java:47) ~[junit-platform-launcher-1.10.3.jar:1.10.3]
	at org.apache.maven.surefire.junitplatform.LazyLauncher.execute(LazyLauncher.java:56) ~[surefire-junit-platform-3.2.5.jar:3.2.5]
	at org.apache.maven.surefire.junitplatform.JUnitPlatformProvider.execute(JUnitPlatformProvider.java:184) ~[surefire-junit-platform-3.2.5.jar:3.2.5]
	at org.apache.maven.surefire.junitplatform.JUnitPlatformProvider.invokeAllTests(JUnitPlatformProvider.java:148) ~[surefire-junit-platform-3.2.5.jar:3.2.5]
	at org.apache.maven.surefire.junitplatform.JUnitPlatformProvider.invoke(JUnitPlatformProvider.java:122) ~[surefire-junit-platform-3.2.5.jar:3.2.5]
	at org.apache.maven.surefire.booter.ForkedBooter.runSuitesInProcess(ForkedBooter.java:385) ~[surefire-booter-3.2.5.jar:3.2.5]
	at org.apache.maven.surefire.booter.ForkedBooter.execute(ForkedBooter.java:162) ~[surefire-booter-3.2.5.jar:3.2.5]
	at org.apache.maven.surefire.booter.ForkedBooter.run(ForkedBooter.java:507) ~[surefire-booter-3.2.5.jar:3.2.5]
	at org.apache.maven.surefire.booter.ForkedBooter.main(ForkedBooter.java:495) ~[surefire-booter-3.2.5.jar:3.2.5]

2025-10-12T09:06:43.177Z  WARN 144 --- [nll-light-api-test] [           main] o.s.test.context.TestContextManager      : Caught exception while allowing TestExecutionListener [org.springframework.test.context.support.DependencyInjectionTestExecutionListener] to prepare test instance [se.inera.nll.nlllight.api.repository.RepositoryTest@4cf15477]

java.lang.IllegalStateException: ApplicationContext failure threshold (1) exceeded: skipping repeated attempt to load context for [MergedContextConfiguration@234bfc8c testClass = se.inera.nll.nlllight.api.repository.RepositoryTest, locations = [], classes = [se.inera.nll.nlllight.api.NllLightApiApplication], contextInitializerClasses = [], activeProfiles = ["test"], propertySourceDescriptors = [], propertySourceProperties = ["org.springframework.boot.test.autoconfigure.orm.jpa.DataJpaTestContextBootstrapper=true"], contextCustomizers = [[ImportsContextCustomizer@5008559a key = [org.springframework.boot.autoconfigure.transaction.TransactionAutoConfiguration, org.springframework.boot.autoconfigure.data.jpa.JpaRepositoriesAutoConfiguration, org.springframework.boot.test.autoconfigure.orm.jpa.TestEntityManagerAutoConfiguration, org.springframework.boot.autoconfigure.cache.CacheAutoConfiguration, org.springframework.boot.autoconfigure.orm.jpa.HibernateJpaAutoConfiguration, org.springframework.boot.autoconfigure.sql.init.SqlInitializationAutoConfiguration, org.springframework.boot.test.autoconfigure.jdbc.TestDatabaseAutoConfiguration, org.springframework.boot.autoconfigure.flyway.FlywayAutoConfiguration, org.springframework.boot.autoconfigure.jdbc.DataSourceTransactionManagerAutoConfiguration, org.springframework.boot.autoconfigure.liquibase.LiquibaseAutoConfiguration, org.springframework.boot.autoconfigure.jdbc.JdbcClientAutoConfiguration, org.springframework.boot.autoconfigure.jdbc.DataSourceAutoConfiguration, org.springframework.boot.autoconfigure.jdbc.JdbcTemplateAutoConfiguration]], org.springframework.boot.test.context.filter.ExcludeFilterContextCustomizer@1f75a668, org.springframework.boot.test.json.DuplicateJsonObjectContextCustomizerFactory$DuplicateJsonObjectContextCustomizer@2812b107, org.springframework.boot.test.mock.mockito.MockitoContextCustomizer@0, org.springframework.boot.test.web.reactor.netty.DisableReactorResourceFactoryGlobalResourcesContextCustomizerFactory$DisableReactorResourceFactoryGlobalResourcesContextCustomizerCustomizer@4416d64f, org.springframework.boot.test.autoconfigure.OverrideAutoConfigurationContextCustomizerFactory$DisableAutoConfigurationContextCustomizer@73d7d676, org.springframework.boot.test.autoconfigure.actuate.observability.ObservabilityContextCustomizerFactory$DisableObservabilityContextCustomizer@1f, org.springframework.boot.test.autoconfigure.filter.TypeExcludeFiltersContextCustomizer@34be3d80, org.springframework.boot.test.autoconfigure.properties.PropertyMappingContextCustomizer@f866b79d, org.springframework.boot.test.autoconfigure.web.servlet.WebDriverContextCustomizer@3b8f0a79, org.springframework.boot.test.context.SpringBootTestAnnotation@f6fa0202], contextLoader = org.springframework.boot.test.context.SpringBootContextLoader, parent = null]
	at org.springframework.test.context.cache.DefaultCacheAwareContextLoaderDelegate.loadContext(DefaultCacheAwareContextLoaderDelegate.java:145) ~[spring-test-6.1.12.jar:6.1.12]
	at org.springframework.test.context.support.DefaultTestContext.getApplicationContext(DefaultTestContext.java:130) ~[spring-test-6.1.12.jar:6.1.12]
	at org.springframework.test.context.support.DependencyInjectionTestExecutionListener.injectDependencies(DependencyInjectionTestExecutionListener.java:142) ~[spring-test-6.1.12.jar:6.1.12]
	at org.springframework.test.context.support.DependencyInjectionTestExecutionListener.prepareTestInstance(DependencyInjectionTestExecutionListener.java:98) ~[spring-test-6.1.12.jar:6.1.12]
	at org.springframework.test.context.TestContextManager.prepareTestInstance(TestContextManager.java:260) ~[spring-test-6.1.12.jar:6.1.12]
	at org.springframework.test.context.junit.jupiter.SpringExtension.postProcessTestInstance(SpringExtension.java:163) ~[spring-test-6.1.12.jar:6.1.12]
	at org.junit.jupiter.engine.descriptor.ClassBasedTestDescriptor.lambda$invokeTestInstancePostProcessors$10(ClassBasedTestDescriptor.java:378) ~[junit-jupiter-engine-5.10.3.jar:5.10.3]
	at org.junit.jupiter.engine.descriptor.ClassBasedTestDescriptor.executeAndMaskThrowable(ClassBasedTestDescriptor.java:383) ~[junit-jupiter-engine-5.10.3.jar:5.10.3]
	at org.junit.jupiter.engine.descriptor.ClassBasedTestDescriptor.lambda$invokeTestInstancePostProcessors$11(ClassBasedTestDescriptor.java:378) ~[junit-jupiter-engine-5.10.3.jar:5.10.3]
	at java.base/java.util.stream.ReferencePipeline$3$1.accept(ReferencePipeline.java:197) ~[na:na]
	at java.base/java.util.stream.ReferencePipeline$2$1.accept(ReferencePipeline.java:179) ~[na:na]
	at java.base/java.util.ArrayList$ArrayListSpliterator.forEachRemaining(ArrayList.java:1708) ~[na:na]
	at java.base/java.util.stream.AbstractPipeline.copyInto(AbstractPipeline.java:509) ~[na:na]
	at java.base/java.util.stream.AbstractPipeline.wrapAndCopyInto(AbstractPipeline.java:499) ~[na:na]
	at java.base/java.util.stream.StreamSpliterators$WrappingSpliterator.forEachRemaining(StreamSpliterators.java:310) ~[na:na]
	at java.base/java.util.stream.Streams$ConcatSpliterator.forEachRemaining(Streams.java:735) ~[na:na]
	at java.base/java.util.stream.Streams$ConcatSpliterator.forEachRemaining(Streams.java:734) ~[na:na]
	at java.base/java.util.stream.ReferencePipeline$Head.forEach(ReferencePipeline.java:762) ~[na:na]
	at org.junit.jupiter.engine.descriptor.ClassBasedTestDescriptor.invokeTestInstancePostProcessors(ClassBasedTestDescriptor.java:377) ~[junit-jupiter-engine-5.10.3.jar:5.10.3]
	at org.junit.jupiter.engine.descriptor.ClassBasedTestDescriptor.lambda$instantiateAndPostProcessTestInstance$6(ClassBasedTestDescriptor.java:290) ~[junit-jupiter-engine-5.10.3.jar:5.10.3]
	at org.junit.platform.engine.support.hierarchical.ThrowableCollector.execute(ThrowableCollector.java:73) ~[junit-platform-engine-1.10.3.jar:1.10.3]
	at org.junit.jupiter.engine.descriptor.ClassBasedTestDescriptor.instantiateAndPostProcessTestInstance(ClassBasedTestDescriptor.java:289) ~[junit-jupiter-engine-5.10.3.jar:5.10.3]
	at org.junit.jupiter.engine.descriptor.ClassBasedTestDescriptor.lambda$testInstancesProvider$4(ClassBasedTestDescriptor.java:279) ~[junit-jupiter-engine-5.10.3.jar:5.10.3]
	at java.base/java.util.Optional.orElseGet(Optional.java:364) ~[na:na]
	at org.junit.jupiter.engine.descriptor.ClassBasedTestDescriptor.lambda$testInstancesProvider$5(ClassBasedTestDescriptor.java:278) ~[junit-jupiter-engine-5.10.3.jar:5.10.3]
	at org.junit.jupiter.engine.execution.TestInstancesProvider.getTestInstances(TestInstancesProvider.java:31) ~[junit-jupiter-engine-5.10.3.jar:5.10.3]
	at org.junit.jupiter.engine.descriptor.TestMethodTestDescriptor.lambda$prepare$0(TestMethodTestDescriptor.java:106) ~[junit-jupiter-engine-5.10.3.jar:5.10.3]
	at org.junit.platform.engine.support.hierarchical.ThrowableCollector.execute(ThrowableCollector.java:73) ~[junit-platform-engine-1.10.3.jar:1.10.3]
	at org.junit.jupiter.engine.descriptor.TestMethodTestDescriptor.prepare(TestMethodTestDescriptor.java:105) ~[junit-jupiter-engine-5.10.3.jar:5.10.3]
	at org.junit.jupiter.engine.descriptor.TestMethodTestDescriptor.prepare(TestMethodTestDescriptor.java:69) ~[junit-jupiter-engine-5.10.3.jar:5.10.3]
	at org.junit.platform.engine.support.hierarchical.NodeTestTask.lambda$prepare$2(NodeTestTask.java:123) ~[junit-platform-engine-1.10.3.jar:1.10.3]
	at org.junit.platform.engine.support.hierarchical.ThrowableCollector.execute(ThrowableCollector.java:73) ~[junit-platform-engine-1.10.3.jar:1.10.3]
	at org.junit.platform.engine.support.hierarchical.NodeTestTask.prepare(NodeTestTask.java:123) ~[junit-platform-engine-1.10.3.jar:1.10.3]
	at org.junit.platform.engine.support.hierarchical.NodeTestTask.execute(NodeTestTask.java:90) ~[junit-platform-engine-1.10.3.jar:1.10.3]
	at java.base/java.util.ArrayList.forEach(ArrayList.java:1596) ~[na:na]
	at org.junit.platform.engine.support.hierarchical.SameThreadHierarchicalTestExecutorService.invokeAll(SameThreadHierarchicalTestExecutorService.java:41) ~[junit-platform-engine-1.10.3.jar:1.10.3]
	at org.junit.platform.engine.support.hierarchical.NodeTestTask.lambda$executeRecursively$6(NodeTestTask.java:155) ~[junit-platform-engine-1.10.3.jar:1.10.3]
	at org.junit.platform.engine.support.hierarchical.ThrowableCollector.execute(ThrowableCollector.java:73) ~[junit-platform-engine-1.10.3.jar:1.10.3]
	at org.junit.platform.engine.support.hierarchical.NodeTestTask.lambda$executeRecursively$8(NodeTestTask.java:141) ~[junit-platform-engine-1.10.3.jar:1.10.3]
	at org.junit.platform.engine.support.hierarchical.Node.around(Node.java:137) ~[junit-platform-engine-1.10.3.jar:1.10.3]
	at org.junit.platform.engine.support.hierarchical.NodeTestTask.lambda$executeRecursively$9(NodeTestTask.java:139) ~[junit-platform-engine-1.10.3.jar:1.10.3]
	at org.junit.platform.engine.support.hierarchical.ThrowableCollector.execute(ThrowableCollector.java:73) ~[junit-platform-engine-1.10.3.jar:1.10.3]
	at org.junit.platform.engine.support.hierarchical.NodeTestTask.executeRecursively(NodeTestTask.java:138) ~[junit-platform-engine-1.10.3.jar:1.10.3]
	at org.junit.platform.engine.support.hierarchical.NodeTestTask.execute(NodeTestTask.java:95) ~[junit-platform-engine-1.10.3.jar:1.10.3]
	at java.base/java.util.ArrayList.forEach(ArrayList.java:1596) ~[na:na]
	at org.junit.platform.engine.support.hierarchical.SameThreadHierarchicalTestExecutorService.invokeAll(SameThreadHierarchicalTestExecutorService.java:41) ~[junit-platform-engine-1.10.3.jar:1.10.3]
	at org.junit.platform.engine.support.hierarchical.NodeTestTask.lambda$executeRecursively$6(NodeTestTask.java:155) ~[junit-platform-engine-1.10.3.jar:1.10.3]
	at org.junit.platform.engine.support.hierarchical.ThrowableCollector.execute(ThrowableCollector.java:73) ~[junit-platform-engine-1.10.3.jar:1.10.3]
	at org.junit.platform.engine.support.hierarchical.NodeTestTask.lambda$executeRecursively$8(NodeTestTask.java:141) ~[junit-platform-engine-1.10.3.jar:1.10.3]
	at org.junit.platform.engine.support.hierarchical.Node.around(Node.java:137) ~[junit-platform-engine-1.10.3.jar:1.10.3]
	at org.junit.platform.engine.support.hierarchical.NodeTestTask.lambda$executeRecursively$9(NodeTestTask.java:139) ~[junit-platform-engine-1.10.3.jar:1.10.3]
	at org.junit.platform.engine.support.hierarchical.ThrowableCollector.execute(ThrowableCollector.java:73) ~[junit-platform-engine-1.10.3.jar:1.10.3]
	at org.junit.platform.engine.support.hierarchical.NodeTestTask.executeRecursively(NodeTestTask.java:138) ~[junit-platform-engine-1.10.3.jar:1.10.3]
	at org.junit.platform.engine.support.hierarchical.NodeTestTask.execute(NodeTestTask.java:95) ~[junit-platform-engine-1.10.3.jar:1.10.3]
	at org.junit.platform.engine.support.hierarchical.SameThreadHierarchicalTestExecutorService.submit(SameThreadHierarchicalTestExecutorService.java:35) ~[junit-platform-engine-1.10.3.jar:1.10.3]
	at org.junit.platform.engine.support.hierarchical.HierarchicalTestExecutor.execute(HierarchicalTestExecutor.java:57) ~[junit-platform-engine-1.10.3.jar:1.10.3]
	at org.junit.platform.engine.support.hierarchical.HierarchicalTestEngine.execute(HierarchicalTestEngine.java:54) ~[junit-platform-engine-1.10.3.jar:1.10.3]
	at org.junit.platform.launcher.core.EngineExecutionOrchestrator.execute(EngineExecutionOrchestrator.java:198) ~[junit-platform-launcher-1.10.3.jar:1.10.3]
	at org.junit.platform.launcher.core.EngineExecutionOrchestrator.execute(EngineExecutionOrchestrator.java:169) ~[junit-platform-launcher-1.10.3.jar:1.10.3]
	at org.junit.platform.launcher.core.EngineExecutionOrchestrator.execute(EngineExecutionOrchestrator.java:93) ~[junit-platform-launcher-1.10.3.jar:1.10.3]
	at org.junit.platform.launcher.core.EngineExecutionOrchestrator.lambda$execute$0(EngineExecutionOrchestrator.java:58) ~[junit-platform-launcher-1.10.3.jar:1.10.3]
	at org.junit.platform.launcher.core.EngineExecutionOrchestrator.withInterceptedStreams(EngineExecutionOrchestrator.java:141) ~[junit-platform-launcher-1.10.3.jar:1.10.3]
	at org.junit.platform.launcher.core.EngineExecutionOrchestrator.execute(EngineExecutionOrchestrator.java:57) ~[junit-platform-launcher-1.10.3.jar:1.10.3]
	at org.junit.platform.launcher.core.DefaultLauncher.execute(DefaultLauncher.java:103) ~[junit-platform-launcher-1.10.3.jar:1.10.3]
	at org.junit.platform.launcher.core.DefaultLauncher.execute(DefaultLauncher.java:85) ~[junit-platform-launcher-1.10.3.jar:1.10.3]
	at org.junit.platform.launcher.core.DelegatingLauncher.execute(DelegatingLauncher.java:47) ~[junit-platform-launcher-1.10.3.jar:1.10.3]
	at org.apache.maven.surefire.junitplatform.LazyLauncher.execute(LazyLauncher.java:56) ~[surefire-junit-platform-3.2.5.jar:3.2.5]
	at org.apache.maven.surefire.junitplatform.JUnitPlatformProvider.execute(JUnitPlatformProvider.java:184) ~[surefire-junit-platform-3.2.5.jar:3.2.5]
	at org.apache.maven.surefire.junitplatform.JUnitPlatformProvider.invokeAllTests(JUnitPlatformProvider.java:148) ~[surefire-junit-platform-3.2.5.jar:3.2.5]
	at org.apache.maven.surefire.junitplatform.JUnitPlatformProvider.invoke(JUnitPlatformProvider.java:122) ~[surefire-junit-platform-3.2.5.jar:3.2.5]
	at org.apache.maven.surefire.booter.ForkedBooter.runSuitesInProcess(ForkedBooter.java:385) ~[surefire-booter-3.2.5.jar:3.2.5]
	at org.apache.maven.surefire.booter.ForkedBooter.execute(ForkedBooter.java:162) ~[surefire-booter-3.2.5.jar:3.2.5]
	at org.apache.maven.surefire.booter.ForkedBooter.run(ForkedBooter.java:507) ~[surefire-booter-3.2.5.jar:3.2.5]
	at org.apache.maven.surefire.booter.ForkedBooter.main(ForkedBooter.java:495) ~[surefire-booter-3.2.5.jar:3.2.5]

2025-10-12T09:06:43.178Z  WARN 144 --- [nll-light-api-test] [           main] o.s.test.context.TestContextManager      : Caught exception while allowing TestExecutionListener [org.springframework.test.context.support.DependencyInjectionTestExecutionListener] to prepare test instance [se.inera.nll.nlllight.api.repository.RepositoryTest@3450bd13]

java.lang.IllegalStateException: ApplicationContext failure threshold (1) exceeded: skipping repeated attempt to load context for [MergedContextConfiguration@234bfc8c testClass = se.inera.nll.nlllight.api.repository.RepositoryTest, locations = [], classes = [se.inera.nll.nlllight.api.NllLightApiApplication], contextInitializerClasses = [], activeProfiles = ["test"], propertySourceDescriptors = [], propertySourceProperties = ["org.springframework.boot.test.autoconfigure.orm.jpa.DataJpaTestContextBootstrapper=true"], contextCustomizers = [[ImportsContextCustomizer@5008559a key = [org.springframework.boot.autoconfigure.transaction.TransactionAutoConfiguration, org.springframework.boot.autoconfigure.data.jpa.JpaRepositoriesAutoConfiguration, org.springframework.boot.test.autoconfigure.orm.jpa.TestEntityManagerAutoConfiguration, org.springframework.boot.autoconfigure.cache.CacheAutoConfiguration, org.springframework.boot.autoconfigure.orm.jpa.HibernateJpaAutoConfiguration, org.springframework.boot.autoconfigure.sql.init.SqlInitializationAutoConfiguration, org.springframework.boot.test.autoconfigure.jdbc.TestDatabaseAutoConfiguration, org.springframework.boot.autoconfigure.flyway.FlywayAutoConfiguration, org.springframework.boot.autoconfigure.jdbc.DataSourceTransactionManagerAutoConfiguration, org.springframework.boot.autoconfigure.liquibase.LiquibaseAutoConfiguration, org.springframework.boot.autoconfigure.jdbc.JdbcClientAutoConfiguration, org.springframework.boot.autoconfigure.jdbc.DataSourceAutoConfiguration, org.springframework.boot.autoconfigure.jdbc.JdbcTemplateAutoConfiguration]], org.springframework.boot.test.context.filter.ExcludeFilterContextCustomizer@1f75a668, org.springframework.boot.test.json.DuplicateJsonObjectContextCustomizerFactory$DuplicateJsonObjectContextCustomizer@2812b107, org.springframework.boot.test.mock.mockito.MockitoContextCustomizer@0, org.springframework.boot.test.web.reactor.netty.DisableReactorResourceFactoryGlobalResourcesContextCustomizerFactory$DisableReactorResourceFactoryGlobalResourcesContextCustomizerCustomizer@4416d64f, org.springframework.boot.test.autoconfigure.OverrideAutoConfigurationContextCustomizerFactory$DisableAutoConfigurationContextCustomizer@73d7d676, org.springframework.boot.test.autoconfigure.actuate.observability.ObservabilityContextCustomizerFactory$DisableObservabilityContextCustomizer@1f, org.springframework.boot.test.autoconfigure.filter.TypeExcludeFiltersContextCustomizer@34be3d80, org.springframework.boot.test.autoconfigure.properties.PropertyMappingContextCustomizer@f866b79d, org.springframework.boot.test.autoconfigure.web.servlet.WebDriverContextCustomizer@3b8f0a79, org.springframework.boot.test.context.SpringBootTestAnnotation@f6fa0202], contextLoader = org.springframework.boot.test.context.SpringBootContextLoader, parent = null]
	at org.springframework.test.context.cache.DefaultCacheAwareContextLoaderDelegate.loadContext(DefaultCacheAwareContextLoaderDelegate.java:145) ~[spring-test-6.1.12.jar:6.1.12]
	at org.springframework.test.context.support.DefaultTestContext.getApplicationContext(DefaultTestContext.java:130) ~[spring-test-6.1.12.jar:6.1.12]
	at org.springframework.test.context.support.DependencyInjectionTestExecutionListener.injectDependencies(DependencyInjectionTestExecutionListener.java:142) ~[spring-test-6.1.12.jar:6.1.12]
	at org.springframework.test.context.support.DependencyInjectionTestExecutionListener.prepareTestInstance(DependencyInjectionTestExecutionListener.java:98) ~[spring-test-6.1.12.jar:6.1.12]
	at org.springframework.test.context.TestContextManager.prepareTestInstance(TestContextManager.java:260) ~[spring-test-6.1.12.jar:6.1.12]
	at org.springframework.test.context.junit.jupiter.SpringExtension.postProcessTestInstance(SpringExtension.java:163) ~[spring-test-6.1.12.jar:6.1.12]
	at org.junit.jupiter.engine.descriptor.ClassBasedTestDescriptor.lambda$invokeTestInstancePostProcessors$10(ClassBasedTestDescriptor.java:378) ~[junit-jupiter-engine-5.10.3.jar:5.10.3]
	at org.junit.jupiter.engine.descriptor.ClassBasedTestDescriptor.executeAndMaskThrowable(ClassBasedTestDescriptor.java:383) ~[junit-jupiter-engine-5.10.3.jar:5.10.3]
	at org.junit.jupiter.engine.descriptor.ClassBasedTestDescriptor.lambda$invokeTestInstancePostProcessors$11(ClassBasedTestDescriptor.java:378) ~[junit-jupiter-engine-5.10.3.jar:5.10.3]
	at java.base/java.util.stream.ReferencePipeline$3$1.accept(ReferencePipeline.java:197) ~[na:na]
	at java.base/java.util.stream.ReferencePipeline$2$1.accept(ReferencePipeline.java:179) ~[na:na]
	at java.base/java.util.ArrayList$ArrayListSpliterator.forEachRemaining(ArrayList.java:1708) ~[na:na]
	at java.base/java.util.stream.AbstractPipeline.copyInto(AbstractPipeline.java:509) ~[na:na]
	at java.base/java.util.stream.AbstractPipeline.wrapAndCopyInto(AbstractPipeline.java:499) ~[na:na]
	at java.base/java.util.stream.StreamSpliterators$WrappingSpliterator.forEachRemaining(StreamSpliterators.java:310) ~[na:na]
	at java.base/java.util.stream.Streams$ConcatSpliterator.forEachRemaining(Streams.java:735) ~[na:na]
	at java.base/java.util.stream.Streams$ConcatSpliterator.forEachRemaining(Streams.java:734) ~[na:na]
	at java.base/java.util.stream.ReferencePipeline$Head.forEach(ReferencePipeline.java:762) ~[na:na]
	at org.junit.jupiter.engine.descriptor.ClassBasedTestDescriptor.invokeTestInstancePostProcessors(ClassBasedTestDescriptor.java:377) ~[junit-jupiter-engine-5.10.3.jar:5.10.3]
	at org.junit.jupiter.engine.descriptor.ClassBasedTestDescriptor.lambda$instantiateAndPostProcessTestInstance$6(ClassBasedTestDescriptor.java:290) ~[junit-jupiter-engine-5.10.3.jar:5.10.3]
	at org.junit.platform.engine.support.hierarchical.ThrowableCollector.execute(ThrowableCollector.java:73) ~[junit-platform-engine-1.10.3.jar:1.10.3]
	at org.junit.jupiter.engine.descriptor.ClassBasedTestDescriptor.instantiateAndPostProcessTestInstance(ClassBasedTestDescriptor.java:289) ~[junit-jupiter-engine-5.10.3.jar:5.10.3]
	at org.junit.jupiter.engine.descriptor.ClassBasedTestDescriptor.lambda$testInstancesProvider$4(ClassBasedTestDescriptor.java:279) ~[junit-jupiter-engine-5.10.3.jar:5.10.3]
	at java.base/java.util.Optional.orElseGet(Optional.java:364) ~[na:na]
	at org.junit.jupiter.engine.descriptor.ClassBasedTestDescriptor.lambda$testInstancesProvider$5(ClassBasedTestDescriptor.java:278) ~[junit-jupiter-engine-5.10.3.jar:5.10.3]
	at org.junit.jupiter.engine.execution.TestInstancesProvider.getTestInstances(TestInstancesProvider.java:31) ~[junit-jupiter-engine-5.10.3.jar:5.10.3]
	at org.junit.jupiter.engine.descriptor.TestMethodTestDescriptor.lambda$prepare$0(TestMethodTestDescriptor.java:106) ~[junit-jupiter-engine-5.10.3.jar:5.10.3]
	at org.junit.platform.engine.support.hierarchical.ThrowableCollector.execute(ThrowableCollector.java:73) ~[junit-platform-engine-1.10.3.jar:1.10.3]
	at org.junit.jupiter.engine.descriptor.TestMethodTestDescriptor.prepare(TestMethodTestDescriptor.java:105) ~[junit-jupiter-engine-5.10.3.jar:5.10.3]
	at org.junit.jupiter.engine.descriptor.TestMethodTestDescriptor.prepare(TestMethodTestDescriptor.java:69) ~[junit-jupiter-engine-5.10.3.jar:5.10.3]
	at org.junit.platform.engine.support.hierarchical.NodeTestTask.lambda$prepare$2(NodeTestTask.java:123) ~[junit-platform-engine-1.10.3.jar:1.10.3]
	at org.junit.platform.engine.support.hierarchical.ThrowableCollector.execute(ThrowableCollector.java:73) ~[junit-platform-engine-1.10.3.jar:1.10.3]
	at org.junit.platform.engine.support.hierarchical.NodeTestTask.prepare(NodeTestTask.java:123) ~[junit-platform-engine-1.10.3.jar:1.10.3]
	at org.junit.platform.engine.support.hierarchical.NodeTestTask.execute(NodeTestTask.java:90) ~[junit-platform-engine-1.10.3.jar:1.10.3]
	at java.base/java.util.ArrayList.forEach(ArrayList.java:1596) ~[na:na]
	at org.junit.platform.engine.support.hierarchical.SameThreadHierarchicalTestExecutorService.invokeAll(SameThreadHierarchicalTestExecutorService.java:41) ~[junit-platform-engine-1.10.3.jar:1.10.3]
	at org.junit.platform.engine.support.hierarchical.NodeTestTask.lambda$executeRecursively$6(NodeTestTask.java:155) ~[junit-platform-engine-1.10.3.jar:1.10.3]
	at org.junit.platform.engine.support.hierarchical.ThrowableCollector.execute(ThrowableCollector.java:73) ~[junit-platform-engine-1.10.3.jar:1.10.3]
	at org.junit.platform.engine.support.hierarchical.NodeTestTask.lambda$executeRecursively$8(NodeTestTask.java:141) ~[junit-platform-engine-1.10.3.jar:1.10.3]
	at org.junit.platform.engine.support.hierarchical.Node.around(Node.java:137) ~[junit-platform-engine-1.10.3.jar:1.10.3]
	at org.junit.platform.engine.support.hierarchical.NodeTestTask.lambda$executeRecursively$9(NodeTestTask.java:139) ~[junit-platform-engine-1.10.3.jar:1.10.3]
	at org.junit.platform.engine.support.hierarchical.ThrowableCollector.execute(ThrowableCollector.java:73) ~[junit-platform-engine-1.10.3.jar:1.10.3]
	at org.junit.platform.engine.support.hierarchical.NodeTestTask.executeRecursively(NodeTestTask.java:138) ~[junit-platform-engine-1.10.3.jar:1.10.3]
	at org.junit.platform.engine.support.hierarchical.NodeTestTask.execute(NodeTestTask.java:95) ~[junit-platform-engine-1.10.3.jar:1.10.3]
	at java.base/java.util.ArrayList.forEach(ArrayList.java:1596) ~[na:na]
	at org.junit.platform.engine.support.hierarchical.SameThreadHierarchicalTestExecutorService.invokeAll(SameThreadHierarchicalTestExecutorService.java:41) ~[junit-platform-engine-1.10.3.jar:1.10.3]
	at org.junit.platform.engine.support.hierarchical.NodeTestTask.lambda$executeRecursively$6(NodeTestTask.java:155) ~[junit-platform-engine-1.10.3.jar:1.10.3]
	at org.junit.platform.engine.support.hierarchical.ThrowableCollector.execute(ThrowableCollector.java:73) ~[junit-platform-engine-1.10.3.jar:1.10.3]
	at org.junit.platform.engine.support.hierarchical.NodeTestTask.lambda$executeRecursively$8(NodeTestTask.java:141) ~[junit-platform-engine-1.10.3.jar:1.10.3]
	at org.junit.platform.engine.support.hierarchical.Node.around(Node.java:137) ~[junit-platform-engine-1.10.3.jar:1.10.3]
	at org.junit.platform.engine.support.hierarchical.NodeTestTask.lambda$executeRecursively$9(NodeTestTask.java:139) ~[junit-platform-engine-1.10.3.jar:1.10.3]
	at org.junit.platform.engine.support.hierarchical.ThrowableCollector.execute(ThrowableCollector.java:73) ~[junit-platform-engine-1.10.3.jar:1.10.3]
	at org.junit.platform.engine.support.hierarchical.NodeTestTask.executeRecursively(NodeTestTask.java:138) ~[junit-platform-engine-1.10.3.jar:1.10.3]
	at org.junit.platform.engine.support.hierarchical.NodeTestTask.execute(NodeTestTask.java:95) ~[junit-platform-engine-1.10.3.jar:1.10.3]
	at org.junit.platform.engine.support.hierarchical.SameThreadHierarchicalTestExecutorService.submit(SameThreadHierarchicalTestExecutorService.java:35) ~[junit-platform-engine-1.10.3.jar:1.10.3]
	at org.junit.platform.engine.support.hierarchical.HierarchicalTestExecutor.execute(HierarchicalTestExecutor.java:57) ~[junit-platform-engine-1.10.3.jar:1.10.3]
	at org.junit.platform.engine.support.hierarchical.HierarchicalTestEngine.execute(HierarchicalTestEngine.java:54) ~[junit-platform-engine-1.10.3.jar:1.10.3]
	at org.junit.platform.launcher.core.EngineExecutionOrchestrator.execute(EngineExecutionOrchestrator.java:198) ~[junit-platform-launcher-1.10.3.jar:1.10.3]
	at org.junit.platform.launcher.core.EngineExecutionOrchestrator.execute(EngineExecutionOrchestrator.java:169) ~[junit-platform-launcher-1.10.3.jar:1.10.3]
	at org.junit.platform.launcher.core.EngineExecutionOrchestrator.execute(EngineExecutionOrchestrator.java:93) ~[junit-platform-launcher-1.10.3.jar:1.10.3]
	at org.junit.platform.launcher.core.EngineExecutionOrchestrator.lambda$execute$0(EngineExecutionOrchestrator.java:58) ~[junit-platform-launcher-1.10.3.jar:1.10.3]
	at org.junit.platform.launcher.core.EngineExecutionOrchestrator.withInterceptedStreams(EngineExecutionOrchestrator.java:141) ~[junit-platform-launcher-1.10.3.jar:1.10.3]
	at org.junit.platform.launcher.core.EngineExecutionOrchestrator.execute(EngineExecutionOrchestrator.java:57) ~[junit-platform-launcher-1.10.3.jar:1.10.3]
	at org.junit.platform.launcher.core.DefaultLauncher.execute(DefaultLauncher.java:103) ~[junit-platform-launcher-1.10.3.jar:1.10.3]
	at org.junit.platform.launcher.core.DefaultLauncher.execute(DefaultLauncher.java:85) ~[junit-platform-launcher-1.10.3.jar:1.10.3]
	at org.junit.platform.launcher.core.DelegatingLauncher.execute(DelegatingLauncher.java:47) ~[junit-platform-launcher-1.10.3.jar:1.10.3]
	at org.apache.maven.surefire.junitplatform.LazyLauncher.execute(LazyLauncher.java:56) ~[surefire-junit-platform-3.2.5.jar:3.2.5]
	at org.apache.maven.surefire.junitplatform.JUnitPlatformProvider.execute(JUnitPlatformProvider.java:184) ~[surefire-junit-platform-3.2.5.jar:3.2.5]
	at org.apache.maven.surefire.junitplatform.JUnitPlatformProvider.invokeAllTests(JUnitPlatformProvider.java:148) ~[surefire-junit-platform-3.2.5.jar:3.2.5]
	at org.apache.maven.surefire.junitplatform.JUnitPlatformProvider.invoke(JUnitPlatformProvider.java:122) ~[surefire-junit-platform-3.2.5.jar:3.2.5]
	at org.apache.maven.surefire.booter.ForkedBooter.runSuitesInProcess(ForkedBooter.java:385) ~[surefire-booter-3.2.5.jar:3.2.5]
	at org.apache.maven.surefire.booter.ForkedBooter.execute(ForkedBooter.java:162) ~[surefire-booter-3.2.5.jar:3.2.5]
	at org.apache.maven.surefire.booter.ForkedBooter.run(ForkedBooter.java:507) ~[surefire-booter-3.2.5.jar:3.2.5]
	at org.apache.maven.surefire.booter.ForkedBooter.main(ForkedBooter.java:495) ~[surefire-booter-3.2.5.jar:3.2.5]

2025-10-12T09:06:43.180Z  WARN 144 --- [nll-light-api-test] [           main] o.s.test.context.TestContextManager      : Caught exception while allowing TestExecutionListener [org.springframework.test.context.support.DependencyInjectionTestExecutionListener] to prepare test instance [se.inera.nll.nlllight.api.repository.RepositoryTest@5da1a97f]

java.lang.IllegalStateException: ApplicationContext failure threshold (1) exceeded: skipping repeated attempt to load context for [MergedContextConfiguration@234bfc8c testClass = se.inera.nll.nlllight.api.repository.RepositoryTest, locations = [], classes = [se.inera.nll.nlllight.api.NllLightApiApplication], contextInitializerClasses = [], activeProfiles = ["test"], propertySourceDescriptors = [], propertySourceProperties = ["org.springframework.boot.test.autoconfigure.orm.jpa.DataJpaTestContextBootstrapper=true"], contextCustomizers = [[ImportsContextCustomizer@5008559a key = [org.springframework.boot.autoconfigure.transaction.TransactionAutoConfiguration, org.springframework.boot.autoconfigure.data.jpa.JpaRepositoriesAutoConfiguration, org.springframework.boot.test.autoconfigure.orm.jpa.TestEntityManagerAutoConfiguration, org.springframework.boot.autoconfigure.cache.CacheAutoConfiguration, org.springframework.boot.autoconfigure.orm.jpa.HibernateJpaAutoConfiguration, org.springframework.boot.autoconfigure.sql.init.SqlInitializationAutoConfiguration, org.springframework.boot.test.autoconfigure.jdbc.TestDatabaseAutoConfiguration, org.springframework.boot.autoconfigure.flyway.FlywayAutoConfiguration, org.springframework.boot.autoconfigure.jdbc.DataSourceTransactionManagerAutoConfiguration, org.springframework.boot.autoconfigure.liquibase.LiquibaseAutoConfiguration, org.springframework.boot.autoconfigure.jdbc.JdbcClientAutoConfiguration, org.springframework.boot.autoconfigure.jdbc.DataSourceAutoConfiguration, org.springframework.boot.autoconfigure.jdbc.JdbcTemplateAutoConfiguration]], org.springframework.boot.test.context.filter.ExcludeFilterContextCustomizer@1f75a668, org.springframework.boot.test.json.DuplicateJsonObjectContextCustomizerFactory$DuplicateJsonObjectContextCustomizer@2812b107, org.springframework.boot.test.mock.mockito.MockitoContextCustomizer@0, org.springframework.boot.test.web.reactor.netty.DisableReactorResourceFactoryGlobalResourcesContextCustomizerFactory$DisableReactorResourceFactoryGlobalResourcesContextCustomizerCustomizer@4416d64f, org.springframework.boot.test.autoconfigure.OverrideAutoConfigurationContextCustomizerFactory$DisableAutoConfigurationContextCustomizer@73d7d676, org.springframework.boot.test.autoconfigure.actuate.observability.ObservabilityContextCustomizerFactory$DisableObservabilityContextCustomizer@1f, org.springframework.boot.test.autoconfigure.filter.TypeExcludeFiltersContextCustomizer@34be3d80, org.springframework.boot.test.autoconfigure.properties.PropertyMappingContextCustomizer@f866b79d, org.springframework.boot.test.autoconfigure.web.servlet.WebDriverContextCustomizer@3b8f0a79, org.springframework.boot.test.context.SpringBootTestAnnotation@f6fa0202], contextLoader = org.springframework.boot.test.context.SpringBootContextLoader, parent = null]
	at org.springframework.test.context.cache.DefaultCacheAwareContextLoaderDelegate.loadContext(DefaultCacheAwareContextLoaderDelegate.java:145) ~[spring-test-6.1.12.jar:6.1.12]
	at org.springframework.test.context.support.DefaultTestContext.getApplicationContext(DefaultTestContext.java:130) ~[spring-test-6.1.12.jar:6.1.12]
	at org.springframework.test.context.support.DependencyInjectionTestExecutionListener.injectDependencies(DependencyInjectionTestExecutionListener.java:142) ~[spring-test-6.1.12.jar:6.1.12]
	at org.springframework.test.context.support.DependencyInjectionTestExecutionListener.prepareTestInstance(DependencyInjectionTestExecutionListener.java:98) ~[spring-test-6.1.12.jar:6.1.12]
	at org.springframework.test.context.TestContextManager.prepareTestInstance(TestContextManager.java:260) ~[spring-test-6.1.12.jar:6.1.12]
	at org.springframework.test.context.junit.jupiter.SpringExtension.postProcessTestInstance(SpringExtension.java:163) ~[spring-test-6.1.12.jar:6.1.12]
	at org.junit.jupiter.engine.descriptor.ClassBasedTestDescriptor.lambda$invokeTestInstancePostProcessors$10(ClassBasedTestDescriptor.java:378) ~[junit-jupiter-engine-5.10.3.jar:5.10.3]
	at org.junit.jupiter.engine.descriptor.ClassBasedTestDescriptor.executeAndMaskThrowable(ClassBasedTestDescriptor.java:383) ~[junit-jupiter-engine-5.10.3.jar:5.10.3]
	at org.junit.jupiter.engine.descriptor.ClassBasedTestDescriptor.lambda$invokeTestInstancePostProcessors$11(ClassBasedTestDescriptor.java:378) ~[junit-jupiter-engine-5.10.3.jar:5.10.3]
	at java.base/java.util.stream.ReferencePipeline$3$1.accept(ReferencePipeline.java:197) ~[na:na]
	at java.base/java.util.stream.ReferencePipeline$2$1.accept(ReferencePipeline.java:179) ~[na:na]
	at java.base/java.util.ArrayList$ArrayListSpliterator.forEachRemaining(ArrayList.java:1708) ~[na:na]
	at java.base/java.util.stream.AbstractPipeline.copyInto(AbstractPipeline.java:509) ~[na:na]
	at java.base/java.util.stream.AbstractPipeline.wrapAndCopyInto(AbstractPipeline.java:499) ~[na:na]
	at java.base/java.util.stream.StreamSpliterators$WrappingSpliterator.forEachRemaining(StreamSpliterators.java:310) ~[na:na]
	at java.base/java.util.stream.Streams$ConcatSpliterator.forEachRemaining(Streams.java:735) ~[na:na]
	at java.base/java.util.stream.Streams$ConcatSpliterator.forEachRemaining(Streams.java:734) ~[na:na]
	at java.base/java.util.stream.ReferencePipeline$Head.forEach(ReferencePipeline.java:762) ~[na:na]
	at org.junit.jupiter.engine.descriptor.ClassBasedTestDescriptor.invokeTestInstancePostProcessors(ClassBasedTestDescriptor.java:377) ~[junit-jupiter-engine-5.10.3.jar:5.10.3]
	at org.junit.jupiter.engine.descriptor.ClassBasedTestDescriptor.lambda$instantiateAndPostProcessTestInstance$6(ClassBasedTestDescriptor.java:290) ~[junit-jupiter-engine-5.10.3.jar:5.10.3]
	at org.junit.platform.engine.support.hierarchical.ThrowableCollector.execute(ThrowableCollector.java:73) ~[junit-platform-engine-1.10.3.jar:1.10.3]
	at org.junit.jupiter.engine.descriptor.ClassBasedTestDescriptor.instantiateAndPostProcessTestInstance(ClassBasedTestDescriptor.java:289) ~[junit-jupiter-engine-5.10.3.jar:5.10.3]
	at org.junit.jupiter.engine.descriptor.ClassBasedTestDescriptor.lambda$testInstancesProvider$4(ClassBasedTestDescriptor.java:279) ~[junit-jupiter-engine-5.10.3.jar:5.10.3]
	at java.base/java.util.Optional.orElseGet(Optional.java:364) ~[na:na]
	at org.junit.jupiter.engine.descriptor.ClassBasedTestDescriptor.lambda$testInstancesProvider$5(ClassBasedTestDescriptor.java:278) ~[junit-jupiter-engine-5.10.3.jar:5.10.3]
	at org.junit.jupiter.engine.execution.TestInstancesProvider.getTestInstances(TestInstancesProvider.java:31) ~[junit-jupiter-engine-5.10.3.jar:5.10.3]
	at org.junit.jupiter.engine.descriptor.TestMethodTestDescriptor.lambda$prepare$0(TestMethodTestDescriptor.java:106) ~[junit-jupiter-engine-5.10.3.jar:5.10.3]
	at org.junit.platform.engine.support.hierarchical.ThrowableCollector.execute(ThrowableCollector.java:73) ~[junit-platform-engine-1.10.3.jar:1.10.3]
	at org.junit.jupiter.engine.descriptor.TestMethodTestDescriptor.prepare(TestMethodTestDescriptor.java:105) ~[junit-jupiter-engine-5.10.3.jar:5.10.3]
	at org.junit.jupiter.engine.descriptor.TestMethodTestDescriptor.prepare(TestMethodTestDescriptor.java:69) ~[junit-jupiter-engine-5.10.3.jar:5.10.3]
	at org.junit.platform.engine.support.hierarchical.NodeTestTask.lambda$prepare$2(NodeTestTask.java:123) ~[junit-platform-engine-1.10.3.jar:1.10.3]
	at org.junit.platform.engine.support.hierarchical.ThrowableCollector.execute(ThrowableCollector.java:73) ~[junit-platform-engine-1.10.3.jar:1.10.3]
	at org.junit.platform.engine.support.hierarchical.NodeTestTask.prepare(NodeTestTask.java:123) ~[junit-platform-engine-1.10.3.jar:1.10.3]
	at org.junit.platform.engine.support.hierarchical.NodeTestTask.execute(NodeTestTask.java:90) ~[junit-platform-engine-1.10.3.jar:1.10.3]
	at java.base/java.util.ArrayList.forEach(ArrayList.java:1596) ~[na:na]
	at org.junit.platform.engine.support.hierarchical.SameThreadHierarchicalTestExecutorService.invokeAll(SameThreadHierarchicalTestExecutorService.java:41) ~[junit-platform-engine-1.10.3.jar:1.10.3]
	at org.junit.platform.engine.support.hierarchical.NodeTestTask.lambda$executeRecursively$6(NodeTestTask.java:155) ~[junit-platform-engine-1.10.3.jar:1.10.3]
	at org.junit.platform.engine.support.hierarchical.ThrowableCollector.execute(ThrowableCollector.java:73) ~[junit-platform-engine-1.10.3.jar:1.10.3]
	at org.junit.platform.engine.support.hierarchical.NodeTestTask.lambda$executeRecursively$8(NodeTestTask.java:141) ~[junit-platform-engine-1.10.3.jar:1.10.3]
	at org.junit.platform.engine.support.hierarchical.Node.around(Node.java:137) ~[junit-platform-engine-1.10.3.jar:1.10.3]
	at org.junit.platform.engine.support.hierarchical.NodeTestTask.lambda$executeRecursively$9(NodeTestTask.java:139) ~[junit-platform-engine-1.10.3.jar:1.10.3]
	at org.junit.platform.engine.support.hierarchical.ThrowableCollector.execute(ThrowableCollector.java:73) ~[junit-platform-engine-1.10.3.jar:1.10.3]
	at org.junit.platform.engine.support.hierarchical.NodeTestTask.executeRecursively(NodeTestTask.java:138) ~[junit-platform-engine-1.10.3.jar:1.10.3]
	at org.junit.platform.engine.support.hierarchical.NodeTestTask.execute(NodeTestTask.java:95) ~[junit-platform-engine-1.10.3.jar:1.10.3]
	at java.base/java.util.ArrayList.forEach(ArrayList.java:1596) ~[na:na]
	at org.junit.platform.engine.support.hierarchical.SameThreadHierarchicalTestExecutorService.invokeAll(SameThreadHierarchicalTestExecutorService.java:41) ~[junit-platform-engine-1.10.3.jar:1.10.3]
	at org.junit.platform.engine.support.hierarchical.NodeTestTask.lambda$executeRecursively$6(NodeTestTask.java:155) ~[junit-platform-engine-1.10.3.jar:1.10.3]
	at org.junit.platform.engine.support.hierarchical.ThrowableCollector.execute(ThrowableCollector.java:73) ~[junit-platform-engine-1.10.3.jar:1.10.3]
	at org.junit.platform.engine.support.hierarchical.NodeTestTask.lambda$executeRecursively$8(NodeTestTask.java:141) ~[junit-platform-engine-1.10.3.jar:1.10.3]
	at org.junit.platform.engine.support.hierarchical.Node.around(Node.java:137) ~[junit-platform-engine-1.10.3.jar:1.10.3]
	at org.junit.platform.engine.support.hierarchical.NodeTestTask.lambda$executeRecursively$9(NodeTestTask.java:139) ~[junit-platform-engine-1.10.3.jar:1.10.3]
	at org.junit.platform.engine.support.hierarchical.ThrowableCollector.execute(ThrowableCollector.java:73) ~[junit-platform-engine-1.10.3.jar:1.10.3]
	at org.junit.platform.engine.support.hierarchical.NodeTestTask.executeRecursively(NodeTestTask.java:138) ~[junit-platform-engine-1.10.3.jar:1.10.3]
	at org.junit.platform.engine.support.hierarchical.NodeTestTask.execute(NodeTestTask.java:95) ~[junit-platform-engine-1.10.3.jar:1.10.3]
	at org.junit.platform.engine.support.hierarchical.SameThreadHierarchicalTestExecutorService.submit(SameThreadHierarchicalTestExecutorService.java:35) ~[junit-platform-engine-1.10.3.jar:1.10.3]
	at org.junit.platform.engine.support.hierarchical.HierarchicalTestExecutor.execute(HierarchicalTestExecutor.java:57) ~[junit-platform-engine-1.10.3.jar:1.10.3]
	at org.junit.platform.engine.support.hierarchical.HierarchicalTestEngine.execute(HierarchicalTestEngine.java:54) ~[junit-platform-engine-1.10.3.jar:1.10.3]
	at org.junit.platform.launcher.core.EngineExecutionOrchestrator.execute(EngineExecutionOrchestrator.java:198) ~[junit-platform-launcher-1.10.3.jar:1.10.3]
	at org.junit.platform.launcher.core.EngineExecutionOrchestrator.execute(EngineExecutionOrchestrator.java:169) ~[junit-platform-launcher-1.10.3.jar:1.10.3]
	at org.junit.platform.launcher.core.EngineExecutionOrchestrator.execute(EngineExecutionOrchestrator.java:93) ~[junit-platform-launcher-1.10.3.jar:1.10.3]
	at org.junit.platform.launcher.core.EngineExecutionOrchestrator.lambda$execute$0(EngineExecutionOrchestrator.java:58) ~[junit-platform-launcher-1.10.3.jar:1.10.3]
	at org.junit.platform.launcher.core.EngineExecutionOrchestrator.withInterceptedStreams(EngineExecutionOrchestrator.java:141) ~[junit-platform-launcher-1.10.3.jar:1.10.3]
	at org.junit.platform.launcher.core.EngineExecutionOrchestrator.execute(EngineExecutionOrchestrator.java:57) ~[junit-platform-launcher-1.10.3.jar:1.10.3]
	at org.junit.platform.launcher.core.DefaultLauncher.execute(DefaultLauncher.java:103) ~[junit-platform-launcher-1.10.3.jar:1.10.3]
	at org.junit.platform.launcher.core.DefaultLauncher.execute(DefaultLauncher.java:85) ~[junit-platform-launcher-1.10.3.jar:1.10.3]
	at org.junit.platform.launcher.core.DelegatingLauncher.execute(DelegatingLauncher.java:47) ~[junit-platform-launcher-1.10.3.jar:1.10.3]
	at org.apache.maven.surefire.junitplatform.LazyLauncher.execute(LazyLauncher.java:56) ~[surefire-junit-platform-3.2.5.jar:3.2.5]
	at org.apache.maven.surefire.junitplatform.JUnitPlatformProvider.execute(JUnitPlatformProvider.java:184) ~[surefire-junit-platform-3.2.5.jar:3.2.5]
	at org.apache.maven.surefire.junitplatform.JUnitPlatformProvider.invokeAllTests(JUnitPlatformProvider.java:148) ~[surefire-junit-platform-3.2.5.jar:3.2.5]
	at org.apache.maven.surefire.junitplatform.JUnitPlatformProvider.invoke(JUnitPlatformProvider.java:122) ~[surefire-junit-platform-3.2.5.jar:3.2.5]
	at org.apache.maven.surefire.booter.ForkedBooter.runSuitesInProcess(ForkedBooter.java:385) ~[surefire-booter-3.2.5.jar:3.2.5]
	at org.apache.maven.surefire.booter.ForkedBooter.execute(ForkedBooter.java:162) ~[surefire-booter-3.2.5.jar:3.2.5]
	at org.apache.maven.surefire.booter.ForkedBooter.run(ForkedBooter.java:507) ~[surefire-booter-3.2.5.jar:3.2.5]
	at org.apache.maven.surefire.booter.ForkedBooter.main(ForkedBooter.java:495) ~[surefire-booter-3.2.5.jar:3.2.5]

2025-10-12T09:06:43.182Z  WARN 144 --- [nll-light-api-test] [           main] o.s.test.context.TestContextManager      : Caught exception while allowing TestExecutionListener [org.springframework.test.context.support.DependencyInjectionTestExecutionListener] to prepare test instance [se.inera.nll.nlllight.api.repository.RepositoryTest@7a569672]

java.lang.IllegalStateException: ApplicationContext failure threshold (1) exceeded: skipping repeated attempt to load context for [MergedContextConfiguration@234bfc8c testClass = se.inera.nll.nlllight.api.repository.RepositoryTest, locations = [], classes = [se.inera.nll.nlllight.api.NllLightApiApplication], contextInitializerClasses = [], activeProfiles = ["test"], propertySourceDescriptors = [], propertySourceProperties = ["org.springframework.boot.test.autoconfigure.orm.jpa.DataJpaTestContextBootstrapper=true"], contextCustomizers = [[ImportsContextCustomizer@5008559a key = [org.springframework.boot.autoconfigure.transaction.TransactionAutoConfiguration, org.springframework.boot.autoconfigure.data.jpa.JpaRepositoriesAutoConfiguration, org.springframework.boot.test.autoconfigure.orm.jpa.TestEntityManagerAutoConfiguration, org.springframework.boot.autoconfigure.cache.CacheAutoConfiguration, org.springframework.boot.autoconfigure.orm.jpa.HibernateJpaAutoConfiguration, org.springframework.boot.autoconfigure.sql.init.SqlInitializationAutoConfiguration, org.springframework.boot.test.autoconfigure.jdbc.TestDatabaseAutoConfiguration, org.springframework.boot.autoconfigure.flyway.FlywayAutoConfiguration, org.springframework.boot.autoconfigure.jdbc.DataSourceTransactionManagerAutoConfiguration, org.springframework.boot.autoconfigure.liquibase.LiquibaseAutoConfiguration, org.springframework.boot.autoconfigure.jdbc.JdbcClientAutoConfiguration, org.springframework.boot.autoconfigure.jdbc.DataSourceAutoConfiguration, org.springframework.boot.autoconfigure.jdbc.JdbcTemplateAutoConfiguration]], org.springframework.boot.test.context.filter.ExcludeFilterContextCustomizer@1f75a668, org.springframework.boot.test.json.DuplicateJsonObjectContextCustomizerFactory$DuplicateJsonObjectContextCustomizer@2812b107, org.springframework.boot.test.mock.mockito.MockitoContextCustomizer@0, org.springframework.boot.test.web.reactor.netty.DisableReactorResourceFactoryGlobalResourcesContextCustomizerFactory$DisableReactorResourceFactoryGlobalResourcesContextCustomizerCustomizer@4416d64f, org.springframework.boot.test.autoconfigure.OverrideAutoConfigurationContextCustomizerFactory$DisableAutoConfigurationContextCustomizer@73d7d676, org.springframework.boot.test.autoconfigure.actuate.observability.ObservabilityContextCustomizerFactory$DisableObservabilityContextCustomizer@1f, org.springframework.boot.test.autoconfigure.filter.TypeExcludeFiltersContextCustomizer@34be3d80, org.springframework.boot.test.autoconfigure.properties.PropertyMappingContextCustomizer@f866b79d, org.springframework.boot.test.autoconfigure.web.servlet.WebDriverContextCustomizer@3b8f0a79, org.springframework.boot.test.context.SpringBootTestAnnotation@f6fa0202], contextLoader = org.springframework.boot.test.context.SpringBootContextLoader, parent = null]
	at org.springframework.test.context.cache.DefaultCacheAwareContextLoaderDelegate.loadContext(DefaultCacheAwareContextLoaderDelegate.java:145) ~[spring-test-6.1.12.jar:6.1.12]
	at org.springframework.test.context.support.DefaultTestContext.getApplicationContext(DefaultTestContext.java:130) ~[spring-test-6.1.12.jar:6.1.12]
	at org.springframework.test.context.support.DependencyInjectionTestExecutionListener.injectDependencies(DependencyInjectionTestExecutionListener.java:142) ~[spring-test-6.1.12.jar:6.1.12]
	at org.springframework.test.context.support.DependencyInjectionTestExecutionListener.prepareTestInstance(DependencyInjectionTestExecutionListener.java:98) ~[spring-test-6.1.12.jar:6.1.12]
	at org.springframework.test.context.TestContextManager.prepareTestInstance(TestContextManager.java:260) ~[spring-test-6.1.12.jar:6.1.12]
	at org.springframework.test.context.junit.jupiter.SpringExtension.postProcessTestInstance(SpringExtension.java:163) ~[spring-test-6.1.12.jar:6.1.12]
	at org.junit.jupiter.engine.descriptor.ClassBasedTestDescriptor.lambda$invokeTestInstancePostProcessors$10(ClassBasedTestDescriptor.java:378) ~[junit-jupiter-engine-5.10.3.jar:5.10.3]
	at org.junit.jupiter.engine.descriptor.ClassBasedTestDescriptor.executeAndMaskThrowable(ClassBasedTestDescriptor.java:383) ~[junit-jupiter-engine-5.10.3.jar:5.10.3]
	at org.junit.jupiter.engine.descriptor.ClassBasedTestDescriptor.lambda$invokeTestInstancePostProcessors$11(ClassBasedTestDescriptor.java:378) ~[junit-jupiter-engine-5.10.3.jar:5.10.3]
	at java.base/java.util.stream.ReferencePipeline$3$1.accept(ReferencePipeline.java:197) ~[na:na]
	at java.base/java.util.stream.ReferencePipeline$2$1.accept(ReferencePipeline.java:179) ~[na:na]
	at java.base/java.util.ArrayList$ArrayListSpliterator.forEachRemaining(ArrayList.java:1708) ~[na:na]
	at java.base/java.util.stream.AbstractPipeline.copyInto(AbstractPipeline.java:509) ~[na:na]
	at java.base/java.util.stream.AbstractPipeline.wrapAndCopyInto(AbstractPipeline.java:499) ~[na:na]
	at java.base/java.util.stream.StreamSpliterators$WrappingSpliterator.forEachRemaining(StreamSpliterators.java:310) ~[na:na]
	at java.base/java.util.stream.Streams$ConcatSpliterator.forEachRemaining(Streams.java:735) ~[na:na]
	at java.base/java.util.stream.Streams$ConcatSpliterator.forEachRemaining(Streams.java:734) ~[na:na]
	at java.base/java.util.stream.ReferencePipeline$Head.forEach(ReferencePipeline.java:762) ~[na:na]
	at org.junit.jupiter.engine.descriptor.ClassBasedTestDescriptor.invokeTestInstancePostProcessors(ClassBasedTestDescriptor.java:377) ~[junit-jupiter-engine-5.10.3.jar:5.10.3]
	at org.junit.jupiter.engine.descriptor.ClassBasedTestDescriptor.lambda$instantiateAndPostProcessTestInstance$6(ClassBasedTestDescriptor.java:290) ~[junit-jupiter-engine-5.10.3.jar:5.10.3]
	at org.junit.platform.engine.support.hierarchical.ThrowableCollector.execute(ThrowableCollector.java:73) ~[junit-platform-engine-1.10.3.jar:1.10.3]
	at org.junit.jupiter.engine.descriptor.ClassBasedTestDescriptor.instantiateAndPostProcessTestInstance(ClassBasedTestDescriptor.java:289) ~[junit-jupiter-engine-5.10.3.jar:5.10.3]
	at org.junit.jupiter.engine.descriptor.ClassBasedTestDescriptor.lambda$testInstancesProvider$4(ClassBasedTestDescriptor.java:279) ~[junit-jupiter-engine-5.10.3.jar:5.10.3]
	at java.base/java.util.Optional.orElseGet(Optional.java:364) ~[na:na]
	at org.junit.jupiter.engine.descriptor.ClassBasedTestDescriptor.lambda$testInstancesProvider$5(ClassBasedTestDescriptor.java:278) ~[junit-jupiter-engine-5.10.3.jar:5.10.3]
	at org.junit.jupiter.engine.execution.TestInstancesProvider.getTestInstances(TestInstancesProvider.java:31) ~[junit-jupiter-engine-5.10.3.jar:5.10.3]
	at org.junit.jupiter.engine.descriptor.TestMethodTestDescriptor.lambda$prepare$0(TestMethodTestDescriptor.java:106) ~[junit-jupiter-engine-5.10.3.jar:5.10.3]
	at org.junit.platform.engine.support.hierarchical.ThrowableCollector.execute(ThrowableCollector.java:73) ~[junit-platform-engine-1.10.3.jar:1.10.3]
	at org.junit.jupiter.engine.descriptor.TestMethodTestDescriptor.prepare(TestMethodTestDescriptor.java:105) ~[junit-jupiter-engine-5.10.3.jar:5.10.3]
	at org.junit.jupiter.engine.descriptor.TestMethodTestDescriptor.prepare(TestMethodTestDescriptor.java:69) ~[junit-jupiter-engine-5.10.3.jar:5.10.3]
	at org.junit.platform.engine.support.hierarchical.NodeTestTask.lambda$prepare$2(NodeTestTask.java:123) ~[junit-platform-engine-1.10.3.jar:1.10.3]
	at org.junit.platform.engine.support.hierarchical.ThrowableCollector.execute(ThrowableCollector.java:73) ~[junit-platform-engine-1.10.3.jar:1.10.3]
	at org.junit.platform.engine.support.hierarchical.NodeTestTask.prepare(NodeTestTask.java:123) ~[junit-platform-engine-1.10.3.jar:1.10.3]
	at org.junit.platform.engine.support.hierarchical.NodeTestTask.execute(NodeTestTask.java:90) ~[junit-platform-engine-1.10.3.jar:1.10.3]
	at java.base/java.util.ArrayList.forEach(ArrayList.java:1596) ~[na:na]
	at org.junit.platform.engine.support.hierarchical.SameThreadHierarchicalTestExecutorService.invokeAll(SameThreadHierarchicalTestExecutorService.java:41) ~[junit-platform-engine-1.10.3.jar:1.10.3]
	at org.junit.platform.engine.support.hierarchical.NodeTestTask.lambda$executeRecursively$6(NodeTestTask.java:155) ~[junit-platform-engine-1.10.3.jar:1.10.3]
	at org.junit.platform.engine.support.hierarchical.ThrowableCollector.execute(ThrowableCollector.java:73) ~[junit-platform-engine-1.10.3.jar:1.10.3]
	at org.junit.platform.engine.support.hierarchical.NodeTestTask.lambda$executeRecursively$8(NodeTestTask.java:141) ~[junit-platform-engine-1.10.3.jar:1.10.3]
	at org.junit.platform.engine.support.hierarchical.Node.around(Node.java:137) ~[junit-platform-engine-1.10.3.jar:1.10.3]
	at org.junit.platform.engine.support.hierarchical.NodeTestTask.lambda$executeRecursively$9(NodeTestTask.java:139) ~[junit-platform-engine-1.10.3.jar:1.10.3]
	at org.junit.platform.engine.support.hierarchical.ThrowableCollector.execute(ThrowableCollector.java:73) ~[junit-platform-engine-1.10.3.jar:1.10.3]
	at org.junit.platform.engine.support.hierarchical.NodeTestTask.executeRecursively(NodeTestTask.java:138) ~[junit-platform-engine-1.10.3.jar:1.10.3]
	at org.junit.platform.engine.support.hierarchical.NodeTestTask.execute(NodeTestTask.java:95) ~[junit-platform-engine-1.10.3.jar:1.10.3]
	at java.base/java.util.ArrayList.forEach(ArrayList.java:1596) ~[na:na]
	at org.junit.platform.engine.support.hierarchical.SameThreadHierarchicalTestExecutorService.invokeAll(SameThreadHierarchicalTestExecutorService.java:41) ~[junit-platform-engine-1.10.3.jar:1.10.3]
	at org.junit.platform.engine.support.hierarchical.NodeTestTask.lambda$executeRecursively$6(NodeTestTask.java:155) ~[junit-platform-engine-1.10.3.jar:1.10.3]
	at org.junit.platform.engine.support.hierarchical.ThrowableCollector.execute(ThrowableCollector.java:73) ~[junit-platform-engine-1.10.3.jar:1.10.3]
	at org.junit.platform.engine.support.hierarchical.NodeTestTask.lambda$executeRecursively$8(NodeTestTask.java:141) ~[junit-platform-engine-1.10.3.jar:1.10.3]
	at org.junit.platform.engine.support.hierarchical.Node.around(Node.java:137) ~[junit-platform-engine-1.10.3.jar:1.10.3]
	at org.junit.platform.engine.support.hierarchical.NodeTestTask.lambda$executeRecursively$9(NodeTestTask.java:139) ~[junit-platform-engine-1.10.3.jar:1.10.3]
	at org.junit.platform.engine.support.hierarchical.ThrowableCollector.execute(ThrowableCollector.java:73) ~[junit-platform-engine-1.10.3.jar:1.10.3]
	at org.junit.platform.engine.support.hierarchical.NodeTestTask.executeRecursively(NodeTestTask.java:138) ~[junit-platform-engine-1.10.3.jar:1.10.3]
	at org.junit.platform.engine.support.hierarchical.NodeTestTask.execute(NodeTestTask.java:95) ~[junit-platform-engine-1.10.3.jar:1.10.3]
	at org.junit.platform.engine.support.hierarchical.SameThreadHierarchicalTestExecutorService.submit(SameThreadHierarchicalTestExecutorService.java:35) ~[junit-platform-engine-1.10.3.jar:1.10.3]
	at org.junit.platform.engine.support.hierarchical.HierarchicalTestExecutor.execute(HierarchicalTestExecutor.java:57) ~[junit-platform-engine-1.10.3.jar:1.10.3]
	at org.junit.platform.engine.support.hierarchical.HierarchicalTestEngine.execute(HierarchicalTestEngine.java:54) ~[junit-platform-engine-1.10.3.jar:1.10.3]
	at org.junit.platform.launcher.core.EngineExecutionOrchestrator.execute(EngineExecutionOrchestrator.java:198) ~[junit-platform-launcher-1.10.3.jar:1.10.3]
	at org.junit.platform.launcher.core.EngineExecutionOrchestrator.execute(EngineExecutionOrchestrator.java:169) ~[junit-platform-launcher-1.10.3.jar:1.10.3]
	at org.junit.platform.launcher.core.EngineExecutionOrchestrator.execute(EngineExecutionOrchestrator.java:93) ~[junit-platform-launcher-1.10.3.jar:1.10.3]
	at org.junit.platform.launcher.core.EngineExecutionOrchestrator.lambda$execute$0(EngineExecutionOrchestrator.java:58) ~[junit-platform-launcher-1.10.3.jar:1.10.3]
	at org.junit.platform.launcher.core.EngineExecutionOrchestrator.withInterceptedStreams(EngineExecutionOrchestrator.java:141) ~[junit-platform-launcher-1.10.3.jar:1.10.3]
	at org.junit.platform.launcher.core.EngineExecutionOrchestrator.execute(EngineExecutionOrchestrator.java:57) ~[junit-platform-launcher-1.10.3.jar:1.10.3]
	at org.junit.platform.launcher.core.DefaultLauncher.execute(DefaultLauncher.java:103) ~[junit-platform-launcher-1.10.3.jar:1.10.3]
	at org.junit.platform.launcher.core.DefaultLauncher.execute(DefaultLauncher.java:85) ~[junit-platform-launcher-1.10.3.jar:1.10.3]
	at org.junit.platform.launcher.core.DelegatingLauncher.execute(DelegatingLauncher.java:47) ~[junit-platform-launcher-1.10.3.jar:1.10.3]
	at org.apache.maven.surefire.junitplatform.LazyLauncher.execute(LazyLauncher.java:56) ~[surefire-junit-platform-3.2.5.jar:3.2.5]
	at org.apache.maven.surefire.junitplatform.JUnitPlatformProvider.execute(JUnitPlatformProvider.java:184) ~[surefire-junit-platform-3.2.5.jar:3.2.5]
	at org.apache.maven.surefire.junitplatform.JUnitPlatformProvider.invokeAllTests(JUnitPlatformProvider.java:148) ~[surefire-junit-platform-3.2.5.jar:3.2.5]
	at org.apache.maven.surefire.junitplatform.JUnitPlatformProvider.invoke(JUnitPlatformProvider.java:122) ~[surefire-junit-platform-3.2.5.jar:3.2.5]
	at org.apache.maven.surefire.booter.ForkedBooter.runSuitesInProcess(ForkedBooter.java:385) ~[surefire-booter-3.2.5.jar:3.2.5]
	at org.apache.maven.surefire.booter.ForkedBooter.execute(ForkedBooter.java:162) ~[surefire-booter-3.2.5.jar:3.2.5]
	at org.apache.maven.surefire.booter.ForkedBooter.run(ForkedBooter.java:507) ~[surefire-booter-3.2.5.jar:3.2.5]
	at org.apache.maven.surefire.booter.ForkedBooter.main(ForkedBooter.java:495) ~[surefire-booter-3.2.5.jar:3.2.5]

2025-10-12T09:06:43.185Z  WARN 144 --- [nll-light-api-test] [           main] o.s.test.context.TestContextManager      : Caught exception while allowing TestExecutionListener [org.springframework.test.context.support.DependencyInjectionTestExecutionListener] to prepare test instance [se.inera.nll.nlllight.api.repository.RepositoryTest@194eae3e]

java.lang.IllegalStateException: ApplicationContext failure threshold (1) exceeded: skipping repeated attempt to load context for [MergedContextConfiguration@234bfc8c testClass = se.inera.nll.nlllight.api.repository.RepositoryTest, locations = [], classes = [se.inera.nll.nlllight.api.NllLightApiApplication], contextInitializerClasses = [], activeProfiles = ["test"], propertySourceDescriptors = [], propertySourceProperties = ["org.springframework.boot.test.autoconfigure.orm.jpa.DataJpaTestContextBootstrapper=true"], contextCustomizers = [[ImportsContextCustomizer@5008559a key = [org.springframework.boot.autoconfigure.transaction.TransactionAutoConfiguration, org.springframework.boot.autoconfigure.data.jpa.JpaRepositoriesAutoConfiguration, org.springframework.boot.test.autoconfigure.orm.jpa.TestEntityManagerAutoConfiguration, org.springframework.boot.autoconfigure.cache.CacheAutoConfiguration, org.springframework.boot.autoconfigure.orm.jpa.HibernateJpaAutoConfiguration, org.springframework.boot.autoconfigure.sql.init.SqlInitializationAutoConfiguration, org.springframework.boot.test.autoconfigure.jdbc.TestDatabaseAutoConfiguration, org.springframework.boot.autoconfigure.flyway.FlywayAutoConfiguration, org.springframework.boot.autoconfigure.jdbc.DataSourceTransactionManagerAutoConfiguration, org.springframework.boot.autoconfigure.liquibase.LiquibaseAutoConfiguration, org.springframework.boot.autoconfigure.jdbc.JdbcClientAutoConfiguration, org.springframework.boot.autoconfigure.jdbc.DataSourceAutoConfiguration, org.springframework.boot.autoconfigure.jdbc.JdbcTemplateAutoConfiguration]], org.springframework.boot.test.context.filter.ExcludeFilterContextCustomizer@1f75a668, org.springframework.boot.test.json.DuplicateJsonObjectContextCustomizerFactory$DuplicateJsonObjectContextCustomizer@2812b107, org.springframework.boot.test.mock.mockito.MockitoContextCustomizer@0, org.springframework.boot.test.web.reactor.netty.DisableReactorResourceFactoryGlobalResourcesContextCustomizerFactory$DisableReactorResourceFactoryGlobalResourcesContextCustomizerCustomizer@4416d64f, org.springframework.boot.test.autoconfigure.OverrideAutoConfigurationContextCustomizerFactory$DisableAutoConfigurationContextCustomizer@73d7d676, org.springframework.boot.test.autoconfigure.actuate.observability.ObservabilityContextCustomizerFactory$DisableObservabilityContextCustomizer@1f, org.springframework.boot.test.autoconfigure.filter.TypeExcludeFiltersContextCustomizer@34be3d80, org.springframework.boot.test.autoconfigure.properties.PropertyMappingContextCustomizer@f866b79d, org.springframework.boot.test.autoconfigure.web.servlet.WebDriverContextCustomizer@3b8f0a79, org.springframework.boot.test.context.SpringBootTestAnnotation@f6fa0202], contextLoader = org.springframework.boot.test.context.SpringBootContextLoader, parent = null]
	at org.springframework.test.context.cache.DefaultCacheAwareContextLoaderDelegate.loadContext(DefaultCacheAwareContextLoaderDelegate.java:145) ~[spring-test-6.1.12.jar:6.1.12]
	at org.springframework.test.context.support.DefaultTestContext.getApplicationContext(DefaultTestContext.java:130) ~[spring-test-6.1.12.jar:6.1.12]
	at org.springframework.test.context.support.DependencyInjectionTestExecutionListener.injectDependencies(DependencyInjectionTestExecutionListener.java:142) ~[spring-test-6.1.12.jar:6.1.12]
	at org.springframework.test.context.support.DependencyInjectionTestExecutionListener.prepareTestInstance(DependencyInjectionTestExecutionListener.java:98) ~[spring-test-6.1.12.jar:6.1.12]
	at org.springframework.test.context.TestContextManager.prepareTestInstance(TestContextManager.java:260) ~[spring-test-6.1.12.jar:6.1.12]
	at org.springframework.test.context.junit.jupiter.SpringExtension.postProcessTestInstance(SpringExtension.java:163) ~[spring-test-6.1.12.jar:6.1.12]
	at org.junit.jupiter.engine.descriptor.ClassBasedTestDescriptor.lambda$invokeTestInstancePostProcessors$10(ClassBasedTestDescriptor.java:378) ~[junit-jupiter-engine-5.10.3.jar:5.10.3]
	at org.junit.jupiter.engine.descriptor.ClassBasedTestDescriptor.executeAndMaskThrowable(ClassBasedTestDescriptor.java:383) ~[junit-jupiter-engine-5.10.3.jar:5.10.3]
	at org.junit.jupiter.engine.descriptor.ClassBasedTestDescriptor.lambda$invokeTestInstancePostProcessors$11(ClassBasedTestDescriptor.java:378) ~[junit-jupiter-engine-5.10.3.jar:5.10.3]
	at java.base/java.util.stream.ReferencePipeline$3$1.accept(ReferencePipeline.java:197) ~[na:na]
	at java.base/java.util.stream.ReferencePipeline$2$1.accept(ReferencePipeline.java:179) ~[na:na]
	at java.base/java.util.ArrayList$ArrayListSpliterator.forEachRemaining(ArrayList.java:1708) ~[na:na]
	at java.base/java.util.stream.AbstractPipeline.copyInto(AbstractPipeline.java:509) ~[na:na]
	at java.base/java.util.stream.AbstractPipeline.wrapAndCopyInto(AbstractPipeline.java:499) ~[na:na]
	at java.base/java.util.stream.StreamSpliterators$WrappingSpliterator.forEachRemaining(StreamSpliterators.java:310) ~[na:na]
	at java.base/java.util.stream.Streams$ConcatSpliterator.forEachRemaining(Streams.java:735) ~[na:na]
	at java.base/java.util.stream.Streams$ConcatSpliterator.forEachRemaining(Streams.java:734) ~[na:na]
	at java.base/java.util.stream.ReferencePipeline$Head.forEach(ReferencePipeline.java:762) ~[na:na]
	at org.junit.jupiter.engine.descriptor.ClassBasedTestDescriptor.invokeTestInstancePostProcessors(ClassBasedTestDescriptor.java:377) ~[junit-jupiter-engine-5.10.3.jar:5.10.3]
	at org.junit.jupiter.engine.descriptor.ClassBasedTestDescriptor.lambda$instantiateAndPostProcessTestInstance$6(ClassBasedTestDescriptor.java:290) ~[junit-jupiter-engine-5.10.3.jar:5.10.3]
	at org.junit.platform.engine.support.hierarchical.ThrowableCollector.execute(ThrowableCollector.java:73) ~[junit-platform-engine-1.10.3.jar:1.10.3]
	at org.junit.jupiter.engine.descriptor.ClassBasedTestDescriptor.instantiateAndPostProcessTestInstance(ClassBasedTestDescriptor.java:289) ~[junit-jupiter-engine-5.10.3.jar:5.10.3]
	at org.junit.jupiter.engine.descriptor.ClassBasedTestDescriptor.lambda$testInstancesProvider$4(ClassBasedTestDescriptor.java:279) ~[junit-jupiter-engine-5.10.3.jar:5.10.3]
	at java.base/java.util.Optional.orElseGet(Optional.java:364) ~[na:na]
	at org.junit.jupiter.engine.descriptor.ClassBasedTestDescriptor.lambda$testInstancesProvider$5(ClassBasedTestDescriptor.java:278) ~[junit-jupiter-engine-5.10.3.jar:5.10.3]
	at org.junit.jupiter.engine.execution.TestInstancesProvider.getTestInstances(TestInstancesProvider.java:31) ~[junit-jupiter-engine-5.10.3.jar:5.10.3]
	at org.junit.jupiter.engine.descriptor.TestMethodTestDescriptor.lambda$prepare$0(TestMethodTestDescriptor.java:106) ~[junit-jupiter-engine-5.10.3.jar:5.10.3]
	at org.junit.platform.engine.support.hierarchical.ThrowableCollector.execute(ThrowableCollector.java:73) ~[junit-platform-engine-1.10.3.jar:1.10.3]
	at org.junit.jupiter.engine.descriptor.TestMethodTestDescriptor.prepare(TestMethodTestDescriptor.java:105) ~[junit-jupiter-engine-5.10.3.jar:5.10.3]
	at org.junit.jupiter.engine.descriptor.TestMethodTestDescriptor.prepare(TestMethodTestDescriptor.java:69) ~[junit-jupiter-engine-5.10.3.jar:5.10.3]
	at org.junit.platform.engine.support.hierarchical.NodeTestTask.lambda$prepare$2(NodeTestTask.java:123) ~[junit-platform-engine-1.10.3.jar:1.10.3]
	at org.junit.platform.engine.support.hierarchical.ThrowableCollector.execute(ThrowableCollector.java:73) ~[junit-platform-engine-1.10.3.jar:1.10.3]
	at org.junit.platform.engine.support.hierarchical.NodeTestTask.prepare(NodeTestTask.java:123) ~[junit-platform-engine-1.10.3.jar:1.10.3]
	at org.junit.platform.engine.support.hierarchical.NodeTestTask.execute(NodeTestTask.java:90) ~[junit-platform-engine-1.10.3.jar:1.10.3]
	at java.base/java.util.ArrayList.forEach(ArrayList.java:1596) ~[na:na]
	at org.junit.platform.engine.support.hierarchical.SameThreadHierarchicalTestExecutorService.invokeAll(SameThreadHierarchicalTestExecutorService.java:41) ~[junit-platform-engine-1.10.3.jar:1.10.3]
	at org.junit.platform.engine.support.hierarchical.NodeTestTask.lambda$executeRecursively$6(NodeTestTask.java:155) ~[junit-platform-engine-1.10.3.jar:1.10.3]
	at org.junit.platform.engine.support.hierarchical.ThrowableCollector.execute(ThrowableCollector.java:73) ~[junit-platform-engine-1.10.3.jar:1.10.3]
	at org.junit.platform.engine.support.hierarchical.NodeTestTask.lambda$executeRecursively$8(NodeTestTask.java:141) ~[junit-platform-engine-1.10.3.jar:1.10.3]
	at org.junit.platform.engine.support.hierarchical.Node.around(Node.java:137) ~[junit-platform-engine-1.10.3.jar:1.10.3]
	at org.junit.platform.engine.support.hierarchical.NodeTestTask.lambda$executeRecursively$9(NodeTestTask.java:139) ~[junit-platform-engine-1.10.3.jar:1.10.3]
	at org.junit.platform.engine.support.hierarchical.ThrowableCollector.execute(ThrowableCollector.java:73) ~[junit-platform-engine-1.10.3.jar:1.10.3]
	at org.junit.platform.engine.support.hierarchical.NodeTestTask.executeRecursively(NodeTestTask.java:138) ~[junit-platform-engine-1.10.3.jar:1.10.3]
	at org.junit.platform.engine.support.hierarchical.NodeTestTask.execute(NodeTestTask.java:95) ~[junit-platform-engine-1.10.3.jar:1.10.3]
	at java.base/java.util.ArrayList.forEach(ArrayList.java:1596) ~[na:na]
	at org.junit.platform.engine.support.hierarchical.SameThreadHierarchicalTestExecutorService.invokeAll(SameThreadHierarchicalTestExecutorService.java:41) ~[junit-platform-engine-1.10.3.jar:1.10.3]
	at org.junit.platform.engine.support.hierarchical.NodeTestTask.lambda$executeRecursively$6(NodeTestTask.java:155) ~[junit-platform-engine-1.10.3.jar:1.10.3]
	at org.junit.platform.engine.support.hierarchical.ThrowableCollector.execute(ThrowableCollector.java:73) ~[junit-platform-engine-1.10.3.jar:1.10.3]
	at org.junit.platform.engine.support.hierarchical.NodeTestTask.lambda$executeRecursively$8(NodeTestTask.java:141) ~[junit-platform-engine-1.10.3.jar:1.10.3]
	at org.junit.platform.engine.support.hierarchical.Node.around(Node.java:137) ~[junit-platform-engine-1.10.3.jar:1.10.3]
	at org.junit.platform.engine.support.hierarchical.NodeTestTask.lambda$executeRecursively$9(NodeTestTask.java:139) ~[junit-platform-engine-1.10.3.jar:1.10.3]
	at org.junit.platform.engine.support.hierarchical.ThrowableCollector.execute(ThrowableCollector.java:73) ~[junit-platform-engine-1.10.3.jar:1.10.3]
	at org.junit.platform.engine.support.hierarchical.NodeTestTask.executeRecursively(NodeTestTask.java:138) ~[junit-platform-engine-1.10.3.jar:1.10.3]
	at org.junit.platform.engine.support.hierarchical.NodeTestTask.execute(NodeTestTask.java:95) ~[junit-platform-engine-1.10.3.jar:1.10.3]
	at org.junit.platform.engine.support.hierarchical.SameThreadHierarchicalTestExecutorService.submit(SameThreadHierarchicalTestExecutorService.java:35) ~[junit-platform-engine-1.10.3.jar:1.10.3]
	at org.junit.platform.engine.support.hierarchical.HierarchicalTestExecutor.execute(HierarchicalTestExecutor.java:57) ~[junit-platform-engine-1.10.3.jar:1.10.3]
	at org.junit.platform.engine.support.hierarchical.HierarchicalTestEngine.execute(HierarchicalTestEngine.java:54) ~[junit-platform-engine-1.10.3.jar:1.10.3]
	at org.junit.platform.launcher.core.EngineExecutionOrchestrator.execute(EngineExecutionOrchestrator.java:198) ~[junit-platform-launcher-1.10.3.jar:1.10.3]
	at org.junit.platform.launcher.core.EngineExecutionOrchestrator.execute(EngineExecutionOrchestrator.java:169) ~[junit-platform-launcher-1.10.3.jar:1.10.3]
	at org.junit.platform.launcher.core.EngineExecutionOrchestrator.execute(EngineExecutionOrchestrator.java:93) ~[junit-platform-launcher-1.10.3.jar:1.10.3]
	at org.junit.platform.launcher.core.EngineExecutionOrchestrator.lambda$execute$0(EngineExecutionOrchestrator.java:58) ~[junit-platform-launcher-1.10.3.jar:1.10.3]
	at org.junit.platform.launcher.core.EngineExecutionOrchestrator.withInterceptedStreams(EngineExecutionOrchestrator.java:141) ~[junit-platform-launcher-1.10.3.jar:1.10.3]
	at org.junit.platform.launcher.core.EngineExecutionOrchestrator.execute(EngineExecutionOrchestrator.java:57) ~[junit-platform-launcher-1.10.3.jar:1.10.3]
	at org.junit.platform.launcher.core.DefaultLauncher.execute(DefaultLauncher.java:103) ~[junit-platform-launcher-1.10.3.jar:1.10.3]
	at org.junit.platform.launcher.core.DefaultLauncher.execute(DefaultLauncher.java:85) ~[junit-platform-launcher-1.10.3.jar:1.10.3]
	at org.junit.platform.launcher.core.DelegatingLauncher.execute(DelegatingLauncher.java:47) ~[junit-platform-launcher-1.10.3.jar:1.10.3]
	at org.apache.maven.surefire.junitplatform.LazyLauncher.execute(LazyLauncher.java:56) ~[surefire-junit-platform-3.2.5.jar:3.2.5]
	at org.apache.maven.surefire.junitplatform.JUnitPlatformProvider.execute(JUnitPlatformProvider.java:184) ~[surefire-junit-platform-3.2.5.jar:3.2.5]
	at org.apache.maven.surefire.junitplatform.JUnitPlatformProvider.invokeAllTests(JUnitPlatformProvider.java:148) ~[surefire-junit-platform-3.2.5.jar:3.2.5]
	at org.apache.maven.surefire.junitplatform.JUnitPlatformProvider.invoke(JUnitPlatformProvider.java:122) ~[surefire-junit-platform-3.2.5.jar:3.2.5]
	at org.apache.maven.surefire.booter.ForkedBooter.runSuitesInProcess(ForkedBooter.java:385) ~[surefire-booter-3.2.5.jar:3.2.5]
	at org.apache.maven.surefire.booter.ForkedBooter.execute(ForkedBooter.java:162) ~[surefire-booter-3.2.5.jar:3.2.5]
	at org.apache.maven.surefire.booter.ForkedBooter.run(ForkedBooter.java:507) ~[surefire-booter-3.2.5.jar:3.2.5]
	at org.apache.maven.surefire.booter.ForkedBooter.main(ForkedBooter.java:495) ~[surefire-booter-3.2.5.jar:3.2.5]

[ERROR] Tests run: 7, Failures: 0, Errors: 7, Skipped: 0, Time elapsed: 2.162 s <<< FAILURE! -- in se.inera.nll.nlllight.api.repository.RepositoryTest
[ERROR] se.inera.nll.nlllight.api.repository.RepositoryTest.shouldReturnEmptyWhenNoMatch -- Time elapsed: 0 s <<< ERROR!
java.lang.IllegalStateException: Failed to load ApplicationContext for [MergedContextConfiguration@234bfc8c testClass = se.inera.nll.nlllight.api.repository.RepositoryTest, locations = [], classes = [se.inera.nll.nlllight.api.NllLightApiApplication], contextInitializerClasses = [], activeProfiles = ["test"], propertySourceDescriptors = [], propertySourceProperties = ["org.springframework.boot.test.autoconfigure.orm.jpa.DataJpaTestContextBootstrapper=true"], contextCustomizers = [[ImportsContextCustomizer@5008559a key = [org.springframework.boot.autoconfigure.transaction.TransactionAutoConfiguration, org.springframework.boot.autoconfigure.data.jpa.JpaRepositoriesAutoConfiguration, org.springframework.boot.test.autoconfigure.orm.jpa.TestEntityManagerAutoConfiguration, org.springframework.boot.autoconfigure.cache.CacheAutoConfiguration, org.springframework.boot.autoconfigure.orm.jpa.HibernateJpaAutoConfiguration, org.springframework.boot.autoconfigure.sql.init.SqlInitializationAutoConfiguration, org.springframework.boot.test.autoconfigure.jdbc.TestDatabaseAutoConfiguration, org.springframework.boot.autoconfigure.flyway.FlywayAutoConfiguration, org.springframework.boot.autoconfigure.jdbc.DataSourceTransactionManagerAutoConfiguration, org.springframework.boot.autoconfigure.liquibase.LiquibaseAutoConfiguration, org.springframework.boot.autoconfigure.jdbc.JdbcClientAutoConfiguration, org.springframework.boot.autoconfigure.jdbc.DataSourceAutoConfiguration, org.springframework.boot.autoconfigure.jdbc.JdbcTemplateAutoConfiguration]], org.springframework.boot.test.context.filter.ExcludeFilterContextCustomizer@1f75a668, org.springframework.boot.test.json.DuplicateJsonObjectContextCustomizerFactory$DuplicateJsonObjectContextCustomizer@2812b107, org.springframework.boot.test.mock.mockito.MockitoContextCustomizer@0, org.springframework.boot.test.web.reactor.netty.DisableReactorResourceFactoryGlobalResourcesContextCustomizerFactory$DisableReactorResourceFactoryGlobalResourcesContextCustomizerCustomizer@4416d64f, org.springframework.boot.test.autoconfigure.OverrideAutoConfigurationContextCustomizerFactory$DisableAutoConfigurationContextCustomizer@73d7d676, org.springframework.boot.test.autoconfigure.actuate.observability.ObservabilityContextCustomizerFactory$DisableObservabilityContextCustomizer@1f, org.springframework.boot.test.autoconfigure.filter.TypeExcludeFiltersContextCustomizer@34be3d80, org.springframework.boot.test.autoconfigure.properties.PropertyMappingContextCustomizer@f866b79d, org.springframework.boot.test.autoconfigure.web.servlet.WebDriverContextCustomizer@3b8f0a79, org.springframework.boot.test.context.SpringBootTestAnnotation@f6fa0202], contextLoader = org.springframework.boot.test.context.SpringBootContextLoader, parent = null]
	at org.springframework.test.context.cache.DefaultCacheAwareContextLoaderDelegate.loadContext(DefaultCacheAwareContextLoaderDelegate.java:180)
	at org.springframework.test.context.support.DefaultTestContext.getApplicationContext(DefaultTestContext.java:130)
	at org.springframework.test.context.support.DependencyInjectionTestExecutionListener.injectDependencies(DependencyInjectionTestExecutionListener.java:142)
	at org.springframework.test.context.support.DependencyInjectionTestExecutionListener.prepareTestInstance(DependencyInjectionTestExecutionListener.java:98)
	at org.springframework.test.context.TestContextManager.prepareTestInstance(TestContextManager.java:260)
	at org.springframework.test.context.junit.jupiter.SpringExtension.postProcessTestInstance(SpringExtension.java:163)
	at java.base/java.util.stream.ReferencePipeline$3$1.accept(ReferencePipeline.java:197)
	at java.base/java.util.stream.ReferencePipeline$2$1.accept(ReferencePipeline.java:179)
	at java.base/java.util.ArrayList$ArrayListSpliterator.forEachRemaining(ArrayList.java:1708)
	at java.base/java.util.stream.AbstractPipeline.copyInto(AbstractPipeline.java:509)
	at java.base/java.util.stream.AbstractPipeline.wrapAndCopyInto(AbstractPipeline.java:499)
	at java.base/java.util.stream.StreamSpliterators$WrappingSpliterator.forEachRemaining(StreamSpliterators.java:310)
	at java.base/java.util.stream.Streams$ConcatSpliterator.forEachRemaining(Streams.java:735)
	at java.base/java.util.stream.Streams$ConcatSpliterator.forEachRemaining(Streams.java:734)
	at java.base/java.util.stream.ReferencePipeline$Head.forEach(ReferencePipeline.java:762)
	at java.base/java.util.Optional.orElseGet(Optional.java:364)
	at java.base/java.util.ArrayList.forEach(ArrayList.java:1596)
	at java.base/java.util.ArrayList.forEach(ArrayList.java:1596)
Caused by: org.springframework.beans.factory.BeanCreationException: Error creating bean with name 'entityManagerFactory' defined in class path resource [org/springframework/boot/autoconfigure/orm/jpa/HibernateJpaConfiguration.class]: Failed to initialize dependency 'flyway' of LoadTimeWeaverAware bean 'entityManagerFactory': Error creating bean with name 'flyway' defined in class path resource [org/springframework/boot/autoconfigure/flyway/FlywayAutoConfiguration$FlywayConfiguration.class]: Circular depends-on relationship between 'flyway' and 'entityManagerFactory'
	at org.springframework.beans.factory.support.AbstractBeanFactory.doGetBean(AbstractBeanFactory.java:326)
	at org.springframework.beans.factory.support.AbstractBeanFactory.getBean(AbstractBeanFactory.java:205)
	at org.springframework.context.support.AbstractApplicationContext.finishBeanFactoryInitialization(AbstractApplicationContext.java:954)
	at org.springframework.context.support.AbstractApplicationContext.refresh(AbstractApplicationContext.java:625)
	at org.springframework.boot.SpringApplication.refresh(SpringApplication.java:754)
	at org.springframework.boot.SpringApplication.refreshContext(SpringApplication.java:456)
	at org.springframework.boot.SpringApplication.run(SpringApplication.java:335)
	at org.springframework.boot.test.context.SpringBootContextLoader.lambda$loadContext$3(SpringBootContextLoader.java:137)
	at org.springframework.util.function.ThrowingSupplier.get(ThrowingSupplier.java:58)
	at org.springframework.util.function.ThrowingSupplier.get(ThrowingSupplier.java:46)
	at org.springframework.boot.SpringApplication.withHook(SpringApplication.java:1463)
	at org.springframework.boot.test.context.SpringBootContextLoader$ContextLoaderHook.run(SpringBootContextLoader.java:553)
	at org.springframework.boot.test.context.SpringBootContextLoader.loadContext(SpringBootContextLoader.java:137)
	at org.springframework.boot.test.context.SpringBootContextLoader.loadContext(SpringBootContextLoader.java:108)
	at org.springframework.test.context.cache.DefaultCacheAwareContextLoaderDelegate.loadContextInternal(DefaultCacheAwareContextLoaderDelegate.java:225)
	at org.springframework.test.context.cache.DefaultCacheAwareContextLoaderDelegate.loadContext(DefaultCacheAwareContextLoaderDelegate.java:152)
	... 17 more
Caused by: org.springframework.beans.factory.BeanCreationException: Error creating bean with name 'flyway' defined in class path resource [org/springframework/boot/autoconfigure/flyway/FlywayAutoConfiguration$FlywayConfiguration.class]: Circular depends-on relationship between 'flyway' and 'entityManagerFactory'
	at org.springframework.beans.factory.support.AbstractBeanFactory.doGetBean(AbstractBeanFactory.java:308)
	at org.springframework.beans.factory.support.AbstractBeanFactory.getBean(AbstractBeanFactory.java:200)
	at org.springframework.beans.factory.support.AbstractBeanFactory.doGetBean(AbstractBeanFactory.java:313)
	... 32 more

[ERROR] se.inera.nll.nlllight.api.repository.RepositoryTest.shouldFindActivePrescriptionsByPatient -- Time elapsed: 0 s <<< ERROR!
java.lang.IllegalStateException: ApplicationContext failure threshold (1) exceeded: skipping repeated attempt to load context for [MergedContextConfiguration@234bfc8c testClass = se.inera.nll.nlllight.api.repository.RepositoryTest, locations = [], classes = [se.inera.nll.nlllight.api.NllLightApiApplication], contextInitializerClasses = [], activeProfiles = ["test"], propertySourceDescriptors = [], propertySourceProperties = ["org.springframework.boot.test.autoconfigure.orm.jpa.DataJpaTestContextBootstrapper=true"], contextCustomizers = [[ImportsContextCustomizer@5008559a key = [org.springframework.boot.autoconfigure.transaction.TransactionAutoConfiguration, org.springframework.boot.autoconfigure.data.jpa.JpaRepositoriesAutoConfiguration, org.springframework.boot.test.autoconfigure.orm.jpa.TestEntityManagerAutoConfiguration, org.springframework.boot.autoconfigure.cache.CacheAutoConfiguration, org.springframework.boot.autoconfigure.orm.jpa.HibernateJpaAutoConfiguration, org.springframework.boot.autoconfigure.sql.init.SqlInitializationAutoConfiguration, org.springframework.boot.test.autoconfigure.jdbc.TestDatabaseAutoConfiguration, org.springframework.boot.autoconfigure.flyway.FlywayAutoConfiguration, org.springframework.boot.autoconfigure.jdbc.DataSourceTransactionManagerAutoConfiguration, org.springframework.boot.autoconfigure.liquibase.LiquibaseAutoConfiguration, org.springframework.boot.autoconfigure.jdbc.JdbcClientAutoConfiguration, org.springframework.boot.autoconfigure.jdbc.DataSourceAutoConfiguration, org.springframework.boot.autoconfigure.jdbc.JdbcTemplateAutoConfiguration]], org.springframework.boot.test.context.filter.ExcludeFilterContextCustomizer@1f75a668, org.springframework.boot.test.json.DuplicateJsonObjectContextCustomizerFactory$DuplicateJsonObjectContextCustomizer@2812b107, org.springframework.boot.test.mock.mockito.MockitoContextCustomizer@0, org.springframework.boot.test.web.reactor.netty.DisableReactorResourceFactoryGlobalResourcesContextCustomizerFactory$DisableReactorResourceFactoryGlobalResourcesContextCustomizerCustomizer@4416d64f, org.springframework.boot.test.autoconfigure.OverrideAutoConfigurationContextCustomizerFactory$DisableAutoConfigurationContextCustomizer@73d7d676, org.springframework.boot.test.autoconfigure.actuate.observability.ObservabilityContextCustomizerFactory$DisableObservabilityContextCustomizer@1f, org.springframework.boot.test.autoconfigure.filter.TypeExcludeFiltersContextCustomizer@34be3d80, org.springframework.boot.test.autoconfigure.properties.PropertyMappingContextCustomizer@f866b79d, org.springframework.boot.test.autoconfigure.web.servlet.WebDriverContextCustomizer@3b8f0a79, org.springframework.boot.test.context.SpringBootTestAnnotation@f6fa0202], contextLoader = org.springframework.boot.test.context.SpringBootContextLoader, parent = null]
	at org.springframework.test.context.cache.DefaultCacheAwareContextLoaderDelegate.loadContext(DefaultCacheAwareContextLoaderDelegate.java:145)
	at org.springframework.test.context.support.DefaultTestContext.getApplicationContext(DefaultTestContext.java:130)
	at org.springframework.test.context.support.DependencyInjectionTestExecutionListener.injectDependencies(DependencyInjectionTestExecutionListener.java:142)
	at org.springframework.test.context.support.DependencyInjectionTestExecutionListener.prepareTestInstance(DependencyInjectionTestExecutionListener.java:98)
	at org.springframework.test.context.TestContextManager.prepareTestInstance(TestContextManager.java:260)
	at org.springframework.test.context.junit.jupiter.SpringExtension.postProcessTestInstance(SpringExtension.java:163)
	at java.base/java.util.stream.ReferencePipeline$3$1.accept(ReferencePipeline.java:197)
	at java.base/java.util.stream.ReferencePipeline$2$1.accept(ReferencePipeline.java:179)
	at java.base/java.util.ArrayList$ArrayListSpliterator.forEachRemaining(ArrayList.java:1708)
	at java.base/java.util.stream.AbstractPipeline.copyInto(AbstractPipeline.java:509)
	at java.base/java.util.stream.AbstractPipeline.wrapAndCopyInto(AbstractPipeline.java:499)
	at java.base/java.util.stream.StreamSpliterators$WrappingSpliterator.forEachRemaining(StreamSpliterators.java:310)
	at java.base/java.util.stream.Streams$ConcatSpliterator.forEachRemaining(Streams.java:735)
	at java.base/java.util.stream.Streams$ConcatSpliterator.forEachRemaining(Streams.java:734)
	at java.base/java.util.stream.ReferencePipeline$Head.forEach(ReferencePipeline.java:762)
	at java.base/java.util.Optional.orElseGet(Optional.java:364)
	at java.base/java.util.ArrayList.forEach(ArrayList.java:1596)
	at java.base/java.util.ArrayList.forEach(ArrayList.java:1596)

[ERROR] se.inera.nll.nlllight.api.repository.RepositoryTest.shouldFindPrescriptionsByPatientIdAndStatus -- Time elapsed: 0.001 s <<< ERROR!
java.lang.IllegalStateException: ApplicationContext failure threshold (1) exceeded: skipping repeated attempt to load context for [MergedContextConfiguration@234bfc8c testClass = se.inera.nll.nlllight.api.repository.RepositoryTest, locations = [], classes = [se.inera.nll.nlllight.api.NllLightApiApplication], contextInitializerClasses = [], activeProfiles = ["test"], propertySourceDescriptors = [], propertySourceProperties = ["org.springframework.boot.test.autoconfigure.orm.jpa.DataJpaTestContextBootstrapper=true"], contextCustomizers = [[ImportsContextCustomizer@5008559a key = [org.springframework.boot.autoconfigure.transaction.TransactionAutoConfiguration, org.springframework.boot.autoconfigure.data.jpa.JpaRepositoriesAutoConfiguration, org.springframework.boot.test.autoconfigure.orm.jpa.TestEntityManagerAutoConfiguration, org.springframework.boot.autoconfigure.cache.CacheAutoConfiguration, org.springframework.boot.autoconfigure.orm.jpa.HibernateJpaAutoConfiguration, org.springframework.boot.autoconfigure.sql.init.SqlInitializationAutoConfiguration, org.springframework.boot.test.autoconfigure.jdbc.TestDatabaseAutoConfiguration, org.springframework.boot.autoconfigure.flyway.FlywayAutoConfiguration, org.springframework.boot.autoconfigure.jdbc.DataSourceTransactionManagerAutoConfiguration, org.springframework.boot.autoconfigure.liquibase.LiquibaseAutoConfiguration, org.springframework.boot.autoconfigure.jdbc.JdbcClientAutoConfiguration, org.springframework.boot.autoconfigure.jdbc.DataSourceAutoConfiguration, org.springframework.boot.autoconfigure.jdbc.JdbcTemplateAutoConfiguration]], org.springframework.boot.test.context.filter.ExcludeFilterContextCustomizer@1f75a668, org.springframework.boot.test.json.DuplicateJsonObjectContextCustomizerFactory$DuplicateJsonObjectContextCustomizer@2812b107, org.springframework.boot.test.mock.mockito.MockitoContextCustomizer@0, org.springframework.boot.test.web.reactor.netty.DisableReactorResourceFactoryGlobalResourcesContextCustomizerFactory$DisableReactorResourceFactoryGlobalResourcesContextCustomizerCustomizer@4416d64f, org.springframework.boot.test.autoconfigure.OverrideAutoConfigurationContextCustomizerFactory$DisableAutoConfigurationContextCustomizer@73d7d676, org.springframework.boot.test.autoconfigure.actuate.observability.ObservabilityContextCustomizerFactory$DisableObservabilityContextCustomizer@1f, org.springframework.boot.test.autoconfigure.filter.TypeExcludeFiltersContextCustomizer@34be3d80, org.springframework.boot.test.autoconfigure.properties.PropertyMappingContextCustomizer@f866b79d, org.springframework.boot.test.autoconfigure.web.servlet.WebDriverContextCustomizer@3b8f0a79, org.springframework.boot.test.context.SpringBootTestAnnotation@f6fa0202], contextLoader = org.springframework.boot.test.context.SpringBootContextLoader, parent = null]
	at org.springframework.test.context.cache.DefaultCacheAwareContextLoaderDelegate.loadContext(DefaultCacheAwareContextLoaderDelegate.java:145)
	at org.springframework.test.context.support.DefaultTestContext.getApplicationContext(DefaultTestContext.java:130)
	at org.springframework.test.context.support.DependencyInjectionTestExecutionListener.injectDependencies(DependencyInjectionTestExecutionListener.java:142)
	at org.springframework.test.context.support.DependencyInjectionTestExecutionListener.prepareTestInstance(DependencyInjectionTestExecutionListener.java:98)
	at org.springframework.test.context.TestContextManager.prepareTestInstance(TestContextManager.java:260)
	at org.springframework.test.context.junit.jupiter.SpringExtension.postProcessTestInstance(SpringExtension.java:163)
	at java.base/java.util.stream.ReferencePipeline$3$1.accept(ReferencePipeline.java:197)
	at java.base/java.util.stream.ReferencePipeline$2$1.accept(ReferencePipeline.java:179)
	at java.base/java.util.ArrayList$ArrayListSpliterator.forEachRemaining(ArrayList.java:1708)
	at java.base/java.util.stream.AbstractPipeline.copyInto(AbstractPipeline.java:509)
	at java.base/java.util.stream.AbstractPipeline.wrapAndCopyInto(AbstractPipeline.java:499)
	at java.base/java.util.stream.StreamSpliterators$WrappingSpliterator.forEachRemaining(StreamSpliterators.java:310)
	at java.base/java.util.stream.Streams$ConcatSpliterator.forEachRemaining(Streams.java:735)
	at java.base/java.util.stream.Streams$ConcatSpliterator.forEachRemaining(Streams.java:734)
	at java.base/java.util.stream.ReferencePipeline$Head.forEach(ReferencePipeline.java:762)
	at java.base/java.util.Optional.orElseGet(Optional.java:364)
	at java.base/java.util.ArrayList.forEach(ArrayList.java:1596)
	at java.base/java.util.ArrayList.forEach(ArrayList.java:1596)

[ERROR] se.inera.nll.nlllight.api.repository.RepositoryTest.shouldFindPrescriptionsByPatientId -- Time elapsed: 0 s <<< ERROR!
java.lang.IllegalStateException: ApplicationContext failure threshold (1) exceeded: skipping repeated attempt to load context for [MergedContextConfiguration@234bfc8c testClass = se.inera.nll.nlllight.api.repository.RepositoryTest, locations = [], classes = [se.inera.nll.nlllight.api.NllLightApiApplication], contextInitializerClasses = [], activeProfiles = ["test"], propertySourceDescriptors = [], propertySourceProperties = ["org.springframework.boot.test.autoconfigure.orm.jpa.DataJpaTestContextBootstrapper=true"], contextCustomizers = [[ImportsContextCustomizer@5008559a key = [org.springframework.boot.autoconfigure.transaction.TransactionAutoConfiguration, org.springframework.boot.autoconfigure.data.jpa.JpaRepositoriesAutoConfiguration, org.springframework.boot.test.autoconfigure.orm.jpa.TestEntityManagerAutoConfiguration, org.springframework.boot.autoconfigure.cache.CacheAutoConfiguration, org.springframework.boot.autoconfigure.orm.jpa.HibernateJpaAutoConfiguration, org.springframework.boot.autoconfigure.sql.init.SqlInitializationAutoConfiguration, org.springframework.boot.test.autoconfigure.jdbc.TestDatabaseAutoConfiguration, org.springframework.boot.autoconfigure.flyway.FlywayAutoConfiguration, org.springframework.boot.autoconfigure.jdbc.DataSourceTransactionManagerAutoConfiguration, org.springframework.boot.autoconfigure.liquibase.LiquibaseAutoConfiguration, org.springframework.boot.autoconfigure.jdbc.JdbcClientAutoConfiguration, org.springframework.boot.autoconfigure.jdbc.DataSourceAutoConfiguration, org.springframework.boot.autoconfigure.jdbc.JdbcTemplateAutoConfiguration]], org.springframework.boot.test.context.filter.ExcludeFilterContextCustomizer@1f75a668, org.springframework.boot.test.json.DuplicateJsonObjectContextCustomizerFactory$DuplicateJsonObjectContextCustomizer@2812b107, org.springframework.boot.test.mock.mockito.MockitoContextCustomizer@0, org.springframework.boot.test.web.reactor.netty.DisableReactorResourceFactoryGlobalResourcesContextCustomizerFactory$DisableReactorResourceFactoryGlobalResourcesContextCustomizerCustomizer@4416d64f, org.springframework.boot.test.autoconfigure.OverrideAutoConfigurationContextCustomizerFactory$DisableAutoConfigurationContextCustomizer@73d7d676, org.springframework.boot.test.autoconfigure.actuate.observability.ObservabilityContextCustomizerFactory$DisableObservabilityContextCustomizer@1f, org.springframework.boot.test.autoconfigure.filter.TypeExcludeFiltersContextCustomizer@34be3d80, org.springframework.boot.test.autoconfigure.properties.PropertyMappingContextCustomizer@f866b79d, org.springframework.boot.test.autoconfigure.web.servlet.WebDriverContextCustomizer@3b8f0a79, org.springframework.boot.test.context.SpringBootTestAnnotation@f6fa0202], contextLoader = org.springframework.boot.test.context.SpringBootContextLoader, parent = null]
	at org.springframework.test.context.cache.DefaultCacheAwareContextLoaderDelegate.loadContext(DefaultCacheAwareContextLoaderDelegate.java:145)
	at org.springframework.test.context.support.DefaultTestContext.getApplicationContext(DefaultTestContext.java:130)
	at org.springframework.test.context.support.DependencyInjectionTestExecutionListener.injectDependencies(DependencyInjectionTestExecutionListener.java:142)
	at org.springframework.test.context.support.DependencyInjectionTestExecutionListener.prepareTestInstance(DependencyInjectionTestExecutionListener.java:98)
	at org.springframework.test.context.TestContextManager.prepareTestInstance(TestContextManager.java:260)
	at org.springframework.test.context.junit.jupiter.SpringExtension.postProcessTestInstance(SpringExtension.java:163)
	at java.base/java.util.stream.ReferencePipeline$3$1.accept(ReferencePipeline.java:197)
	at java.base/java.util.stream.ReferencePipeline$2$1.accept(ReferencePipeline.java:179)
	at java.base/java.util.ArrayList$ArrayListSpliterator.forEachRemaining(ArrayList.java:1708)
	at java.base/java.util.stream.AbstractPipeline.copyInto(AbstractPipeline.java:509)
	at java.base/java.util.stream.AbstractPipeline.wrapAndCopyInto(AbstractPipeline.java:499)
	at java.base/java.util.stream.StreamSpliterators$WrappingSpliterator.forEachRemaining(StreamSpliterators.java:310)
	at java.base/java.util.stream.Streams$ConcatSpliterator.forEachRemaining(Streams.java:735)
	at java.base/java.util.stream.Streams$ConcatSpliterator.forEachRemaining(Streams.java:734)
	at java.base/java.util.stream.ReferencePipeline$Head.forEach(ReferencePipeline.java:762)
	at java.base/java.util.Optional.orElseGet(Optional.java:364)
	at java.base/java.util.ArrayList.forEach(ArrayList.java:1596)
	at java.base/java.util.ArrayList.forEach(ArrayList.java:1596)

[ERROR] se.inera.nll.nlllight.api.repository.RepositoryTest.shouldFindRefillEligiblePrescriptions -- Time elapsed: 0.001 s <<< ERROR!
java.lang.IllegalStateException: ApplicationContext failure threshold (1) exceeded: skipping repeated attempt to load context for [MergedContextConfiguration@234bfc8c testClass = se.inera.nll.nlllight.api.repository.RepositoryTest, locations = [], classes = [se.inera.nll.nlllight.api.NllLightApiApplication], contextInitializerClasses = [], activeProfiles = ["test"], propertySourceDescriptors = [], propertySourceProperties = ["org.springframework.boot.test.autoconfigure.orm.jpa.DataJpaTestContextBootstrapper=true"], contextCustomizers = [[ImportsContextCustomizer@5008559a key = [org.springframework.boot.autoconfigure.transaction.TransactionAutoConfiguration, org.springframework.boot.autoconfigure.data.jpa.JpaRepositoriesAutoConfiguration, org.springframework.boot.test.autoconfigure.orm.jpa.TestEntityManagerAutoConfiguration, org.springframework.boot.autoconfigure.cache.CacheAutoConfiguration, org.springframework.boot.autoconfigure.orm.jpa.HibernateJpaAutoConfiguration, org.springframework.boot.autoconfigure.sql.init.SqlInitializationAutoConfiguration, org.springframework.boot.test.autoconfigure.jdbc.TestDatabaseAutoConfiguration, org.springframework.boot.autoconfigure.flyway.FlywayAutoConfiguration, org.springframework.boot.autoconfigure.jdbc.DataSourceTransactionManagerAutoConfiguration, org.springframework.boot.autoconfigure.liquibase.LiquibaseAutoConfiguration, org.springframework.boot.autoconfigure.jdbc.JdbcClientAutoConfiguration, org.springframework.boot.autoconfigure.jdbc.DataSourceAutoConfiguration, org.springframework.boot.autoconfigure.jdbc.JdbcTemplateAutoConfiguration]], org.springframework.boot.test.context.filter.ExcludeFilterContextCustomizer@1f75a668, org.springframework.boot.test.json.DuplicateJsonObjectContextCustomizerFactory$DuplicateJsonObjectContextCustomizer@2812b107, org.springframework.boot.test.mock.mockito.MockitoContextCustomizer@0, org.springframework.boot.test.web.reactor.netty.DisableReactorResourceFactoryGlobalResourcesContextCustomizerFactory$DisableReactorResourceFactoryGlobalResourcesContextCustomizerCustomizer@4416d64f, org.springframework.boot.test.autoconfigure.OverrideAutoConfigurationContextCustomizerFactory$DisableAutoConfigurationContextCustomizer@73d7d676, org.springframework.boot.test.autoconfigure.actuate.observability.ObservabilityContextCustomizerFactory$DisableObservabilityContextCustomizer@1f, org.springframework.boot.test.autoconfigure.filter.TypeExcludeFiltersContextCustomizer@34be3d80, org.springframework.boot.test.autoconfigure.properties.PropertyMappingContextCustomizer@f866b79d, org.springframework.boot.test.autoconfigure.web.servlet.WebDriverContextCustomizer@3b8f0a79, org.springframework.boot.test.context.SpringBootTestAnnotation@f6fa0202], contextLoader = org.springframework.boot.test.context.SpringBootContextLoader, parent = null]
	at org.springframework.test.context.cache.DefaultCacheAwareContextLoaderDelegate.loadContext(DefaultCacheAwareContextLoaderDelegate.java:145)
	at org.springframework.test.context.support.DefaultTestContext.getApplicationContext(DefaultTestContext.java:130)
	at org.springframework.test.context.support.DependencyInjectionTestExecutionListener.injectDependencies(DependencyInjectionTestExecutionListener.java:142)
	at org.springframework.test.context.support.DependencyInjectionTestExecutionListener.prepareTestInstance(DependencyInjectionTestExecutionListener.java:98)
	at org.springframework.test.context.TestContextManager.prepareTestInstance(TestContextManager.java:260)
	at org.springframework.test.context.junit.jupiter.SpringExtension.postProcessTestInstance(SpringExtension.java:163)
	at java.base/java.util.stream.ReferencePipeline$3$1.accept(ReferencePipeline.java:197)
	at java.base/java.util.stream.ReferencePipeline$2$1.accept(ReferencePipeline.java:179)
	at java.base/java.util.ArrayList$ArrayListSpliterator.forEachRemaining(ArrayList.java:1708)
	at java.base/java.util.stream.AbstractPipeline.copyInto(AbstractPipeline.java:509)
	at java.base/java.util.stream.AbstractPipeline.wrapAndCopyInto(AbstractPipeline.java:499)
	at java.base/java.util.stream.StreamSpliterators$WrappingSpliterator.forEachRemaining(StreamSpliterators.java:310)
	at java.base/java.util.stream.Streams$ConcatSpliterator.forEachRemaining(Streams.java:735)
	at java.base/java.util.stream.Streams$ConcatSpliterator.forEachRemaining(Streams.java:734)
	at java.base/java.util.stream.ReferencePipeline$Head.forEach(ReferencePipeline.java:762)
	at java.base/java.util.Optional.orElseGet(Optional.java:364)
	at java.base/java.util.ArrayList.forEach(ArrayList.java:1596)
	at java.base/java.util.ArrayList.forEach(ArrayList.java:1596)

[ERROR] se.inera.nll.nlllight.api.repository.RepositoryTest.shouldFindByPrescriberId -- Time elapsed: 0.001 s <<< ERROR!
java.lang.IllegalStateException: ApplicationContext failure threshold (1) exceeded: skipping repeated attempt to load context for [MergedContextConfiguration@234bfc8c testClass = se.inera.nll.nlllight.api.repository.RepositoryTest, locations = [], classes = [se.inera.nll.nlllight.api.NllLightApiApplication], contextInitializerClasses = [], activeProfiles = ["test"], propertySourceDescriptors = [], propertySourceProperties = ["org.springframework.boot.test.autoconfigure.orm.jpa.DataJpaTestContextBootstrapper=true"], contextCustomizers = [[ImportsContextCustomizer@5008559a key = [org.springframework.boot.autoconfigure.transaction.TransactionAutoConfiguration, org.springframework.boot.autoconfigure.data.jpa.JpaRepositoriesAutoConfiguration, org.springframework.boot.test.autoconfigure.orm.jpa.TestEntityManagerAutoConfiguration, org.springframework.boot.autoconfigure.cache.CacheAutoConfiguration, org.springframework.boot.autoconfigure.orm.jpa.HibernateJpaAutoConfiguration, org.springframework.boot.autoconfigure.sql.init.SqlInitializationAutoConfiguration, org.springframework.boot.test.autoconfigure.jdbc.TestDatabaseAutoConfiguration, org.springframework.boot.autoconfigure.flyway.FlywayAutoConfiguration, org.springframework.boot.autoconfigure.jdbc.DataSourceTransactionManagerAutoConfiguration, org.springframework.boot.autoconfigure.liquibase.LiquibaseAutoConfiguration, org.springframework.boot.autoconfigure.jdbc.JdbcClientAutoConfiguration, org.springframework.boot.autoconfigure.jdbc.DataSourceAutoConfiguration, org.springframework.boot.autoconfigure.jdbc.JdbcTemplateAutoConfiguration]], org.springframework.boot.test.context.filter.ExcludeFilterContextCustomizer@1f75a668, org.springframework.boot.test.json.DuplicateJsonObjectContextCustomizerFactory$DuplicateJsonObjectContextCustomizer@2812b107, org.springframework.boot.test.mock.mockito.MockitoContextCustomizer@0, org.springframework.boot.test.web.reactor.netty.DisableReactorResourceFactoryGlobalResourcesContextCustomizerFactory$DisableReactorResourceFactoryGlobalResourcesContextCustomizerCustomizer@4416d64f, org.springframework.boot.test.autoconfigure.OverrideAutoConfigurationContextCustomizerFactory$DisableAutoConfigurationContextCustomizer@73d7d676, org.springframework.boot.test.autoconfigure.actuate.observability.ObservabilityContextCustomizerFactory$DisableObservabilityContextCustomizer@1f, org.springframework.boot.test.autoconfigure.filter.TypeExcludeFiltersContextCustomizer@34be3d80, org.springframework.boot.test.autoconfigure.properties.PropertyMappingContextCustomizer@f866b79d, org.springframework.boot.test.autoconfigure.web.servlet.WebDriverContextCustomizer@3b8f0a79, org.springframework.boot.test.context.SpringBootTestAnnotation@f6fa0202], contextLoader = org.springframework.boot.test.context.SpringBootContextLoader, parent = null]
	at org.springframework.test.context.cache.DefaultCacheAwareContextLoaderDelegate.loadContext(DefaultCacheAwareContextLoaderDelegate.java:145)
	at org.springframework.test.context.support.DefaultTestContext.getApplicationContext(DefaultTestContext.java:130)
	at org.springframework.test.context.support.DependencyInjectionTestExecutionListener.injectDependencies(DependencyInjectionTestExecutionListener.java:142)
	at org.springframework.test.context.support.DependencyInjectionTestExecutionListener.prepareTestInstance(DependencyInjectionTestExecutionListener.java:98)
	at org.springframework.test.context.TestContextManager.prepareTestInstance(TestContextManager.java:260)
	at org.springframework.test.context.junit.jupiter.SpringExtension.postProcessTestInstance(SpringExtension.java:163)
	at java.base/java.util.stream.ReferencePipeline$3$1.accept(ReferencePipeline.java:197)
	at java.base/java.util.stream.ReferencePipeline$2$1.accept(ReferencePipeline.java:179)
	at java.base/java.util.ArrayList$ArrayListSpliterator.forEachRemaining(ArrayList.java:1708)
	at java.base/java.util.stream.AbstractPipeline.copyInto(AbstractPipeline.java:509)
	at java.base/java.util.stream.AbstractPipeline.wrapAndCopyInto(AbstractPipeline.java:499)
	at java.base/java.util.stream.StreamSpliterators$WrappingSpliterator.forEachRemaining(StreamSpliterators.java:310)
	at java.base/java.util.stream.Streams$ConcatSpliterator.forEachRemaining(Streams.java:735)
	at java.base/java.util.stream.Streams$ConcatSpliterator.forEachRemaining(Streams.java:734)
	at java.base/java.util.stream.ReferencePipeline$Head.forEach(ReferencePipeline.java:762)
	at java.base/java.util.Optional.orElseGet(Optional.java:364)
	at java.base/java.util.ArrayList.forEach(ArrayList.java:1596)
	at java.base/java.util.ArrayList.forEach(ArrayList.java:1596)

[ERROR] se.inera.nll.nlllight.api.repository.RepositoryTest.shouldFindByPrescriptionNumber -- Time elapsed: 0.001 s <<< ERROR!
java.lang.IllegalStateException: ApplicationContext failure threshold (1) exceeded: skipping repeated attempt to load context for [MergedContextConfiguration@234bfc8c testClass = se.inera.nll.nlllight.api.repository.RepositoryTest, locations = [], classes = [se.inera.nll.nlllight.api.NllLightApiApplication], contextInitializerClasses = [], activeProfiles = ["test"], propertySourceDescriptors = [], propertySourceProperties = ["org.springframework.boot.test.autoconfigure.orm.jpa.DataJpaTestContextBootstrapper=true"], contextCustomizers = [[ImportsContextCustomizer@5008559a key = [org.springframework.boot.autoconfigure.transaction.TransactionAutoConfiguration, org.springframework.boot.autoconfigure.data.jpa.JpaRepositoriesAutoConfiguration, org.springframework.boot.test.autoconfigure.orm.jpa.TestEntityManagerAutoConfiguration, org.springframework.boot.autoconfigure.cache.CacheAutoConfiguration, org.springframework.boot.autoconfigure.orm.jpa.HibernateJpaAutoConfiguration, org.springframework.boot.autoconfigure.sql.init.SqlInitializationAutoConfiguration, org.springframework.boot.test.autoconfigure.jdbc.TestDatabaseAutoConfiguration, org.springframework.boot.autoconfigure.flyway.FlywayAutoConfiguration, org.springframework.boot.autoconfigure.jdbc.DataSourceTransactionManagerAutoConfiguration, org.springframework.boot.autoconfigure.liquibase.LiquibaseAutoConfiguration, org.springframework.boot.autoconfigure.jdbc.JdbcClientAutoConfiguration, org.springframework.boot.autoconfigure.jdbc.DataSourceAutoConfiguration, org.springframework.boot.autoconfigure.jdbc.JdbcTemplateAutoConfiguration]], org.springframework.boot.test.context.filter.ExcludeFilterContextCustomizer@1f75a668, org.springframework.boot.test.json.DuplicateJsonObjectContextCustomizerFactory$DuplicateJsonObjectContextCustomizer@2812b107, org.springframework.boot.test.mock.mockito.MockitoContextCustomizer@0, org.springframework.boot.test.web.reactor.netty.DisableReactorResourceFactoryGlobalResourcesContextCustomizerFactory$DisableReactorResourceFactoryGlobalResourcesContextCustomizerCustomizer@4416d64f, org.springframework.boot.test.autoconfigure.OverrideAutoConfigurationContextCustomizerFactory$DisableAutoConfigurationContextCustomizer@73d7d676, org.springframework.boot.test.autoconfigure.actuate.observability.ObservabilityContextCustomizerFactory$DisableObservabilityContextCustomizer@1f, org.springframework.boot.test.autoconfigure.filter.TypeExcludeFiltersContextCustomizer@34be3d80, org.springframework.boot.test.autoconfigure.properties.PropertyMappingContextCustomizer@f866b79d, org.springframework.boot.test.autoconfigure.web.servlet.WebDriverContextCustomizer@3b8f0a79, org.springframework.boot.test.context.SpringBootTestAnnotation@f6fa0202], contextLoader = org.springframework.boot.test.context.SpringBootContextLoader, parent = null]
	at org.springframework.test.context.cache.DefaultCacheAwareContextLoaderDelegate.loadContext(DefaultCacheAwareContextLoaderDelegate.java:145)
	at org.springframework.test.context.support.DefaultTestContext.getApplicationContext(DefaultTestContext.java:130)
	at org.springframework.test.context.support.DependencyInjectionTestExecutionListener.injectDependencies(DependencyInjectionTestExecutionListener.java:142)
	at org.springframework.test.context.support.DependencyInjectionTestExecutionListener.prepareTestInstance(DependencyInjectionTestExecutionListener.java:98)
	at org.springframework.test.context.TestContextManager.prepareTestInstance(TestContextManager.java:260)
	at org.springframework.test.context.junit.jupiter.SpringExtension.postProcessTestInstance(SpringExtension.java:163)
	at java.base/java.util.stream.ReferencePipeline$3$1.accept(ReferencePipeline.java:197)
	at java.base/java.util.stream.ReferencePipeline$2$1.accept(ReferencePipeline.java:179)
	at java.base/java.util.ArrayList$ArrayListSpliterator.forEachRemaining(ArrayList.java:1708)
	at java.base/java.util.stream.AbstractPipeline.copyInto(AbstractPipeline.java:509)
	at java.base/java.util.stream.AbstractPipeline.wrapAndCopyInto(AbstractPipeline.java:499)
	at java.base/java.util.stream.StreamSpliterators$WrappingSpliterator.forEachRemaining(StreamSpliterators.java:310)
	at java.base/java.util.stream.Streams$ConcatSpliterator.forEachRemaining(Streams.java:735)
	at java.base/java.util.stream.Streams$ConcatSpliterator.forEachRemaining(Streams.java:734)
	at java.base/java.util.stream.ReferencePipeline$Head.forEach(ReferencePipeline.java:762)
	at java.base/java.util.Optional.orElseGet(Optional.java:364)
	at java.base/java.util.ArrayList.forEach(ArrayList.java:1596)
	at java.base/java.util.ArrayList.forEach(ArrayList.java:1596)

[INFO] Running se.inera.nll.nlllight.api.service.PrescriptionServiceTest
OpenJDK 64-Bit Server VM warning: Sharing is only supported for boot loader classes because bootstrap classpath has been appended
WARNING: A Java agent has been loaded dynamically (/root/.m2/repository/net/bytebuddy/byte-buddy-agent/1.14.19/byte-buddy-agent-1.14.19.jar)
WARNING: If a serviceability tool is in use, please run with -XX:+EnableDynamicAgentLoading to hide this warning
WARNING: If a serviceability tool is not in use, please run with -Djdk.instrument.traceUsage for more information
WARNING: Dynamic loading of agents will be disallowed by default in a future release
2025-10-12T09:06:47.083Z  INFO 144 --- [nll-light-api-test] [           main] s.i.n.n.a.p.PrescriptionService          : Creating prescription for patient patient-001 by prescriber prescriber-001
2025-10-12T09:06:47.235Z  INFO 144 --- [nll-light-api-test] [           main] s.i.n.n.a.p.PrescriptionService          : Cancelling prescription 1 by prescriber prescriber-001
2025-10-12T09:06:47.239Z  INFO 144 --- [nll-light-api-test] [           main] s.i.n.n.a.p.PrescriptionService          : Cancelled prescription 1: Patient request
2025-10-12T09:06:47.304Z  INFO 144 --- [nll-light-api-test] [           main] s.i.n.n.a.p.PrescriptionService          : Updating prescription 1 by prescriber prescriber-001
2025-10-12T09:06:47.306Z  INFO 144 --- [nll-light-api-test] [           main] s.i.n.n.a.p.PrescriptionService          : Updated prescription 1: Dosage adjustment
2025-10-12T09:06:47.313Z  INFO 144 --- [nll-light-api-test] [           main] s.i.n.n.a.p.PrescriptionService          : Updating prescription 1 by prescriber prescriber-001
2025-10-12T09:06:47.328Z  INFO 144 --- [nll-light-api-test] [           main] s.i.n.n.a.p.PrescriptionService          : Creating prescription for patient patient-001 by prescriber prescriber-001
2025-10-12T09:06:47.336Z  INFO 144 --- [nll-light-api-test] [           main] s.i.n.n.a.p.PrescriptionService          : Creating prescription for patient patient-001 by prescriber prescriber-001
2025-10-12T09:06:47.349Z  INFO 144 --- [nll-light-api-test] [           main] s.i.n.n.a.p.PrescriptionService          : Creating prescription for patient patient-001 by prescriber prescriber-001
2025-10-12T09:06:47.350Z  INFO 144 --- [nll-light-api-test] [           main] s.i.n.n.a.p.PrescriptionService          : Created prescription RX-TEST-001 for patient patient-001
2025-10-12T09:06:47.374Z  INFO 144 --- [nll-light-api-test] [           main] s.i.n.n.a.p.PrescriptionService          : Cancelling prescription 1 by prescriber prescriber-001
2025-10-12T09:06:47.382Z  INFO 144 --- [nll-light-api-test] [           main] s.i.n.n.a.p.PrescriptionService          : Updating prescription 1 by prescriber prescriber-002
2025-10-12T09:06:47.390Z  INFO 144 --- [nll-light-api-test] [           main] s.i.n.n.a.p.PrescriptionService          : Cancelling prescription 1 by prescriber prescriber-002
2025-10-12T09:06:47.395Z  INFO 144 --- [nll-light-api-test] [           main] s.i.n.n.a.p.PrescriptionService          : Updating prescription 999 by prescriber prescriber-001
[INFO] Tests run: 18, Failures: 0, Errors: 0, Skipped: 0, Time elapsed: 4.197 s -- in se.inera.nll.nlllight.api.service.PrescriptionServiceTest
[INFO] 
[INFO] Results:
[INFO] 
[ERROR] Errors: 
[ERROR]   PatientControllerIntegrationTest.testGetAllMedications_Success ┬╗ IllegalState ApplicationContext failure threshold (1) exceeded: skipping repeated attempt to load context for [WebMergedContextConfiguration@f0a66bd testClass = se.inera.nll.nlllight.api.controller.PatientControllerIntegrationTest, locations = [], classes = [se.inera.nll.nlllight.api.NllLightApiApplication], contextInitializerClasses = [], activeProfiles = ["test"], propertySourceDescriptors = [], propertySourceProperties = ["org.springframework.boot.test.context.SpringBootTestContextBootstrapper=true"], contextCustomizers = [[ImportsContextCustomizer@460b50df key = [org.springframework.boot.test.autoconfigure.web.servlet.MockMvcWebDriverAutoConfiguration, org.springframework.boot.test.autoconfigure.web.servlet.MockMvcAutoConfiguration, org.springframework.boot.autoconfigure.security.oauth2.client.servlet.OAuth2ClientAutoConfiguration, se.inera.nll.nlllight.config.TestSecurityConfig, org.springframework.boot.autoconfigure.security.servlet.SecurityAutoConfiguration, org.springframework.boot.autoconfigure.security.servlet.SecurityFilterAutoConfiguration, org.springframework.boot.autoconfigure.security.servlet.UserDetailsServiceAutoConfiguration, org.springframework.boot.autoconfigure.security.oauth2.resource.servlet.OAuth2ResourceServerAutoConfiguration, org.springframework.boot.test.autoconfigure.web.servlet.MockMvcSecurityConfiguration, org.springframework.boot.test.autoconfigure.web.servlet.MockMvcWebClientAutoConfiguration, org.springframework.boot.test.autoconfigure.web.reactive.WebTestClientAutoConfiguration]], org.springframework.boot.test.context.filter.ExcludeFilterContextCustomizer@1f75a668, org.springframework.boot.test.json.DuplicateJsonObjectContextCustomizerFactory$DuplicateJsonObjectContextCustomizer@2812b107, org.springframework.boot.test.mock.mockito.MockitoContextCustomizer@0, org.springframework.boot.test.web.client.TestRestTemplateContextCustomizer@4eaf3684, org.springframework.boot.test.web.reactor.netty.DisableReactorResourceFactoryGlobalResourcesContextCustomizerFactory$DisableReactorResourceFactoryGlobalResourcesContextCustomizerCustomizer@4416d64f, org.springframework.boot.test.autoconfigure.actuate.observability.ObservabilityContextCustomizerFactory$DisableObservabilityContextCustomizer@1f, org.springframework.boot.test.autoconfigure.properties.PropertyMappingContextCustomizer@4b3fa0b3, org.springframework.boot.test.autoconfigure.web.servlet.WebDriverContextCustomizer@3b8f0a79, org.springframework.boot.test.context.SpringBootTestAnnotation@d0f4dd2a], resourceBasePath = "src/main/webapp", contextLoader = org.springframework.boot.test.context.SpringBootContextLoader, parent = null]
[ERROR]   PatientControllerIntegrationTest.testGetMedicationById_NotFound ┬╗ IllegalState ApplicationContext failure threshold (1) exceeded: skipping repeated attempt to load context for [WebMergedContextConfiguration@f0a66bd testClass = se.inera.nll.nlllight.api.controller.PatientControllerIntegrationTest, locations = [], classes = [se.inera.nll.nlllight.api.NllLightApiApplication], contextInitializerClasses = [], activeProfiles = ["test"], propertySourceDescriptors = [], propertySourceProperties = ["org.springframework.boot.test.context.SpringBootTestContextBootstrapper=true"], contextCustomizers = [[ImportsContextCustomizer@460b50df key = [org.springframework.boot.test.autoconfigure.web.servlet.MockMvcWebDriverAutoConfiguration, org.springframework.boot.test.autoconfigure.web.servlet.MockMvcAutoConfiguration, org.springframework.boot.autoconfigure.security.oauth2.client.servlet.OAuth2ClientAutoConfiguration, se.inera.nll.nlllight.config.TestSecurityConfig, org.springframework.boot.autoconfigure.security.servlet.SecurityAutoConfiguration, org.springframework.boot.autoconfigure.security.servlet.SecurityFilterAutoConfiguration, org.springframework.boot.autoconfigure.security.servlet.UserDetailsServiceAutoConfiguration, org.springframework.boot.autoconfigure.security.oauth2.resource.servlet.OAuth2ResourceServerAutoConfiguration, org.springframework.boot.test.autoconfigure.web.servlet.MockMvcSecurityConfiguration, org.springframework.boot.test.autoconfigure.web.servlet.MockMvcWebClientAutoConfiguration, org.springframework.boot.test.autoconfigure.web.reactive.WebTestClientAutoConfiguration]], org.springframework.boot.test.context.filter.ExcludeFilterContextCustomizer@1f75a668, org.springframework.boot.test.json.DuplicateJsonObjectContextCustomizerFactory$DuplicateJsonObjectContextCustomizer@2812b107, org.springframework.boot.test.mock.mockito.MockitoContextCustomizer@0, org.springframework.boot.test.web.client.TestRestTemplateContextCustomizer@4eaf3684, org.springframework.boot.test.web.reactor.netty.DisableReactorResourceFactoryGlobalResourcesContextCustomizerFactory$DisableReactorResourceFactoryGlobalResourcesContextCustomizerCustomizer@4416d64f, org.springframework.boot.test.autoconfigure.actuate.observability.ObservabilityContextCustomizerFactory$DisableObservabilityContextCustomizer@1f, org.springframework.boot.test.autoconfigure.properties.PropertyMappingContextCustomizer@4b3fa0b3, org.springframework.boot.test.autoconfigure.web.servlet.WebDriverContextCustomizer@3b8f0a79, org.springframework.boot.test.context.SpringBootTestAnnotation@d0f4dd2a], resourceBasePath = "src/main/webapp", contextLoader = org.springframework.boot.test.context.SpringBootContextLoader, parent = null]
[ERROR]   PatientControllerIntegrationTest.testGetMedicationById_Success ┬╗ IllegalState ApplicationContext failure threshold (1) exceeded: skipping repeated attempt to load context for [WebMergedContextConfiguration@f0a66bd testClass = se.inera.nll.nlllight.api.controller.PatientControllerIntegrationTest, locations = [], classes = [se.inera.nll.nlllight.api.NllLightApiApplication], contextInitializerClasses = [], activeProfiles = ["test"], propertySourceDescriptors = [], propertySourceProperties = ["org.springframework.boot.test.context.SpringBootTestContextBootstrapper=true"], contextCustomizers = [[ImportsContextCustomizer@460b50df key = [org.springframework.boot.test.autoconfigure.web.servlet.MockMvcWebDriverAutoConfiguration, org.springframework.boot.test.autoconfigure.web.servlet.MockMvcAutoConfiguration, org.springframework.boot.autoconfigure.security.oauth2.client.servlet.OAuth2ClientAutoConfiguration, se.inera.nll.nlllight.config.TestSecurityConfig, org.springframework.boot.autoconfigure.security.servlet.SecurityAutoConfiguration, org.springframework.boot.autoconfigure.security.servlet.SecurityFilterAutoConfiguration, org.springframework.boot.autoconfigure.security.servlet.UserDetailsServiceAutoConfiguration, org.springframework.boot.autoconfigure.security.oauth2.resource.servlet.OAuth2ResourceServerAutoConfiguration, org.springframework.boot.test.autoconfigure.web.servlet.MockMvcSecurityConfiguration, org.springframework.boot.test.autoconfigure.web.servlet.MockMvcWebClientAutoConfiguration, org.springframework.boot.test.autoconfigure.web.reactive.WebTestClientAutoConfiguration]], org.springframework.boot.test.context.filter.ExcludeFilterContextCustomizer@1f75a668, org.springframework.boot.test.json.DuplicateJsonObjectContextCustomizerFactory$DuplicateJsonObjectContextCustomizer@2812b107, org.springframework.boot.test.mock.mockito.MockitoContextCustomizer@0, org.springframework.boot.test.web.client.TestRestTemplateContextCustomizer@4eaf3684, org.springframework.boot.test.web.reactor.netty.DisableReactorResourceFactoryGlobalResourcesContextCustomizerFactory$DisableReactorResourceFactoryGlobalResourcesContextCustomizerCustomizer@4416d64f, org.springframework.boot.test.autoconfigure.actuate.observability.ObservabilityContextCustomizerFactory$DisableObservabilityContextCustomizer@1f, org.springframework.boot.test.autoconfigure.properties.PropertyMappingContextCustomizer@4b3fa0b3, org.springframework.boot.test.autoconfigure.web.servlet.WebDriverContextCustomizer@3b8f0a79, org.springframework.boot.test.context.SpringBootTestAnnotation@d0f4dd2a], resourceBasePath = "src/main/webapp", contextLoader = org.springframework.boot.test.context.SpringBootContextLoader, parent = null]
[ERROR]   PatientControllerIntegrationTest.testGetPatientPrescriptions_EmptyList ┬╗ IllegalState Failed to load ApplicationContext for [WebMergedContextConfiguration@f0a66bd testClass = se.inera.nll.nlllight.api.controller.PatientControllerIntegrationTest, locations = [], classes = [se.inera.nll.nlllight.api.NllLightApiApplication], contextInitializerClasses = [], activeProfiles = ["test"], propertySourceDescriptors = [], propertySourceProperties = ["org.springframework.boot.test.context.SpringBootTestContextBootstrapper=true"], contextCustomizers = [[ImportsContextCustomizer@460b50df key = [org.springframework.boot.test.autoconfigure.web.servlet.MockMvcWebDriverAutoConfiguration, org.springframework.boot.test.autoconfigure.web.servlet.MockMvcAutoConfiguration, org.springframework.boot.autoconfigure.security.oauth2.client.servlet.OAuth2ClientAutoConfiguration, se.inera.nll.nlllight.config.TestSecurityConfig, org.springframework.boot.autoconfigure.security.servlet.SecurityAutoConfiguration, org.springframework.boot.autoconfigure.security.servlet.SecurityFilterAutoConfiguration, org.springframework.boot.autoconfigure.security.servlet.UserDetailsServiceAutoConfiguration, org.springframework.boot.autoconfigure.security.oauth2.resource.servlet.OAuth2ResourceServerAutoConfiguration, org.springframework.boot.test.autoconfigure.web.servlet.MockMvcSecurityConfiguration, org.springframework.boot.test.autoconfigure.web.servlet.MockMvcWebClientAutoConfiguration, org.springframework.boot.test.autoconfigure.web.reactive.WebTestClientAutoConfiguration]], org.springframework.boot.test.context.filter.ExcludeFilterContextCustomizer@1f75a668, org.springframework.boot.test.json.DuplicateJsonObjectContextCustomizerFactory$DuplicateJsonObjectContextCustomizer@2812b107, org.springframework.boot.test.mock.mockito.MockitoContextCustomizer@0, org.springframework.boot.test.web.client.TestRestTemplateContextCustomizer@4eaf3684, org.springframework.boot.test.web.reactor.netty.DisableReactorResourceFactoryGlobalResourcesContextCustomizerFactory$DisableReactorResourceFactoryGlobalResourcesContextCustomizerCustomizer@4416d64f, org.springframework.boot.test.autoconfigure.actuate.observability.ObservabilityContextCustomizerFactory$DisableObservabilityContextCustomizer@1f, org.springframework.boot.test.autoconfigure.properties.PropertyMappingContextCustomizer@4b3fa0b3, org.springframework.boot.test.autoconfigure.web.servlet.WebDriverContextCustomizer@3b8f0a79, org.springframework.boot.test.context.SpringBootTestAnnotation@d0f4dd2a], resourceBasePath = "src/main/webapp", contextLoader = org.springframework.boot.test.context.SpringBootContextLoader, parent = null]
[ERROR]   PatientControllerIntegrationTest.testGetPatientPrescriptions_PatientNotFound ┬╗ IllegalState ApplicationContext failure threshold (1) exceeded: skipping repeated attempt to load context for [WebMergedContextConfiguration@f0a66bd testClass = se.inera.nll.nlllight.api.controller.PatientControllerIntegrationTest, locations = [], classes = [se.inera.nll.nlllight.api.NllLightApiApplication], contextInitializerClasses = [], activeProfiles = ["test"], propertySourceDescriptors = [], propertySourceProperties = ["org.springframework.boot.test.context.SpringBootTestContextBootstrapper=true"], contextCustomizers = [[ImportsContextCustomizer@460b50df key = [org.springframework.boot.test.autoconfigure.web.servlet.MockMvcWebDriverAutoConfiguration, org.springframework.boot.test.autoconfigure.web.servlet.MockMvcAutoConfiguration, org.springframework.boot.autoconfigure.security.oauth2.client.servlet.OAuth2ClientAutoConfiguration, se.inera.nll.nlllight.config.TestSecurityConfig, org.springframework.boot.autoconfigure.security.servlet.SecurityAutoConfiguration, org.springframework.boot.autoconfigure.security.servlet.SecurityFilterAutoConfiguration, org.springframework.boot.autoconfigure.security.servlet.UserDetailsServiceAutoConfiguration, org.springframework.boot.autoconfigure.security.oauth2.resource.servlet.OAuth2ResourceServerAutoConfiguration, org.springframework.boot.test.autoconfigure.web.servlet.MockMvcSecurityConfiguration, org.springframework.boot.test.autoconfigure.web.servlet.MockMvcWebClientAutoConfiguration, org.springframework.boot.test.autoconfigure.web.reactive.WebTestClientAutoConfiguration]], org.springframework.boot.test.context.filter.ExcludeFilterContextCustomizer@1f75a668, org.springframework.boot.test.json.DuplicateJsonObjectContextCustomizerFactory$DuplicateJsonObjectContextCustomizer@2812b107, org.springframework.boot.test.mock.mockito.MockitoContextCustomizer@0, org.springframework.boot.test.web.client.TestRestTemplateContextCustomizer@4eaf3684, org.springframework.boot.test.web.reactor.netty.DisableReactorResourceFactoryGlobalResourcesContextCustomizerFactory$DisableReactorResourceFactoryGlobalResourcesContextCustomizerCustomizer@4416d64f, org.springframework.boot.test.autoconfigure.actuate.observability.ObservabilityContextCustomizerFactory$DisableObservabilityContextCustomizer@1f, org.springframework.boot.test.autoconfigure.properties.PropertyMappingContextCustomizer@4b3fa0b3, org.springframework.boot.test.autoconfigure.web.servlet.WebDriverContextCustomizer@3b8f0a79, org.springframework.boot.test.context.SpringBootTestAnnotation@d0f4dd2a], resourceBasePath = "src/main/webapp", contextLoader = org.springframework.boot.test.context.SpringBootContextLoader, parent = null]
[ERROR]   PatientControllerIntegrationTest.testGetPatientPrescriptions_Success ┬╗ IllegalState ApplicationContext failure threshold (1) exceeded: skipping repeated attempt to load context for [WebMergedContextConfiguration@f0a66bd testClass = se.inera.nll.nlllight.api.controller.PatientControllerIntegrationTest, locations = [], classes = [se.inera.nll.nlllight.api.NllLightApiApplication], contextInitializerClasses = [], activeProfiles = ["test"], propertySourceDescriptors = [], propertySourceProperties = ["org.springframework.boot.test.context.SpringBootTestContextBootstrapper=true"], contextCustomizers = [[ImportsContextCustomizer@460b50df key = [org.springframework.boot.test.autoconfigure.web.servlet.MockMvcWebDriverAutoConfiguration, org.springframework.boot.test.autoconfigure.web.servlet.MockMvcAutoConfiguration, org.springframework.boot.autoconfigure.security.oauth2.client.servlet.OAuth2ClientAutoConfiguration, se.inera.nll.nlllight.config.TestSecurityConfig, org.springframework.boot.autoconfigure.security.servlet.SecurityAutoConfiguration, org.springframework.boot.autoconfigure.security.servlet.SecurityFilterAutoConfiguration, org.springframework.boot.autoconfigure.security.servlet.UserDetailsServiceAutoConfiguration, org.springframework.boot.autoconfigure.security.oauth2.resource.servlet.OAuth2ResourceServerAutoConfiguration, org.springframework.boot.test.autoconfigure.web.servlet.MockMvcSecurityConfiguration, org.springframework.boot.test.autoconfigure.web.servlet.MockMvcWebClientAutoConfiguration, org.springframework.boot.test.autoconfigure.web.reactive.WebTestClientAutoConfiguration]], org.springframework.boot.test.context.filter.ExcludeFilterContextCustomizer@1f75a668, org.springframework.boot.test.json.DuplicateJsonObjectContextCustomizerFactory$DuplicateJsonObjectContextCustomizer@2812b107, org.springframework.boot.test.mock.mockito.MockitoContextCustomizer@0, org.springframework.boot.test.web.client.TestRestTemplateContextCustomizer@4eaf3684, org.springframework.boot.test.web.reactor.netty.DisableReactorResourceFactoryGlobalResourcesContextCustomizerFactory$DisableReactorResourceFactoryGlobalResourcesContextCustomizerCustomizer@4416d64f, org.springframework.boot.test.autoconfigure.actuate.observability.ObservabilityContextCustomizerFactory$DisableObservabilityContextCustomizer@1f, org.springframework.boot.test.autoconfigure.properties.PropertyMappingContextCustomizer@4b3fa0b3, org.springframework.boot.test.autoconfigure.web.servlet.WebDriverContextCustomizer@3b8f0a79, org.springframework.boot.test.context.SpringBootTestAnnotation@d0f4dd2a], resourceBasePath = "src/main/webapp", contextLoader = org.springframework.boot.test.context.SpringBootContextLoader, parent = null]
[ERROR]   PatientControllerIntegrationTest.testGetPrescriptionDetails_Forbidden ┬╗ IllegalState ApplicationContext failure threshold (1) exceeded: skipping repeated attempt to load context for [WebMergedContextConfiguration@f0a66bd testClass = se.inera.nll.nlllight.api.controller.PatientControllerIntegrationTest, locations = [], classes = [se.inera.nll.nlllight.api.NllLightApiApplication], contextInitializerClasses = [], activeProfiles = ["test"], propertySourceDescriptors = [], propertySourceProperties = ["org.springframework.boot.test.context.SpringBootTestContextBootstrapper=true"], contextCustomizers = [[ImportsContextCustomizer@460b50df key = [org.springframework.boot.test.autoconfigure.web.servlet.MockMvcWebDriverAutoConfiguration, org.springframework.boot.test.autoconfigure.web.servlet.MockMvcAutoConfiguration, org.springframework.boot.autoconfigure.security.oauth2.client.servlet.OAuth2ClientAutoConfiguration, se.inera.nll.nlllight.config.TestSecurityConfig, org.springframework.boot.autoconfigure.security.servlet.SecurityAutoConfiguration, org.springframework.boot.autoconfigure.security.servlet.SecurityFilterAutoConfiguration, org.springframework.boot.autoconfigure.security.servlet.UserDetailsServiceAutoConfiguration, org.springframework.boot.autoconfigure.security.oauth2.resource.servlet.OAuth2ResourceServerAutoConfiguration, org.springframework.boot.test.autoconfigure.web.servlet.MockMvcSecurityConfiguration, org.springframework.boot.test.autoconfigure.web.servlet.MockMvcWebClientAutoConfiguration, org.springframework.boot.test.autoconfigure.web.reactive.WebTestClientAutoConfiguration]], org.springframework.boot.test.context.filter.ExcludeFilterContextCustomizer@1f75a668, org.springframework.boot.test.json.DuplicateJsonObjectContextCustomizerFactory$DuplicateJsonObjectContextCustomizer@2812b107, org.springframework.boot.test.mock.mockito.MockitoContextCustomizer@0, org.springframework.boot.test.web.client.TestRestTemplateContextCustomizer@4eaf3684, org.springframework.boot.test.web.reactor.netty.DisableReactorResourceFactoryGlobalResourcesContextCustomizerFactory$DisableReactorResourceFactoryGlobalResourcesContextCustomizerCustomizer@4416d64f, org.springframework.boot.test.autoconfigure.actuate.observability.ObservabilityContextCustomizerFactory$DisableObservabilityContextCustomizer@1f, org.springframework.boot.test.autoconfigure.properties.PropertyMappingContextCustomizer@4b3fa0b3, org.springframework.boot.test.autoconfigure.web.servlet.WebDriverContextCustomizer@3b8f0a79, org.springframework.boot.test.context.SpringBootTestAnnotation@d0f4dd2a], resourceBasePath = "src/main/webapp", contextLoader = org.springframework.boot.test.context.SpringBootContextLoader, parent = null]
[ERROR]   PatientControllerIntegrationTest.testGetPrescriptionDetails_NotFound ┬╗ IllegalState ApplicationContext failure threshold (1) exceeded: skipping repeated attempt to load context for [WebMergedContextConfiguration@f0a66bd testClass = se.inera.nll.nlllight.api.controller.PatientControllerIntegrationTest, locations = [], classes = [se.inera.nll.nlllight.api.NllLightApiApplication], contextInitializerClasses = [], activeProfiles = ["test"], propertySourceDescriptors = [], propertySourceProperties = ["org.springframework.boot.test.context.SpringBootTestContextBootstrapper=true"], contextCustomizers = [[ImportsContextCustomizer@460b50df key = [org.springframework.boot.test.autoconfigure.web.servlet.MockMvcWebDriverAutoConfiguration, org.springframework.boot.test.autoconfigure.web.servlet.MockMvcAutoConfiguration, org.springframework.boot.autoconfigure.security.oauth2.client.servlet.OAuth2ClientAutoConfiguration, se.inera.nll.nlllight.config.TestSecurityConfig, org.springframework.boot.autoconfigure.security.servlet.SecurityAutoConfiguration, org.springframework.boot.autoconfigure.security.servlet.SecurityFilterAutoConfiguration, org.springframework.boot.autoconfigure.security.servlet.UserDetailsServiceAutoConfiguration, org.springframework.boot.autoconfigure.security.oauth2.resource.servlet.OAuth2ResourceServerAutoConfiguration, org.springframework.boot.test.autoconfigure.web.servlet.MockMvcSecurityConfiguration, org.springframework.boot.test.autoconfigure.web.servlet.MockMvcWebClientAutoConfiguration, org.springframework.boot.test.autoconfigure.web.reactive.WebTestClientAutoConfiguration]], org.springframework.boot.test.context.filter.ExcludeFilterContextCustomizer@1f75a668, org.springframework.boot.test.json.DuplicateJsonObjectContextCustomizerFactory$DuplicateJsonObjectContextCustomizer@2812b107, org.springframework.boot.test.mock.mockito.MockitoContextCustomizer@0, org.springframework.boot.test.web.client.TestRestTemplateContextCustomizer@4eaf3684, org.springframework.boot.test.web.reactor.netty.DisableReactorResourceFactoryGlobalResourcesContextCustomizerFactory$DisableReactorResourceFactoryGlobalResourcesContextCustomizerCustomizer@4416d64f, org.springframework.boot.test.autoconfigure.actuate.observability.ObservabilityContextCustomizerFactory$DisableObservabilityContextCustomizer@1f, org.springframework.boot.test.autoconfigure.properties.PropertyMappingContextCustomizer@4b3fa0b3, org.springframework.boot.test.autoconfigure.web.servlet.WebDriverContextCustomizer@3b8f0a79, org.springframework.boot.test.context.SpringBootTestAnnotation@d0f4dd2a], resourceBasePath = "src/main/webapp", contextLoader = org.springframework.boot.test.context.SpringBootContextLoader, parent = null]
[ERROR]   PatientControllerIntegrationTest.testGetPrescriptionDetails_Success ┬╗ IllegalState ApplicationContext failure threshold (1) exceeded: skipping repeated attempt to load context for [WebMergedContextConfiguration@f0a66bd testClass = se.inera.nll.nlllight.api.controller.PatientControllerIntegrationTest, locations = [], classes = [se.inera.nll.nlllight.api.NllLightApiApplication], contextInitializerClasses = [], activeProfiles = ["test"], propertySourceDescriptors = [], propertySourceProperties = ["org.springframework.boot.test.context.SpringBootTestContextBootstrapper=true"], contextCustomizers = [[ImportsContextCustomizer@460b50df key = [org.springframework.boot.test.autoconfigure.web.servlet.MockMvcWebDriverAutoConfiguration, org.springframework.boot.test.autoconfigure.web.servlet.MockMvcAutoConfiguration, org.springframework.boot.autoconfigure.security.oauth2.client.servlet.OAuth2ClientAutoConfiguration, se.inera.nll.nlllight.config.TestSecurityConfig, org.springframework.boot.autoconfigure.security.servlet.SecurityAutoConfiguration, org.springframework.boot.autoconfigure.security.servlet.SecurityFilterAutoConfiguration, org.springframework.boot.autoconfigure.security.servlet.UserDetailsServiceAutoConfiguration, org.springframework.boot.autoconfigure.security.oauth2.resource.servlet.OAuth2ResourceServerAutoConfiguration, org.springframework.boot.test.autoconfigure.web.servlet.MockMvcSecurityConfiguration, org.springframework.boot.test.autoconfigure.web.servlet.MockMvcWebClientAutoConfiguration, org.springframework.boot.test.autoconfigure.web.reactive.WebTestClientAutoConfiguration]], org.springframework.boot.test.context.filter.ExcludeFilterContextCustomizer@1f75a668, org.springframework.boot.test.json.DuplicateJsonObjectContextCustomizerFactory$DuplicateJsonObjectContextCustomizer@2812b107, org.springframework.boot.test.mock.mockito.MockitoContextCustomizer@0, org.springframework.boot.test.web.client.TestRestTemplateContextCustomizer@4eaf3684, org.springframework.boot.test.web.reactor.netty.DisableReactorResourceFactoryGlobalResourcesContextCustomizerFactory$DisableReactorResourceFactoryGlobalResourcesContextCustomizerCustomizer@4416d64f, org.springframework.boot.test.autoconfigure.actuate.observability.ObservabilityContextCustomizerFactory$DisableObservabilityContextCustomizer@1f, org.springframework.boot.test.autoconfigure.properties.PropertyMappingContextCustomizer@4b3fa0b3, org.springframework.boot.test.autoconfigure.web.servlet.WebDriverContextCustomizer@3b8f0a79, org.springframework.boot.test.context.SpringBootTestAnnotation@d0f4dd2a], resourceBasePath = "src/main/webapp", contextLoader = org.springframework.boot.test.context.SpringBootContextLoader, parent = null]
[ERROR]   PrescriberControllerIntegrationTest.shouldCancelPrescriptionSuccessfully ┬╗ IllegalState ApplicationContext failure threshold (1) exceeded: skipping repeated attempt to load context for [WebMergedContextConfiguration@4978777f testClass = se.inera.nll.nlllight.api.controller.PrescriberControllerIntegrationTest, locations = [], classes = [se.inera.nll.nlllight.api.NllLightApiApplication], contextInitializerClasses = [], activeProfiles = ["test"], propertySourceDescriptors = [], propertySourceProperties = ["org.springframework.boot.test.context.SpringBootTestContextBootstrapper=true"], contextCustomizers = [[ImportsContextCustomizer@7bc6935c key = [org.springframework.boot.test.autoconfigure.web.servlet.MockMvcWebDriverAutoConfiguration, org.springframework.boot.test.autoconfigure.web.servlet.MockMvcAutoConfiguration, org.springframework.boot.autoconfigure.security.oauth2.client.servlet.OAuth2ClientAutoConfiguration, se.inera.nll.nlllight.config.TestSecurityConfig, org.springframework.boot.autoconfigure.security.servlet.SecurityAutoConfiguration, org.springframework.boot.autoconfigure.security.servlet.SecurityFilterAutoConfiguration, org.springframework.boot.autoconfigure.security.servlet.UserDetailsServiceAutoConfiguration, org.springframework.boot.autoconfigure.security.oauth2.resource.servlet.OAuth2ResourceServerAutoConfiguration, org.springframework.boot.test.autoconfigure.web.servlet.MockMvcSecurityConfiguration, org.springframework.boot.test.autoconfigure.web.servlet.MockMvcWebClientAutoConfiguration, org.springframework.boot.test.autoconfigure.web.reactive.WebTestClientAutoConfiguration]], org.springframework.boot.test.context.filter.ExcludeFilterContextCustomizer@1f75a668, org.springframework.boot.test.json.DuplicateJsonObjectContextCustomizerFactory$DuplicateJsonObjectContextCustomizer@2812b107, org.springframework.boot.test.mock.mockito.MockitoContextCustomizer@0, org.springframework.boot.test.web.client.TestRestTemplateContextCustomizer@4eaf3684, org.springframework.boot.test.web.reactor.netty.DisableReactorResourceFactoryGlobalResourcesContextCustomizerFactory$DisableReactorResourceFactoryGlobalResourcesContextCustomizerCustomizer@4416d64f, org.springframework.boot.test.autoconfigure.actuate.observability.ObservabilityContextCustomizerFactory$DisableObservabilityContextCustomizer@1f, org.springframework.boot.test.autoconfigure.properties.PropertyMappingContextCustomizer@4b3fa0b3, org.springframework.boot.test.autoconfigure.web.servlet.WebDriverContextCustomizer@3b8f0a79, org.springframework.boot.test.context.SpringBootTestAnnotation@d0f4dd2a], resourceBasePath = "src/main/webapp", contextLoader = org.springframework.boot.test.context.SpringBootContextLoader, parent = null]
[ERROR]   PrescriberControllerIntegrationTest.shouldCreatePrescriptionSuccessfully ┬╗ IllegalState ApplicationContext failure threshold (1) exceeded: skipping repeated attempt to load context for [WebMergedContextConfiguration@4978777f testClass = se.inera.nll.nlllight.api.controller.PrescriberControllerIntegrationTest, locations = [], classes = [se.inera.nll.nlllight.api.NllLightApiApplication], contextInitializerClasses = [], activeProfiles = ["test"], propertySourceDescriptors = [], propertySourceProperties = ["org.springframework.boot.test.context.SpringBootTestContextBootstrapper=true"], contextCustomizers = [[ImportsContextCustomizer@7bc6935c key = [org.springframework.boot.test.autoconfigure.web.servlet.MockMvcWebDriverAutoConfiguration, org.springframework.boot.test.autoconfigure.web.servlet.MockMvcAutoConfiguration, org.springframework.boot.autoconfigure.security.oauth2.client.servlet.OAuth2ClientAutoConfiguration, se.inera.nll.nlllight.config.TestSecurityConfig, org.springframework.boot.autoconfigure.security.servlet.SecurityAutoConfiguration, org.springframework.boot.autoconfigure.security.servlet.SecurityFilterAutoConfiguration, org.springframework.boot.autoconfigure.security.servlet.UserDetailsServiceAutoConfiguration, org.springframework.boot.autoconfigure.security.oauth2.resource.servlet.OAuth2ResourceServerAutoConfiguration, org.springframework.boot.test.autoconfigure.web.servlet.MockMvcSecurityConfiguration, org.springframework.boot.test.autoconfigure.web.servlet.MockMvcWebClientAutoConfiguration, org.springframework.boot.test.autoconfigure.web.reactive.WebTestClientAutoConfiguration]], org.springframework.boot.test.context.filter.ExcludeFilterContextCustomizer@1f75a668, org.springframework.boot.test.json.DuplicateJsonObjectContextCustomizerFactory$DuplicateJsonObjectContextCustomizer@2812b107, org.springframework.boot.test.mock.mockito.MockitoContextCustomizer@0, org.springframework.boot.test.web.client.TestRestTemplateContextCustomizer@4eaf3684, org.springframework.boot.test.web.reactor.netty.DisableReactorResourceFactoryGlobalResourcesContextCustomizerFactory$DisableReactorResourceFactoryGlobalResourcesContextCustomizerCustomizer@4416d64f, org.springframework.boot.test.autoconfigure.actuate.observability.ObservabilityContextCustomizerFactory$DisableObservabilityContextCustomizer@1f, org.springframework.boot.test.autoconfigure.properties.PropertyMappingContextCustomizer@4b3fa0b3, org.springframework.boot.test.autoconfigure.web.servlet.WebDriverContextCustomizer@3b8f0a79, org.springframework.boot.test.context.SpringBootTestAnnotation@d0f4dd2a], resourceBasePath = "src/main/webapp", contextLoader = org.springframework.boot.test.context.SpringBootContextLoader, parent = null]
[ERROR]   PrescriberControllerIntegrationTest.shouldFilterPrescriberPrescriptionsByPatient ┬╗ IllegalState ApplicationContext failure threshold (1) exceeded: skipping repeated attempt to load context for [WebMergedContextConfiguration@4978777f testClass = se.inera.nll.nlllight.api.controller.PrescriberControllerIntegrationTest, locations = [], classes = [se.inera.nll.nlllight.api.NllLightApiApplication], contextInitializerClasses = [], activeProfiles = ["test"], propertySourceDescriptors = [], propertySourceProperties = ["org.springframework.boot.test.context.SpringBootTestContextBootstrapper=true"], contextCustomizers = [[ImportsContextCustomizer@7bc6935c key = [org.springframework.boot.test.autoconfigure.web.servlet.MockMvcWebDriverAutoConfiguration, org.springframework.boot.test.autoconfigure.web.servlet.MockMvcAutoConfiguration, org.springframework.boot.autoconfigure.security.oauth2.client.servlet.OAuth2ClientAutoConfiguration, se.inera.nll.nlllight.config.TestSecurityConfig, org.springframework.boot.autoconfigure.security.servlet.SecurityAutoConfiguration, org.springframework.boot.autoconfigure.security.servlet.SecurityFilterAutoConfiguration, org.springframework.boot.autoconfigure.security.servlet.UserDetailsServiceAutoConfiguration, org.springframework.boot.autoconfigure.security.oauth2.resource.servlet.OAuth2ResourceServerAutoConfiguration, org.springframework.boot.test.autoconfigure.web.servlet.MockMvcSecurityConfiguration, org.springframework.boot.test.autoconfigure.web.servlet.MockMvcWebClientAutoConfiguration, org.springframework.boot.test.autoconfigure.web.reactive.WebTestClientAutoConfiguration]], org.springframework.boot.test.context.filter.ExcludeFilterContextCustomizer@1f75a668, org.springframework.boot.test.json.DuplicateJsonObjectContextCustomizerFactory$DuplicateJsonObjectContextCustomizer@2812b107, org.springframework.boot.test.mock.mockito.MockitoContextCustomizer@0, org.springframework.boot.test.web.client.TestRestTemplateContextCustomizer@4eaf3684, org.springframework.boot.test.web.reactor.netty.DisableReactorResourceFactoryGlobalResourcesContextCustomizerFactory$DisableReactorResourceFactoryGlobalResourcesContextCustomizerCustomizer@4416d64f, org.springframework.boot.test.autoconfigure.actuate.observability.ObservabilityContextCustomizerFactory$DisableObservabilityContextCustomizer@1f, org.springframework.boot.test.autoconfigure.properties.PropertyMappingContextCustomizer@4b3fa0b3, org.springframework.boot.test.autoconfigure.web.servlet.WebDriverContextCustomizer@3b8f0a79, org.springframework.boot.test.context.SpringBootTestAnnotation@d0f4dd2a], resourceBasePath = "src/main/webapp", contextLoader = org.springframework.boot.test.context.SpringBootContextLoader, parent = null]
[ERROR]   PrescriberControllerIntegrationTest.shouldReturn400WhenMedicationNotFound ┬╗ IllegalState ApplicationContext failure threshold (1) exceeded: skipping repeated attempt to load context for [WebMergedContextConfiguration@4978777f testClass = se.inera.nll.nlllight.api.controller.PrescriberControllerIntegrationTest, locations = [], classes = [se.inera.nll.nlllight.api.NllLightApiApplication], contextInitializerClasses = [], activeProfiles = ["test"], propertySourceDescriptors = [], propertySourceProperties = ["org.springframework.boot.test.context.SpringBootTestContextBootstrapper=true"], contextCustomizers = [[ImportsContextCustomizer@7bc6935c key = [org.springframework.boot.test.autoconfigure.web.servlet.MockMvcWebDriverAutoConfiguration, org.springframework.boot.test.autoconfigure.web.servlet.MockMvcAutoConfiguration, org.springframework.boot.autoconfigure.security.oauth2.client.servlet.OAuth2ClientAutoConfiguration, se.inera.nll.nlllight.config.TestSecurityConfig, org.springframework.boot.autoconfigure.security.servlet.SecurityAutoConfiguration, org.springframework.boot.autoconfigure.security.servlet.SecurityFilterAutoConfiguration, org.springframework.boot.autoconfigure.security.servlet.UserDetailsServiceAutoConfiguration, org.springframework.boot.autoconfigure.security.oauth2.resource.servlet.OAuth2ResourceServerAutoConfiguration, org.springframework.boot.test.autoconfigure.web.servlet.MockMvcSecurityConfiguration, org.springframework.boot.test.autoconfigure.web.servlet.MockMvcWebClientAutoConfiguration, org.springframework.boot.test.autoconfigure.web.reactive.WebTestClientAutoConfiguration]], org.springframework.boot.test.context.filter.ExcludeFilterContextCustomizer@1f75a668, org.springframework.boot.test.json.DuplicateJsonObjectContextCustomizerFactory$DuplicateJsonObjectContextCustomizer@2812b107, org.springframework.boot.test.mock.mockito.MockitoContextCustomizer@0, org.springframework.boot.test.web.client.TestRestTemplateContextCustomizer@4eaf3684, org.springframework.boot.test.web.reactor.netty.DisableReactorResourceFactoryGlobalResourcesContextCustomizerFactory$DisableReactorResourceFactoryGlobalResourcesContextCustomizerCustomizer@4416d64f, org.springframework.boot.test.autoconfigure.actuate.observability.ObservabilityContextCustomizerFactory$DisableObservabilityContextCustomizer@1f, org.springframework.boot.test.autoconfigure.properties.PropertyMappingContextCustomizer@4b3fa0b3, org.springframework.boot.test.autoconfigure.web.servlet.WebDriverContextCustomizer@3b8f0a79, org.springframework.boot.test.context.SpringBootTestAnnotation@d0f4dd2a], resourceBasePath = "src/main/webapp", contextLoader = org.springframework.boot.test.context.SpringBootContextLoader, parent = null]
[ERROR]   PrescriberControllerIntegrationTest.shouldReturn400WhenPatientNotFound ┬╗ IllegalState ApplicationContext failure threshold (1) exceeded: skipping repeated attempt to load context for [WebMergedContextConfiguration@4978777f testClass = se.inera.nll.nlllight.api.controller.PrescriberControllerIntegrationTest, locations = [], classes = [se.inera.nll.nlllight.api.NllLightApiApplication], contextInitializerClasses = [], activeProfiles = ["test"], propertySourceDescriptors = [], propertySourceProperties = ["org.springframework.boot.test.context.SpringBootTestContextBootstrapper=true"], contextCustomizers = [[ImportsContextCustomizer@7bc6935c key = [org.springframework.boot.test.autoconfigure.web.servlet.MockMvcWebDriverAutoConfiguration, org.springframework.boot.test.autoconfigure.web.servlet.MockMvcAutoConfiguration, org.springframework.boot.autoconfigure.security.oauth2.client.servlet.OAuth2ClientAutoConfiguration, se.inera.nll.nlllight.config.TestSecurityConfig, org.springframework.boot.autoconfigure.security.servlet.SecurityAutoConfiguration, org.springframework.boot.autoconfigure.security.servlet.SecurityFilterAutoConfiguration, org.springframework.boot.autoconfigure.security.servlet.UserDetailsServiceAutoConfiguration, org.springframework.boot.autoconfigure.security.oauth2.resource.servlet.OAuth2ResourceServerAutoConfiguration, org.springframework.boot.test.autoconfigure.web.servlet.MockMvcSecurityConfiguration, org.springframework.boot.test.autoconfigure.web.servlet.MockMvcWebClientAutoConfiguration, org.springframework.boot.test.autoconfigure.web.reactive.WebTestClientAutoConfiguration]], org.springframework.boot.test.context.filter.ExcludeFilterContextCustomizer@1f75a668, org.springframework.boot.test.json.DuplicateJsonObjectContextCustomizerFactory$DuplicateJsonObjectContextCustomizer@2812b107, org.springframework.boot.test.mock.mockito.MockitoContextCustomizer@0, org.springframework.boot.test.web.client.TestRestTemplateContextCustomizer@4eaf3684, org.springframework.boot.test.web.reactor.netty.DisableReactorResourceFactoryGlobalResourcesContextCustomizerFactory$DisableReactorResourceFactoryGlobalResourcesContextCustomizerCustomizer@4416d64f, org.springframework.boot.test.autoconfigure.actuate.observability.ObservabilityContextCustomizerFactory$DisableObservabilityContextCustomizer@1f, org.springframework.boot.test.autoconfigure.properties.PropertyMappingContextCustomizer@4b3fa0b3, org.springframework.boot.test.autoconfigure.web.servlet.WebDriverContextCustomizer@3b8f0a79, org.springframework.boot.test.context.SpringBootTestAnnotation@d0f4dd2a], resourceBasePath = "src/main/webapp", contextLoader = org.springframework.boot.test.context.SpringBootContextLoader, parent = null]
[ERROR]   PrescriberControllerIntegrationTest.shouldReturn400WhenUpdateValidationFails ┬╗ IllegalState ApplicationContext failure threshold (1) exceeded: skipping repeated attempt to load context for [WebMergedContextConfiguration@4978777f testClass = se.inera.nll.nlllight.api.controller.PrescriberControllerIntegrationTest, locations = [], classes = [se.inera.nll.nlllight.api.NllLightApiApplication], contextInitializerClasses = [], activeProfiles = ["test"], propertySourceDescriptors = [], propertySourceProperties = ["org.springframework.boot.test.context.SpringBootTestContextBootstrapper=true"], contextCustomizers = [[ImportsContextCustomizer@7bc6935c key = [org.springframework.boot.test.autoconfigure.web.servlet.MockMvcWebDriverAutoConfiguration, org.springframework.boot.test.autoconfigure.web.servlet.MockMvcAutoConfiguration, org.springframework.boot.autoconfigure.security.oauth2.client.servlet.OAuth2ClientAutoConfiguration, se.inera.nll.nlllight.config.TestSecurityConfig, org.springframework.boot.autoconfigure.security.servlet.SecurityAutoConfiguration, org.springframework.boot.autoconfigure.security.servlet.SecurityFilterAutoConfiguration, org.springframework.boot.autoconfigure.security.servlet.UserDetailsServiceAutoConfiguration, org.springframework.boot.autoconfigure.security.oauth2.resource.servlet.OAuth2ResourceServerAutoConfiguration, org.springframework.boot.test.autoconfigure.web.servlet.MockMvcSecurityConfiguration, org.springframework.boot.test.autoconfigure.web.servlet.MockMvcWebClientAutoConfiguration, org.springframework.boot.test.autoconfigure.web.reactive.WebTestClientAutoConfiguration]], org.springframework.boot.test.context.filter.ExcludeFilterContextCustomizer@1f75a668, org.springframework.boot.test.json.DuplicateJsonObjectContextCustomizerFactory$DuplicateJsonObjectContextCustomizer@2812b107, org.springframework.boot.test.mock.mockito.MockitoContextCustomizer@0, org.springframework.boot.test.web.client.TestRestTemplateContextCustomizer@4eaf3684, org.springframework.boot.test.web.reactor.netty.DisableReactorResourceFactoryGlobalResourcesContextCustomizerFactory$DisableReactorResourceFactoryGlobalResourcesContextCustomizerCustomizer@4416d64f, org.springframework.boot.test.autoconfigure.actuate.observability.ObservabilityContextCustomizerFactory$DisableObservabilityContextCustomizer@1f, org.springframework.boot.test.autoconfigure.properties.PropertyMappingContextCustomizer@4b3fa0b3, org.springframework.boot.test.autoconfigure.web.servlet.WebDriverContextCustomizer@3b8f0a79, org.springframework.boot.test.context.SpringBootTestAnnotation@d0f4dd2a], resourceBasePath = "src/main/webapp", contextLoader = org.springframework.boot.test.context.SpringBootContextLoader, parent = null]
[ERROR]   PrescriberControllerIntegrationTest.shouldReturn400WhenValidationFails ┬╗ IllegalState ApplicationContext failure threshold (1) exceeded: skipping repeated attempt to load context for [WebMergedContextConfiguration@4978777f testClass = se.inera.nll.nlllight.api.controller.PrescriberControllerIntegrationTest, locations = [], classes = [se.inera.nll.nlllight.api.NllLightApiApplication], contextInitializerClasses = [], activeProfiles = ["test"], propertySourceDescriptors = [], propertySourceProperties = ["org.springframework.boot.test.context.SpringBootTestContextBootstrapper=true"], contextCustomizers = [[ImportsContextCustomizer@7bc6935c key = [org.springframework.boot.test.autoconfigure.web.servlet.MockMvcWebDriverAutoConfiguration, org.springframework.boot.test.autoconfigure.web.servlet.MockMvcAutoConfiguration, org.springframework.boot.autoconfigure.security.oauth2.client.servlet.OAuth2ClientAutoConfiguration, se.inera.nll.nlllight.config.TestSecurityConfig, org.springframework.boot.autoconfigure.security.servlet.SecurityAutoConfiguration, org.springframework.boot.autoconfigure.security.servlet.SecurityFilterAutoConfiguration, org.springframework.boot.autoconfigure.security.servlet.UserDetailsServiceAutoConfiguration, org.springframework.boot.autoconfigure.security.oauth2.resource.servlet.OAuth2ResourceServerAutoConfiguration, org.springframework.boot.test.autoconfigure.web.servlet.MockMvcSecurityConfiguration, org.springframework.boot.test.autoconfigure.web.servlet.MockMvcWebClientAutoConfiguration, org.springframework.boot.test.autoconfigure.web.reactive.WebTestClientAutoConfiguration]], org.springframework.boot.test.context.filter.ExcludeFilterContextCustomizer@1f75a668, org.springframework.boot.test.json.DuplicateJsonObjectContextCustomizerFactory$DuplicateJsonObjectContextCustomizer@2812b107, org.springframework.boot.test.mock.mockito.MockitoContextCustomizer@0, org.springframework.boot.test.web.client.TestRestTemplateContextCustomizer@4eaf3684, org.springframework.boot.test.web.reactor.netty.DisableReactorResourceFactoryGlobalResourcesContextCustomizerFactory$DisableReactorResourceFactoryGlobalResourcesContextCustomizerCustomizer@4416d64f, org.springframework.boot.test.autoconfigure.actuate.observability.ObservabilityContextCustomizerFactory$DisableObservabilityContextCustomizer@1f, org.springframework.boot.test.autoconfigure.properties.PropertyMappingContextCustomizer@4b3fa0b3, org.springframework.boot.test.autoconfigure.web.servlet.WebDriverContextCustomizer@3b8f0a79, org.springframework.boot.test.context.SpringBootTestAnnotation@d0f4dd2a], resourceBasePath = "src/main/webapp", contextLoader = org.springframework.boot.test.context.SpringBootContextLoader, parent = null]
[ERROR]   PrescriberControllerIntegrationTest.shouldReturn403WhenUnauthorizedPrescriberUpdates ┬╗ IllegalState ApplicationContext failure threshold (1) exceeded: skipping repeated attempt to load context for [WebMergedContextConfiguration@4978777f testClass = se.inera.nll.nlllight.api.controller.PrescriberControllerIntegrationTest, locations = [], classes = [se.inera.nll.nlllight.api.NllLightApiApplication], contextInitializerClasses = [], activeProfiles = ["test"], propertySourceDescriptors = [], propertySourceProperties = ["org.springframework.boot.test.context.SpringBootTestContextBootstrapper=true"], contextCustomizers = [[ImportsContextCustomizer@7bc6935c key = [org.springframework.boot.test.autoconfigure.web.servlet.MockMvcWebDriverAutoConfiguration, org.springframework.boot.test.autoconfigure.web.servlet.MockMvcAutoConfiguration, org.springframework.boot.autoconfigure.security.oauth2.client.servlet.OAuth2ClientAutoConfiguration, se.inera.nll.nlllight.config.TestSecurityConfig, org.springframework.boot.autoconfigure.security.servlet.SecurityAutoConfiguration, org.springframework.boot.autoconfigure.security.servlet.SecurityFilterAutoConfiguration, org.springframework.boot.autoconfigure.security.servlet.UserDetailsServiceAutoConfiguration, org.springframework.boot.autoconfigure.security.oauth2.resource.servlet.OAuth2ResourceServerAutoConfiguration, org.springframework.boot.test.autoconfigure.web.servlet.MockMvcSecurityConfiguration, org.springframework.boot.test.autoconfigure.web.servlet.MockMvcWebClientAutoConfiguration, org.springframework.boot.test.autoconfigure.web.reactive.WebTestClientAutoConfiguration]], org.springframework.boot.test.context.filter.ExcludeFilterContextCustomizer@1f75a668, org.springframework.boot.test.json.DuplicateJsonObjectContextCustomizerFactory$DuplicateJsonObjectContextCustomizer@2812b107, org.springframework.boot.test.mock.mockito.MockitoContextCustomizer@0, org.springframework.boot.test.web.client.TestRestTemplateContextCustomizer@4eaf3684, org.springframework.boot.test.web.reactor.netty.DisableReactorResourceFactoryGlobalResourcesContextCustomizerFactory$DisableReactorResourceFactoryGlobalResourcesContextCustomizerCustomizer@4416d64f, org.springframework.boot.test.autoconfigure.actuate.observability.ObservabilityContextCustomizerFactory$DisableObservabilityContextCustomizer@1f, org.springframework.boot.test.autoconfigure.properties.PropertyMappingContextCustomizer@4b3fa0b3, org.springframework.boot.test.autoconfigure.web.servlet.WebDriverContextCustomizer@3b8f0a79, org.springframework.boot.test.context.SpringBootTestAnnotation@d0f4dd2a], resourceBasePath = "src/main/webapp", contextLoader = org.springframework.boot.test.context.SpringBootContextLoader, parent = null]
[ERROR]   PrescriberControllerIntegrationTest.shouldReturn404WhenCancellingNonExistentPrescription ┬╗ IllegalState ApplicationContext failure threshold (1) exceeded: skipping repeated attempt to load context for [WebMergedContextConfiguration@4978777f testClass = se.inera.nll.nlllight.api.controller.PrescriberControllerIntegrationTest, locations = [], classes = [se.inera.nll.nlllight.api.NllLightApiApplication], contextInitializerClasses = [], activeProfiles = ["test"], propertySourceDescriptors = [], propertySourceProperties = ["org.springframework.boot.test.context.SpringBootTestContextBootstrapper=true"], contextCustomizers = [[ImportsContextCustomizer@7bc6935c key = [org.springframework.boot.test.autoconfigure.web.servlet.MockMvcWebDriverAutoConfiguration, org.springframework.boot.test.autoconfigure.web.servlet.MockMvcAutoConfiguration, org.springframework.boot.autoconfigure.security.oauth2.client.servlet.OAuth2ClientAutoConfiguration, se.inera.nll.nlllight.config.TestSecurityConfig, org.springframework.boot.autoconfigure.security.servlet.SecurityAutoConfiguration, org.springframework.boot.autoconfigure.security.servlet.SecurityFilterAutoConfiguration, org.springframework.boot.autoconfigure.security.servlet.UserDetailsServiceAutoConfiguration, org.springframework.boot.autoconfigure.security.oauth2.resource.servlet.OAuth2ResourceServerAutoConfiguration, org.springframework.boot.test.autoconfigure.web.servlet.MockMvcSecurityConfiguration, org.springframework.boot.test.autoconfigure.web.servlet.MockMvcWebClientAutoConfiguration, org.springframework.boot.test.autoconfigure.web.reactive.WebTestClientAutoConfiguration]], org.springframework.boot.test.context.filter.ExcludeFilterContextCustomizer@1f75a668, org.springframework.boot.test.json.DuplicateJsonObjectContextCustomizerFactory$DuplicateJsonObjectContextCustomizer@2812b107, org.springframework.boot.test.mock.mockito.MockitoContextCustomizer@0, org.springframework.boot.test.web.client.TestRestTemplateContextCustomizer@4eaf3684, org.springframework.boot.test.web.reactor.netty.DisableReactorResourceFactoryGlobalResourcesContextCustomizerFactory$DisableReactorResourceFactoryGlobalResourcesContextCustomizerCustomizer@4416d64f, org.springframework.boot.test.autoconfigure.actuate.observability.ObservabilityContextCustomizerFactory$DisableObservabilityContextCustomizer@1f, org.springframework.boot.test.autoconfigure.properties.PropertyMappingContextCustomizer@4b3fa0b3, org.springframework.boot.test.autoconfigure.web.servlet.WebDriverContextCustomizer@3b8f0a79, org.springframework.boot.test.context.SpringBootTestAnnotation@d0f4dd2a], resourceBasePath = "src/main/webapp", contextLoader = org.springframework.boot.test.context.SpringBootContextLoader, parent = null]
[ERROR]   PrescriberControllerIntegrationTest.shouldReturn404WhenUpdatingNonExistentPrescription ┬╗ IllegalState ApplicationContext failure threshold (1) exceeded: skipping repeated attempt to load context for [WebMergedContextConfiguration@4978777f testClass = se.inera.nll.nlllight.api.controller.PrescriberControllerIntegrationTest, locations = [], classes = [se.inera.nll.nlllight.api.NllLightApiApplication], contextInitializerClasses = [], activeProfiles = ["test"], propertySourceDescriptors = [], propertySourceProperties = ["org.springframework.boot.test.context.SpringBootTestContextBootstrapper=true"], contextCustomizers = [[ImportsContextCustomizer@7bc6935c key = [org.springframework.boot.test.autoconfigure.web.servlet.MockMvcWebDriverAutoConfiguration, org.springframework.boot.test.autoconfigure.web.servlet.MockMvcAutoConfiguration, org.springframework.boot.autoconfigure.security.oauth2.client.servlet.OAuth2ClientAutoConfiguration, se.inera.nll.nlllight.config.TestSecurityConfig, org.springframework.boot.autoconfigure.security.servlet.SecurityAutoConfiguration, org.springframework.boot.autoconfigure.security.servlet.SecurityFilterAutoConfiguration, org.springframework.boot.autoconfigure.security.servlet.UserDetailsServiceAutoConfiguration, org.springframework.boot.autoconfigure.security.oauth2.resource.servlet.OAuth2ResourceServerAutoConfiguration, org.springframework.boot.test.autoconfigure.web.servlet.MockMvcSecurityConfiguration, org.springframework.boot.test.autoconfigure.web.servlet.MockMvcWebClientAutoConfiguration, org.springframework.boot.test.autoconfigure.web.reactive.WebTestClientAutoConfiguration]], org.springframework.boot.test.context.filter.ExcludeFilterContextCustomizer@1f75a668, org.springframework.boot.test.json.DuplicateJsonObjectContextCustomizerFactory$DuplicateJsonObjectContextCustomizer@2812b107, org.springframework.boot.test.mock.mockito.MockitoContextCustomizer@0, org.springframework.boot.test.web.client.TestRestTemplateContextCustomizer@4eaf3684, org.springframework.boot.test.web.reactor.netty.DisableReactorResourceFactoryGlobalResourcesContextCustomizerFactory$DisableReactorResourceFactoryGlobalResourcesContextCustomizerCustomizer@4416d64f, org.springframework.boot.test.autoconfigure.actuate.observability.ObservabilityContextCustomizerFactory$DisableObservabilityContextCustomizer@1f, org.springframework.boot.test.autoconfigure.properties.PropertyMappingContextCustomizer@4b3fa0b3, org.springframework.boot.test.autoconfigure.web.servlet.WebDriverContextCustomizer@3b8f0a79, org.springframework.boot.test.context.SpringBootTestAnnotation@d0f4dd2a], resourceBasePath = "src/main/webapp", contextLoader = org.springframework.boot.test.context.SpringBootContextLoader, parent = null]
[ERROR]   PrescriberControllerIntegrationTest.shouldReturnAllPrescriberPrescriptions ┬╗ IllegalState ApplicationContext failure threshold (1) exceeded: skipping repeated attempt to load context for [WebMergedContextConfiguration@4978777f testClass = se.inera.nll.nlllight.api.controller.PrescriberControllerIntegrationTest, locations = [], classes = [se.inera.nll.nlllight.api.NllLightApiApplication], contextInitializerClasses = [], activeProfiles = ["test"], propertySourceDescriptors = [], propertySourceProperties = ["org.springframework.boot.test.context.SpringBootTestContextBootstrapper=true"], contextCustomizers = [[ImportsContextCustomizer@7bc6935c key = [org.springframework.boot.test.autoconfigure.web.servlet.MockMvcWebDriverAutoConfiguration, org.springframework.boot.test.autoconfigure.web.servlet.MockMvcAutoConfiguration, org.springframework.boot.autoconfigure.security.oauth2.client.servlet.OAuth2ClientAutoConfiguration, se.inera.nll.nlllight.config.TestSecurityConfig, org.springframework.boot.autoconfigure.security.servlet.SecurityAutoConfiguration, org.springframework.boot.autoconfigure.security.servlet.SecurityFilterAutoConfiguration, org.springframework.boot.autoconfigure.security.servlet.UserDetailsServiceAutoConfiguration, org.springframework.boot.autoconfigure.security.oauth2.resource.servlet.OAuth2ResourceServerAutoConfiguration, org.springframework.boot.test.autoconfigure.web.servlet.MockMvcSecurityConfiguration, org.springframework.boot.test.autoconfigure.web.servlet.MockMvcWebClientAutoConfiguration, org.springframework.boot.test.autoconfigure.web.reactive.WebTestClientAutoConfiguration]], org.springframework.boot.test.context.filter.ExcludeFilterContextCustomizer@1f75a668, org.springframework.boot.test.json.DuplicateJsonObjectContextCustomizerFactory$DuplicateJsonObjectContextCustomizer@2812b107, org.springframework.boot.test.mock.mockito.MockitoContextCustomizer@0, org.springframework.boot.test.web.client.TestRestTemplateContextCustomizer@4eaf3684, org.springframework.boot.test.web.reactor.netty.DisableReactorResourceFactoryGlobalResourcesContextCustomizerFactory$DisableReactorResourceFactoryGlobalResourcesContextCustomizerCustomizer@4416d64f, org.springframework.boot.test.autoconfigure.actuate.observability.ObservabilityContextCustomizerFactory$DisableObservabilityContextCustomizer@1f, org.springframework.boot.test.autoconfigure.properties.PropertyMappingContextCustomizer@4b3fa0b3, org.springframework.boot.test.autoconfigure.web.servlet.WebDriverContextCustomizer@3b8f0a79, org.springframework.boot.test.context.SpringBootTestAnnotation@d0f4dd2a], resourceBasePath = "src/main/webapp", contextLoader = org.springframework.boot.test.context.SpringBootContextLoader, parent = null]
[ERROR]   PrescriberControllerIntegrationTest.shouldReturnPrescriberPrescriptionDetails ┬╗ IllegalState ApplicationContext failure threshold (1) exceeded: skipping repeated attempt to load context for [WebMergedContextConfiguration@4978777f testClass = se.inera.nll.nlllight.api.controller.PrescriberControllerIntegrationTest, locations = [], classes = [se.inera.nll.nlllight.api.NllLightApiApplication], contextInitializerClasses = [], activeProfiles = ["test"], propertySourceDescriptors = [], propertySourceProperties = ["org.springframework.boot.test.context.SpringBootTestContextBootstrapper=true"], contextCustomizers = [[ImportsContextCustomizer@7bc6935c key = [org.springframework.boot.test.autoconfigure.web.servlet.MockMvcWebDriverAutoConfiguration, org.springframework.boot.test.autoconfigure.web.servlet.MockMvcAutoConfiguration, org.springframework.boot.autoconfigure.security.oauth2.client.servlet.OAuth2ClientAutoConfiguration, se.inera.nll.nlllight.config.TestSecurityConfig, org.springframework.boot.autoconfigure.security.servlet.SecurityAutoConfiguration, org.springframework.boot.autoconfigure.security.servlet.SecurityFilterAutoConfiguration, org.springframework.boot.autoconfigure.security.servlet.UserDetailsServiceAutoConfiguration, org.springframework.boot.autoconfigure.security.oauth2.resource.servlet.OAuth2ResourceServerAutoConfiguration, org.springframework.boot.test.autoconfigure.web.servlet.MockMvcSecurityConfiguration, org.springframework.boot.test.autoconfigure.web.servlet.MockMvcWebClientAutoConfiguration, org.springframework.boot.test.autoconfigure.web.reactive.WebTestClientAutoConfiguration]], org.springframework.boot.test.context.filter.ExcludeFilterContextCustomizer@1f75a668, org.springframework.boot.test.json.DuplicateJsonObjectContextCustomizerFactory$DuplicateJsonObjectContextCustomizer@2812b107, org.springframework.boot.test.mock.mockito.MockitoContextCustomizer@0, org.springframework.boot.test.web.client.TestRestTemplateContextCustomizer@4eaf3684, org.springframework.boot.test.web.reactor.netty.DisableReactorResourceFactoryGlobalResourcesContextCustomizerFactory$DisableReactorResourceFactoryGlobalResourcesContextCustomizerCustomizer@4416d64f, org.springframework.boot.test.autoconfigure.actuate.observability.ObservabilityContextCustomizerFactory$DisableObservabilityContextCustomizer@1f, org.springframework.boot.test.autoconfigure.properties.PropertyMappingContextCustomizer@4b3fa0b3, org.springframework.boot.test.autoconfigure.web.servlet.WebDriverContextCustomizer@3b8f0a79, org.springframework.boot.test.context.SpringBootTestAnnotation@d0f4dd2a], resourceBasePath = "src/main/webapp", contextLoader = org.springframework.boot.test.context.SpringBootContextLoader, parent = null]
[ERROR]   PrescriberControllerIntegrationTest.shouldUpdatePrescriptionSuccessfully ┬╗ IllegalState ApplicationContext failure threshold (1) exceeded: skipping repeated attempt to load context for [WebMergedContextConfiguration@4978777f testClass = se.inera.nll.nlllight.api.controller.PrescriberControllerIntegrationTest, locations = [], classes = [se.inera.nll.nlllight.api.NllLightApiApplication], contextInitializerClasses = [], activeProfiles = ["test"], propertySourceDescriptors = [], propertySourceProperties = ["org.springframework.boot.test.context.SpringBootTestContextBootstrapper=true"], contextCustomizers = [[ImportsContextCustomizer@7bc6935c key = [org.springframework.boot.test.autoconfigure.web.servlet.MockMvcWebDriverAutoConfiguration, org.springframework.boot.test.autoconfigure.web.servlet.MockMvcAutoConfiguration, org.springframework.boot.autoconfigure.security.oauth2.client.servlet.OAuth2ClientAutoConfiguration, se.inera.nll.nlllight.config.TestSecurityConfig, org.springframework.boot.autoconfigure.security.servlet.SecurityAutoConfiguration, org.springframework.boot.autoconfigure.security.servlet.SecurityFilterAutoConfiguration, org.springframework.boot.autoconfigure.security.servlet.UserDetailsServiceAutoConfiguration, org.springframework.boot.autoconfigure.security.oauth2.resource.servlet.OAuth2ResourceServerAutoConfiguration, org.springframework.boot.test.autoconfigure.web.servlet.MockMvcSecurityConfiguration, org.springframework.boot.test.autoconfigure.web.servlet.MockMvcWebClientAutoConfiguration, org.springframework.boot.test.autoconfigure.web.reactive.WebTestClientAutoConfiguration]], org.springframework.boot.test.context.filter.ExcludeFilterContextCustomizer@1f75a668, org.springframework.boot.test.json.DuplicateJsonObjectContextCustomizerFactory$DuplicateJsonObjectContextCustomizer@2812b107, org.springframework.boot.test.mock.mockito.MockitoContextCustomizer@0, org.springframework.boot.test.web.client.TestRestTemplateContextCustomizer@4eaf3684, org.springframework.boot.test.web.reactor.netty.DisableReactorResourceFactoryGlobalResourcesContextCustomizerFactory$DisableReactorResourceFactoryGlobalResourcesContextCustomizerCustomizer@4416d64f, org.springframework.boot.test.autoconfigure.actuate.observability.ObservabilityContextCustomizerFactory$DisableObservabilityContextCustomizer@1f, org.springframework.boot.test.autoconfigure.properties.PropertyMappingContextCustomizer@4b3fa0b3, org.springframework.boot.test.autoconfigure.web.servlet.WebDriverContextCustomizer@3b8f0a79, org.springframework.boot.test.context.SpringBootTestAnnotation@d0f4dd2a], resourceBasePath = "src/main/webapp", contextLoader = org.springframework.boot.test.context.SpringBootContextLoader, parent = null]
[ERROR]   PrescriptionControllerIntegrationTest.shouldFilterPrescriptionsByStatus ┬╗ IllegalState ApplicationContext failure threshold (1) exceeded: skipping repeated attempt to load context for [WebMergedContextConfiguration@72bd2871 testClass = se.inera.nll.nlllight.api.controller.PrescriptionControllerIntegrationTest, locations = [], classes = [se.inera.nll.nlllight.api.NllLightApiApplication], contextInitializerClasses = [], activeProfiles = ["test"], propertySourceDescriptors = [], propertySourceProperties = ["org.springframework.boot.test.context.SpringBootTestContextBootstrapper=true"], contextCustomizers = [[ImportsContextCustomizer@77429040 key = [org.springframework.boot.test.autoconfigure.web.servlet.MockMvcWebDriverAutoConfiguration, org.springframework.boot.test.autoconfigure.web.servlet.MockMvcAutoConfiguration, org.springframework.boot.autoconfigure.security.oauth2.client.servlet.OAuth2ClientAutoConfiguration, se.inera.nll.nlllight.config.TestSecurityConfig, org.springframework.boot.autoconfigure.security.servlet.SecurityAutoConfiguration, org.springframework.boot.autoconfigure.security.servlet.SecurityFilterAutoConfiguration, org.springframework.boot.autoconfigure.security.servlet.UserDetailsServiceAutoConfiguration, org.springframework.boot.autoconfigure.security.oauth2.resource.servlet.OAuth2ResourceServerAutoConfiguration, org.springframework.boot.test.autoconfigure.web.servlet.MockMvcSecurityConfiguration, org.springframework.boot.test.autoconfigure.web.servlet.MockMvcWebClientAutoConfiguration, org.springframework.boot.test.autoconfigure.web.reactive.WebTestClientAutoConfiguration]], org.springframework.boot.test.context.filter.ExcludeFilterContextCustomizer@1f75a668, org.springframework.boot.test.json.DuplicateJsonObjectContextCustomizerFactory$DuplicateJsonObjectContextCustomizer@2812b107, org.springframework.boot.test.mock.mockito.MockitoContextCustomizer@0, org.springframework.boot.test.web.client.TestRestTemplateContextCustomizer@4eaf3684, org.springframework.boot.test.web.reactor.netty.DisableReactorResourceFactoryGlobalResourcesContextCustomizerFactory$DisableReactorResourceFactoryGlobalResourcesContextCustomizerCustomizer@4416d64f, org.springframework.boot.test.autoconfigure.actuate.observability.ObservabilityContextCustomizerFactory$DisableObservabilityContextCustomizer@1f, org.springframework.boot.test.autoconfigure.properties.PropertyMappingContextCustomizer@4b3fa0b3, org.springframework.boot.test.autoconfigure.web.servlet.WebDriverContextCustomizer@3b8f0a79, org.springframework.boot.test.context.SpringBootTestAnnotation@d0f4dd2a], resourceBasePath = "src/main/webapp", contextLoader = org.springframework.boot.test.context.SpringBootContextLoader, parent = null]
[ERROR]   PrescriptionControllerIntegrationTest.shouldReturn404WhenPrescriptionNotFound ┬╗ IllegalState ApplicationContext failure threshold (1) exceeded: skipping repeated attempt to load context for [WebMergedContextConfiguration@72bd2871 testClass = se.inera.nll.nlllight.api.controller.PrescriptionControllerIntegrationTest, locations = [], classes = [se.inera.nll.nlllight.api.NllLightApiApplication], contextInitializerClasses = [], activeProfiles = ["test"], propertySourceDescriptors = [], propertySourceProperties = ["org.springframework.boot.test.context.SpringBootTestContextBootstrapper=true"], contextCustomizers = [[ImportsContextCustomizer@77429040 key = [org.springframework.boot.test.autoconfigure.web.servlet.MockMvcWebDriverAutoConfiguration, org.springframework.boot.test.autoconfigure.web.servlet.MockMvcAutoConfiguration, org.springframework.boot.autoconfigure.security.oauth2.client.servlet.OAuth2ClientAutoConfiguration, se.inera.nll.nlllight.config.TestSecurityConfig, org.springframework.boot.autoconfigure.security.servlet.SecurityAutoConfiguration, org.springframework.boot.autoconfigure.security.servlet.SecurityFilterAutoConfiguration, org.springframework.boot.autoconfigure.security.servlet.UserDetailsServiceAutoConfiguration, org.springframework.boot.autoconfigure.security.oauth2.resource.servlet.OAuth2ResourceServerAutoConfiguration, org.springframework.boot.test.autoconfigure.web.servlet.MockMvcSecurityConfiguration, org.springframework.boot.test.autoconfigure.web.servlet.MockMvcWebClientAutoConfiguration, org.springframework.boot.test.autoconfigure.web.reactive.WebTestClientAutoConfiguration]], org.springframework.boot.test.context.filter.ExcludeFilterContextCustomizer@1f75a668, org.springframework.boot.test.json.DuplicateJsonObjectContextCustomizerFactory$DuplicateJsonObjectContextCustomizer@2812b107, org.springframework.boot.test.mock.mockito.MockitoContextCustomizer@0, org.springframework.boot.test.web.client.TestRestTemplateContextCustomizer@4eaf3684, org.springframework.boot.test.web.reactor.netty.DisableReactorResourceFactoryGlobalResourcesContextCustomizerFactory$DisableReactorResourceFactoryGlobalResourcesContextCustomizerCustomizer@4416d64f, org.springframework.boot.test.autoconfigure.actuate.observability.ObservabilityContextCustomizerFactory$DisableObservabilityContextCustomizer@1f, org.springframework.boot.test.autoconfigure.properties.PropertyMappingContextCustomizer@4b3fa0b3, org.springframework.boot.test.autoconfigure.web.servlet.WebDriverContextCustomizer@3b8f0a79, org.springframework.boot.test.context.SpringBootTestAnnotation@d0f4dd2a], resourceBasePath = "src/main/webapp", contextLoader = org.springframework.boot.test.context.SpringBootContextLoader, parent = null]
[ERROR]   PrescriptionControllerIntegrationTest.shouldReturnAllActivePrescriptionsForPatient ┬╗ IllegalState ApplicationContext failure threshold (1) exceeded: skipping repeated attempt to load context for [WebMergedContextConfiguration@72bd2871 testClass = se.inera.nll.nlllight.api.controller.PrescriptionControllerIntegrationTest, locations = [], classes = [se.inera.nll.nlllight.api.NllLightApiApplication], contextInitializerClasses = [], activeProfiles = ["test"], propertySourceDescriptors = [], propertySourceProperties = ["org.springframework.boot.test.context.SpringBootTestContextBootstrapper=true"], contextCustomizers = [[ImportsContextCustomizer@77429040 key = [org.springframework.boot.test.autoconfigure.web.servlet.MockMvcWebDriverAutoConfiguration, org.springframework.boot.test.autoconfigure.web.servlet.MockMvcAutoConfiguration, org.springframework.boot.autoconfigure.security.oauth2.client.servlet.OAuth2ClientAutoConfiguration, se.inera.nll.nlllight.config.TestSecurityConfig, org.springframework.boot.autoconfigure.security.servlet.SecurityAutoConfiguration, org.springframework.boot.autoconfigure.security.servlet.SecurityFilterAutoConfiguration, org.springframework.boot.autoconfigure.security.servlet.UserDetailsServiceAutoConfiguration, org.springframework.boot.autoconfigure.security.oauth2.resource.servlet.OAuth2ResourceServerAutoConfiguration, org.springframework.boot.test.autoconfigure.web.servlet.MockMvcSecurityConfiguration, org.springframework.boot.test.autoconfigure.web.servlet.MockMvcWebClientAutoConfiguration, org.springframework.boot.test.autoconfigure.web.reactive.WebTestClientAutoConfiguration]], org.springframework.boot.test.context.filter.ExcludeFilterContextCustomizer@1f75a668, org.springframework.boot.test.json.DuplicateJsonObjectContextCustomizerFactory$DuplicateJsonObjectContextCustomizer@2812b107, org.springframework.boot.test.mock.mockito.MockitoContextCustomizer@0, org.springframework.boot.test.web.client.TestRestTemplateContextCustomizer@4eaf3684, org.springframework.boot.test.web.reactor.netty.DisableReactorResourceFactoryGlobalResourcesContextCustomizerFactory$DisableReactorResourceFactoryGlobalResourcesContextCustomizerCustomizer@4416d64f, org.springframework.boot.test.autoconfigure.actuate.observability.ObservabilityContextCustomizerFactory$DisableObservabilityContextCustomizer@1f, org.springframework.boot.test.autoconfigure.properties.PropertyMappingContextCustomizer@4b3fa0b3, org.springframework.boot.test.autoconfigure.web.servlet.WebDriverContextCustomizer@3b8f0a79, org.springframework.boot.test.context.SpringBootTestAnnotation@d0f4dd2a], resourceBasePath = "src/main/webapp", contextLoader = org.springframework.boot.test.context.SpringBootContextLoader, parent = null]
[ERROR]   PrescriptionControllerIntegrationTest.shouldReturnEmptyListWhenNoPrescriptions ┬╗ IllegalState ApplicationContext failure threshold (1) exceeded: skipping repeated attempt to load context for [WebMergedContextConfiguration@72bd2871 testClass = se.inera.nll.nlllight.api.controller.PrescriptionControllerIntegrationTest, locations = [], classes = [se.inera.nll.nlllight.api.NllLightApiApplication], contextInitializerClasses = [], activeProfiles = ["test"], propertySourceDescriptors = [], propertySourceProperties = ["org.springframework.boot.test.context.SpringBootTestContextBootstrapper=true"], contextCustomizers = [[ImportsContextCustomizer@77429040 key = [org.springframework.boot.test.autoconfigure.web.servlet.MockMvcWebDriverAutoConfiguration, org.springframework.boot.test.autoconfigure.web.servlet.MockMvcAutoConfiguration, org.springframework.boot.autoconfigure.security.oauth2.client.servlet.OAuth2ClientAutoConfiguration, se.inera.nll.nlllight.config.TestSecurityConfig, org.springframework.boot.autoconfigure.security.servlet.SecurityAutoConfiguration, org.springframework.boot.autoconfigure.security.servlet.SecurityFilterAutoConfiguration, org.springframework.boot.autoconfigure.security.servlet.UserDetailsServiceAutoConfiguration, org.springframework.boot.autoconfigure.security.oauth2.resource.servlet.OAuth2ResourceServerAutoConfiguration, org.springframework.boot.test.autoconfigure.web.servlet.MockMvcSecurityConfiguration, org.springframework.boot.test.autoconfigure.web.servlet.MockMvcWebClientAutoConfiguration, org.springframework.boot.test.autoconfigure.web.reactive.WebTestClientAutoConfiguration]], org.springframework.boot.test.context.filter.ExcludeFilterContextCustomizer@1f75a668, org.springframework.boot.test.json.DuplicateJsonObjectContextCustomizerFactory$DuplicateJsonObjectContextCustomizer@2812b107, org.springframework.boot.test.mock.mockito.MockitoContextCustomizer@0, org.springframework.boot.test.web.client.TestRestTemplateContextCustomizer@4eaf3684, org.springframework.boot.test.web.reactor.netty.DisableReactorResourceFactoryGlobalResourcesContextCustomizerFactory$DisableReactorResourceFactoryGlobalResourcesContextCustomizerCustomizer@4416d64f, org.springframework.boot.test.autoconfigure.actuate.observability.ObservabilityContextCustomizerFactory$DisableObservabilityContextCustomizer@1f, org.springframework.boot.test.autoconfigure.properties.PropertyMappingContextCustomizer@4b3fa0b3, org.springframework.boot.test.autoconfigure.web.servlet.WebDriverContextCustomizer@3b8f0a79, org.springframework.boot.test.context.SpringBootTestAnnotation@d0f4dd2a], resourceBasePath = "src/main/webapp", contextLoader = org.springframework.boot.test.context.SpringBootContextLoader, parent = null]
[ERROR]   PrescriptionControllerIntegrationTest.shouldReturnEmptyWhenNoRefillEligible ┬╗ IllegalState ApplicationContext failure threshold (1) exceeded: skipping repeated attempt to load context for [WebMergedContextConfiguration@72bd2871 testClass = se.inera.nll.nlllight.api.controller.PrescriptionControllerIntegrationTest, locations = [], classes = [se.inera.nll.nlllight.api.NllLightApiApplication], contextInitializerClasses = [], activeProfiles = ["test"], propertySourceDescriptors = [], propertySourceProperties = ["org.springframework.boot.test.context.SpringBootTestContextBootstrapper=true"], contextCustomizers = [[ImportsContextCustomizer@77429040 key = [org.springframework.boot.test.autoconfigure.web.servlet.MockMvcWebDriverAutoConfiguration, org.springframework.boot.test.autoconfigure.web.servlet.MockMvcAutoConfiguration, org.springframework.boot.autoconfigure.security.oauth2.client.servlet.OAuth2ClientAutoConfiguration, se.inera.nll.nlllight.config.TestSecurityConfig, org.springframework.boot.autoconfigure.security.servlet.SecurityAutoConfiguration, org.springframework.boot.autoconfigure.security.servlet.SecurityFilterAutoConfiguration, org.springframework.boot.autoconfigure.security.servlet.UserDetailsServiceAutoConfiguration, org.springframework.boot.autoconfigure.security.oauth2.resource.servlet.OAuth2ResourceServerAutoConfiguration, org.springframework.boot.test.autoconfigure.web.servlet.MockMvcSecurityConfiguration, org.springframework.boot.test.autoconfigure.web.servlet.MockMvcWebClientAutoConfiguration, org.springframework.boot.test.autoconfigure.web.reactive.WebTestClientAutoConfiguration]], org.springframework.boot.test.context.filter.ExcludeFilterContextCustomizer@1f75a668, org.springframework.boot.test.json.DuplicateJsonObjectContextCustomizerFactory$DuplicateJsonObjectContextCustomizer@2812b107, org.springframework.boot.test.mock.mockito.MockitoContextCustomizer@0, org.springframework.boot.test.web.client.TestRestTemplateContextCustomizer@4eaf3684, org.springframework.boot.test.web.reactor.netty.DisableReactorResourceFactoryGlobalResourcesContextCustomizerFactory$DisableReactorResourceFactoryGlobalResourcesContextCustomizerCustomizer@4416d64f, org.springframework.boot.test.autoconfigure.actuate.observability.ObservabilityContextCustomizerFactory$DisableObservabilityContextCustomizer@1f, org.springframework.boot.test.autoconfigure.properties.PropertyMappingContextCustomizer@4b3fa0b3, org.springframework.boot.test.autoconfigure.web.servlet.WebDriverContextCustomizer@3b8f0a79, org.springframework.boot.test.context.SpringBootTestAnnotation@d0f4dd2a], resourceBasePath = "src/main/webapp", contextLoader = org.springframework.boot.test.context.SpringBootContextLoader, parent = null]
[ERROR]   PrescriptionControllerIntegrationTest.shouldReturnPrescriptionDetails ┬╗ IllegalState ApplicationContext failure threshold (1) exceeded: skipping repeated attempt to load context for [WebMergedContextConfiguration@72bd2871 testClass = se.inera.nll.nlllight.api.controller.PrescriptionControllerIntegrationTest, locations = [], classes = [se.inera.nll.nlllight.api.NllLightApiApplication], contextInitializerClasses = [], activeProfiles = ["test"], propertySourceDescriptors = [], propertySourceProperties = ["org.springframework.boot.test.context.SpringBootTestContextBootstrapper=true"], contextCustomizers = [[ImportsContextCustomizer@77429040 key = [org.springframework.boot.test.autoconfigure.web.servlet.MockMvcWebDriverAutoConfiguration, org.springframework.boot.test.autoconfigure.web.servlet.MockMvcAutoConfiguration, org.springframework.boot.autoconfigure.security.oauth2.client.servlet.OAuth2ClientAutoConfiguration, se.inera.nll.nlllight.config.TestSecurityConfig, org.springframework.boot.autoconfigure.security.servlet.SecurityAutoConfiguration, org.springframework.boot.autoconfigure.security.servlet.SecurityFilterAutoConfiguration, org.springframework.boot.autoconfigure.security.servlet.UserDetailsServiceAutoConfiguration, org.springframework.boot.autoconfigure.security.oauth2.resource.servlet.OAuth2ResourceServerAutoConfiguration, org.springframework.boot.test.autoconfigure.web.servlet.MockMvcSecurityConfiguration, org.springframework.boot.test.autoconfigure.web.servlet.MockMvcWebClientAutoConfiguration, org.springframework.boot.test.autoconfigure.web.reactive.WebTestClientAutoConfiguration]], org.springframework.boot.test.context.filter.ExcludeFilterContextCustomizer@1f75a668, org.springframework.boot.test.json.DuplicateJsonObjectContextCustomizerFactory$DuplicateJsonObjectContextCustomizer@2812b107, org.springframework.boot.test.mock.mockito.MockitoContextCustomizer@0, org.springframework.boot.test.web.client.TestRestTemplateContextCustomizer@4eaf3684, org.springframework.boot.test.web.reactor.netty.DisableReactorResourceFactoryGlobalResourcesContextCustomizerFactory$DisableReactorResourceFactoryGlobalResourcesContextCustomizerCustomizer@4416d64f, org.springframework.boot.test.autoconfigure.actuate.observability.ObservabilityContextCustomizerFactory$DisableObservabilityContextCustomizer@1f, org.springframework.boot.test.autoconfigure.properties.PropertyMappingContextCustomizer@4b3fa0b3, org.springframework.boot.test.autoconfigure.web.servlet.WebDriverContextCustomizer@3b8f0a79, org.springframework.boot.test.context.SpringBootTestAnnotation@d0f4dd2a], resourceBasePath = "src/main/webapp", contextLoader = org.springframework.boot.test.context.SpringBootContextLoader, parent = null]
[ERROR]   PrescriptionControllerIntegrationTest.shouldReturnRefillEligiblePrescriptions ┬╗ IllegalState ApplicationContext failure threshold (1) exceeded: skipping repeated attempt to load context for [WebMergedContextConfiguration@72bd2871 testClass = se.inera.nll.nlllight.api.controller.PrescriptionControllerIntegrationTest, locations = [], classes = [se.inera.nll.nlllight.api.NllLightApiApplication], contextInitializerClasses = [], activeProfiles = ["test"], propertySourceDescriptors = [], propertySourceProperties = ["org.springframework.boot.test.context.SpringBootTestContextBootstrapper=true"], contextCustomizers = [[ImportsContextCustomizer@77429040 key = [org.springframework.boot.test.autoconfigure.web.servlet.MockMvcWebDriverAutoConfiguration, org.springframework.boot.test.autoconfigure.web.servlet.MockMvcAutoConfiguration, org.springframework.boot.autoconfigure.security.oauth2.client.servlet.OAuth2ClientAutoConfiguration, se.inera.nll.nlllight.config.TestSecurityConfig, org.springframework.boot.autoconfigure.security.servlet.SecurityAutoConfiguration, org.springframework.boot.autoconfigure.security.servlet.SecurityFilterAutoConfiguration, org.springframework.boot.autoconfigure.security.servlet.UserDetailsServiceAutoConfiguration, org.springframework.boot.autoconfigure.security.oauth2.resource.servlet.OAuth2ResourceServerAutoConfiguration, org.springframework.boot.test.autoconfigure.web.servlet.MockMvcSecurityConfiguration, org.springframework.boot.test.autoconfigure.web.servlet.MockMvcWebClientAutoConfiguration, org.springframework.boot.test.autoconfigure.web.reactive.WebTestClientAutoConfiguration]], org.springframework.boot.test.context.filter.ExcludeFilterContextCustomizer@1f75a668, org.springframework.boot.test.json.DuplicateJsonObjectContextCustomizerFactory$DuplicateJsonObjectContextCustomizer@2812b107, org.springframework.boot.test.mock.mockito.MockitoContextCustomizer@0, org.springframework.boot.test.web.client.TestRestTemplateContextCustomizer@4eaf3684, org.springframework.boot.test.web.reactor.netty.DisableReactorResourceFactoryGlobalResourcesContextCustomizerFactory$DisableReactorResourceFactoryGlobalResourcesContextCustomizerCustomizer@4416d64f, org.springframework.boot.test.autoconfigure.actuate.observability.ObservabilityContextCustomizerFactory$DisableObservabilityContextCustomizer@1f, org.springframework.boot.test.autoconfigure.properties.PropertyMappingContextCustomizer@4b3fa0b3, org.springframework.boot.test.autoconfigure.web.servlet.WebDriverContextCustomizer@3b8f0a79, org.springframework.boot.test.context.SpringBootTestAnnotation@d0f4dd2a], resourceBasePath = "src/main/webapp", contextLoader = org.springframework.boot.test.context.SpringBootContextLoader, parent = null]
[ERROR]   MedicationControllerTest.get_shouldReturnSingleMedication ┬╗ IllegalState Failed to load ApplicationContext for [WebMergedContextConfiguration@6ba08a09 testClass = se.inera.nll.nlllight.api.medication.MedicationControllerTest, locations = [], classes = [se.inera.nll.nlllight.api.NllLightApiApplication], contextInitializerClasses = [], activeProfiles = [], propertySourceDescriptors = [], propertySourceProperties = ["org.springframework.boot.test.context.SpringBootTestContextBootstrapper=true", "server.port=0"], contextCustomizers = [org.springframework.boot.test.context.filter.ExcludeFilterContextCustomizer@1f75a668, org.springframework.boot.test.json.DuplicateJsonObjectContextCustomizerFactory$DuplicateJsonObjectContextCustomizer@2812b107, org.springframework.boot.test.mock.mockito.MockitoContextCustomizer@0, org.springframework.boot.test.web.client.TestRestTemplateContextCustomizer@4eaf3684, org.springframework.boot.test.web.reactor.netty.DisableReactorResourceFactoryGlobalResourcesContextCustomizerFactory$DisableReactorResourceFactoryGlobalResourcesContextCustomizerCustomizer@4416d64f, org.springframework.boot.test.autoconfigure.actuate.observability.ObservabilityContextCustomizerFactory$DisableObservabilityContextCustomizer@1f, org.springframework.boot.test.autoconfigure.properties.PropertyMappingContextCustomizer@0, org.springframework.boot.test.autoconfigure.web.servlet.WebDriverContextCustomizer@3b8f0a79, org.springframework.boot.test.context.SpringBootTestAnnotation@1500a9ed], resourceBasePath = "src/main/webapp", contextLoader = org.springframework.boot.test.context.SpringBootContextLoader, parent = null]
[ERROR]   MedicationControllerTest.list_shouldReturnSeededMedications ┬╗ IllegalState ApplicationContext failure threshold (1) exceeded: skipping repeated attempt to load context for [WebMergedContextConfiguration@6ba08a09 testClass = se.inera.nll.nlllight.api.medication.MedicationControllerTest, locations = [], classes = [se.inera.nll.nlllight.api.NllLightApiApplication], contextInitializerClasses = [], activeProfiles = [], propertySourceDescriptors = [], propertySourceProperties = ["org.springframework.boot.test.context.SpringBootTestContextBootstrapper=true", "server.port=0"], contextCustomizers = [org.springframework.boot.test.context.filter.ExcludeFilterContextCustomizer@1f75a668, org.springframework.boot.test.json.DuplicateJsonObjectContextCustomizerFactory$DuplicateJsonObjectContextCustomizer@2812b107, org.springframework.boot.test.mock.mockito.MockitoContextCustomizer@0, org.springframework.boot.test.web.client.TestRestTemplateContextCustomizer@4eaf3684, org.springframework.boot.test.web.reactor.netty.DisableReactorResourceFactoryGlobalResourcesContextCustomizerFactory$DisableReactorResourceFactoryGlobalResourcesContextCustomizerCustomizer@4416d64f, org.springframework.boot.test.autoconfigure.actuate.observability.ObservabilityContextCustomizerFactory$DisableObservabilityContextCustomizer@1f, org.springframework.boot.test.autoconfigure.properties.PropertyMappingContextCustomizer@0, org.springframework.boot.test.autoconfigure.web.servlet.WebDriverContextCustomizer@3b8f0a79, org.springframework.boot.test.context.SpringBootTestAnnotation@1500a9ed], resourceBasePath = "src/main/webapp", contextLoader = org.springframework.boot.test.context.SpringBootContextLoader, parent = null]
[ERROR]   MedicationControllerTest.search_shouldFindMelatoninByPartial ┬╗ IllegalState ApplicationContext failure threshold (1) exceeded: skipping repeated attempt to load context for [WebMergedContextConfiguration@6ba08a09 testClass = se.inera.nll.nlllight.api.medication.MedicationControllerTest, locations = [], classes = [se.inera.nll.nlllight.api.NllLightApiApplication], contextInitializerClasses = [], activeProfiles = [], propertySourceDescriptors = [], propertySourceProperties = ["org.springframework.boot.test.context.SpringBootTestContextBootstrapper=true", "server.port=0"], contextCustomizers = [org.springframework.boot.test.context.filter.ExcludeFilterContextCustomizer@1f75a668, org.springframework.boot.test.json.DuplicateJsonObjectContextCustomizerFactory$DuplicateJsonObjectContextCustomizer@2812b107, org.springframework.boot.test.mock.mockito.MockitoContextCustomizer@0, org.springframework.boot.test.web.client.TestRestTemplateContextCustomizer@4eaf3684, org.springframework.boot.test.web.reactor.netty.DisableReactorResourceFactoryGlobalResourcesContextCustomizerFactory$DisableReactorResourceFactoryGlobalResourcesContextCustomizerCustomizer@4416d64f, org.springframework.boot.test.autoconfigure.actuate.observability.ObservabilityContextCustomizerFactory$DisableObservabilityContextCustomizer@1f, org.springframework.boot.test.autoconfigure.properties.PropertyMappingContextCustomizer@0, org.springframework.boot.test.autoconfigure.web.servlet.WebDriverContextCustomizer@3b8f0a79, org.springframework.boot.test.context.SpringBootTestAnnotation@1500a9ed], resourceBasePath = "src/main/webapp", contextLoader = org.springframework.boot.test.context.SpringBootContextLoader, parent = null]
[ERROR]   RepositoryTest.shouldFindActivePrescriptionsByPatient ┬╗ IllegalState ApplicationContext failure threshold (1) exceeded: skipping repeated attempt to load context for [MergedContextConfiguration@234bfc8c testClass = se.inera.nll.nlllight.api.repository.RepositoryTest, locations = [], classes = [se.inera.nll.nlllight.api.NllLightApiApplication], contextInitializerClasses = [], activeProfiles = ["test"], propertySourceDescriptors = [], propertySourceProperties = ["org.springframework.boot.test.autoconfigure.orm.jpa.DataJpaTestContextBootstrapper=true"], contextCustomizers = [[ImportsContextCustomizer@5008559a key = [org.springframework.boot.autoconfigure.transaction.TransactionAutoConfiguration, org.springframework.boot.autoconfigure.data.jpa.JpaRepositoriesAutoConfiguration, org.springframework.boot.test.autoconfigure.orm.jpa.TestEntityManagerAutoConfiguration, org.springframework.boot.autoconfigure.cache.CacheAutoConfiguration, org.springframework.boot.autoconfigure.orm.jpa.HibernateJpaAutoConfiguration, org.springframework.boot.autoconfigure.sql.init.SqlInitializationAutoConfiguration, org.springframework.boot.test.autoconfigure.jdbc.TestDatabaseAutoConfiguration, org.springframework.boot.autoconfigure.flyway.FlywayAutoConfiguration, org.springframework.boot.autoconfigure.jdbc.DataSourceTransactionManagerAutoConfiguration, org.springframework.boot.autoconfigure.liquibase.LiquibaseAutoConfiguration, org.springframework.boot.autoconfigure.jdbc.JdbcClientAutoConfiguration, org.springframework.boot.autoconfigure.jdbc.DataSourceAutoConfiguration, org.springframework.boot.autoconfigure.jdbc.JdbcTemplateAutoConfiguration]], org.springframework.boot.test.context.filter.ExcludeFilterContextCustomizer@1f75a668, org.springframework.boot.test.json.DuplicateJsonObjectContextCustomizerFactory$DuplicateJsonObjectContextCustomizer@2812b107, org.springframework.boot.test.mock.mockito.MockitoContextCustomizer@0, org.springframework.boot.test.web.reactor.netty.DisableReactorResourceFactoryGlobalResourcesContextCustomizerFactory$DisableReactorResourceFactoryGlobalResourcesContextCustomizerCustomizer@4416d64f, org.springframework.boot.test.autoconfigure.OverrideAutoConfigurationContextCustomizerFactory$DisableAutoConfigurationContextCustomizer@73d7d676, org.springframework.boot.test.autoconfigure.actuate.observability.ObservabilityContextCustomizerFactory$DisableObservabilityContextCustomizer@1f, org.springframework.boot.test.autoconfigure.filter.TypeExcludeFiltersContextCustomizer@34be3d80, org.springframework.boot.test.autoconfigure.properties.PropertyMappingContextCustomizer@f866b79d, org.springframework.boot.test.autoconfigure.web.servlet.WebDriverContextCustomizer@3b8f0a79, org.springframework.boot.test.context.SpringBootTestAnnotation@f6fa0202], contextLoader = org.springframework.boot.test.context.SpringBootContextLoader, parent = null]
[ERROR]   RepositoryTest.shouldFindByPrescriberId ┬╗ IllegalState ApplicationContext failure threshold (1) exceeded: skipping repeated attempt to load context for [MergedContextConfiguration@234bfc8c testClass = se.inera.nll.nlllight.api.repository.RepositoryTest, locations = [], classes = [se.inera.nll.nlllight.api.NllLightApiApplication], contextInitializerClasses = [], activeProfiles = ["test"], propertySourceDescriptors = [], propertySourceProperties = ["org.springframework.boot.test.autoconfigure.orm.jpa.DataJpaTestContextBootstrapper=true"], contextCustomizers = [[ImportsContextCustomizer@5008559a key = [org.springframework.boot.autoconfigure.transaction.TransactionAutoConfiguration, org.springframework.boot.autoconfigure.data.jpa.JpaRepositoriesAutoConfiguration, org.springframework.boot.test.autoconfigure.orm.jpa.TestEntityManagerAutoConfiguration, org.springframework.boot.autoconfigure.cache.CacheAutoConfiguration, org.springframework.boot.autoconfigure.orm.jpa.HibernateJpaAutoConfiguration, org.springframework.boot.autoconfigure.sql.init.SqlInitializationAutoConfiguration, org.springframework.boot.test.autoconfigure.jdbc.TestDatabaseAutoConfiguration, org.springframework.boot.autoconfigure.flyway.FlywayAutoConfiguration, org.springframework.boot.autoconfigure.jdbc.DataSourceTransactionManagerAutoConfiguration, org.springframework.boot.autoconfigure.liquibase.LiquibaseAutoConfiguration, org.springframework.boot.autoconfigure.jdbc.JdbcClientAutoConfiguration, org.springframework.boot.autoconfigure.jdbc.DataSourceAutoConfiguration, org.springframework.boot.autoconfigure.jdbc.JdbcTemplateAutoConfiguration]], org.springframework.boot.test.context.filter.ExcludeFilterContextCustomizer@1f75a668, org.springframework.boot.test.json.DuplicateJsonObjectContextCustomizerFactory$DuplicateJsonObjectContextCustomizer@2812b107, org.springframework.boot.test.mock.mockito.MockitoContextCustomizer@0, org.springframework.boot.test.web.reactor.netty.DisableReactorResourceFactoryGlobalResourcesContextCustomizerFactory$DisableReactorResourceFactoryGlobalResourcesContextCustomizerCustomizer@4416d64f, org.springframework.boot.test.autoconfigure.OverrideAutoConfigurationContextCustomizerFactory$DisableAutoConfigurationContextCustomizer@73d7d676, org.springframework.boot.test.autoconfigure.actuate.observability.ObservabilityContextCustomizerFactory$DisableObservabilityContextCustomizer@1f, org.springframework.boot.test.autoconfigure.filter.TypeExcludeFiltersContextCustomizer@34be3d80, org.springframework.boot.test.autoconfigure.properties.PropertyMappingContextCustomizer@f866b79d, org.springframework.boot.test.autoconfigure.web.servlet.WebDriverContextCustomizer@3b8f0a79, org.springframework.boot.test.context.SpringBootTestAnnotation@f6fa0202], contextLoader = org.springframework.boot.test.context.SpringBootContextLoader, parent = null]
[ERROR]   RepositoryTest.shouldFindByPrescriptionNumber ┬╗ IllegalState ApplicationContext failure threshold (1) exceeded: skipping repeated attempt to load context for [MergedContextConfiguration@234bfc8c testClass = se.inera.nll.nlllight.api.repository.RepositoryTest, locations = [], classes = [se.inera.nll.nlllight.api.NllLightApiApplication], contextInitializerClasses = [], activeProfiles = ["test"], propertySourceDescriptors = [], propertySourceProperties = ["org.springframework.boot.test.autoconfigure.orm.jpa.DataJpaTestContextBootstrapper=true"], contextCustomizers = [[ImportsContextCustomizer@5008559a key = [org.springframework.boot.autoconfigure.transaction.TransactionAutoConfiguration, org.springframework.boot.autoconfigure.data.jpa.JpaRepositoriesAutoConfiguration, org.springframework.boot.test.autoconfigure.orm.jpa.TestEntityManagerAutoConfiguration, org.springframework.boot.autoconfigure.cache.CacheAutoConfiguration, org.springframework.boot.autoconfigure.orm.jpa.HibernateJpaAutoConfiguration, org.springframework.boot.autoconfigure.sql.init.SqlInitializationAutoConfiguration, org.springframework.boot.test.autoconfigure.jdbc.TestDatabaseAutoConfiguration, org.springframework.boot.autoconfigure.flyway.FlywayAutoConfiguration, org.springframework.boot.autoconfigure.jdbc.DataSourceTransactionManagerAutoConfiguration, org.springframework.boot.autoconfigure.liquibase.LiquibaseAutoConfiguration, org.springframework.boot.autoconfigure.jdbc.JdbcClientAutoConfiguration, org.springframework.boot.autoconfigure.jdbc.DataSourceAutoConfiguration, org.springframework.boot.autoconfigure.jdbc.JdbcTemplateAutoConfiguration]], org.springframework.boot.test.context.filter.ExcludeFilterContextCustomizer@1f75a668, org.springframework.boot.test.json.DuplicateJsonObjectContextCustomizerFactory$DuplicateJsonObjectContextCustomizer@2812b107, org.springframework.boot.test.mock.mockito.MockitoContextCustomizer@0, org.springframework.boot.test.web.reactor.netty.DisableReactorResourceFactoryGlobalResourcesContextCustomizerFactory$DisableReactorResourceFactoryGlobalResourcesContextCustomizerCustomizer@4416d64f, org.springframework.boot.test.autoconfigure.OverrideAutoConfigurationContextCustomizerFactory$DisableAutoConfigurationContextCustomizer@73d7d676, org.springframework.boot.test.autoconfigure.actuate.observability.ObservabilityContextCustomizerFactory$DisableObservabilityContextCustomizer@1f, org.springframework.boot.test.autoconfigure.filter.TypeExcludeFiltersContextCustomizer@34be3d80, org.springframework.boot.test.autoconfigure.properties.PropertyMappingContextCustomizer@f866b79d, org.springframework.boot.test.autoconfigure.web.servlet.WebDriverContextCustomizer@3b8f0a79, org.springframework.boot.test.context.SpringBootTestAnnotation@f6fa0202], contextLoader = org.springframework.boot.test.context.SpringBootContextLoader, parent = null]
[ERROR]   RepositoryTest.shouldFindPrescriptionsByPatientId ┬╗ IllegalState ApplicationContext failure threshold (1) exceeded: skipping repeated attempt to load context for [MergedContextConfiguration@234bfc8c testClass = se.inera.nll.nlllight.api.repository.RepositoryTest, locations = [], classes = [se.inera.nll.nlllight.api.NllLightApiApplication], contextInitializerClasses = [], activeProfiles = ["test"], propertySourceDescriptors = [], propertySourceProperties = ["org.springframework.boot.test.autoconfigure.orm.jpa.DataJpaTestContextBootstrapper=true"], contextCustomizers = [[ImportsContextCustomizer@5008559a key = [org.springframework.boot.autoconfigure.transaction.TransactionAutoConfiguration, org.springframework.boot.autoconfigure.data.jpa.JpaRepositoriesAutoConfiguration, org.springframework.boot.test.autoconfigure.orm.jpa.TestEntityManagerAutoConfiguration, org.springframework.boot.autoconfigure.cache.CacheAutoConfiguration, org.springframework.boot.autoconfigure.orm.jpa.HibernateJpaAutoConfiguration, org.springframework.boot.autoconfigure.sql.init.SqlInitializationAutoConfiguration, org.springframework.boot.test.autoconfigure.jdbc.TestDatabaseAutoConfiguration, org.springframework.boot.autoconfigure.flyway.FlywayAutoConfiguration, org.springframework.boot.autoconfigure.jdbc.DataSourceTransactionManagerAutoConfiguration, org.springframework.boot.autoconfigure.liquibase.LiquibaseAutoConfiguration, org.springframework.boot.autoconfigure.jdbc.JdbcClientAutoConfiguration, org.springframework.boot.autoconfigure.jdbc.DataSourceAutoConfiguration, org.springframework.boot.autoconfigure.jdbc.JdbcTemplateAutoConfiguration]], org.springframework.boot.test.context.filter.ExcludeFilterContextCustomizer@1f75a668, org.springframework.boot.test.json.DuplicateJsonObjectContextCustomizerFactory$DuplicateJsonObjectContextCustomizer@2812b107, org.springframework.boot.test.mock.mockito.MockitoContextCustomizer@0, org.springframework.boot.test.web.reactor.netty.DisableReactorResourceFactoryGlobalResourcesContextCustomizerFactory$DisableReactorResourceFactoryGlobalResourcesContextCustomizerCustomizer@4416d64f, org.springframework.boot.test.autoconfigure.OverrideAutoConfigurationContextCustomizerFactory$DisableAutoConfigurationContextCustomizer@73d7d676, org.springframework.boot.test.autoconfigure.actuate.observability.ObservabilityContextCustomizerFactory$DisableObservabilityContextCustomizer@1f, org.springframework.boot.test.autoconfigure.filter.TypeExcludeFiltersContextCustomizer@34be3d80, org.springframework.boot.test.autoconfigure.properties.PropertyMappingContextCustomizer@f866b79d, org.springframework.boot.test.autoconfigure.web.servlet.WebDriverContextCustomizer@3b8f0a79, org.springframework.boot.test.context.SpringBootTestAnnotation@f6fa0202], contextLoader = org.springframework.boot.test.context.SpringBootContextLoader, parent = null]
[ERROR]   RepositoryTest.shouldFindPrescriptionsByPatientIdAndStatus ┬╗ IllegalState ApplicationContext failure threshold (1) exceeded: skipping repeated attempt to load context for [MergedContextConfiguration@234bfc8c testClass = se.inera.nll.nlllight.api.repository.RepositoryTest, locations = [], classes = [se.inera.nll.nlllight.api.NllLightApiApplication], contextInitializerClasses = [], activeProfiles = ["test"], propertySourceDescriptors = [], propertySourceProperties = ["org.springframework.boot.test.autoconfigure.orm.jpa.DataJpaTestContextBootstrapper=true"], contextCustomizers = [[ImportsContextCustomizer@5008559a key = [org.springframework.boot.autoconfigure.transaction.TransactionAutoConfiguration, org.springframework.boot.autoconfigure.data.jpa.JpaRepositoriesAutoConfiguration, org.springframework.boot.test.autoconfigure.orm.jpa.TestEntityManagerAutoConfiguration, org.springframework.boot.autoconfigure.cache.CacheAutoConfiguration, org.springframework.boot.autoconfigure.orm.jpa.HibernateJpaAutoConfiguration, org.springframework.boot.autoconfigure.sql.init.SqlInitializationAutoConfiguration, org.springframework.boot.test.autoconfigure.jdbc.TestDatabaseAutoConfiguration, org.springframework.boot.autoconfigure.flyway.FlywayAutoConfiguration, org.springframework.boot.autoconfigure.jdbc.DataSourceTransactionManagerAutoConfiguration, org.springframework.boot.autoconfigure.liquibase.LiquibaseAutoConfiguration, org.springframework.boot.autoconfigure.jdbc.JdbcClientAutoConfiguration, org.springframework.boot.autoconfigure.jdbc.DataSourceAutoConfiguration, org.springframework.boot.autoconfigure.jdbc.JdbcTemplateAutoConfiguration]], org.springframework.boot.test.context.filter.ExcludeFilterContextCustomizer@1f75a668, org.springframework.boot.test.json.DuplicateJsonObjectContextCustomizerFactory$DuplicateJsonObjectContextCustomizer@2812b107, org.springframework.boot.test.mock.mockito.MockitoContextCustomizer@0, org.springframework.boot.test.web.reactor.netty.DisableReactorResourceFactoryGlobalResourcesContextCustomizerFactory$DisableReactorResourceFactoryGlobalResourcesContextCustomizerCustomizer@4416d64f, org.springframework.boot.test.autoconfigure.OverrideAutoConfigurationContextCustomizerFactory$DisableAutoConfigurationContextCustomizer@73d7d676, org.springframework.boot.test.autoconfigure.actuate.observability.ObservabilityContextCustomizerFactory$DisableObservabilityContextCustomizer@1f, org.springframework.boot.test.autoconfigure.filter.TypeExcludeFiltersContextCustomizer@34be3d80, org.springframework.boot.test.autoconfigure.properties.PropertyMappingContextCustomizer@f866b79d, org.springframework.boot.test.autoconfigure.web.servlet.WebDriverContextCustomizer@3b8f0a79, org.springframework.boot.test.context.SpringBootTestAnnotation@f6fa0202], contextLoader = org.springframework.boot.test.context.SpringBootContextLoader, parent = null]
[ERROR]   RepositoryTest.shouldFindRefillEligiblePrescriptions ┬╗ IllegalState ApplicationContext failure threshold (1) exceeded: skipping repeated attempt to load context for [MergedContextConfiguration@234bfc8c testClass = se.inera.nll.nlllight.api.repository.RepositoryTest, locations = [], classes = [se.inera.nll.nlllight.api.NllLightApiApplication], contextInitializerClasses = [], activeProfiles = ["test"], propertySourceDescriptors = [], propertySourceProperties = ["org.springframework.boot.test.autoconfigure.orm.jpa.DataJpaTestContextBootstrapper=true"], contextCustomizers = [[ImportsContextCustomizer@5008559a key = [org.springframework.boot.autoconfigure.transaction.TransactionAutoConfiguration, org.springframework.boot.autoconfigure.data.jpa.JpaRepositoriesAutoConfiguration, org.springframework.boot.test.autoconfigure.orm.jpa.TestEntityManagerAutoConfiguration, org.springframework.boot.autoconfigure.cache.CacheAutoConfiguration, org.springframework.boot.autoconfigure.orm.jpa.HibernateJpaAutoConfiguration, org.springframework.boot.autoconfigure.sql.init.SqlInitializationAutoConfiguration, org.springframework.boot.test.autoconfigure.jdbc.TestDatabaseAutoConfiguration, org.springframework.boot.autoconfigure.flyway.FlywayAutoConfiguration, org.springframework.boot.autoconfigure.jdbc.DataSourceTransactionManagerAutoConfiguration, org.springframework.boot.autoconfigure.liquibase.LiquibaseAutoConfiguration, org.springframework.boot.autoconfigure.jdbc.JdbcClientAutoConfiguration, org.springframework.boot.autoconfigure.jdbc.DataSourceAutoConfiguration, org.springframework.boot.autoconfigure.jdbc.JdbcTemplateAutoConfiguration]], org.springframework.boot.test.context.filter.ExcludeFilterContextCustomizer@1f75a668, org.springframework.boot.test.json.DuplicateJsonObjectContextCustomizerFactory$DuplicateJsonObjectContextCustomizer@2812b107, org.springframework.boot.test.mock.mockito.MockitoContextCustomizer@0, org.springframework.boot.test.web.reactor.netty.DisableReactorResourceFactoryGlobalResourcesContextCustomizerFactory$DisableReactorResourceFactoryGlobalResourcesContextCustomizerCustomizer@4416d64f, org.springframework.boot.test.autoconfigure.OverrideAutoConfigurationContextCustomizerFactory$DisableAutoConfigurationContextCustomizer@73d7d676, org.springframework.boot.test.autoconfigure.actuate.observability.ObservabilityContextCustomizerFactory$DisableObservabilityContextCustomizer@1f, org.springframework.boot.test.autoconfigure.filter.TypeExcludeFiltersContextCustomizer@34be3d80, org.springframework.boot.test.autoconfigure.properties.PropertyMappingContextCustomizer@f866b79d, org.springframework.boot.test.autoconfigure.web.servlet.WebDriverContextCustomizer@3b8f0a79, org.springframework.boot.test.context.SpringBootTestAnnotation@f6fa0202], contextLoader = org.springframework.boot.test.context.SpringBootContextLoader, parent = null]
[ERROR]   RepositoryTest.shouldReturnEmptyWhenNoMatch ┬╗ IllegalState Failed to load ApplicationContext for [MergedContextConfiguration@234bfc8c testClass = se.inera.nll.nlllight.api.repository.RepositoryTest, locations = [], classes = [se.inera.nll.nlllight.api.NllLightApiApplication], contextInitializerClasses = [], activeProfiles = ["test"], propertySourceDescriptors = [], propertySourceProperties = ["org.springframework.boot.test.autoconfigure.orm.jpa.DataJpaTestContextBootstrapper=true"], contextCustomizers = [[ImportsContextCustomizer@5008559a key = [org.springframework.boot.autoconfigure.transaction.TransactionAutoConfiguration, org.springframework.boot.autoconfigure.data.jpa.JpaRepositoriesAutoConfiguration, org.springframework.boot.test.autoconfigure.orm.jpa.TestEntityManagerAutoConfiguration, org.springframework.boot.autoconfigure.cache.CacheAutoConfiguration, org.springframework.boot.autoconfigure.orm.jpa.HibernateJpaAutoConfiguration, org.springframework.boot.autoconfigure.sql.init.SqlInitializationAutoConfiguration, org.springframework.boot.test.autoconfigure.jdbc.TestDatabaseAutoConfiguration, org.springframework.boot.autoconfigure.flyway.FlywayAutoConfiguration, org.springframework.boot.autoconfigure.jdbc.DataSourceTransactionManagerAutoConfiguration, org.springframework.boot.autoconfigure.liquibase.LiquibaseAutoConfiguration, org.springframework.boot.autoconfigure.jdbc.JdbcClientAutoConfiguration, org.springframework.boot.autoconfigure.jdbc.DataSourceAutoConfiguration, org.springframework.boot.autoconfigure.jdbc.JdbcTemplateAutoConfiguration]], org.springframework.boot.test.context.filter.ExcludeFilterContextCustomizer@1f75a668, org.springframework.boot.test.json.DuplicateJsonObjectContextCustomizerFactory$DuplicateJsonObjectContextCustomizer@2812b107, org.springframework.boot.test.mock.mockito.MockitoContextCustomizer@0, org.springframework.boot.test.web.reactor.netty.DisableReactorResourceFactoryGlobalResourcesContextCustomizerFactory$DisableReactorResourceFactoryGlobalResourcesContextCustomizerCustomizer@4416d64f, org.springframework.boot.test.autoconfigure.OverrideAutoConfigurationContextCustomizerFactory$DisableAutoConfigurationContextCustomizer@73d7d676, org.springframework.boot.test.autoconfigure.actuate.observability.ObservabilityContextCustomizerFactory$DisableObservabilityContextCustomizer@1f, org.springframework.boot.test.autoconfigure.filter.TypeExcludeFiltersContextCustomizer@34be3d80, org.springframework.boot.test.autoconfigure.properties.PropertyMappingContextCustomizer@f866b79d, org.springframework.boot.test.autoconfigure.web.servlet.WebDriverContextCustomizer@3b8f0a79, org.springframework.boot.test.context.SpringBootTestAnnotation@f6fa0202], contextLoader = org.springframework.boot.test.context.SpringBootContextLoader, parent = null]
[INFO] 
[ERROR] Tests run: 57, Failures: 0, Errors: 39, Skipped: 0
[INFO] 
[INFO] ------------------------------------------------------------------------
[INFO] BUILD FAILURE
[INFO] ------------------------------------------------------------------------
[INFO] Total time:  56.331 s
[INFO] Finished at: 2025-10-12T09:06:47Z
[INFO] ------------------------------------------------------------------------
[ERROR] Failed to execute goal org.apache.maven.plugins:maven-surefire-plugin:3.2.5:test (default-test) on project medication-api: 
[ERROR] 
[ERROR] Please refer to /src/medication-api/target/surefire-reports for the individual test results.
[ERROR] Please refer to dump files (if any exist) [date].dump, [date]-jvmRun[N].dump and [date].dumpstream.
[ERROR] -> [Help 1]
[ERROR] 
[ERROR] To see the full stack trace of the errors, re-run Maven with the -e switch.
[ERROR] Re-run Maven using the -X switch to enable full debug logging.
[ERROR] 
[ERROR] For more information about the errors and possible solutions, please read the following articles:
[ERROR] [Help 1] http://cwiki.apache.org/confluence/display/MAVEN/MojoFailureException
